 Socket

 Timestamp is 58cf38cd (Mon Mar 20 07:35:01 2017)

 Preferred load address is 10000000

 Start         Length     Name                   Class
 0001:00000000 0000d400H .text$mn                CODE
 0001:0000d400 000007e3H .text$x                 CODE
 0002:00000000 00000158H .idata$5                DATA
 0002:00000158 00000004H .00cfg                  DATA
 0002:0000015c 00000004H .CRT$XCA                DATA
 0002:00000160 00000004H .CRT$XCZ                DATA
 0002:00000164 00000004H .CRT$XIA                DATA
 0002:00000168 00000004H .CRT$XIZ                DATA
 0002:0000016c 00000004H .CRT$XPA                DATA
 0002:00000170 00000004H .CRT$XPZ                DATA
 0002:00000174 00000004H .CRT$XTA                DATA
 0002:00000178 00000008H .CRT$XTZ                DATA
 0002:00000180 0000142cH .rdata                  DATA
 0002:000015ac 00000264H .rdata$r                DATA
 0002:00001810 000000acH .rdata$sxdata           DATA
 0002:000018bc 000002c8H .rdata$zzzdbg           DATA
 0002:00001b84 00000004H .rtc$IAA                DATA
 0002:00001b88 00000004H .rtc$IZZ                DATA
 0002:00001b8c 00000004H .rtc$TAA                DATA
 0002:00001b90 00000008H .rtc$TZZ                DATA
 0002:00001b98 00000ae8H .xdata$x                DATA
 0002:00002680 000000f4H .edata                  DATA
 0002:00002774 0000008cH .idata$2                DATA
 0002:00002800 00000014H .idata$3                DATA
 0002:00002814 00000158H .idata$4                DATA
 0002:0000296c 000005caH .idata$6                DATA
 0003:00000000 00000020H .data                   DATA
 0003:00000020 000000d8H .data$r                 DATA
 0003:000000f8 00000374H .bss                    DATA
 0004:00000000 00000044H .gfids$y                DATA
 0005:00000000 000000a0H .rsrc$01                DATA
 0005:000000a0 000004a0H .rsrc$02                DATA

  Address         Publics by Value              Rva+Base       Lib:Object

 0000:00000000       ___dynamic_value_reloc_table 00000000     <absolute>
 0000:00000000       ___guard_iat_count         00000000     <absolute>
 0000:00000000       ___guard_iat_table         00000000     <absolute>
 0000:00000000       ___guard_longjmp_count     00000000     <absolute>
 0000:00000000       ___guard_longjmp_table     00000000     <absolute>
 0000:00000000       ___guard_fids_table        00000000     <absolute>
 0000:00000000       ___guard_fids_count        00000000     <absolute>
 0000:0000002b       ___safe_se_handler_count   0000002b     <absolute>
 0000:00000100       ___guard_flags             00000100     <absolute>
 0000:00000000       ___ImageBase               10000000     <linker-defined>
 0001:00000000       _DllMain@12                10001000 f   dllmain.obj
 0001:00000020       ??0CIOCPBuffer@@QAE@XZ     10001020 f   IOCPBuffer.obj
 0001:00000050       ??_GCIOCPBuffer@@UAEPAXI@Z 10001050 f i IOCPBuffer.obj
 0001:00000050       ??_ECIOCPBuffer@@UAEPAXI@Z 10001050 f i * CIL library *:* CIL module *
 0001:00000090       ?Init@CIOCPBuffer@@QAEXXZ  10001090 f   IOCPBuffer.obj
 0001:000000e0       ??1CIOCPBuffer@@UAE@XZ     100010e0 f   IOCPBuffer.obj
 0001:00000100       ?GetBuffer@CIOCPBuffer@@QAEPAEXZ 10001100 f   IOCPBuffer.obj
 0001:00000120       ?AddData@CIOCPBuffer@@QAEHE@Z 10001120 f   IOCPBuffer.obj
 0001:00000140       ?AddData@CIOCPBuffer@@QAEHI@Z 10001140 f   IOCPBuffer.obj
 0001:00000160       ?AddData@CIOCPBuffer@@QAEHPBEI@Z 10001160 f   IOCPBuffer.obj
 0001:000001c0       ?GetUsed@CIOCPBuffer@@QAEIXZ 100011c0 f   IOCPBuffer.obj
 0001:000001e0       ?Use@CIOCPBuffer@@QAEII@Z  100011e0 f   IOCPBuffer.obj
 0001:00000210       ?EmptyUsed@CIOCPBuffer@@QAEXXZ 10001210 f   IOCPBuffer.obj
 0001:00000230       ?SetOperation@CIOCPBuffer@@QAEXH@Z 10001230 f   IOCPBuffer.obj
 0001:00000260       ?SetupZeroByteRead@CIOCPBuffer@@QAEXXZ 10001260 f   IOCPBuffer.obj
 0001:00000290       ?SetupRead@CIOCPBuffer@@QAEXXZ 10001290 f   IOCPBuffer.obj
 0001:000002f0       ?SetupWrite@CIOCPBuffer@@QAEXXZ 100012f0 f   IOCPBuffer.obj
 0001:00000320       ?GetWSABuffer@CIOCPBuffer@@QAEPAU_WSABUF@@XZ 10001320 f   IOCPBuffer.obj
 0001:00000340       ?GetOperation@CIOCPBuffer@@QAEHXZ 10001340 f   IOCPBuffer.obj
 0001:00000360       ?Flush@CIOCPBuffer@@QAEHI@Z 10001360 f   IOCPBuffer.obj
 0001:000003c0       ?SetSequenceNumber@CIOCPBuffer@@QAEXH@Z 100013c0 f   IOCPBuffer.obj
 0001:000003e0       ?GetSequenceNumber@CIOCPBuffer@@QAEHXZ 100013e0 f   IOCPBuffer.obj
 0001:00000400       ?CreatePackage@CIOCPBuffer@@QAEHEV?$basic_string@DU?$char_traits@D@std@@V?$allocator@D@2@@std@@@Z 10001400 f   IOCPBuffer.obj
 0001:00000500       ?CreatePackage@CIOCPBuffer@@QAEHEIPAD@Z 10001500 f   IOCPBuffer.obj
 0001:00000580       ?GetPackageSize@CIOCPBuffer@@QAEIXZ 10001580 f   IOCPBuffer.obj
 0001:000005c0       ?GetPackageInfo@CIOCPBuffer@@QAEHAAEAAIPAD@Z 100015c0 f   IOCPBuffer.obj
 0001:00000650       ??0?$_List_iterator@V?$_List_val@U?$_List_simple_types@PAVCIOCPBuffer@@@std@@@std@@@std@@QAE@XZ 10001650 f i IOCPBuffer.obj
 0001:00000670       ?length@?$basic_string@DU?$char_traits@D@std@@V?$allocator@D@2@@std@@QBEIXZ 10001670 f i IOCPBuffer.obj
 0001:00000690       ??4?$basic_string@DU?$char_traits@D@std@@V?$allocator@D@2@@std@@QAEAAV01@PBD@Z 10001690 f i IOCPBuffer.obj
 0001:000006b0       ??1?$basic_string@DU?$char_traits@D@std@@V?$allocator@D@2@@std@@QAE@XZ 100016b0 f i IOCPBuffer.obj
 0001:00000700       ??1?$_String_alloc@U?$_String_base_types@DV?$allocator@D@std@@@std@@@std@@QAE@XZ 10001700 f i IOCPBuffer.obj
 0001:00000720       ??1?$_Compressed_pair@U?$_Wrap_alloc@V?$allocator@D@std@@@std@@V?$_String_val@U?$_Simple_types@D@std@@@2@$00@std@@QAE@XZ 10001720 f i IOCPBuffer.obj
 0001:00000740       ??1?$_String_val@U?$_Simple_types@D@std@@@std@@QAE@XZ 10001740 f i IOCPBuffer.obj
 0001:00000760       ??0?$_Tree_const_iterator@V?$_Tree_val@U?$_Tree_simple_types@U?$pair@$$CBIPAUClientContext@@@std@@@std@@@std@@@std@@QAE@XZ 10001760 f i IOCPS.obj
 0001:00000760       ??0?$_Tree_const_iterator@V?$_Tree_val@U?$_Tree_simple_types@U?$pair@$$CBGPAX@std@@@std@@@std@@@std@@QAE@XZ 10001760 f i IOCPS.obj
 0001:00000760       ??0?$_Tree_const_iterator@V?$_Tree_val@U?$_Tree_simple_types@U?$pair@$$CBIPAVCIOCPBuffer@@@std@@@std@@@std@@@std@@QAE@XZ 10001760 f i IOCPS.obj
 0001:00000760       ??0?$_List_const_iterator@V?$_List_val@U?$_List_simple_types@PAVCIOCPBuffer@@@std@@@std@@@std@@QAE@XZ 10001760 f i IOCPBuffer.obj
 0001:00000780       ??1_Bxty@?$_String_val@U?$_Simple_types@D@std@@@std@@QAE@XZ 10001780 f i IOCPBuffer.obj
 0001:00000790       ?_Mysize@?$_String_alloc@U?$_String_base_types@DV?$allocator@D@std@@@std@@@std@@QBEABIXZ 10001790 f i IOCPBuffer.obj
 0001:00000790       ?_Mysize@?$_String_alloc@U?$_String_base_types@DV?$allocator@D@std@@@std@@@std@@QAEAAIXZ 10001790 f i IOCPBuffer.obj
 0001:000007b0       ?_Tidy@?$basic_string@DU?$char_traits@D@std@@V?$allocator@D@2@@std@@QAEX_NI@Z 100017b0 f i IOCPBuffer.obj
 0001:00000870       ?assign@?$basic_string@DU?$char_traits@D@std@@V?$allocator@D@2@@std@@QAEAAV12@PBD@Z 10001870 f i IOCPBuffer.obj
 0001:000008a0       ??0?$_Tree_unchecked_const_iterator@V?$_Tree_val@U?$_Tree_simple_types@U?$pair@$$CBIPAUClientContext@@@std@@@std@@@std@@U_Iterator_base0@2@@std@@QAE@XZ 100018a0 f i IOCPS.obj
 0001:000008a0       ??0?$_Tree_unchecked_const_iterator@V?$_Tree_val@U?$_Tree_simple_types@U?$pair@$$CBGPAX@std@@@std@@@std@@U_Iterator_base0@2@@std@@QAE@XZ 100018a0 f i IOCPS.obj
 0001:000008a0       ??0?$_List_unchecked_const_iterator@V?$_List_val@U?$_List_simple_types@PAVCIOCPBuffer@@@std@@@std@@U_Iterator_base0@2@@std@@QAE@XZ 100018a0 f i IOCPBuffer.obj
 0001:000008a0       ??0?$_Tree_unchecked_const_iterator@V?$_Tree_val@U?$_Tree_simple_types@U?$pair@$$CBIPAVCIOCPBuffer@@@std@@@std@@@std@@U_Iterator_base0@2@@std@@QAE@XZ 100018a0 f i IOCPS.obj
 0001:000008c0       ?deallocate@?$_Wrap_alloc@V?$allocator@D@std@@@std@@QAEXPADI@Z 100018c0 f i IOCPBuffer.obj
 0001:000008e0       ?_Myres@?$_String_alloc@U?$_String_base_types@DV?$allocator@D@std@@@std@@@std@@QAEAAIXZ 100018e0 f i IOCPBuffer.obj
 0001:00000900       ?_Myhead@?$_List_alloc@U?$_List_base_types@PAUClientContext@@V?$allocator@PAUClientContext@@@std@@@std@@@std@@QAEAAPAU?$_List_node@PAUClientContext@@PAX@2@XZ 10001900 f i IOCPS.obj
 0001:00000900       ?_Myhead@?$_List_alloc@U?$_List_base_types@PAVCIOCPBuffer@@V?$allocator@PAVCIOCPBuffer@@@std@@@std@@@std@@QAEAAPAU?$_List_node@PAVCIOCPBuffer@@PAX@2@XZ 10001900 f i IOCPS.obj
 0001:00000900       ?_Bx@?$_String_alloc@U?$_String_base_types@DV?$allocator@D@std@@@std@@@std@@QAEAAT_Bxty@?$_String_val@U?$_Simple_types@D@std@@@2@XZ 10001900 f i IOCPBuffer.obj
 0001:00000900       ?_Myhead@?$_List_alloc@U?$_List_base_types@PAXV?$allocator@PAX@std@@@std@@@std@@QAEAAPAU?$_List_node@PAXPAX@2@XZ 10001900 f i IOCPS.obj
 0001:00000900       ?_Myhead@?$_List_alloc@U?$_List_base_types@PAUJobItem@@V?$allocator@PAUJobItem@@@std@@@std@@@std@@QAEAAPAU?$_List_node@PAUJobItem@@PAX@2@XZ 10001900 f i IOCPS.obj
 0001:00000920       ?_Getal@?$_List_alloc@U?$_List_base_types@PAVCIOCPBuffer@@V?$allocator@PAVCIOCPBuffer@@@std@@@std@@@std@@QBEABU?$_Wrap_alloc@V?$allocator@U?$_List_node@PAVCIOCPBuffer@@PAX@std@@@std@@@2@XZ 10001920 f i IOCPS.obj
 0001:00000920       ?_Getal@?$_List_alloc@U?$_List_base_types@PAUClientContext@@V?$allocator@PAUClientContext@@@std@@@std@@@std@@QBEABU?$_Wrap_alloc@V?$allocator@U?$_List_node@PAUClientContext@@PAX@std@@@std@@@2@XZ 10001920 f i IOCPS.obj
 0001:00000920       ?_Getal@?$_List_alloc@U?$_List_base_types@PAXV?$allocator@PAX@std@@@std@@@std@@QAEAAU?$_Wrap_alloc@V?$allocator@U?$_List_node@PAXPAX@std@@@std@@@2@XZ 10001920 f i IOCPS.obj
 0001:00000920       ?_Getcomp@?$_Tree_comp_alloc@V?$_Tmap_traits@IPAUClientContext@@U?$less@I@std@@V?$allocator@U?$pair@$$CBIPAUClientContext@@@std@@@3@$0A@@std@@@std@@QBEABU?$less@I@2@XZ 10001920 f i IOCPS.obj
 0001:00000920       ?_Getcomp@?$_Tree_comp_alloc@V?$_Tmap_traits@IPAVCIOCPBuffer@@U?$less@I@std@@V?$allocator@U?$pair@$$CBIPAVCIOCPBuffer@@@std@@@3@$0A@@std@@@std@@QAEAAU?$less@I@2@XZ 10001920 f i IOCPS.obj
 0001:00000920       ?_Getal@?$_List_alloc@U?$_List_base_types@PAUJobItem@@V?$allocator@PAUJobItem@@@std@@@std@@@std@@QAEAAU?$_Wrap_alloc@V?$allocator@U?$_List_node@PAUJobItem@@PAX@std@@@std@@@2@XZ 10001920 f i IOCPS.obj
 0001:00000920       ?_Get_data@?$_List_alloc@U?$_List_base_types@PAUJobItem@@V?$allocator@PAUJobItem@@@std@@@std@@@std@@QBEABV?$_List_val@U?$_List_simple_types@PAUJobItem@@@std@@@2@XZ 10001920 f i IOCPS.obj
 0001:00000920       ?_Get_data@?$_List_alloc@U?$_List_base_types@PAUJobItem@@V?$allocator@PAUJobItem@@@std@@@std@@@std@@QAEAAV?$_List_val@U?$_List_simple_types@PAUJobItem@@@std@@@2@XZ 10001920 f i IOCPS.obj
 0001:00000920       ?_Getcomp@?$_Tree_comp_alloc@V?$_Tmap_traits@GPAXU?$less@G@std@@V?$allocator@U?$pair@$$CBGPAX@std@@@2@$0A@@std@@@std@@QAEAAU?$less@G@2@XZ 10001920 f i IOCPS.obj
 0001:00000920       ?_Getal@?$_List_alloc@U?$_List_base_types@PAXV?$allocator@PAX@std@@@std@@@std@@QBEABU?$_Wrap_alloc@V?$allocator@U?$_List_node@PAXPAX@std@@@std@@@2@XZ 10001920 f i IOCPS.obj
 0001:00000920       ?_Getal@?$_List_alloc@U?$_List_base_types@PAUClientContext@@V?$allocator@PAUClientContext@@@std@@@std@@@std@@QAEAAU?$_Wrap_alloc@V?$allocator@U?$_List_node@PAUClientContext@@PAX@std@@@std@@@2@XZ 10001920 f i IOCPS.obj
 0001:00000920       ?_Get_data@?$_List_alloc@U?$_List_base_types@PAXV?$allocator@PAX@std@@@std@@@std@@QBEABV?$_List_val@U?$_List_simple_types@PAX@std@@@2@XZ 10001920 f i IOCPS.obj
 0001:00000920       ?_Get_data@?$_List_alloc@U?$_List_base_types@PAVCIOCPBuffer@@V?$allocator@PAVCIOCPBuffer@@@std@@@std@@@std@@QBEABV?$_List_val@U?$_List_simple_types@PAVCIOCPBuffer@@@std@@@2@XZ 10001920 f i IOCPS.obj
 0001:00000920       ?_Get_data@?$_String_alloc@U?$_String_base_types@DV?$allocator@D@std@@@std@@@std@@QAEAAV?$_String_val@U?$_Simple_types@D@std@@@2@XZ 10001920 f i IOCPBuffer.obj
 0001:00000920       ?_Getcomp@?$_Tree_comp_alloc@V?$_Tmap_traits@IPAVCIOCPBuffer@@U?$less@I@std@@V?$allocator@U?$pair@$$CBIPAVCIOCPBuffer@@@std@@@3@$0A@@std@@@std@@QBEABU?$less@I@2@XZ 10001920 f i IOCPS.obj
 0001:00000920       ?_Getal@?$_String_alloc@U?$_String_base_types@DV?$allocator@D@std@@@std@@@std@@QBEABU?$_Wrap_alloc@V?$allocator@D@std@@@2@XZ 10001920 f i IOCPBuffer.obj
 0001:00000920       ?_Getcomp@?$_Tree_comp_alloc@V?$_Tmap_traits@GPAXU?$less@G@std@@V?$allocator@U?$pair@$$CBGPAX@std@@@2@$0A@@std@@@std@@QBEABU?$less@G@2@XZ 10001920 f i IOCPS.obj
 0001:00000920       ?_Getal@?$_List_alloc@U?$_List_base_types@PAVCIOCPBuffer@@V?$allocator@PAVCIOCPBuffer@@@std@@@std@@@std@@QAEAAU?$_Wrap_alloc@V?$allocator@U?$_List_node@PAVCIOCPBuffer@@PAX@std@@@std@@@2@XZ 10001920 f i IOCPS.obj
 0001:00000920       ?_Get_data@?$_List_alloc@U?$_List_base_types@PAXV?$allocator@PAX@std@@@std@@@std@@QAEAAV?$_List_val@U?$_List_simple_types@PAX@std@@@2@XZ 10001920 f i IOCPS.obj
 0001:00000920       ?_Get_data@?$_List_alloc@U?$_List_base_types@PAVCIOCPBuffer@@V?$allocator@PAVCIOCPBuffer@@@std@@@std@@@std@@QAEAAV?$_List_val@U?$_List_simple_types@PAVCIOCPBuffer@@@std@@@2@XZ 10001920 f i IOCPS.obj
 0001:00000920       ?_Getcomp@?$_Tree_comp_alloc@V?$_Tmap_traits@IPAUClientContext@@U?$less@I@std@@V?$allocator@U?$pair@$$CBIPAUClientContext@@@std@@@3@$0A@@std@@@std@@QAEAAU?$less@I@2@XZ 10001920 f i IOCPS.obj
 0001:00000920       ?_Get_data@?$_String_alloc@U?$_String_base_types@DV?$allocator@D@std@@@std@@@std@@QBEABV?$_String_val@U?$_Simple_types@D@std@@@2@XZ 10001920 f i IOCPBuffer.obj
 0001:00000920       ?_Get_data@?$_List_alloc@U?$_List_base_types@PAUClientContext@@V?$allocator@PAUClientContext@@@std@@@std@@@std@@QBEABV?$_List_val@U?$_List_simple_types@PAUClientContext@@@std@@@2@XZ 10001920 f i IOCPS.obj
 0001:00000920       ?_Getal@?$_String_alloc@U?$_String_base_types@DV?$allocator@D@std@@@std@@@std@@QAEAAU?$_Wrap_alloc@V?$allocator@D@std@@@2@XZ 10001920 f i IOCPBuffer.obj
 0001:00000920       ?_Get_data@?$_List_alloc@U?$_List_base_types@PAUClientContext@@V?$allocator@PAUClientContext@@@std@@@std@@@std@@QAEAAV?$_List_val@U?$_List_simple_types@PAUClientContext@@@std@@@2@XZ 10001920 f i IOCPS.obj
 0001:00000940       ?_Eos@?$basic_string@DU?$char_traits@D@std@@V?$allocator@D@2@@std@@QAEXI@Z 10001940 f i IOCPBuffer.obj
 0001:00000980       ?assign@?$basic_string@DU?$char_traits@D@std@@V?$allocator@D@2@@std@@QAEAAV12@PBDI@Z 10001980 f i IOCPBuffer.obj
 0001:00000a00       ?_Get_first@?$_Compressed_pair@U?$less@I@std@@V?$_Compressed_pair@U?$_Wrap_alloc@V?$allocator@U?$_Tree_node@U?$pair@$$CBIPAVCIOCPBuffer@@@std@@PAX@std@@@std@@@std@@V?$_Tree_val@U?$_Tree_simple_types@U?$pair@$$CBIPAVCIOCPBuffer@@@std@@@std@@@2@$00@2@$00@std@@QBEABU?$less@I@2@XZ 10001a00 f i IOCPS.obj
 0001:00000a00       ?_Get_first@?$_Compressed_pair@U?$_Wrap_alloc@V?$allocator@U?$_Tree_node@U?$pair@$$CBIPAUClientContext@@@std@@PAX@std@@@std@@@std@@V?$_Tree_val@U?$_Tree_simple_types@U?$pair@$$CBIPAUClientContext@@@std@@@std@@@2@$00@std@@QAEAAU?$_Wrap_alloc@V?$allocator@U?$_Tree_node@U?$pair@$$CBIPAUClientContext@@@std@@PAX@std@@@std@@@2@XZ 10001a00 f i IOCPS.obj
 0001:00000a00       ?_Get_second@?$_Compressed_pair@U?$_Wrap_alloc@V?$allocator@U?$_Tree_node@U?$pair@$$CBIPAVCIOCPBuffer@@@std@@PAX@std@@@std@@@std@@V?$_Tree_val@U?$_Tree_simple_types@U?$pair@$$CBIPAVCIOCPBuffer@@@std@@@std@@@2@$00@std@@QAEAAV?$_Tree_val@U?$_Tree_simple_types@U?$pair@$$CBIPAVCIOCPBuffer@@@std@@@std@@@2@XZ 10001a00 f i IOCPS.obj
 0001:00000a00       ??0?$allocator@U?$_List_node@PAUJobItem@@PAX@std@@@std@@QAE@XZ 10001a00 f i IOCPS.obj
 0001:00000a00       ?_Get_second@?$_Compressed_pair@U?$less@I@std@@V?$_Compressed_pair@U?$_Wrap_alloc@V?$allocator@U?$_Tree_node@U?$pair@$$CBIPAUClientContext@@@std@@PAX@std@@@std@@@std@@V?$_Tree_val@U?$_Tree_simple_types@U?$pair@$$CBIPAUClientContext@@@std@@@std@@@2@$00@2@$00@std@@QBEABV?$_Compressed_pair@U?$_Wrap_alloc@V?$allocator@U?$_Tree_node@U?$pair@$$CBIPAUClientContext@@@std@@PAX@std@@@std@@@std@@V?$_Tree_val@U?$_Tree_simple_types@U?$pair@$$CBIPAUClientContext@@@std@@@std@@@2@$00@2@XZ 10001a00 f i IOCPS.obj
 0001:00000a00       ?_Get_second@?$_Compressed_pair@U?$_Wrap_alloc@V?$allocator@U?$_Tree_node@U?$pair@$$CBGPAX@std@@PAX@std@@@std@@@std@@V?$_Tree_val@U?$_Tree_simple_types@U?$pair@$$CBGPAX@std@@@std@@@2@$00@std@@QBEABV?$_Tree_val@U?$_Tree_simple_types@U?$pair@$$CBGPAX@std@@@std@@@2@XZ 10001a00 f i IOCPS.obj
 0001:00000a00       ?_Get_first@?$_Compressed_pair@U?$_Wrap_alloc@V?$allocator@U?$_Tree_node@U?$pair@$$CBGPAX@std@@PAX@std@@@std@@@std@@V?$_Tree_val@U?$_Tree_simple_types@U?$pair@$$CBGPAX@std@@@std@@@2@$00@std@@QBEABU?$_Wrap_alloc@V?$allocator@U?$_Tree_node@U?$pair@$$CBGPAX@std@@PAX@std@@@std@@@2@XZ 10001a00 f i IOCPS.obj
 0001:00000a00       ?_Get_first@?$_Compressed_pair@U?$_Wrap_alloc@V?$allocator@U?$_Tree_node@U?$pair@$$CBIPAUClientContext@@@std@@PAX@std@@@std@@@std@@V?$_Tree_val@U?$_Tree_simple_types@U?$pair@$$CBIPAUClientContext@@@std@@@std@@@2@$00@std@@QBEABU?$_Wrap_alloc@V?$allocator@U?$_Tree_node@U?$pair@$$CBIPAUClientContext@@@std@@PAX@std@@@std@@@2@XZ 10001a00 f i IOCPS.obj
 0001:00000a00       ?_Get_first@?$_Compressed_pair@U?$less@G@std@@V?$_Compressed_pair@U?$_Wrap_alloc@V?$allocator@U?$_Tree_node@U?$pair@$$CBGPAX@std@@PAX@std@@@std@@@std@@V?$_Tree_val@U?$_Tree_simple_types@U?$pair@$$CBGPAX@std@@@std@@@2@$00@2@$00@std@@QAEAAU?$less@G@2@XZ 10001a00 f i IOCPS.obj
 0001:00000a00       ??0?$allocator@U?$_Tree_node@U?$pair@$$CBIPAVCIOCPBuffer@@@std@@PAX@std@@@std@@QAE@XZ 10001a00 f i IOCPS.obj
 0001:00000a00       ?_Get_second@?$_Compressed_pair@U?$less@I@std@@V?$_Compressed_pair@U?$_Wrap_alloc@V?$allocator@U?$_Tree_node@U?$pair@$$CBIPAVCIOCPBuffer@@@std@@PAX@std@@@std@@@std@@V?$_Tree_val@U?$_Tree_simple_types@U?$pair@$$CBIPAVCIOCPBuffer@@@std@@@std@@@2@$00@2@$00@std@@QAEAAV?$_Compressed_pair@U?$_Wrap_alloc@V?$allocator@U?$_Tree_node@U?$pair@$$CBIPAVCIOCPBuffer@@@std@@PAX@std@@@std@@@std@@V?$_Tree_val@U?$_Tree_simple_types@U?$pair@$$CBIPAVCIOCPBuffer@@@std@@@std@@@2@$00@2@XZ 10001a00 f i IOCPS.obj
 0001:00000a00       ?_Get_second@?$_Compressed_pair@U?$_Wrap_alloc@V?$allocator@U?$_Tree_node@U?$pair@$$CBIPAUClientContext@@@std@@PAX@std@@@std@@@std@@V?$_Tree_val@U?$_Tree_simple_types@U?$pair@$$CBIPAUClientContext@@@std@@@std@@@2@$00@std@@QBEABV?$_Tree_val@U?$_Tree_simple_types@U?$pair@$$CBIPAUClientContext@@@std@@@std@@@2@XZ 10001a00 f i IOCPS.obj
 0001:00000a00       ?_Get_first@?$_Compressed_pair@U?$_Wrap_alloc@V?$allocator@U?$_List_node@PAVCIOCPBuffer@@PAX@std@@@std@@@std@@V?$_List_val@U?$_List_simple_types@PAVCIOCPBuffer@@@std@@@2@$00@std@@QBEABU?$_Wrap_alloc@V?$allocator@U?$_List_node@PAVCIOCPBuffer@@PAX@std@@@std@@@2@XZ 10001a00 f i IOCPS.obj
 0001:00000a00       ?_Get_second@?$_Compressed_pair@U?$_Wrap_alloc@V?$allocator@U?$_List_node@PAUClientContext@@PAX@std@@@std@@@std@@V?$_List_val@U?$_List_simple_types@PAUClientContext@@@std@@@2@$00@std@@QBEABV?$_List_val@U?$_List_simple_types@PAUClientContext@@@std@@@2@XZ 10001a00 f i IOCPS.obj
 0001:00000a00       ?_Get_first@?$_Compressed_pair@U?$_Wrap_alloc@V?$allocator@D@std@@@std@@V?$_String_val@U?$_Simple_types@D@std@@@2@$00@std@@QAEAAU?$_Wrap_alloc@V?$allocator@D@std@@@2@XZ 10001a00 f i IOCPBuffer.obj
 0001:00000a00       ??0?$allocator@U?$_List_node@PAUClientContext@@PAX@std@@@std@@QAE@XZ 10001a00 f i IOCPS.obj
 0001:00000a00       ?_Get_second@?$_Compressed_pair@U?$_Wrap_alloc@V?$allocator@D@std@@@std@@V?$_String_val@U?$_Simple_types@D@std@@@2@$00@std@@QBEABV?$_String_val@U?$_Simple_types@D@std@@@2@XZ 10001a00 f i IOCPBuffer.obj
 0001:00000a00       ?_Get_first@?$_Compressed_pair@U?$_Wrap_alloc@V?$allocator@U?$_List_node@PAXPAX@std@@@std@@@std@@V?$_List_val@U?$_List_simple_types@PAX@std@@@2@$00@std@@QBEABU?$_Wrap_alloc@V?$allocator@U?$_List_node@PAXPAX@std@@@std@@@2@XZ 10001a00 f i IOCPS.obj
 0001:00000a00       ?_Get_first@?$_Compressed_pair@U?$less@I@std@@V?$_Compressed_pair@U?$_Wrap_alloc@V?$allocator@U?$_Tree_node@U?$pair@$$CBIPAUClientContext@@@std@@PAX@std@@@std@@@std@@V?$_Tree_val@U?$_Tree_simple_types@U?$pair@$$CBIPAUClientContext@@@std@@@std@@@2@$00@2@$00@std@@QAEAAU?$less@I@2@XZ 10001a00 f i IOCPS.obj
 0001:00000a00       ?_Get_second@?$_Compressed_pair@U?$_Wrap_alloc@V?$allocator@U?$_List_node@PAVCIOCPBuffer@@PAX@std@@@std@@@std@@V?$_List_val@U?$_List_simple_types@PAVCIOCPBuffer@@@std@@@2@$00@std@@QAEAAV?$_List_val@U?$_List_simple_types@PAVCIOCPBuffer@@@std@@@2@XZ 10001a00 f i IOCPS.obj
 0001:00000a00       ??0?$allocator@D@std@@QAE@XZ 10001a00 f i IOCPS.obj
 0001:00000a00       ?_Get_second@?$_Compressed_pair@U?$less@G@std@@V?$_Compressed_pair@U?$_Wrap_alloc@V?$allocator@U?$_Tree_node@U?$pair@$$CBGPAX@std@@PAX@std@@@std@@@std@@V?$_Tree_val@U?$_Tree_simple_types@U?$pair@$$CBGPAX@std@@@std@@@2@$00@2@$00@std@@QAEAAV?$_Compressed_pair@U?$_Wrap_alloc@V?$allocator@U?$_Tree_node@U?$pair@$$CBGPAX@std@@PAX@std@@@std@@@std@@V?$_Tree_val@U?$_Tree_simple_types@U?$pair@$$CBGPAX@std@@@std@@@2@$00@2@XZ 10001a00 f i IOCPS.obj
 0001:00000a00       ??0?$allocator@U?$_List_node@PAVCIOCPBuffer@@PAX@std@@@std@@QAE@XZ 10001a00 f i IOCPS.obj
 0001:00000a00       ?_Get_first@?$_Compressed_pair@U?$less@I@std@@V?$_Compressed_pair@U?$_Wrap_alloc@V?$allocator@U?$_Tree_node@U?$pair@$$CBIPAUClientContext@@@std@@PAX@std@@@std@@@std@@V?$_Tree_val@U?$_Tree_simple_types@U?$pair@$$CBIPAUClientContext@@@std@@@std@@@2@$00@2@$00@std@@QBEABU?$less@I@2@XZ 10001a00 f i IOCPS.obj
 0001:00000a00       ??0?$tuple@$$V@std@@QAE@XZ 10001a00 f i IOCPS.obj
 0001:00000a00       ?_Get_first@?$_Compressed_pair@U?$_Wrap_alloc@V?$allocator@U?$_List_node@PAUClientContext@@PAX@std@@@std@@@std@@V?$_List_val@U?$_List_simple_types@PAUClientContext@@@std@@@2@$00@std@@QAEAAU?$_Wrap_alloc@V?$allocator@U?$_List_node@PAUClientContext@@PAX@std@@@std@@@2@XZ 10001a00 f i IOCPS.obj
 0001:00000a00       ?_Get_second@?$_Compressed_pair@U?$_Wrap_alloc@V?$allocator@U?$_List_node@PAVCIOCPBuffer@@PAX@std@@@std@@@std@@V?$_List_val@U?$_List_simple_types@PAVCIOCPBuffer@@@std@@@2@$00@std@@QBEABV?$_List_val@U?$_List_simple_types@PAVCIOCPBuffer@@@std@@@2@XZ 10001a00 f i IOCPS.obj
 0001:00000a00       ?_Get_second@?$_Compressed_pair@U?$_Wrap_alloc@V?$allocator@U?$_List_node@PAUJobItem@@PAX@std@@@std@@@std@@V?$_List_val@U?$_List_simple_types@PAUJobItem@@@std@@@2@$00@std@@QAEAAV?$_List_val@U?$_List_simple_types@PAUJobItem@@@std@@@2@XZ 10001a00 f i IOCPS.obj
 0001:00000a00       ?_Get_first@?$_Compressed_pair@U?$_Wrap_alloc@V?$allocator@U?$_Tree_node@U?$pair@$$CBGPAX@std@@PAX@std@@@std@@@std@@V?$_Tree_val@U?$_Tree_simple_types@U?$pair@$$CBGPAX@std@@@std@@@2@$00@std@@QAEAAU?$_Wrap_alloc@V?$allocator@U?$_Tree_node@U?$pair@$$CBGPAX@std@@PAX@std@@@std@@@2@XZ 10001a00 f i IOCPS.obj
 0001:00000a00       ?_Get_second@?$_Compressed_pair@U?$_Wrap_alloc@V?$allocator@D@std@@@std@@V?$_String_val@U?$_Simple_types@D@std@@@2@$00@std@@QAEAAV?$_String_val@U?$_Simple_types@D@std@@@2@XZ 10001a00 f i IOCPBuffer.obj
 0001:00000a00       ?_Get_second@?$_Compressed_pair@U?$less@I@std@@V?$_Compressed_pair@U?$_Wrap_alloc@V?$allocator@U?$_Tree_node@U?$pair@$$CBIPAUClientContext@@@std@@PAX@std@@@std@@@std@@V?$_Tree_val@U?$_Tree_simple_types@U?$pair@$$CBIPAUClientContext@@@std@@@std@@@2@$00@2@$00@std@@QAEAAV?$_Compressed_pair@U?$_Wrap_alloc@V?$allocator@U?$_Tree_node@U?$pair@$$CBIPAUClientContext@@@std@@PAX@std@@@std@@@std@@V?$_Tree_val@U?$_Tree_simple_types@U?$pair@$$CBIPAUClientContext@@@std@@@std@@@2@$00@2@XZ 10001a00 f i IOCPS.obj
 0001:00000a00       ?_Get_second@?$_Compressed_pair@U?$_Wrap_alloc@V?$allocator@U?$_List_node@PAXPAX@std@@@std@@@std@@V?$_List_val@U?$_List_simple_types@PAX@std@@@2@$00@std@@QAEAAV?$_List_val@U?$_List_simple_types@PAX@std@@@2@XZ 10001a00 f i IOCPS.obj
 0001:00000a00       ?_Get_first@?$_Compressed_pair@U?$_Wrap_alloc@V?$allocator@D@std@@@std@@V?$_String_val@U?$_Simple_types@D@std@@@2@$00@std@@QBEABU?$_Wrap_alloc@V?$allocator@D@std@@@2@XZ 10001a00 f i IOCPBuffer.obj
 0001:00000a00       ?_Get_first@?$_Compressed_pair@U?$_Wrap_alloc@V?$allocator@U?$_List_node@PAXPAX@std@@@std@@@std@@V?$_List_val@U?$_List_simple_types@PAX@std@@@2@$00@std@@QAEAAU?$_Wrap_alloc@V?$allocator@U?$_List_node@PAXPAX@std@@@std@@@2@XZ 10001a00 f i IOCPS.obj
 0001:00000a00       ?_Get_first@?$_Compressed_pair@U?$_Wrap_alloc@V?$allocator@U?$_Tree_node@U?$pair@$$CBIPAVCIOCPBuffer@@@std@@PAX@std@@@std@@@std@@V?$_Tree_val@U?$_Tree_simple_types@U?$pair@$$CBIPAVCIOCPBuffer@@@std@@@std@@@2@$00@std@@QAEAAU?$_Wrap_alloc@V?$allocator@U?$_Tree_node@U?$pair@$$CBIPAVCIOCPBuffer@@@std@@PAX@std@@@std@@@2@XZ 10001a00 f i IOCPS.obj
 0001:00000a00       ??0?$allocator@U?$_Tree_node@U?$pair@$$CBGPAX@std@@PAX@std@@@std@@QAE@XZ 10001a00 f i IOCPS.obj
 0001:00000a00       ?_Get_first@?$_Compressed_pair@U?$_Wrap_alloc@V?$allocator@U?$_List_node@PAUClientContext@@PAX@std@@@std@@@std@@V?$_List_val@U?$_List_simple_types@PAUClientContext@@@std@@@2@$00@std@@QBEABU?$_Wrap_alloc@V?$allocator@U?$_List_node@PAUClientContext@@PAX@std@@@std@@@2@XZ 10001a00 f i IOCPS.obj
 0001:00000a00       ?_Get_first@?$_Compressed_pair@U?$_Wrap_alloc@V?$allocator@U?$_List_node@PAUJobItem@@PAX@std@@@std@@@std@@V?$_List_val@U?$_List_simple_types@PAUJobItem@@@std@@@2@$00@std@@QAEAAU?$_Wrap_alloc@V?$allocator@U?$_List_node@PAUJobItem@@PAX@std@@@std@@@2@XZ 10001a00 f i IOCPS.obj
 0001:00000a00       ?_Get_second@?$_Compressed_pair@U?$_Wrap_alloc@V?$allocator@U?$_Tree_node@U?$pair@$$CBIPAVCIOCPBuffer@@@std@@PAX@std@@@std@@@std@@V?$_Tree_val@U?$_Tree_simple_types@U?$pair@$$CBIPAVCIOCPBuffer@@@std@@@std@@@2@$00@std@@QBEABV?$_Tree_val@U?$_Tree_simple_types@U?$pair@$$CBIPAVCIOCPBuffer@@@std@@@std@@@2@XZ 10001a00 f i IOCPS.obj
 0001:00000a00       ?_Get_second@?$_Compressed_pair@U?$_Wrap_alloc@V?$allocator@U?$_Tree_node@U?$pair@$$CBGPAX@std@@PAX@std@@@std@@@std@@V?$_Tree_val@U?$_Tree_simple_types@U?$pair@$$CBGPAX@std@@@std@@@2@$00@std@@QAEAAV?$_Tree_val@U?$_Tree_simple_types@U?$pair@$$CBGPAX@std@@@std@@@2@XZ 10001a00 f i IOCPS.obj
 0001:00000a00       ??0?$allocator@U?$_Tree_node@U?$pair@$$CBIPAUClientContext@@@std@@PAX@std@@@std@@QAE@XZ 10001a00 f i IOCPS.obj
 0001:00000a00       ?_Get_second@?$_Compressed_pair@U?$less@G@std@@V?$_Compressed_pair@U?$_Wrap_alloc@V?$allocator@U?$_Tree_node@U?$pair@$$CBGPAX@std@@PAX@std@@@std@@@std@@V?$_Tree_val@U?$_Tree_simple_types@U?$pair@$$CBGPAX@std@@@std@@@2@$00@2@$00@std@@QBEABV?$_Compressed_pair@U?$_Wrap_alloc@V?$allocator@U?$_Tree_node@U?$pair@$$CBGPAX@std@@PAX@std@@@std@@@std@@V?$_Tree_val@U?$_Tree_simple_types@U?$pair@$$CBGPAX@std@@@std@@@2@$00@2@XZ 10001a00 f i IOCPS.obj
 0001:00000a00       ?_Get_first@?$_Compressed_pair@U?$less@G@std@@V?$_Compressed_pair@U?$_Wrap_alloc@V?$allocator@U?$_Tree_node@U?$pair@$$CBGPAX@std@@PAX@std@@@std@@@std@@V?$_Tree_val@U?$_Tree_simple_types@U?$pair@$$CBGPAX@std@@@std@@@2@$00@2@$00@std@@QBEABU?$less@G@2@XZ 10001a00 f i IOCPS.obj
 0001:00000a00       ??0?$allocator@U?$_List_node@PAXPAX@std@@@std@@QAE@XZ 10001a00 f i IOCPS.obj
 0001:00000a00       ??0_Bxty@?$_String_val@U?$_Simple_types@D@std@@@std@@QAE@XZ 10001a00 f i IOCPS.obj
 0001:00000a00       ?_Get_second@?$_Compressed_pair@U?$_Wrap_alloc@V?$allocator@U?$_Tree_node@U?$pair@$$CBIPAUClientContext@@@std@@PAX@std@@@std@@@std@@V?$_Tree_val@U?$_Tree_simple_types@U?$pair@$$CBIPAUClientContext@@@std@@@std@@@2@$00@std@@QAEAAV?$_Tree_val@U?$_Tree_simple_types@U?$pair@$$CBIPAUClientContext@@@std@@@std@@@2@XZ 10001a00 f i IOCPS.obj
 0001:00000a00       ?_Get_second@?$_Compressed_pair@U?$_Wrap_alloc@V?$allocator@U?$_List_node@PAUJobItem@@PAX@std@@@std@@@std@@V?$_List_val@U?$_List_simple_types@PAUJobItem@@@std@@@2@$00@std@@QBEABV?$_List_val@U?$_List_simple_types@PAUJobItem@@@std@@@2@XZ 10001a00 f i IOCPS.obj
 0001:00000a00       ?_Get_second@?$_Compressed_pair@U?$_Wrap_alloc@V?$allocator@U?$_List_node@PAUClientContext@@PAX@std@@@std@@@std@@V?$_List_val@U?$_List_simple_types@PAUClientContext@@@std@@@2@$00@std@@QAEAAV?$_List_val@U?$_List_simple_types@PAUClientContext@@@std@@@2@XZ 10001a00 f i IOCPS.obj
 0001:00000a00       ?_Get_first@?$_Compressed_pair@U?$_Wrap_alloc@V?$allocator@U?$_List_node@PAVCIOCPBuffer@@PAX@std@@@std@@@std@@V?$_List_val@U?$_List_simple_types@PAVCIOCPBuffer@@@std@@@2@$00@std@@QAEAAU?$_Wrap_alloc@V?$allocator@U?$_List_node@PAVCIOCPBuffer@@PAX@std@@@std@@@2@XZ 10001a00 f i IOCPS.obj
 0001:00000a00       ?_Get_second@?$_Compressed_pair@U?$less@I@std@@V?$_Compressed_pair@U?$_Wrap_alloc@V?$allocator@U?$_Tree_node@U?$pair@$$CBIPAVCIOCPBuffer@@@std@@PAX@std@@@std@@@std@@V?$_Tree_val@U?$_Tree_simple_types@U?$pair@$$CBIPAVCIOCPBuffer@@@std@@@std@@@2@$00@2@$00@std@@QBEABV?$_Compressed_pair@U?$_Wrap_alloc@V?$allocator@U?$_Tree_node@U?$pair@$$CBIPAVCIOCPBuffer@@@std@@PAX@std@@@std@@@std@@V?$_Tree_val@U?$_Tree_simple_types@U?$pair@$$CBIPAVCIOCPBuffer@@@std@@@std@@@2@$00@2@XZ 10001a00 f i IOCPS.obj
 0001:00000a00       ?_Get_first@?$_Compressed_pair@U?$_Wrap_alloc@V?$allocator@U?$_Tree_node@U?$pair@$$CBIPAVCIOCPBuffer@@@std@@PAX@std@@@std@@@std@@V?$_Tree_val@U?$_Tree_simple_types@U?$pair@$$CBIPAVCIOCPBuffer@@@std@@@std@@@2@$00@std@@QBEABU?$_Wrap_alloc@V?$allocator@U?$_Tree_node@U?$pair@$$CBIPAVCIOCPBuffer@@@std@@PAX@std@@@std@@@2@XZ 10001a00 f i IOCPS.obj
 0001:00000a00       ?_Get_first@?$_Compressed_pair@U?$less@I@std@@V?$_Compressed_pair@U?$_Wrap_alloc@V?$allocator@U?$_Tree_node@U?$pair@$$CBIPAVCIOCPBuffer@@@std@@PAX@std@@@std@@@std@@V?$_Tree_val@U?$_Tree_simple_types@U?$pair@$$CBIPAVCIOCPBuffer@@@std@@@std@@@2@$00@2@$00@std@@QAEAAU?$less@I@2@XZ 10001a00 f i IOCPS.obj
 0001:00000a00       ?_Get_second@?$_Compressed_pair@U?$_Wrap_alloc@V?$allocator@U?$_List_node@PAXPAX@std@@@std@@@std@@V?$_List_val@U?$_List_simple_types@PAX@std@@@2@$00@std@@QBEABV?$_List_val@U?$_List_simple_types@PAX@std@@@2@XZ 10001a00 f i IOCPS.obj
 0001:00000a10       ?_Myptr@?$_String_val@U?$_Simple_types@D@std@@@std@@QBEPBDXZ 10001a10 f i IOCPBuffer.obj
 0001:00000a10       ?_Myptr@?$_String_val@U?$_Simple_types@D@std@@@std@@QAEPADXZ 10001a10 f i IOCPBuffer.obj
 0001:00000a50       ?_Myptr@?$_String_alloc@U?$_String_base_types@DV?$allocator@D@std@@@std@@@std@@QAEPADXZ 10001a50 f i IOCPBuffer.obj
 0001:00000a50       ?_Myptr@?$_String_alloc@U?$_String_base_types@DV?$allocator@D@std@@@std@@@std@@QBEPBDXZ 10001a50 f i IOCPBuffer.obj
 0001:00000a70       ?_Inside@?$basic_string@DU?$char_traits@D@std@@V?$allocator@D@2@@std@@QAE_NPBD@Z 10001a70 f i IOCPBuffer.obj
 0001:00000ac0       ?_Grow@?$basic_string@DU?$char_traits@D@std@@V?$allocator@D@2@@std@@QAE_NI_N@Z 10001ac0 f i IOCPBuffer.obj
 0001:00000b80       ?assign@?$basic_string@DU?$char_traits@D@std@@V?$allocator@D@2@@std@@QAEAAV12@ABV12@II@Z 10001b80 f i IOCPBuffer.obj
 0001:00000c20       ?deallocate@?$allocator@D@std@@QAEXPADI@Z 10001c20 f i IOCPBuffer.obj
 0001:00000c40       ?_Check_offset@?$basic_string@DU?$char_traits@D@std@@V?$allocator@D@2@@std@@QBEXI@Z 10001c40 f i IOCPBuffer.obj
 0001:00000c70       ?_Xlen@?$basic_string@DU?$char_traits@D@std@@V?$allocator@D@2@@std@@QBEXXZ 10001c70 f i IOCPBuffer.obj
 0001:00000c90       ?_Copy@?$basic_string@DU?$char_traits@D@std@@V?$allocator@D@2@@std@@QAEXII@Z 10001c90 f i IOCPBuffer.obj
 0001:00000e70       ?_Clamp_suffix_size@?$basic_string@DU?$char_traits@D@std@@V?$allocator@D@2@@std@@QBEIII@Z 10001e70 f i IOCPBuffer.obj
 0001:00000eb0       ?max_size@?$basic_string@DU?$char_traits@D@std@@V?$allocator@D@2@@std@@QBEIXZ 10001eb0 f i IOCPBuffer.obj
 0001:00000ef0       ?erase@?$basic_string@DU?$char_traits@D@std@@V?$allocator@D@2@@std@@QAEAAV12@II@Z 10001ef0 f i IOCPBuffer.obj
 0001:00000f80       ?erase@?$basic_string@DU?$char_traits@D@std@@V?$allocator@D@2@@std@@QAEAAV12@I@Z 10001f80 f i IOCPBuffer.obj
 0001:00000fb0       ?max_size@?$_Wrap_alloc@V?$allocator@D@std@@@std@@QBEIU_Nil@2@@Z 10001fb0 f i IOCPBuffer.obj
 0001:00000fd0       ?allocate@?$_Wrap_alloc@V?$allocator@D@std@@@std@@QAEPADI@Z 10001fd0 f i IOCPBuffer.obj
 0001:00001000       ?_Xran@?$basic_string@DU?$char_traits@D@std@@V?$allocator@D@2@@std@@QBEXXZ 10002000 f i IOCPBuffer.obj
 0001:00001020       ?max_size@?$allocator_traits@V?$allocator@D@std@@@std@@SAIABV?$allocator@D@2@@Z 10002020 f i IOCPBuffer.obj
 0001:00001030       ?allocate@?$allocator@D@std@@QAEPADI@Z 10002030 f i IOCPBuffer.obj
 0001:00001050       ?max_size@?$allocator@D@std@@QBEIXZ 10002050 f i IOCPBuffer.obj
 0001:00001060       ??$addressof@PAU?$_Tree_node@U?$pair@$$CBIPAUClientContext@@@std@@PAX@std@@@std@@YAPAPAU?$_Tree_node@U?$pair@$$CBIPAUClientContext@@@std@@PAX@0@AAPAU10@@Z 10002060 f i IOCPS.obj
 0001:00001060       ??$forward@AAU?$pair@$$CBIPAUClientContext@@@std@@@std@@YAAAU?$pair@$$CBIPAUClientContext@@@0@AAU10@@Z 10002060 f i IOCPS.obj
 0001:00001060       ??$forward@AAPAU?$_Tree_node@U?$pair@$$CBIPAVCIOCPBuffer@@@std@@PAX@std@@@std@@YAAAPAU?$_Tree_node@U?$pair@$$CBIPAVCIOCPBuffer@@@std@@PAX@0@AAPAU10@@Z 10002060 f i IOCPS.obj
 0001:00001060       ??$forward@_N@std@@YA$$QA_NAA_N@Z 10002060 f i IOCPS.obj
 0001:00001060       ??$forward@V?$_Tree_iterator@V?$_Tree_val@U?$_Tree_simple_types@U?$pair@$$CBIPAUClientContext@@@std@@@std@@@std@@@std@@@std@@YA$$QAV?$_Tree_iterator@V?$_Tree_val@U?$_Tree_simple_types@U?$pair@$$CBIPAUClientContext@@@std@@@std@@@std@@@0@AAV10@@Z 10002060 f i IOCPS.obj
 0001:00001060       ??$forward@AAV?$_Tree_iterator@V?$_Tree_val@U?$_Tree_simple_types@U?$pair@$$CBIPAUClientContext@@@std@@@std@@@std@@@std@@@std@@YAAAV?$_Tree_iterator@V?$_Tree_val@U?$_Tree_simple_types@U?$pair@$$CBIPAUClientContext@@@std@@@std@@@std@@@0@AAV10@@Z 10002060 f i IOCPS.obj
 0001:00001060       ??$forward@V?$basic_string@DU?$char_traits@D@std@@V?$allocator@D@2@@std@@@std@@YA$$QAV?$basic_string@DU?$char_traits@D@std@@V?$allocator@D@2@@0@AAV10@@Z 10002060 f i IOCPS.obj
 0001:00001060       ??$forward@AAPAU?$_Tree_node@U?$pair@$$CBGPAX@std@@PAX@std@@@std@@YAAAPAU?$_Tree_node@U?$pair@$$CBGPAX@std@@PAX@0@AAPAU10@@Z 10002060 f i IOCPS.obj
 0001:00001060       ??$forward@AAPAU?$_List_node@PAVCIOCPBuffer@@PAX@std@@@std@@YAAAPAU?$_List_node@PAVCIOCPBuffer@@PAX@0@AAPAU10@@Z 10002060 f i IOCPS.obj
 0001:00001060       ??$forward@AAPAU?$_List_node@PAXPAX@std@@@std@@YAAAPAU?$_List_node@PAXPAX@0@AAPAU10@@Z 10002060 f i IOCPS.obj
 0001:00001060       ?_Nextnode@?$_List_val@U?$_List_simple_types@PAUJobItem@@@std@@@std@@SAAAPAU?$_List_node@PAUJobItem@@PAX@2@PAU32@@Z 10002060 f i IOCPS.obj
 0001:00001060       ??$_Kfn@$$CBGPAX@?$_Tmap_traits@GPAXU?$less@G@std@@V?$allocator@U?$pair@$$CBGPAX@std@@@2@$0A@@std@@SAABGABU?$pair@$$CBGPAX@1@@Z 10002060 f i IOCPS.obj
 0001:00001060       ??$forward@AAU?$pair@$$CBIPAVCIOCPBuffer@@@std@@@std@@YAAAU?$pair@$$CBIPAVCIOCPBuffer@@@0@AAU10@@Z 10002060 f i IOCPS.obj
 0001:00001060       ??$addressof@PAU?$_List_node@PAVCIOCPBuffer@@PAX@std@@@std@@YAPAPAU?$_List_node@PAVCIOCPBuffer@@PAX@0@AAPAU10@@Z 10002060 f i IOCPS.obj
 0001:00001060       ?_Nextnode@?$_List_val@U?$_List_simple_types@PAUClientContext@@@std@@@std@@SAAAPAU?$_List_node@PAUClientContext@@PAX@2@PAU32@@Z 10002060 f i IOCPS.obj
 0001:00001060       ??$forward@V?$_Tree_iterator@V?$_Tree_val@U?$_Tree_simple_types@U?$pair@$$CBIPAVCIOCPBuffer@@@std@@@std@@@std@@@std@@@std@@YA$$QAV?$_Tree_iterator@V?$_Tree_val@U?$_Tree_simple_types@U?$pair@$$CBIPAVCIOCPBuffer@@@std@@@std@@@std@@@0@AAV10@@Z 10002060 f i IOCPS.obj
 0001:00001060       ??$forward@U_Zero_then_variadic_args_t@std@@@std@@YA$$QAU_Zero_then_variadic_args_t@0@AAU10@@Z 10002060 f i IOCPS.obj
 0001:00001060       ?_Nextnode@?$_List_val@U?$_List_simple_types@PAVCIOCPBuffer@@@std@@@std@@SAAAPAU?$_List_node@PAVCIOCPBuffer@@PAX@2@PAU32@@Z 10002060 f i IOCPS.obj
 0001:00001060       ??$forward@ABU?$less@G@std@@@std@@YAABU?$less@G@0@ABU10@@Z 10002060 f i IOCPS.obj
 0001:00001060       ??$forward@V?$allocator@D@std@@@std@@YA$$QAV?$allocator@D@0@AAV10@@Z 10002060 f i MyIOCP.obj
 0001:00001060       ??$addressof@PAUClientContext@@@std@@YAPAPAUClientContext@@AAPAU1@@Z 10002060 f i IOCPS.obj
 0001:00001060       ??$forward@V?$_Tree_iterator@V?$_Tree_val@U?$_Tree_simple_types@U?$pair@$$CBGPAX@std@@@std@@@std@@@std@@@std@@YA$$QAV?$_Tree_iterator@V?$_Tree_val@U?$_Tree_simple_types@U?$pair@$$CBGPAX@std@@@std@@@std@@@0@AAV10@@Z 10002060 f i IOCPS.obj
 0001:00001060       ??$forward@G@std@@YA$$QAGAAG@Z 10002060 f i IOCPS.obj
 0001:00001060       ??$forward@AAU?$pair@$$CBGPAX@std@@@std@@YAAAU?$pair@$$CBGPAX@0@AAU10@@Z 10002060 f i IOCPS.obj
 0001:00001060       ??$forward@AAV?$_Tree_iterator@V?$_Tree_val@U?$_Tree_simple_types@U?$pair@$$CBIPAVCIOCPBuffer@@@std@@@std@@@std@@@std@@@std@@YAAAV?$_Tree_iterator@V?$_Tree_val@U?$_Tree_simple_types@U?$pair@$$CBIPAVCIOCPBuffer@@@std@@@std@@@std@@@0@AAV10@@Z 10002060 f i IOCPS.obj
 0001:00001060       ??$forward@AAPAD@std@@YAAAPADAAPAD@Z 10002060 f i IOCPBuffer.obj
 0001:00001060       ??$addressof@PAU?$_List_node@PAXPAX@std@@@std@@YAPAPAU?$_List_node@PAXPAX@0@AAPAU10@@Z 10002060 f i IOCPS.obj
 0001:00001060       ??$addressof@U?$pair@$$CBIPAVCIOCPBuffer@@@std@@@std@@YAPAU?$pair@$$CBIPAVCIOCPBuffer@@@0@AAU10@@Z 10002060 f i IOCPS.obj
 0001:00001060       ??$forward@ABI@std@@YAABIABI@Z 10002060 f i IOCPS.obj
 0001:00001060       ??$forward@V?$tuple@ABG@std@@@std@@YA$$QAV?$tuple@ABG@0@AAV10@@Z 10002060 f i IOCPS.obj
 0001:00001060       ??$addressof@PAU?$_List_node@PAUJobItem@@PAX@std@@@std@@YAPAPAU?$_List_node@PAUJobItem@@PAX@0@AAPAU10@@Z 10002060 f i IOCPS.obj
 0001:00001060       ?_Left@?$_Tree_val@U?$_Tree_simple_types@U?$pair@$$CBIPAVCIOCPBuffer@@@std@@@std@@@std@@SAAAPAU?$_Tree_node@U?$pair@$$CBIPAVCIOCPBuffer@@@std@@PAX@2@PAU32@@Z 10002060 f i IOCPS.obj
 0001:00001060       ??$_Kfn@$$CBIPAVCIOCPBuffer@@@?$_Tmap_traits@IPAVCIOCPBuffer@@U?$less@I@std@@V?$allocator@U?$pair@$$CBIPAVCIOCPBuffer@@@std@@@3@$0A@@std@@SAABIABU?$pair@$$CBIPAVCIOCPBuffer@@@1@@Z 10002060 f i IOCPS.obj
 0001:00001060       ??$addressof@PAD@std@@YAPAPADAAPAD@Z 10002060 f i IOCPBuffer.obj
 0001:00001060       ??$addressof@PAX@std@@YAPAPAXAAPAX@Z 10002060 f i IOCPS.obj
 0001:00001060       ??$move@AAV?$tuple@ABI@std@@@std@@YA$$QAV?$tuple@ABI@0@AAV10@@Z 10002060 f i IOCPS.obj
 0001:00001060       ??$forward@AAPAX@std@@YAAAPAXAAPAX@Z 10002060 f i IOCPS.obj
 0001:00001060       ??$forward@ABU?$less@I@std@@@std@@YAABU?$less@I@0@ABU10@@Z 10002060 f i IOCPS.obj
 0001:00001060       ??$forward@U?$pair@IPAVCIOCPBuffer@@@std@@@std@@YA$$QAU?$pair@IPAVCIOCPBuffer@@@0@AAU10@@Z 10002060 f i IOCPS.obj
 0001:00001060       ??$move@AAD@std@@YA$$QADAAD@Z 10002060 f i IOCPS.obj
 0001:00001060       ??$forward@AAPAVCIOCPBuffer@@@std@@YAAAPAVCIOCPBuffer@@AAPAV1@@Z 10002060 f i IOCPS.obj
 0001:00001060       ??$move@AAU?$_Wrap_alloc@V?$allocator@D@std@@@std@@@std@@YA$$QAU?$_Wrap_alloc@V?$allocator@D@std@@@0@AAU10@@Z 10002060 f i IOCPS.obj
 0001:00001060       ??$forward@AAPAU?$_Tree_node@U?$pair@$$CBIPAUClientContext@@@std@@PAX@std@@@std@@YAAAPAU?$_Tree_node@U?$pair@$$CBIPAUClientContext@@@std@@PAX@0@AAPAU10@@Z 10002060 f i IOCPS.obj
 0001:00001060       ??$forward@ABQAUClientContext@@@std@@YAABQAUClientContext@@ABQAU1@@Z 10002060 f i IOCPS.obj
 0001:00001060       ??$forward@ABUpiecewise_construct_t@std@@@std@@YAABUpiecewise_construct_t@0@ABU10@@Z 10002060 f i IOCPS.obj
 0001:00001060       ??$forward@U?$pair@GPAX@std@@@std@@YA$$QAU?$pair@GPAX@0@AAU10@@Z 10002060 f i IOCPS.obj
 0001:00001060       ??$addressof@PAU?$_Tree_node@U?$pair@$$CBGPAX@std@@PAX@std@@@std@@YAPAPAU?$_Tree_node@U?$pair@$$CBGPAX@std@@PAX@0@AAPAU10@@Z 10002060 f i IOCPS.obj
 0001:00001060       ??$forward@U?$_Wrap_alloc@V?$allocator@D@std@@@std@@@std@@YA$$QAU?$_Wrap_alloc@V?$allocator@D@std@@@0@AAU10@@Z 10002060 f i IOCPS.obj
 0001:00001060       ??$addressof@U?$pair@$$CBIPAUClientContext@@@std@@@std@@YAPAU?$pair@$$CBIPAUClientContext@@@0@AAU10@@Z 10002060 f i IOCPS.obj
 0001:00001060       ??$_Kfn@$$CBIPAUClientContext@@@?$_Tmap_traits@IPAUClientContext@@U?$less@I@std@@V?$allocator@U?$pair@$$CBIPAUClientContext@@@std@@@3@$0A@@std@@SAABIABU?$pair@$$CBIPAUClientContext@@@1@@Z 10002060 f i IOCPS.obj
 0001:00001060       ??$_Unfancy@D@std@@YAPADPAD@Z 10002060 f i IOCPBuffer.obj
 0001:00001060       ??$forward@AAI@std@@YAAAIAAI@Z 10002060 f i IOCPS.obj
 0001:00001060       ??$forward@V?$tuple@$$V@std@@@std@@YA$$QAV?$tuple@$$V@0@AAV10@@Z 10002060 f i IOCPS.obj
 0001:00001060       ??$addressof@PAUJobItem@@@std@@YAPAPAUJobItem@@AAPAU1@@Z 10002060 f i IOCPS.obj
 0001:00001060       ??$forward@ABQAVCIOCPBuffer@@@std@@YAABQAVCIOCPBuffer@@ABQAV1@@Z 10002060 f i IOCPS.obj
 0001:00001060       ??$forward@V?$tuple@ABI@std@@@std@@YA$$QAV?$tuple@ABI@0@AAV10@@Z 10002060 f i IOCPS.obj
 0001:00001060       ??$forward@AAPAU?$_List_node@PAUJobItem@@PAX@std@@@std@@YAAAPAU?$_List_node@PAUJobItem@@PAX@0@AAPAU10@@Z 10002060 f i IOCPS.obj
 0001:00001060       ??$forward@ABG@std@@YAABGABG@Z 10002060 f i IOCPS.obj
 0001:00001060       ?_Left@?$_Tree_val@U?$_Tree_simple_types@U?$pair@$$CBGPAX@std@@@std@@@std@@SAAAPAU?$_Tree_node@U?$pair@$$CBGPAX@std@@PAX@2@PAU32@@Z 10002060 f i IOCPS.obj
 0001:00001060       ??$addressof@PAVCIOCPBuffer@@@std@@YAPAPAVCIOCPBuffer@@AAPAV1@@Z 10002060 f i IOCPS.obj
 0001:00001060       ??$forward@AAPAU?$_List_node@PAUClientContext@@PAX@std@@@std@@YAAAPAU?$_List_node@PAUClientContext@@PAX@0@AAPAU10@@Z 10002060 f i IOCPS.obj
 0001:00001060       ??$forward@ABQAX@std@@YAABQAXABQAX@Z 10002060 f i IOCPS.obj
 0001:00001060       ??$move@AAV?$tuple@ABG@std@@@std@@YA$$QAV?$tuple@ABG@0@AAV10@@Z 10002060 f i IOCPS.obj
 0001:00001060       ??$forward@PAVCIOCPBuffer@@@std@@YA$$QAPAVCIOCPBuffer@@AAPAV1@@Z 10002060 f i IOCPS.obj
 0001:00001060       ??$addressof@U?$pair@$$CBGPAX@std@@@std@@YAPAU?$pair@$$CBGPAX@0@AAU10@@Z 10002060 f i IOCPS.obj
 0001:00001060       ?_Left@?$_Tree_val@U?$_Tree_simple_types@U?$pair@$$CBIPAUClientContext@@@std@@@std@@@std@@SAAAPAU?$_Tree_node@U?$pair@$$CBIPAUClientContext@@@std@@PAX@2@PAU32@@Z 10002060 f i IOCPS.obj
 0001:00001060       ?_Nextnode@?$_List_val@U?$_List_simple_types@PAX@std@@@std@@SAAAPAU?$_List_node@PAXPAX@2@PAU32@@Z 10002060 f i IOCPS.obj
 0001:00001060       ??$forward@I@std@@YA$$QAIAAI@Z 10002060 f i IOCPS.obj
 0001:00001060       ??$addressof@PAU?$_Tree_node@U?$pair@$$CBIPAVCIOCPBuffer@@@std@@PAX@std@@@std@@YAPAPAU?$_Tree_node@U?$pair@$$CBIPAVCIOCPBuffer@@@std@@PAX@0@AAPAU10@@Z 10002060 f i IOCPS.obj
 0001:00001060       ??$forward@AAV?$_Tree_iterator@V?$_Tree_val@U?$_Tree_simple_types@U?$pair@$$CBGPAX@std@@@std@@@std@@@std@@@std@@YAAAV?$_Tree_iterator@V?$_Tree_val@U?$_Tree_simple_types@U?$pair@$$CBGPAX@std@@@std@@@std@@@0@AAV10@@Z 10002060 f i IOCPS.obj
 0001:00001060       ??$addressof@PAU?$_List_node@PAUClientContext@@PAX@std@@@std@@YAPAPAU?$_List_node@PAUClientContext@@PAX@0@AAPAU10@@Z 10002060 f i IOCPS.obj
 0001:00001060       ??$addressof@QAVCIOCPBuffer@@@std@@YAPBQAVCIOCPBuffer@@ABQAV1@@Z 10002060 f i IOCPS.obj
 0001:00001060       ??$forward@PAX@std@@YA$$QAPAXAAPAX@Z 10002060 f i IOCPS.obj
 0001:00001070       ??$destroy@PAU?$_Tree_node@U?$pair@$$CBIPAUClientContext@@@std@@PAX@std@@@?$_Wrap_alloc@V?$allocator@U?$_Tree_node@U?$pair@$$CBIPAUClientContext@@@std@@PAX@std@@@std@@@std@@QAEXPAPAU?$_Tree_node@U?$pair@$$CBIPAUClientContext@@@std@@PAX@1@@Z 10002070 f i IOCPS.obj
 0001:00001070       ??$destroy@PAVCIOCPBuffer@@@?$_Wrap_alloc@V?$allocator@U?$_List_node@PAVCIOCPBuffer@@PAX@std@@@std@@@std@@QAEXPAPAVCIOCPBuffer@@@Z 10002070 f i IOCPS.obj
 0001:00001070       ??$destroy@PAX@?$_Wrap_alloc@V?$allocator@U?$_List_node@PAXPAX@std@@@std@@@std@@QAEXPAPAX@Z 10002070 f i IOCPS.obj
 0001:00001070       ??$destroy@PAU?$_List_node@PAXPAX@std@@@?$_Wrap_alloc@V?$allocator@U?$_List_node@PAXPAX@std@@@std@@@std@@QAEXPAPAU?$_List_node@PAXPAX@1@@Z 10002070 f i IOCPS.obj
 0001:00001070       ??$destroy@PAU?$_List_node@PAUJobItem@@PAX@std@@@?$_Wrap_alloc@V?$allocator@U?$_List_node@PAUJobItem@@PAX@std@@@std@@@std@@QAEXPAPAU?$_List_node@PAUJobItem@@PAX@1@@Z 10002070 f i IOCPS.obj
 0001:00001070       ??$destroy@PAD@?$_Wrap_alloc@V?$allocator@D@std@@@std@@QAEXPAPAD@Z 10002070 f i IOCPBuffer.obj
 0001:00001070       ??$destroy@U?$pair@$$CBIPAVCIOCPBuffer@@@std@@@?$_Wrap_alloc@V?$allocator@U?$_Tree_node@U?$pair@$$CBIPAVCIOCPBuffer@@@std@@PAX@std@@@std@@@std@@QAEXPAU?$pair@$$CBIPAVCIOCPBuffer@@@1@@Z 10002070 f i IOCPS.obj
 0001:00001070       ??$destroy@PAU?$_Tree_node@U?$pair@$$CBIPAVCIOCPBuffer@@@std@@PAX@std@@@?$_Wrap_alloc@V?$allocator@U?$_Tree_node@U?$pair@$$CBIPAVCIOCPBuffer@@@std@@PAX@std@@@std@@@std@@QAEXPAPAU?$_Tree_node@U?$pair@$$CBIPAVCIOCPBuffer@@@std@@PAX@1@@Z 10002070 f i IOCPS.obj
 0001:00001070       ??$destroy@PAU?$_Tree_node@U?$pair@$$CBGPAX@std@@PAX@std@@@?$_Wrap_alloc@V?$allocator@U?$_Tree_node@U?$pair@$$CBGPAX@std@@PAX@std@@@std@@@std@@QAEXPAPAU?$_Tree_node@U?$pair@$$CBGPAX@std@@PAX@1@@Z 10002070 f i IOCPS.obj
 0001:00001070       ??$destroy@U?$pair@$$CBIPAUClientContext@@@std@@@?$_Wrap_alloc@V?$allocator@U?$_Tree_node@U?$pair@$$CBIPAUClientContext@@@std@@PAX@std@@@std@@@std@@QAEXPAU?$pair@$$CBIPAUClientContext@@@1@@Z 10002070 f i IOCPS.obj
 0001:00001070       ??$destroy@U?$pair@$$CBGPAX@std@@@?$_Wrap_alloc@V?$allocator@U?$_Tree_node@U?$pair@$$CBGPAX@std@@PAX@std@@@std@@@std@@QAEXPAU?$pair@$$CBGPAX@1@@Z 10002070 f i IOCPS.obj
 0001:00001070       ??$destroy@PAU?$_List_node@PAUClientContext@@PAX@std@@@?$_Wrap_alloc@V?$allocator@U?$_List_node@PAUClientContext@@PAX@std@@@std@@@std@@QAEXPAPAU?$_List_node@PAUClientContext@@PAX@1@@Z 10002070 f i IOCPS.obj
 0001:00001070       ??$destroy@PAU?$_List_node@PAVCIOCPBuffer@@PAX@std@@@?$_Wrap_alloc@V?$allocator@U?$_List_node@PAVCIOCPBuffer@@PAX@std@@@std@@@std@@QAEXPAPAU?$_List_node@PAVCIOCPBuffer@@PAX@1@@Z 10002070 f i IOCPS.obj
 0001:00001070       ??$destroy@PAUJobItem@@@?$_Wrap_alloc@V?$allocator@U?$_List_node@PAUJobItem@@PAX@std@@@std@@@std@@QAEXPAPAUJobItem@@@Z 10002070 f i IOCPS.obj
 0001:00001070       ??$destroy@PAUClientContext@@@?$_Wrap_alloc@V?$allocator@U?$_List_node@PAUClientContext@@PAX@std@@@std@@@std@@QAEXPAPAUClientContext@@@Z 10002070 f i IOCPS.obj
 0001:00001090       ??$construct@PAXABQAX@?$_Wrap_alloc@V?$allocator@U?$_List_node@PAXPAX@std@@@std@@@std@@QAEXPAPAXABQAX@Z 10002090 f i IOCPS.obj
 0001:00001090       ??$construct@PAU?$_Tree_node@U?$pair@$$CBGPAX@std@@PAX@std@@AAPAU12@@?$_Wrap_alloc@V?$allocator@U?$_Tree_node@U?$pair@$$CBGPAX@std@@PAX@std@@@std@@@std@@QAEXPAPAU?$_Tree_node@U?$pair@$$CBGPAX@std@@PAX@1@AAPAU21@@Z 10002090 f i IOCPS.obj
 0001:00001090       ??$construct@PAUClientContext@@ABQAU1@@?$_Wrap_alloc@V?$allocator@U?$_List_node@PAUClientContext@@PAX@std@@@std@@@std@@QAEXPAPAUClientContext@@ABQAU2@@Z 10002090 f i IOCPS.obj
 0001:00001090       ??$construct@PAU?$_List_node@PAXPAX@std@@AAPAU12@@?$_Wrap_alloc@V?$allocator@U?$_List_node@PAXPAX@std@@@std@@@std@@QAEXPAPAU?$_List_node@PAXPAX@1@AAPAU21@@Z 10002090 f i IOCPS.obj
 0001:00001090       ??$construct@PADAAPAD@?$_Wrap_alloc@V?$allocator@D@std@@@std@@QAEXPAPADAAPAD@Z 10002090 f i IOCPBuffer.obj
 0001:00001090       ??$construct@PAU?$_List_node@PAUJobItem@@PAX@std@@AAPAU12@@?$_Wrap_alloc@V?$allocator@U?$_List_node@PAUJobItem@@PAX@std@@@std@@@std@@QAEXPAPAU?$_List_node@PAUJobItem@@PAX@1@AAPAU21@@Z 10002090 f i IOCPS.obj
 0001:00001090       ??$construct@PAU?$_List_node@PAUClientContext@@PAX@std@@AAPAU12@@?$_Wrap_alloc@V?$allocator@U?$_List_node@PAUClientContext@@PAX@std@@@std@@@std@@QAEXPAPAU?$_List_node@PAUClientContext@@PAX@1@AAPAU21@@Z 10002090 f i IOCPS.obj
 0001:00001090       ??$construct@PAU?$_Tree_node@U?$pair@$$CBIPAUClientContext@@@std@@PAX@std@@AAPAU12@@?$_Wrap_alloc@V?$allocator@U?$_Tree_node@U?$pair@$$CBIPAUClientContext@@@std@@PAX@std@@@std@@@std@@QAEXPAPAU?$_Tree_node@U?$pair@$$CBIPAUClientContext@@@std@@PAX@1@AAPAU21@@Z 10002090 f i IOCPS.obj
 0001:00001090       ??$construct@PAU?$_Tree_node@U?$pair@$$CBIPAVCIOCPBuffer@@@std@@PAX@std@@AAPAU12@@?$_Wrap_alloc@V?$allocator@U?$_Tree_node@U?$pair@$$CBIPAVCIOCPBuffer@@@std@@PAX@std@@@std@@@std@@QAEXPAPAU?$_Tree_node@U?$pair@$$CBIPAVCIOCPBuffer@@@std@@PAX@1@AAPAU21@@Z 10002090 f i IOCPS.obj
 0001:00001090       ??$construct@PAVCIOCPBuffer@@ABQAV1@@?$_Wrap_alloc@V?$allocator@U?$_List_node@PAVCIOCPBuffer@@PAX@std@@@std@@@std@@QAEXPAPAVCIOCPBuffer@@ABQAV2@@Z 10002090 f i IOCPS.obj
 0001:00001090       ??$construct@PAU?$_List_node@PAVCIOCPBuffer@@PAX@std@@AAPAU12@@?$_Wrap_alloc@V?$allocator@U?$_List_node@PAVCIOCPBuffer@@PAX@std@@@std@@@std@@QAEXPAPAU?$_List_node@PAVCIOCPBuffer@@PAX@1@AAPAU21@@Z 10002090 f i IOCPS.obj
 0001:000010c0       ??$destroy@PAVCIOCPBuffer@@@?$allocator_traits@V?$allocator@U?$_List_node@PAVCIOCPBuffer@@PAX@std@@@std@@@std@@SAXAAV?$allocator@U?$_List_node@PAVCIOCPBuffer@@PAX@std@@@1@PAPAVCIOCPBuffer@@@Z 100020c0 f i IOCPS.obj
 0001:000010c0       ??$destroy@PAX@?$allocator_traits@V?$allocator@U?$_List_node@PAXPAX@std@@@std@@@std@@SAXAAV?$allocator@U?$_List_node@PAXPAX@std@@@1@PAPAX@Z 100020c0 f i IOCPS.obj
 0001:000010c0       ??$destroy@U?$pair@$$CBGPAX@std@@@?$allocator_traits@V?$allocator@U?$_Tree_node@U?$pair@$$CBGPAX@std@@PAX@std@@@std@@@std@@SAXAAV?$allocator@U?$_Tree_node@U?$pair@$$CBGPAX@std@@PAX@std@@@1@PAU?$pair@$$CBGPAX@1@@Z 100020c0 f i IOCPS.obj
 0001:000010c0       ??$destroy@PAUClientContext@@@?$allocator_traits@V?$allocator@U?$_List_node@PAUClientContext@@PAX@std@@@std@@@std@@SAXAAV?$allocator@U?$_List_node@PAUClientContext@@PAX@std@@@1@PAPAUClientContext@@@Z 100020c0 f i IOCPS.obj
 0001:000010c0       ??$destroy@PAU?$_Tree_node@U?$pair@$$CBGPAX@std@@PAX@std@@@?$allocator_traits@V?$allocator@U?$_Tree_node@U?$pair@$$CBGPAX@std@@PAX@std@@@std@@@std@@SAXAAV?$allocator@U?$_Tree_node@U?$pair@$$CBGPAX@std@@PAX@std@@@1@PAPAU?$_Tree_node@U?$pair@$$CBGPAX@std@@PAX@1@@Z 100020c0 f i IOCPS.obj
 0001:000010c0       ??$destroy@U?$pair@$$CBIPAVCIOCPBuffer@@@std@@@?$allocator_traits@V?$allocator@U?$_Tree_node@U?$pair@$$CBIPAVCIOCPBuffer@@@std@@PAX@std@@@std@@@std@@SAXAAV?$allocator@U?$_Tree_node@U?$pair@$$CBIPAVCIOCPBuffer@@@std@@PAX@std@@@1@PAU?$pair@$$CBIPAVCIOCPBuffer@@@1@@Z 100020c0 f i IOCPS.obj
 0001:000010c0       ??$destroy@PAU?$_List_node@PAUJobItem@@PAX@std@@@?$allocator_traits@V?$allocator@U?$_List_node@PAUJobItem@@PAX@std@@@std@@@std@@SAXAAV?$allocator@U?$_List_node@PAUJobItem@@PAX@std@@@1@PAPAU?$_List_node@PAUJobItem@@PAX@1@@Z 100020c0 f i IOCPS.obj
 0001:000010c0       ??$destroy@PAD@?$allocator_traits@V?$allocator@D@std@@@std@@SAXAAV?$allocator@D@1@PAPAD@Z 100020c0 f i IOCPBuffer.obj
 0001:000010c0       ??$destroy@U?$pair@$$CBIPAUClientContext@@@std@@@?$allocator_traits@V?$allocator@U?$_Tree_node@U?$pair@$$CBIPAUClientContext@@@std@@PAX@std@@@std@@@std@@SAXAAV?$allocator@U?$_Tree_node@U?$pair@$$CBIPAUClientContext@@@std@@PAX@std@@@1@PAU?$pair@$$CBIPAUClientContext@@@1@@Z 100020c0 f i IOCPS.obj
 0001:000010c0       ??$destroy@PAU?$_List_node@PAUClientContext@@PAX@std@@@?$allocator_traits@V?$allocator@U?$_List_node@PAUClientContext@@PAX@std@@@std@@@std@@SAXAAV?$allocator@U?$_List_node@PAUClientContext@@PAX@std@@@1@PAPAU?$_List_node@PAUClientContext@@PAX@1@@Z 100020c0 f i IOCPS.obj
 0001:000010c0       ??$destroy@PAU?$_List_node@PAXPAX@std@@@?$allocator_traits@V?$allocator@U?$_List_node@PAXPAX@std@@@std@@@std@@SAXAAV?$allocator@U?$_List_node@PAXPAX@std@@@1@PAPAU?$_List_node@PAXPAX@1@@Z 100020c0 f i IOCPS.obj
 0001:000010c0       ??$destroy@PAU?$_Tree_node@U?$pair@$$CBIPAUClientContext@@@std@@PAX@std@@@?$allocator_traits@V?$allocator@U?$_Tree_node@U?$pair@$$CBIPAUClientContext@@@std@@PAX@std@@@std@@@std@@SAXAAV?$allocator@U?$_Tree_node@U?$pair@$$CBIPAUClientContext@@@std@@PAX@std@@@1@PAPAU?$_Tree_node@U?$pair@$$CBIPAUClientContext@@@std@@PAX@1@@Z 100020c0 f i IOCPS.obj
 0001:000010c0       ??$destroy@PAU?$_Tree_node@U?$pair@$$CBIPAVCIOCPBuffer@@@std@@PAX@std@@@?$allocator_traits@V?$allocator@U?$_Tree_node@U?$pair@$$CBIPAVCIOCPBuffer@@@std@@PAX@std@@@std@@@std@@SAXAAV?$allocator@U?$_Tree_node@U?$pair@$$CBIPAVCIOCPBuffer@@@std@@PAX@std@@@1@PAPAU?$_Tree_node@U?$pair@$$CBIPAVCIOCPBuffer@@@std@@PAX@1@@Z 100020c0 f i IOCPS.obj
 0001:000010c0       ??$destroy@PAU?$_List_node@PAVCIOCPBuffer@@PAX@std@@@?$allocator_traits@V?$allocator@U?$_List_node@PAVCIOCPBuffer@@PAX@std@@@std@@@std@@SAXAAV?$allocator@U?$_List_node@PAVCIOCPBuffer@@PAX@std@@@1@PAPAU?$_List_node@PAVCIOCPBuffer@@PAX@1@@Z 100020c0 f i IOCPS.obj
 0001:000010c0       ??$destroy@PAUJobItem@@@?$allocator_traits@V?$allocator@U?$_List_node@PAUJobItem@@PAX@std@@@std@@@std@@SAXAAV?$allocator@U?$_List_node@PAUJobItem@@PAX@std@@@1@PAPAUJobItem@@@Z 100020c0 f i IOCPS.obj
 0001:000010e0       ??$construct@PAU?$_List_node@PAXPAX@std@@AAPAU12@@?$allocator_traits@V?$allocator@U?$_List_node@PAXPAX@std@@@std@@@std@@SAXAAV?$allocator@U?$_List_node@PAXPAX@std@@@1@PAPAU?$_List_node@PAXPAX@1@AAPAU31@@Z 100020e0 f i IOCPS.obj
 0001:000010e0       ??$construct@PAU?$_Tree_node@U?$pair@$$CBIPAVCIOCPBuffer@@@std@@PAX@std@@AAPAU12@@?$allocator_traits@V?$allocator@U?$_Tree_node@U?$pair@$$CBIPAVCIOCPBuffer@@@std@@PAX@std@@@std@@@std@@SAXAAV?$allocator@U?$_Tree_node@U?$pair@$$CBIPAVCIOCPBuffer@@@std@@PAX@std@@@1@PAPAU?$_Tree_node@U?$pair@$$CBIPAVCIOCPBuffer@@@std@@PAX@1@AAPAU31@@Z 100020e0 f i IOCPS.obj
 0001:000010e0       ??$construct@PADAAPAD@?$allocator_traits@V?$allocator@D@std@@@std@@SAXAAV?$allocator@D@1@PAPADAAPAD@Z 100020e0 f i IOCPBuffer.obj
 0001:000010e0       ??$construct@PAVCIOCPBuffer@@ABQAV1@@?$allocator_traits@V?$allocator@U?$_List_node@PAVCIOCPBuffer@@PAX@std@@@std@@@std@@SAXAAV?$allocator@U?$_List_node@PAVCIOCPBuffer@@PAX@std@@@1@PAPAVCIOCPBuffer@@ABQAV3@@Z 100020e0 f i IOCPS.obj
 0001:000010e0       ??$construct@PAU?$_Tree_node@U?$pair@$$CBGPAX@std@@PAX@std@@AAPAU12@@?$allocator_traits@V?$allocator@U?$_Tree_node@U?$pair@$$CBGPAX@std@@PAX@std@@@std@@@std@@SAXAAV?$allocator@U?$_Tree_node@U?$pair@$$CBGPAX@std@@PAX@std@@@1@PAPAU?$_Tree_node@U?$pair@$$CBGPAX@std@@PAX@1@AAPAU31@@Z 100020e0 f i IOCPS.obj
 0001:000010e0       ??$construct@PAU?$_Tree_node@U?$pair@$$CBIPAUClientContext@@@std@@PAX@std@@AAPAU12@@?$allocator_traits@V?$allocator@U?$_Tree_node@U?$pair@$$CBIPAUClientContext@@@std@@PAX@std@@@std@@@std@@SAXAAV?$allocator@U?$_Tree_node@U?$pair@$$CBIPAUClientContext@@@std@@PAX@std@@@1@PAPAU?$_Tree_node@U?$pair@$$CBIPAUClientContext@@@std@@PAX@1@AAPAU31@@Z 100020e0 f i IOCPS.obj
 0001:000010e0       ??$construct@PAXABQAX@?$allocator_traits@V?$allocator@U?$_List_node@PAXPAX@std@@@std@@@std@@SAXAAV?$allocator@U?$_List_node@PAXPAX@std@@@1@PAPAXABQAX@Z 100020e0 f i IOCPS.obj
 0001:000010e0       ??$construct@PAU?$_List_node@PAUJobItem@@PAX@std@@AAPAU12@@?$allocator_traits@V?$allocator@U?$_List_node@PAUJobItem@@PAX@std@@@std@@@std@@SAXAAV?$allocator@U?$_List_node@PAUJobItem@@PAX@std@@@1@PAPAU?$_List_node@PAUJobItem@@PAX@1@AAPAU31@@Z 100020e0 f i IOCPS.obj
 0001:000010e0       ??$construct@PAUClientContext@@ABQAU1@@?$allocator_traits@V?$allocator@U?$_List_node@PAUClientContext@@PAX@std@@@std@@@std@@SAXAAV?$allocator@U?$_List_node@PAUClientContext@@PAX@std@@@1@PAPAUClientContext@@ABQAU3@@Z 100020e0 f i IOCPS.obj
 0001:000010e0       ??$construct@PAU?$_List_node@PAVCIOCPBuffer@@PAX@std@@AAPAU12@@?$allocator_traits@V?$allocator@U?$_List_node@PAVCIOCPBuffer@@PAX@std@@@std@@@std@@SAXAAV?$allocator@U?$_List_node@PAVCIOCPBuffer@@PAX@std@@@1@PAPAU?$_List_node@PAVCIOCPBuffer@@PAX@1@AAPAU31@@Z 100020e0 f i IOCPS.obj
 0001:000010e0       ??$construct@PAU?$_List_node@PAUClientContext@@PAX@std@@AAPAU12@@?$allocator_traits@V?$allocator@U?$_List_node@PAUClientContext@@PAX@std@@@std@@@std@@SAXAAV?$allocator@U?$_List_node@PAUClientContext@@PAX@std@@@1@PAPAU?$_List_node@PAUClientContext@@PAX@1@AAPAU31@@Z 100020e0 f i IOCPS.obj
 0001:00001100       ??$destroy@U?$pair@$$CBIPAVCIOCPBuffer@@@std@@@?$allocator@U?$_Tree_node@U?$pair@$$CBIPAVCIOCPBuffer@@@std@@PAX@std@@@std@@QAEXPAU?$pair@$$CBIPAVCIOCPBuffer@@@1@@Z 10002100 f i IOCPS.obj
 0001:00001100       ??$destroy@PAX@?$allocator@U?$_List_node@PAXPAX@std@@@std@@QAEXPAPAX@Z 10002100 f i IOCPS.obj
 0001:00001100       ??$destroy@U?$pair@$$CBGPAX@std@@@?$allocator@U?$_Tree_node@U?$pair@$$CBGPAX@std@@PAX@std@@@std@@QAEXPAU?$pair@$$CBGPAX@1@@Z 10002100 f i IOCPS.obj
 0001:00001100       ??$destroy@PAUJobItem@@@?$allocator@U?$_List_node@PAUJobItem@@PAX@std@@@std@@QAEXPAPAUJobItem@@@Z 10002100 f i IOCPS.obj
 0001:00001100       ??$destroy@PAD@?$allocator@D@std@@QAEXPAPAD@Z 10002100 f i IOCPBuffer.obj
 0001:00001100       ??$destroy@PAU?$_List_node@PAUJobItem@@PAX@std@@@?$allocator@U?$_List_node@PAUJobItem@@PAX@std@@@std@@QAEXPAPAU?$_List_node@PAUJobItem@@PAX@1@@Z 10002100 f i IOCPS.obj
 0001:00001100       ??$destroy@PAU?$_List_node@PAUClientContext@@PAX@std@@@?$allocator@U?$_List_node@PAUClientContext@@PAX@std@@@std@@QAEXPAPAU?$_List_node@PAUClientContext@@PAX@1@@Z 10002100 f i IOCPS.obj
 0001:00001100       ??$destroy@PAU?$_Tree_node@U?$pair@$$CBIPAUClientContext@@@std@@PAX@std@@@?$allocator@U?$_Tree_node@U?$pair@$$CBIPAUClientContext@@@std@@PAX@std@@@std@@QAEXPAPAU?$_Tree_node@U?$pair@$$CBIPAUClientContext@@@std@@PAX@1@@Z 10002100 f i IOCPS.obj
 0001:00001100       ??$destroy@PAU?$_List_node@PAVCIOCPBuffer@@PAX@std@@@?$allocator@U?$_List_node@PAVCIOCPBuffer@@PAX@std@@@std@@QAEXPAPAU?$_List_node@PAVCIOCPBuffer@@PAX@1@@Z 10002100 f i IOCPS.obj
 0001:00001100       ??$destroy@PAU?$_Tree_node@U?$pair@$$CBIPAVCIOCPBuffer@@@std@@PAX@std@@@?$allocator@U?$_Tree_node@U?$pair@$$CBIPAVCIOCPBuffer@@@std@@PAX@std@@@std@@QAEXPAPAU?$_Tree_node@U?$pair@$$CBIPAVCIOCPBuffer@@@std@@PAX@1@@Z 10002100 f i IOCPS.obj
 0001:00001100       ?_Adopt@_Iterator_base0@std@@QAEXPBX@Z 10002100 f i IOCPS.obj
 0001:00001100       ??$destroy@PAUClientContext@@@?$allocator@U?$_List_node@PAUClientContext@@PAX@std@@@std@@QAEXPAPAUClientContext@@@Z 10002100 f i IOCPS.obj
 0001:00001100       ?NotifyNewClientContext@IOCPS@@MAEXPAUClientContext@@@Z 10002100 f i IOCPS.obj
 0001:00001100       ?NotifyDisconnectedClient@IOCPS@@MAEXPAUClientContext@@@Z 10002100 f i IOCPS.obj
 0001:00001100       ??$destroy@PAU?$_List_node@PAXPAX@std@@@?$allocator@U?$_List_node@PAXPAX@std@@@std@@QAEXPAPAU?$_List_node@PAXPAX@1@@Z 10002100 f i IOCPS.obj
 0001:00001100       ??$destroy@PAU?$_Tree_node@U?$pair@$$CBGPAX@std@@PAX@std@@@?$allocator@U?$_Tree_node@U?$pair@$$CBGPAX@std@@PAX@std@@@std@@QAEXPAPAU?$_Tree_node@U?$pair@$$CBGPAX@std@@PAX@1@@Z 10002100 f i IOCPS.obj
 0001:00001100       ?NotifyFileCompleted@IOCPS@@MAEXPAUClientContext@@@Z 10002100 f i IOCPS.obj
 0001:00001100       ??$destroy@PAVCIOCPBuffer@@@?$allocator@U?$_List_node@PAVCIOCPBuffer@@PAX@std@@@std@@QAEXPAPAVCIOCPBuffer@@@Z 10002100 f i IOCPS.obj
 0001:00001100       ??$destroy@U?$pair@$$CBIPAUClientContext@@@std@@@?$allocator@U?$_Tree_node@U?$pair@$$CBIPAUClientContext@@@std@@PAX@std@@@std@@QAEXPAU?$pair@$$CBIPAUClientContext@@@1@@Z 10002100 f i IOCPS.obj
 0001:00001100       ?NotifyNewConnection@IOCPS@@MAEXPAUClientContext@@@Z 10002100 f i IOCPS.obj
 0001:00001100       ?NotifyContextRelease@IOCPS@@MAEXPAUClientContext@@@Z 10002100 f i IOCPS.obj
 0001:00001110       ??$construct@PAU?$_List_node@PAUClientContext@@PAX@std@@AAPAU12@@?$allocator@U?$_List_node@PAUClientContext@@PAX@std@@@std@@QAEXPAPAU?$_List_node@PAUClientContext@@PAX@1@AAPAU21@@Z 10002110 f i IOCPS.obj
 0001:00001110       ??$construct@PAU?$_Tree_node@U?$pair@$$CBIPAUClientContext@@@std@@PAX@std@@AAPAU12@@?$allocator@U?$_Tree_node@U?$pair@$$CBIPAUClientContext@@@std@@PAX@std@@@std@@QAEXPAPAU?$_Tree_node@U?$pair@$$CBIPAUClientContext@@@std@@PAX@1@AAPAU21@@Z 10002110 f i IOCPS.obj
 0001:00001110       ??$construct@PAU?$_Tree_node@U?$pair@$$CBIPAVCIOCPBuffer@@@std@@PAX@std@@AAPAU12@@?$allocator@U?$_Tree_node@U?$pair@$$CBIPAVCIOCPBuffer@@@std@@PAX@std@@@std@@QAEXPAPAU?$_Tree_node@U?$pair@$$CBIPAVCIOCPBuffer@@@std@@PAX@1@AAPAU21@@Z 10002110 f i IOCPS.obj
 0001:00001110       ??$construct@PAXABQAX@?$allocator@U?$_List_node@PAXPAX@std@@@std@@QAEXPAPAXABQAX@Z 10002110 f i IOCPS.obj
 0001:00001110       ??$construct@PAU?$_List_node@PAXPAX@std@@AAPAU12@@?$allocator@U?$_List_node@PAXPAX@std@@@std@@QAEXPAPAU?$_List_node@PAXPAX@1@AAPAU21@@Z 10002110 f i IOCPS.obj
 0001:00001110       ??$construct@PADAAPAD@?$allocator@D@std@@QAEXPAPADAAPAD@Z 10002110 f i IOCPBuffer.obj
 0001:00001110       ??$construct@PAU?$_List_node@PAVCIOCPBuffer@@PAX@std@@AAPAU12@@?$allocator@U?$_List_node@PAVCIOCPBuffer@@PAX@std@@@std@@QAEXPAPAU?$_List_node@PAVCIOCPBuffer@@PAX@1@AAPAU21@@Z 10002110 f i IOCPS.obj
 0001:00001110       ??$construct@PAVCIOCPBuffer@@ABQAV1@@?$allocator@U?$_List_node@PAVCIOCPBuffer@@PAX@std@@@std@@QAEXPAPAVCIOCPBuffer@@ABQAV2@@Z 10002110 f i IOCPS.obj
 0001:00001110       ??$construct@PAU?$_List_node@PAUJobItem@@PAX@std@@AAPAU12@@?$allocator@U?$_List_node@PAUJobItem@@PAX@std@@@std@@QAEXPAPAU?$_List_node@PAUJobItem@@PAX@1@AAPAU21@@Z 10002110 f i IOCPS.obj
 0001:00001110       ??$construct@PAU?$_Tree_node@U?$pair@$$CBGPAX@std@@PAX@std@@AAPAU12@@?$allocator@U?$_Tree_node@U?$pair@$$CBGPAX@std@@PAX@std@@@std@@QAEXPAPAU?$_Tree_node@U?$pair@$$CBGPAX@std@@PAX@1@AAPAU21@@Z 10002110 f i IOCPS.obj
 0001:00001110       ??$construct@PAUClientContext@@ABQAU1@@?$allocator@U?$_List_node@PAUClientContext@@PAX@std@@@std@@QAEXPAPAUClientContext@@ABQAU2@@Z 10002110 f i IOCPS.obj
 0001:00001160       ??2@YAPAXIPAX@Z            10002160 f i IOCPBuffer.obj
 0001:00001170       ?_Allocate@std@@YAPAXII_N@Z 10002170 f i IOCPBuffer.obj
 0001:00001230       ?move@?$char_traits@D@std@@SAPADPADPBDI@Z 10002230 f i IOCPBuffer.obj
 0001:00001270       ?_Deallocate@std@@YAXPAXII@Z 10002270 f i IOCPBuffer.obj
 0001:00001310       ?assign@?$char_traits@D@std@@SAXAADABD@Z 10002310 f i IOCPBuffer.obj
 0001:00001320       ?length@?$char_traits@D@std@@SAIPBD@Z 10002320 f i IOCPBuffer.obj
 0001:00001370       ?copy@?$char_traits@D@std@@SAPADPADPBDI@Z 10002370 f i IOCPBuffer.obj
 0001:000013a0       ?c_str@?$basic_string@DU?$char_traits@D@std@@V?$allocator@D@2@@std@@QBEPBDXZ 100023a0 f i IOCPBuffer.obj
 0001:000013e0       ??1Socket@@UAE@XZ          100023e0 f i IOCPS.obj
 0001:00001400       ??_ESocket@@UAEPAXI@Z      10002400 f i * CIL library *:* CIL module *
 0001:00001400       ??_GSocket@@UAEPAXI@Z      10002400 f i IOCPS.obj
 0001:00001430       ??0IOCPS@@QAE@XZ           10002430 f   IOCPS.obj
 0001:000016d0       ??_GIOCPS@@UAEPAXI@Z       100026d0 f i IOCPS.obj
 0001:000016d0       ??_EIOCPS@@UAEPAXI@Z       100026d0 f i * CIL library *:* CIL module *
 0001:00001710       ??0Socket@@QAE@XZ          10002710 f i IOCPS.obj
 0001:00001730       ??1?$map@IPAVCIOCPBuffer@@U?$less@I@std@@V?$allocator@U?$pair@$$CBIPAVCIOCPBuffer@@@std@@@3@@std@@QAE@XZ 10002730 f i IOCPS.obj
 0001:00001730       ??1?$map@GPAXU?$less@G@std@@V?$allocator@U?$pair@$$CBGPAX@std@@@2@@std@@QAE@XZ 10002730 f i IOCPS.obj
 0001:00001730       ??1?$map@IPAUClientContext@@U?$less@I@std@@V?$allocator@U?$pair@$$CBIPAUClientContext@@@std@@@3@@std@@QAE@XZ 10002730 f i IOCPS.obj
 0001:00001750       ??1IOCPS@@UAE@XZ           10002750 f   IOCPS.obj
 0001:00001820       ?Start@IOCPS@@UAEHHHHHHHHHH@Z 10002820 f   IOCPS.obj
 0001:000018d0       ?Startup@IOCPS@@QAEHXZ     100028d0 f   IOCPS.obj
 0001:00001a40       ?ListnerThreadProc@IOCPS@@CGIPAX@Z 10002a40 f   IOCPS.obj
 0001:00001c40       ?IOWorkerThreadProc@IOCPS@@CGIPAX@Z 10002c40 f   IOCPS.obj
 0001:00001dd0       ?AssociateIncomingClientWithContext@IOCPS@@AAEHI@Z 10002dd0 f i IOCPS.obj
 0001:00002280       ?AssociateSocketWithCompletionPort@IOCPS@@AAEHIPAXK@Z 10003280 f i IOCPS.obj
 0001:000022d0       ?AddClientContext@IOCPS@@AAEHPAUClientContext@@@Z 100032d0 f i IOCPS.obj
 0001:000023a0       ?FreeClientContext@IOCPS@@AAEXXZ 100033a0 f i IOCPS.obj
 0001:00002650       ??_GClientContext@@QAEPAXI@Z 10003650 f i IOCPS.obj
 0001:00002680       ??1ClientContext@@QAE@XZ   10003680 f i IOCPS.obj
 0001:000026b0       ?ProcessIOMessage@IOCPS@@AAEXPAVCIOCPBuffer@@PAUClientContext@@K@Z 100036b0 f i IOCPS.obj
 0001:000027d0       ?OnInitialize@IOCPS@@AAEXPAUClientContext@@KPAVCIOCPBuffer@@@Z 100037d0 f i IOCPS.obj
 0001:00002860       ?OnRead@IOCPS@@AAEXPAUClientContext@@PAVCIOCPBuffer@@@Z 10003860 f i IOCPS.obj
 0001:00002ac0       ?OnPostedPackage@IOCPS@@AAEXPAUClientContext@@PAVCIOCPBuffer@@@Z 10003ac0 f i IOCPS.obj
 0001:00002b60       ?OnReadCompleted@IOCPS@@AAEXPAUClientContext@@KPAVCIOCPBuffer@@@Z 10003b60 f i IOCPS.obj
 0001:00002ce0       ?ProcessPackage@IOCPS@@AAEXPAUClientContext@@KPAVCIOCPBuffer@@@Z 10003ce0 f i IOCPS.obj
 0001:00002fd0       ?OnWrite@IOCPS@@AAEXPAUClientContext@@KPAVCIOCPBuffer@@@Z 10003fd0 f i IOCPS.obj
 0001:00003210       ?OnWriteCompleted@IOCPS@@AAEXPAUClientContext@@KPAVCIOCPBuffer@@@Z 10004210 f i IOCPS.obj
 0001:00003290       ?ASend@IOCPS@@QAEHHPAVCIOCPBuffer@@@Z 10004290 f   IOCPS.obj
 0001:00003310       ?FindClient@IOCPS@@QAEPAUClientContext@@I@Z 10004310 f   IOCPS.obj
 0001:00003350       ?GetHostKeyName@IOCPS@@QAE?AV?$basic_string@DU?$char_traits@D@std@@V?$allocator@D@2@@std@@I@Z 10004350 f   IOCPS.obj
 0001:00003410       ?GetHostAddress@IOCPS@@QAE?AV?$basic_string@DU?$char_traits@D@std@@V?$allocator@D@2@@std@@I@Z 10004410 f   IOCPS.obj
 0001:000034f0       ?ASend@IOCPS@@IAEHPAUClientContext@@PAVCIOCPBuffer@@@Z 100044f0 f   IOCPS.obj
 0001:000035d0       ?DisconnectClient@IOCPS@@AAEXPAUClientContext@@H@Z 100045d0 f i IOCPS.obj
 0001:00003740       ?DisconnectClient@IOCPS@@UAEXI@Z 10004740 f   IOCPS.obj
 0001:000037b0       ?ReleaseBufferMap@IOCPS@@AAEXPAV?$map@IPAVCIOCPBuffer@@U?$less@I@std@@V?$allocator@U?$pair@$$CBIPAVCIOCPBuffer@@@std@@@3@@std@@@Z 100047b0 f i IOCPS.obj
 0001:00003830       ?AbortiveClose@IOCPS@@AAEXPAUClientContext@@@Z 10004830 f i IOCPS.obj
 0001:00003920       ?ShutDown@IOCPS@@UAEXXZ    10004920 f   IOCPS.obj
 0001:00003a20       ?OnZeroByteRead@IOCPS@@AAEXPAUClientContext@@PAVCIOCPBuffer@@@Z 10004a20 f i IOCPS.obj
 0001:00003c50       ?OnZeroByteReadCompleted@IOCPS@@AAEXPAUClientContext@@KPAVCIOCPBuffer@@@Z 10004c50 f i IOCPS.obj
 0001:00003c80       ?ARead@IOCPS@@AAEHPAUClientContext@@PAVCIOCPBuffer@@@Z 10004c80 f i IOCPS.obj
 0001:00003d50       ?AZeroByteRead@IOCPS@@AAEHPAUClientContext@@PAVCIOCPBuffer@@@Z 10004d50 f i IOCPS.obj
 0001:00003ee0       ?ErrorCode2Text@IOCPS@@IAE?AV?$basic_string@DU?$char_traits@D@std@@V?$allocator@D@2@@std@@K@Z 10004ee0 f   IOCPS.obj
 0001:00004190       ?EnterIOLoop@IOCPS@@AAEXPAUClientContext@@@Z 10005190 f i IOCPS.obj
 0001:000041d0       ?ExitIOLoop@IOCPS@@AAEHPAUClientContext@@@Z 100051d0 f i IOCPS.obj
 0001:00004230       ?DisconnectAll@IOCPS@@UAEXXZ 10005230 f   IOCPS.obj
 0001:000042e0       ?ShutDownIOWorkers@IOCPS@@AAEXXZ 100052e0 f i IOCPS.obj
 0001:000043c0       ?SetWorkers@IOCPS@@QAEHH@Z 100053c0 f   IOCPS.obj
 0001:000045f0       ?WorkerThreadProc@IOCPS@@CGIPAX@Z 100055f0 f   IOCPS.obj
 0001:00004690       ?GetWorker@IOCPS@@AAEPAXG@Z 10005690 f   IOCPS.obj
 0001:000046e0       ?ShutDownWorkers@IOCPS@@AAEXXZ 100056e0 f i IOCPS.obj
 0001:000047c0       ?FreeJob@IOCPS@@QAEXPAUJobItem@@@Z 100057c0 f i IOCPS.obj
 0001:00004800       ??_GJobItem@@QAEPAXI@Z     10005800 f i IOCPS.obj
 0001:00004830       ??1JobItem@@QAE@XZ         10005830 f i IOCPS.obj
 0001:00004850       ?GetJob@IOCPS@@QAEPAUJobItem@@XZ 10005850 f   IOCPS.obj
 0001:000048c0       ?ProcessJob@IOCPS@@UAEXPAUJobItem@@PAV1@@Z 100058c0 f i IOCPS.obj
 0001:000048d0       ?NotifyWriteCompleted@IOCPS@@MAEXPAUClientContext@@KPAVCIOCPBuffer@@@Z 100058d0 f i IOCPS.obj
 0001:000048d0       ?NotifyReceivedPackage@IOCPS@@MAEXPAVCIOCPBuffer@@HPAUClientContext@@@Z 100058d0 f i IOCPS.obj
 0001:000048e0       ?AllocateContext@IOCPS@@AAEPAUClientContext@@XZ 100058e0 f i IOCPS.obj
 0001:00004a90       ??0ClientContext@@QAE@XZ   10005a90 f i IOCPS.obj
 0001:00004b00       ?AllocateBuffer@IOCPS@@IAEPAVCIOCPBuffer@@H@Z 10005b00 f   IOCPS.obj
 0001:00004cc0       ?ReleaseBuffer@IOCPS@@IAEHPAVCIOCPBuffer@@@Z 10005cc0 f   IOCPS.obj
 0001:00004da0       ?ReleaseClientContext@IOCPS@@AAEHPAUClientContext@@@Z 10005da0 f i IOCPS.obj
 0001:00004f00       ?FreeBuffers@IOCPS@@AAEXXZ 10005f00 f i IOCPS.obj
 0001:00005070       ?SplitBuffer@IOCPS@@AAEPAVCIOCPBuffer@@PAV2@I@Z 10006070 f i IOCPS.obj
 0001:00005140       ?AddAndFlush@IOCPS@@AAEHPAVCIOCPBuffer@@0I@Z 10006140 f i IOCPS.obj
 0001:000051a0       ?SetupListner@IOCPS@@AAEHXZ 100061a0 f   IOCPS.obj
 0001:00005690       ?CreateCompletionPort@IOCPS@@AAEHXZ 10006690 f i IOCPS.obj
 0001:00005810       ?SetupIOWorkers@IOCPS@@AAEHXZ 10006810 f   IOCPS.obj
 0001:00005940       ?Connect@IOCPS@@UAEHABV?$basic_string@DU?$char_traits@D@std@@V?$allocator@D@2@@std@@H@Z 10006940 f   IOCPS.obj
 0001:00005b40       ?GetNextSendBuffer@IOCPS@@AAEPAVCIOCPBuffer@@PAUClientContext@@PAV2@@Z 10006b40 f i IOCPS.obj
 0001:00005c50       ?SetSendSequenceNumber@IOCPS@@AAEXPAUClientContext@@PAVCIOCPBuffer@@@Z 10006c50 f i IOCPS.obj
 0001:00005cb0       ?GetNextReadBuffer@IOCPS@@AAEPAVCIOCPBuffer@@PAUClientContext@@PAV2@@Z 10006cb0 f i IOCPS.obj
 0001:00005e10       ?MakeOrderdRead@IOCPS@@AAEXPAUClientContext@@PAVCIOCPBuffer@@@Z 10006e10 f i IOCPS.obj
 0001:00005f90       ?IncreaseReadSequenceNumber@IOCPS@@AAEXPAUClientContext@@@Z 10006f90 f i IOCPS.obj
 0001:00005fe0       ?IncreaseSendSequenceNumber@IOCPS@@AAEXPAUClientContext@@@Z 10006fe0 f i IOCPS.obj
 0001:00006030       ?AppendLog@ITIOCP@@UAEXV?$basic_string@DU?$char_traits@D@std@@V?$allocator@D@2@@std@@@Z 10007030 f   MyIOCP.obj
 0001:00006030       ?AppendLog@IOCPS@@MAEXV?$basic_string@DU?$char_traits@D@std@@V?$allocator@D@2@@std@@@Z 10007030 f   IOCPS.obj
 0001:00006050       ?RegisterEvents@IOCPS@@UAEXPAVISocketEvents@@@Z 10007050 f   IOCPS.obj
 0001:00006070       ??E?$_Tree_iterator@V?$_Tree_val@U?$_Tree_simple_types@U?$pair@$$CBGPAX@std@@@std@@@std@@@std@@QAE?AV01@H@Z 10007070 f i IOCPS.obj
 0001:00006070       ??E?$_Tree_iterator@V?$_Tree_val@U?$_Tree_simple_types@U?$pair@$$CBIPAVCIOCPBuffer@@@std@@@std@@@std@@@std@@QAE?AV01@H@Z 10007070 f i IOCPS.obj
 0001:00006070       ??E?$_Tree_iterator@V?$_Tree_val@U?$_Tree_simple_types@U?$pair@$$CBIPAUClientContext@@@std@@@std@@@std@@@std@@QAE?AV01@H@Z 10007070 f i IOCPS.obj
 0001:000060a0       ??D?$_Tree_iterator@V?$_Tree_val@U?$_Tree_simple_types@U?$pair@$$CBIPAVCIOCPBuffer@@@std@@@std@@@std@@@std@@QBEAAU?$pair@$$CBIPAVCIOCPBuffer@@@1@XZ 100070a0 f i IOCPS.obj
 0001:000060a0       ??D?$_Tree_iterator@V?$_Tree_val@U?$_Tree_simple_types@U?$pair@$$CBIPAUClientContext@@@std@@@std@@@std@@@std@@QBEAAU?$pair@$$CBIPAUClientContext@@@1@XZ 100070a0 f i IOCPS.obj
 0001:000060a0       ??D?$_Tree_iterator@V?$_Tree_val@U?$_Tree_simple_types@U?$pair@$$CBGPAX@std@@@std@@@std@@@std@@QBEAAU?$pair@$$CBGPAX@1@XZ 100070a0 f i IOCPS.obj
 0001:000060c0       ??9?$_Tree_const_iterator@V?$_Tree_val@U?$_Tree_simple_types@U?$pair@$$CBIPAVCIOCPBuffer@@@std@@@std@@@std@@@std@@QBE_NABV01@@Z 100070c0 f i IOCPS.obj
 0001:000060c0       ??9?$_List_const_iterator@V?$_List_val@U?$_List_simple_types@PAX@std@@@std@@@std@@QBE_NABV01@@Z 100070c0 f i IOCPS.obj
 0001:000060c0       ??9?$_List_const_iterator@V?$_List_val@U?$_List_simple_types@PAVCIOCPBuffer@@@std@@@std@@@std@@QBE_NABV01@@Z 100070c0 f i IOCPS.obj
 0001:000060c0       ??9?$_Tree_const_iterator@V?$_Tree_val@U?$_Tree_simple_types@U?$pair@$$CBGPAX@std@@@std@@@std@@@std@@QBE_NABV01@@Z 100070c0 f i IOCPS.obj
 0001:000060c0       ??9?$_Tree_const_iterator@V?$_Tree_val@U?$_Tree_simple_types@U?$pair@$$CBIPAUClientContext@@@std@@@std@@@std@@@std@@QBE_NABV01@@Z 100070c0 f i IOCPS.obj
 0001:000060c0       ??9?$_List_const_iterator@V?$_List_val@U?$_List_simple_types@PAUJobItem@@@std@@@std@@@std@@QBE_NABV01@@Z 100070c0 f i IOCPS.obj
 0001:000060c0       ??9?$_List_const_iterator@V?$_List_val@U?$_List_simple_types@PAUClientContext@@@std@@@std@@@std@@QBE_NABV01@@Z 100070c0 f i IOCPS.obj
 0001:00006100       ?find@?$_Tree@V?$_Tmap_traits@IPAVCIOCPBuffer@@U?$less@I@std@@V?$allocator@U?$pair@$$CBIPAVCIOCPBuffer@@@std@@@3@$0A@@std@@@std@@QAE?AV?$_Tree_iterator@V?$_Tree_val@U?$_Tree_simple_types@U?$pair@$$CBIPAVCIOCPBuffer@@@std@@@std@@@std@@@2@ABI@Z 10007100 f i IOCPS.obj
 0001:00006100       ?find@?$_Tree@V?$_Tmap_traits@IPAUClientContext@@U?$less@I@std@@V?$allocator@U?$pair@$$CBIPAUClientContext@@@std@@@3@$0A@@std@@@std@@QAE?AV?$_Tree_iterator@V?$_Tree_val@U?$_Tree_simple_types@U?$pair@$$CBIPAUClientContext@@@std@@@std@@@std@@@2@ABI@Z 10007100 f i IOCPS.obj
 0001:000061a0       ?clear@?$_Tree@V?$_Tmap_traits@IPAVCIOCPBuffer@@U?$less@I@std@@V?$allocator@U?$pair@$$CBIPAVCIOCPBuffer@@@std@@@3@$0A@@std@@@std@@QAEXXZ 100071a0 f i IOCPS.obj
 0001:000061a0       ?clear@?$_Tree@V?$_Tmap_traits@IPAUClientContext@@U?$less@I@std@@V?$allocator@U?$pair@$$CBIPAUClientContext@@@std@@@3@$0A@@std@@@std@@QAEXXZ 100071a0 f i IOCPS.obj
 0001:000061a0       ?clear@?$_Tree@V?$_Tmap_traits@GPAXU?$less@G@std@@V?$allocator@U?$pair@$$CBGPAX@std@@@2@$0A@@std@@@std@@QAEXXZ 100071a0 f i IOCPS.obj
 0001:00006240       ?erase@?$_Tree@V?$_Tmap_traits@IPAUClientContext@@U?$less@I@std@@V?$allocator@U?$pair@$$CBIPAUClientContext@@@std@@@3@$0A@@std@@@std@@QAE?AV?$_Tree_iterator@V?$_Tree_val@U?$_Tree_simple_types@U?$pair@$$CBIPAUClientContext@@@std@@@std@@@std@@@2@V?$_Tree_const_iterator@V?$_Tree_val@U?$_Tree_simple_types@U?$pair@$$CBIPAUClientContext@@@std@@@std@@@std@@@2@@Z 10007240 f i IOCPS.obj
 0001:00006240       ?erase@?$_Tree@V?$_Tmap_traits@GPAXU?$less@G@std@@V?$allocator@U?$pair@$$CBGPAX@std@@@2@$0A@@std@@@std@@QAE?AV?$_Tree_iterator@V?$_Tree_val@U?$_Tree_simple_types@U?$pair@$$CBGPAX@std@@@std@@@std@@@2@V?$_Tree_const_iterator@V?$_Tree_val@U?$_Tree_simple_types@U?$pair@$$CBGPAX@std@@@std@@@std@@@2@@Z 10007240 f i IOCPS.obj
 0001:00006240       ?erase@?$_Tree@V?$_Tmap_traits@IPAVCIOCPBuffer@@U?$less@I@std@@V?$allocator@U?$pair@$$CBIPAVCIOCPBuffer@@@std@@@3@$0A@@std@@@std@@QAE?AV?$_Tree_iterator@V?$_Tree_val@U?$_Tree_simple_types@U?$pair@$$CBIPAVCIOCPBuffer@@@std@@@std@@@std@@@2@V?$_Tree_const_iterator@V?$_Tree_val@U?$_Tree_simple_types@U?$pair@$$CBIPAVCIOCPBuffer@@@std@@@std@@@std@@@2@@Z 10007240 f i IOCPS.obj
 0001:000069c0       ?empty@?$_Tree@V?$_Tmap_traits@IPAUClientContext@@U?$less@I@std@@V?$allocator@U?$pair@$$CBIPAUClientContext@@@std@@@3@$0A@@std@@@std@@QBE_NXZ 100079c0 f i IOCPS.obj
 0001:000069c0       ?empty@?$_Tree@V?$_Tmap_traits@IPAVCIOCPBuffer@@U?$less@I@std@@V?$allocator@U?$pair@$$CBIPAVCIOCPBuffer@@@std@@@3@$0A@@std@@@std@@QBE_NXZ 100079c0 f i IOCPS.obj
 0001:000069f0       ?size@?$_Tree@V?$_Tmap_traits@IPAUClientContext@@U?$less@I@std@@V?$allocator@U?$pair@$$CBIPAUClientContext@@@std@@@3@$0A@@std@@@std@@QBEIXZ 100079f0 f i IOCPS.obj
 0001:000069f0       ?size@?$_Tree@V?$_Tmap_traits@GPAXU?$less@G@std@@V?$allocator@U?$pair@$$CBGPAX@std@@@2@$0A@@std@@@std@@QBEIXZ 100079f0 f i IOCPS.obj
 0001:000069f0       ?size@?$_Tree@V?$_Tmap_traits@IPAVCIOCPBuffer@@U?$less@I@std@@V?$allocator@U?$pair@$$CBIPAVCIOCPBuffer@@@std@@@3@$0A@@std@@@std@@QBEIXZ 100079f0 f i IOCPS.obj
 0001:00006a10       ?end@?$_Tree@V?$_Tmap_traits@IPAUClientContext@@U?$less@I@std@@V?$allocator@U?$pair@$$CBIPAUClientContext@@@std@@@3@$0A@@std@@@std@@QAE?AV?$_Tree_iterator@V?$_Tree_val@U?$_Tree_simple_types@U?$pair@$$CBIPAUClientContext@@@std@@@std@@@std@@@2@XZ 10007a10 f i IOCPS.obj
 0001:00006a10       ?end@?$_Tree@V?$_Tmap_traits@IPAVCIOCPBuffer@@U?$less@I@std@@V?$allocator@U?$pair@$$CBIPAVCIOCPBuffer@@@std@@@3@$0A@@std@@@std@@QAE?AV?$_Tree_iterator@V?$_Tree_val@U?$_Tree_simple_types@U?$pair@$$CBIPAVCIOCPBuffer@@@std@@@std@@@std@@@2@XZ 10007a10 f i IOCPS.obj
 0001:00006a10       ?end@?$_Tree@V?$_Tmap_traits@GPAXU?$less@G@std@@V?$allocator@U?$pair@$$CBGPAX@std@@@2@$0A@@std@@@std@@QAE?AV?$_Tree_iterator@V?$_Tree_val@U?$_Tree_simple_types@U?$pair@$$CBGPAX@std@@@std@@@std@@@2@XZ 10007a10 f i IOCPS.obj
 0001:00006a70       ?begin@?$_Tree@V?$_Tmap_traits@IPAVCIOCPBuffer@@U?$less@I@std@@V?$allocator@U?$pair@$$CBIPAVCIOCPBuffer@@@std@@@3@$0A@@std@@@std@@QAE?AV?$_Tree_iterator@V?$_Tree_val@U?$_Tree_simple_types@U?$pair@$$CBIPAVCIOCPBuffer@@@std@@@std@@@std@@@2@XZ 10007a70 f i IOCPS.obj
 0001:00006a70       ?begin@?$_Tree@V?$_Tmap_traits@IPAUClientContext@@U?$less@I@std@@V?$allocator@U?$pair@$$CBIPAUClientContext@@@std@@@3@$0A@@std@@@std@@QAE?AV?$_Tree_iterator@V?$_Tree_val@U?$_Tree_simple_types@U?$pair@$$CBIPAUClientContext@@@std@@@std@@@std@@@2@XZ 10007a70 f i IOCPS.obj
 0001:00006a70       ?begin@?$_Tree@V?$_Tmap_traits@GPAXU?$less@G@std@@V?$allocator@U?$pair@$$CBGPAX@std@@@2@$0A@@std@@@std@@QAE?AV?$_Tree_iterator@V?$_Tree_val@U?$_Tree_simple_types@U?$pair@$$CBGPAX@std@@@std@@@std@@@2@XZ 10007a70 f i IOCPS.obj
 0001:00006ad0       ??1?$_Tree@V?$_Tmap_traits@IPAUClientContext@@U?$less@I@std@@V?$allocator@U?$pair@$$CBIPAUClientContext@@@std@@@3@$0A@@std@@@std@@QAE@XZ 10007ad0 f i IOCPS.obj
 0001:00006ad0       ??1?$_Tree@V?$_Tmap_traits@GPAXU?$less@G@std@@V?$allocator@U?$pair@$$CBGPAX@std@@@2@$0A@@std@@@std@@QAE@XZ 10007ad0 f i IOCPS.obj
 0001:00006ad0       ??1?$_Tree@V?$_Tmap_traits@IPAVCIOCPBuffer@@U?$less@I@std@@V?$allocator@U?$pair@$$CBIPAVCIOCPBuffer@@@std@@@3@$0A@@std@@@std@@QAE@XZ 10007ad0 f i IOCPS.obj
 0001:00006b20       ??A?$map@GPAXU?$less@G@std@@V?$allocator@U?$pair@$$CBGPAX@std@@@2@@std@@QAEAAPAXABG@Z 10007b20 f i IOCPS.obj
 0001:00006b50       ??0?$map@IPAVCIOCPBuffer@@U?$less@I@std@@V?$allocator@U?$pair@$$CBIPAVCIOCPBuffer@@@std@@@3@@std@@QAE@XZ 10007b50 f i IOCPS.obj
 0001:00006b50       ??0?$map@GPAXU?$less@G@std@@V?$allocator@U?$pair@$$CBGPAX@std@@@2@@std@@QAE@XZ 10007b50 f i IOCPS.obj
 0001:00006b50       ??0?$map@IPAUClientContext@@U?$less@I@std@@V?$allocator@U?$pair@$$CBIPAUClientContext@@@std@@@3@@std@@QAE@XZ 10007b50 f i IOCPS.obj
 0001:00006b70       ??E?$_List_iterator@V?$_List_val@U?$_List_simple_types@PAX@std@@@std@@@std@@QAE?AV01@H@Z 10007b70 f i IOCPS.obj
 0001:00006b70       ??E?$_List_iterator@V?$_List_val@U?$_List_simple_types@PAUClientContext@@@std@@@std@@@std@@QAE?AV01@H@Z 10007b70 f i IOCPS.obj
 0001:00006b70       ??E?$_List_iterator@V?$_List_val@U?$_List_simple_types@PAUJobItem@@@std@@@std@@@std@@QAE?AV01@H@Z 10007b70 f i IOCPS.obj
 0001:00006b70       ??E?$_List_iterator@V?$_List_val@U?$_List_simple_types@PAVCIOCPBuffer@@@std@@@std@@@std@@QAE?AV01@H@Z 10007b70 f i IOCPS.obj
 0001:00006ba0       ??D?$_List_iterator@V?$_List_val@U?$_List_simple_types@PAVCIOCPBuffer@@@std@@@std@@@std@@QBEAAPAVCIOCPBuffer@@XZ 10007ba0 f i IOCPS.obj
 0001:00006ba0       ??D?$_List_iterator@V?$_List_val@U?$_List_simple_types@PAUClientContext@@@std@@@std@@@std@@QBEAAPAUClientContext@@XZ 10007ba0 f i IOCPS.obj
 0001:00006ba0       ??D?$_List_iterator@V?$_List_val@U?$_List_simple_types@PAX@std@@@std@@@std@@QBEAAPAXXZ 10007ba0 f i IOCPS.obj
 0001:00006ba0       ??D?$_List_iterator@V?$_List_val@U?$_List_simple_types@PAUJobItem@@@std@@@std@@@std@@QBEAAPAUJobItem@@XZ 10007ba0 f i IOCPS.obj
 0001:00006bc0       ?clear@?$list@PAUClientContext@@V?$allocator@PAUClientContext@@@std@@@std@@QAEXXZ 10007bc0 f i IOCPS.obj
 0001:00006bc0       ?clear@?$list@PAVCIOCPBuffer@@V?$allocator@PAVCIOCPBuffer@@@std@@@std@@QAEXXZ 10007bc0 f i IOCPS.obj
 0001:00006bc0       ?clear@?$list@PAUJobItem@@V?$allocator@PAUJobItem@@@std@@@std@@QAEXXZ 10007bc0 f i IOCPS.obj
 0001:00006bc0       ?clear@?$list@PAXV?$allocator@PAX@std@@@std@@QAEXXZ 10007bc0 f i IOCPS.obj
 0001:00006ca0       ?pop_back@?$list@PAUJobItem@@V?$allocator@PAUJobItem@@@std@@@std@@QAEXXZ 10007ca0 f i IOCPS.obj
 0001:00006ce0       ?back@?$list@PAUJobItem@@V?$allocator@PAUJobItem@@@std@@@std@@QAEAAPAUJobItem@@XZ 10007ce0 f i IOCPS.obj
 0001:00006d10       ?empty@?$list@PAUClientContext@@V?$allocator@PAUClientContext@@@std@@@std@@QBE_NXZ 10007d10 f i IOCPS.obj
 0001:00006d10       ?empty@?$list@PAVCIOCPBuffer@@V?$allocator@PAVCIOCPBuffer@@@std@@@std@@QBE_NXZ 10007d10 f i IOCPS.obj
 0001:00006d10       ?empty@?$list@PAUJobItem@@V?$allocator@PAUJobItem@@@std@@@std@@QBE_NXZ 10007d10 f i IOCPS.obj
 0001:00006d40       ?end@?$list@PAXV?$allocator@PAX@std@@@std@@QAE?AV?$_List_iterator@V?$_List_val@U?$_List_simple_types@PAX@std@@@std@@@2@XZ 10007d40 f i IOCPS.obj
 0001:00006d40       ?end@?$list@PAVCIOCPBuffer@@V?$allocator@PAVCIOCPBuffer@@@std@@@std@@QAE?AV?$_List_iterator@V?$_List_val@U?$_List_simple_types@PAVCIOCPBuffer@@@std@@@std@@@2@XZ 10007d40 f i IOCPS.obj
[...]
 0002:000022c8       __tryblocktable$?_Buynode0@?$_Tree_comp_alloc@V?$_Tmap_traits@GPAXU?$less@G@std@@V?$allocator@U?$pair@$$CBGPAX@std@@@2@$0A@@std@@@std@@QAEPAU?$_Tree_node@U?$pair@$$CBGPAX@std@@PAX@2@XZ 100112c8     IOCPS.obj
 0002:000022c8       __tryblocktable$?_Buynode0@?$_Tree_comp_alloc@V?$_Tmap_traits@IPAVCIOCPBuffer@@U?$less@I@std@@V?$allocator@U?$pair@$$CBIPAVCIOCPBuffer@@@std@@@3@$0A@@std@@@std@@QAEPAU?$_Tree_node@U?$pair@$$CBIPAVCIOCPBuffer@@@std@@PAX@2@XZ 100112c8     IOCPS.obj
 0002:000022c8       __tryblocktable$?_Buynode0@?$_Tree_comp_alloc@V?$_Tmap_traits@IPAUClientContext@@U?$less@I@std@@V?$allocator@U?$pair@$$CBIPAUClientContext@@@std@@@3@$0A@@std@@@std@@QAEPAU?$_Tree_node@U?$pair@$$CBIPAUClientContext@@@std@@PAX@2@XZ 100112c8     IOCPS.obj
 0002:000022dc       __catchsym$?_Buynode0@?$_Tree_comp_alloc@V?$_Tmap_traits@IPAVCIOCPBuffer@@U?$less@I@std@@V?$allocator@U?$pair@$$CBIPAVCIOCPBuffer@@@std@@@3@$0A@@std@@@std@@QAEPAU?$_Tree_node@U?$pair@$$CBIPAVCIOCPBuffer@@@std@@PAX@2@XZ$2 100112dc     IOCPS.obj
 0002:000022dc       __catchsym$?_Buynode0@?$_Tree_comp_alloc@V?$_Tmap_traits@IPAUClientContext@@U?$less@I@std@@V?$allocator@U?$pair@$$CBIPAUClientContext@@@std@@@3@$0A@@std@@@std@@QAEPAU?$_Tree_node@U?$pair@$$CBIPAUClientContext@@@std@@PAX@2@XZ$2 100112dc     IOCPS.obj
 0002:000022dc       __catchsym$?_Buynode0@?$_Tree_comp_alloc@V?$_Tmap_traits@GPAXU?$less@G@std@@V?$allocator@U?$pair@$$CBGPAX@std@@@2@$0A@@std@@@std@@QAEPAU?$_Tree_node@U?$pair@$$CBGPAX@std@@PAX@2@XZ$2 100112dc     IOCPS.obj
 0002:000022ec       __ehfuncinfo$??$_Buynode@ABUpiecewise_construct_t@std@@V?$tuple@ABG@2@V?$tuple@$$V@2@@?$_Tree_comp_alloc@V?$_Tmap_traits@GPAXU?$less@G@std@@V?$allocator@U?$pair@$$CBGPAX@std@@@2@$0A@@std@@@std@@QAEPAU?$_Tree_node@U?$pair@$$CBGPAX@std@@PAX@1@ABUpiecewise_construct_t@1@$$QAV?$tuple@ABG@1@$$QAV?$tuple@$$V@1@@Z 100112ec     IOCPS.obj
 0002:00002310       __unwindtable$??$_Buynode@ABUpiecewise_construct_t@std@@V?$tuple@ABG@2@V?$tuple@$$V@2@@?$_Tree_comp_alloc@V?$_Tmap_traits@GPAXU?$less@G@std@@V?$allocator@U?$pair@$$CBGPAX@std@@@2@$0A@@std@@@std@@QAEPAU?$_Tree_node@U?$pair@$$CBGPAX@std@@PAX@1@ABUpiecewise_construct_t@1@$$QAV?$tuple@ABG@1@$$QAV?$tuple@$$V@1@@Z 10011310     IOCPS.obj
 0002:00002320       __tryblocktable$??$_Buynode@ABUpiecewise_construct_t@std@@V?$tuple@ABG@2@V?$tuple@$$V@2@@?$_Tree_comp_alloc@V?$_Tmap_traits@GPAXU?$less@G@std@@V?$allocator@U?$pair@$$CBGPAX@std@@@2@$0A@@std@@@std@@QAEPAU?$_Tree_node@U?$pair@$$CBGPAX@std@@PAX@1@ABUpiecewise_construct_t@1@$$QAV?$tuple@ABG@1@$$QAV?$tuple@$$V@1@@Z 10011320     IOCPS.obj
 0002:00002334       __catchsym$??$_Buynode@ABUpiecewise_construct_t@std@@V?$tuple@ABG@2@V?$tuple@$$V@2@@?$_Tree_comp_alloc@V?$_Tmap_traits@GPAXU?$less@G@std@@V?$allocator@U?$pair@$$CBGPAX@std@@@2@$0A@@std@@@std@@QAEPAU?$_Tree_node@U?$pair@$$CBGPAX@std@@PAX@1@ABUpiecewise_construct_t@1@$$QAV?$tuple@ABG@1@$$QAV?$tuple@$$V@1@@Z$2 10011334     IOCPS.obj
 0002:00002344       __ehfuncinfo$??$_Insert_hint@AAU?$pair@$$CBGPAX@std@@PAU?$_Tree_node@U?$pair@$$CBGPAX@std@@PAX@2@@?$_Tree@V?$_Tmap_traits@GPAXU?$less@G@std@@V?$allocator@U?$pair@$$CBGPAX@std@@@2@$0A@@std@@@std@@IAE?AV?$_Tree_iterator@V?$_Tree_val@U?$_Tree_simple_types@U?$pair@$$CBGPAX@std@@@std@@@std@@@1@V?$_Tree_const_iterator@V?$_Tree_val@U?$_Tree_simple_types@U?$pair@$$CBGPAX@std@@@std@@@std@@@1@AAU?$pair@$$CBGPAX@1@PAU?$_Tree_node@U?$pair@$$CBGPAX@std@@PAX@1@@Z 10011344     IOCPS.obj
 0002:00002368       __unwindtable$??$_Insert_hint@AAU?$pair@$$CBGPAX@std@@PAU?$_Tree_node@U?$pair@$$CBGPAX@std@@PAX@2@@?$_Tree@V?$_Tmap_traits@GPAXU?$less@G@std@@V?$allocator@U?$pair@$$CBGPAX@std@@@2@$0A@@std@@@std@@IAE?AV?$_Tree_iterator@V?$_Tree_val@U?$_Tree_simple_types@U?$pair@$$CBGPAX@std@@@std@@@std@@@1@V?$_Tree_const_iterator@V?$_Tree_val@U?$_Tree_simple_types@U?$pair@$$CBGPAX@std@@@std@@@std@@@1@AAU?$pair@$$CBGPAX@1@PAU?$_Tree_node@U?$pair@$$CBGPAX@std@@PAX@1@@Z 10011368     IOCPS.obj
 0002:00002378       __tryblocktable$??$_Insert_hint@AAU?$pair@$$CBGPAX@std@@PAU?$_Tree_node@U?$pair@$$CBGPAX@std@@PAX@2@@?$_Tree@V?$_Tmap_traits@GPAXU?$less@G@std@@V?$allocator@U?$pair@$$CBGPAX@std@@@2@$0A@@std@@@std@@IAE?AV?$_Tree_iterator@V?$_Tree_val@U?$_Tree_simple_types@U?$pair@$$CBGPAX@std@@@std@@@std@@@1@V?$_Tree_const_iterator@V?$_Tree_val@U?$_Tree_simple_types@U?$pair@$$CBGPAX@std@@@std@@@std@@@1@AAU?$pair@$$CBGPAX@1@PAU?$_Tree_node@U?$pair@$$CBGPAX@std@@PAX@1@@Z 10011378     IOCPS.obj
 0002:0000238c       __catchsym$??$_Insert_hint@AAU?$pair@$$CBGPAX@std@@PAU?$_Tree_node@U?$pair@$$CBGPAX@std@@PAX@2@@?$_Tree@V?$_Tmap_traits@GPAXU?$less@G@std@@V?$allocator@U?$pair@$$CBGPAX@std@@@2@$0A@@std@@@std@@IAE?AV?$_Tree_iterator@V?$_Tree_val@U?$_Tree_simple_types@U?$pair@$$CBGPAX@std@@@std@@@std@@@1@V?$_Tree_const_iterator@V?$_Tree_val@U?$_Tree_simple_types@U?$pair@$$CBGPAX@std@@@std@@@std@@@1@AAU?$pair@$$CBGPAX@1@PAU?$_Tree_node@U?$pair@$$CBGPAX@std@@PAX@1@@Z$2 1001138c     IOCPS.obj
 0002:0000239c       __ehfuncinfo$??$_Buynode@ABUpiecewise_construct_t@std@@V?$tuple@ABI@2@V?$tuple@$$V@2@@?$_Tree_comp_alloc@V?$_Tmap_traits@IPAUClientContext@@U?$less@I@std@@V?$allocator@U?$pair@$$CBIPAUClientContext@@@std@@@3@$0A@@std@@@std@@QAEPAU?$_Tree_node@U?$pair@$$CBIPAUClientContext@@@std@@PAX@1@ABUpiecewise_construct_t@1@$$QAV?$tuple@ABI@1@$$QAV?$tuple@$$V@1@@Z 1001139c     IOCPS.obj
 0002:0000239c       __ehfuncinfo$??$_Buynode@ABUpiecewise_construct_t@std@@V?$tuple@ABI@2@V?$tuple@$$V@2@@?$_Tree_comp_alloc@V?$_Tmap_traits@IPAVCIOCPBuffer@@U?$less@I@std@@V?$allocator@U?$pair@$$CBIPAVCIOCPBuffer@@@std@@@3@$0A@@std@@@std@@QAEPAU?$_Tree_node@U?$pair@$$CBIPAVCIOCPBuffer@@@std@@PAX@1@ABUpiecewise_construct_t@1@$$QAV?$tuple@ABI@1@$$QAV?$tuple@$$V@1@@Z 1001139c     IOCPS.obj
 0002:000023c0       __unwindtable$??$_Buynode@ABUpiecewise_construct_t@std@@V?$tuple@ABI@2@V?$tuple@$$V@2@@?$_Tree_comp_alloc@V?$_Tmap_traits@IPAUClientContext@@U?$less@I@std@@V?$allocator@U?$pair@$$CBIPAUClientContext@@@std@@@3@$0A@@std@@@std@@QAEPAU?$_Tree_node@U?$pair@$$CBIPAUClientContext@@@std@@PAX@1@ABUpiecewise_construct_t@1@$$QAV?$tuple@ABI@1@$$QAV?$tuple@$$V@1@@Z 100113c0     IOCPS.obj
 0002:000023c0       __unwindtable$??$_Buynode@ABUpiecewise_construct_t@std@@V?$tuple@ABI@2@V?$tuple@$$V@2@@?$_Tree_comp_alloc@V?$_Tmap_traits@IPAVCIOCPBuffer@@U?$less@I@std@@V?$allocator@U?$pair@$$CBIPAVCIOCPBuffer@@@std@@@3@$0A@@std@@@std@@QAEPAU?$_Tree_node@U?$pair@$$CBIPAVCIOCPBuffer@@@std@@PAX@1@ABUpiecewise_construct_t@1@$$QAV?$tuple@ABI@1@$$QAV?$tuple@$$V@1@@Z 100113c0     IOCPS.obj
 0002:000023d0       __tryblocktable$??$_Buynode@ABUpiecewise_construct_t@std@@V?$tuple@ABI@2@V?$tuple@$$V@2@@?$_Tree_comp_alloc@V?$_Tmap_traits@IPAUClientContext@@U?$less@I@std@@V?$allocator@U?$pair@$$CBIPAUClientContext@@@std@@@3@$0A@@std@@@std@@QAEPAU?$_Tree_node@U?$pair@$$CBIPAUClientContext@@@std@@PAX@1@ABUpiecewise_construct_t@1@$$QAV?$tuple@ABI@1@$$QAV?$tuple@$$V@1@@Z 100113d0     IOCPS.obj
 0002:000023d0       __tryblocktable$??$_Buynode@ABUpiecewise_construct_t@std@@V?$tuple@ABI@2@V?$tuple@$$V@2@@?$_Tree_comp_alloc@V?$_Tmap_traits@IPAVCIOCPBuffer@@U?$less@I@std@@V?$allocator@U?$pair@$$CBIPAVCIOCPBuffer@@@std@@@3@$0A@@std@@@std@@QAEPAU?$_Tree_node@U?$pair@$$CBIPAVCIOCPBuffer@@@std@@PAX@1@ABUpiecewise_construct_t@1@$$QAV?$tuple@ABI@1@$$QAV?$tuple@$$V@1@@Z 100113d0     IOCPS.obj
 0002:000023e4       __catchsym$??$_Buynode@ABUpiecewise_construct_t@std@@V?$tuple@ABI@2@V?$tuple@$$V@2@@?$_Tree_comp_alloc@V?$_Tmap_traits@IPAUClientContext@@U?$less@I@std@@V?$allocator@U?$pair@$$CBIPAUClientContext@@@std@@@3@$0A@@std@@@std@@QAEPAU?$_Tree_node@U?$pair@$$CBIPAUClientContext@@@std@@PAX@1@ABUpiecewise_construct_t@1@$$QAV?$tuple@ABI@1@$$QAV?$tuple@$$V@1@@Z$2 100113e4     IOCPS.obj
 0002:000023e4       __catchsym$??$_Buynode@ABUpiecewise_construct_t@std@@V?$tuple@ABI@2@V?$tuple@$$V@2@@?$_Tree_comp_alloc@V?$_Tmap_traits@IPAVCIOCPBuffer@@U?$less@I@std@@V?$allocator@U?$pair@$$CBIPAVCIOCPBuffer@@@std@@@3@$0A@@std@@@std@@QAEPAU?$_Tree_node@U?$pair@$$CBIPAVCIOCPBuffer@@@std@@PAX@1@ABUpiecewise_construct_t@1@$$QAV?$tuple@ABI@1@$$QAV?$tuple@$$V@1@@Z$2 100113e4     IOCPS.obj
 0002:000023f4       __ehfuncinfo$??$_Insert_hint@AAU?$pair@$$CBIPAVCIOCPBuffer@@@std@@PAU?$_Tree_node@U?$pair@$$CBIPAVCIOCPBuffer@@@std@@PAX@2@@?$_Tree@V?$_Tmap_traits@IPAVCIOCPBuffer@@U?$less@I@std@@V?$allocator@U?$pair@$$CBIPAVCIOCPBuffer@@@std@@@3@$0A@@std@@@std@@IAE?AV?$_Tree_iterator@V?$_Tree_val@U?$_Tree_simple_types@U?$pair@$$CBIPAVCIOCPBuffer@@@std@@@std@@@std@@@1@V?$_Tree_const_iterator@V?$_Tree_val@U?$_Tree_simple_types@U?$pair@$$CBIPAVCIOCPBuffer@@@std@@@std@@@std@@@1@AAU?$pair@$$CBIPAVCIOCPBuffer@@@1@PAU?$_Tree_node@U?$pair@$$CBIPAVCIOCPBuffer@@@std@@PAX@1@@Z 100113f4     IOCPS.obj
 0002:000023f4       __ehfuncinfo$??$_Insert_hint@AAU?$pair@$$CBIPAUClientContext@@@std@@PAU?$_Tree_node@U?$pair@$$CBIPAUClientContext@@@std@@PAX@2@@?$_Tree@V?$_Tmap_traits@IPAUClientContext@@U?$less@I@std@@V?$allocator@U?$pair@$$CBIPAUClientContext@@@std@@@3@$0A@@std@@@std@@IAE?AV?$_Tree_iterator@V?$_Tree_val@U?$_Tree_simple_types@U?$pair@$$CBIPAUClientContext@@@std@@@std@@@std@@@1@V?$_Tree_const_iterator@V?$_Tree_val@U?$_Tree_simple_types@U?$pair@$$CBIPAUClientContext@@@std@@@std@@@std@@@1@AAU?$pair@$$CBIPAUClientContext@@@1@PAU?$_Tree_node@U?$pair@$$CBIPAUClientContext@@@std@@PAX@1@@Z 100113f4     IOCPS.obj
 0002:00002418       __unwindtable$??$_Insert_hint@AAU?$pair@$$CBIPAUClientContext@@@std@@PAU?$_Tree_node@U?$pair@$$CBIPAUClientContext@@@std@@PAX@2@@?$_Tree@V?$_Tmap_traits@IPAUClientContext@@U?$less@I@std@@V?$allocator@U?$pair@$$CBIPAUClientContext@@@std@@@3@$0A@@std@@@std@@IAE?AV?$_Tree_iterator@V?$_Tree_val@U?$_Tree_simple_types@U?$pair@$$CBIPAUClientContext@@@std@@@std@@@std@@@1@V?$_Tree_const_iterator@V?$_Tree_val@U?$_Tree_simple_types@U?$pair@$$CBIPAUClientContext@@@std@@@std@@@std@@@1@AAU?$pair@$$CBIPAUClientContext@@@1@PAU?$_Tree_node@U?$pair@$$CBIPAUClientContext@@@std@@PAX@1@@Z 10011418     IOCPS.obj
 0002:00002418       __unwindtable$??$_Insert_hint@AAU?$pair@$$CBIPAVCIOCPBuffer@@@std@@PAU?$_Tree_node@U?$pair@$$CBIPAVCIOCPBuffer@@@std@@PAX@2@@?$_Tree@V?$_Tmap_traits@IPAVCIOCPBuffer@@U?$less@I@std@@V?$allocator@U?$pair@$$CBIPAVCIOCPBuffer@@@std@@@3@$0A@@std@@@std@@IAE?AV?$_Tree_iterator@V?$_Tree_val@U?$_Tree_simple_types@U?$pair@$$CBIPAVCIOCPBuffer@@@std@@@std@@@std@@@1@V?$_Tree_const_iterator@V?$_Tree_val@U?$_Tree_simple_types@U?$pair@$$CBIPAVCIOCPBuffer@@@std@@@std@@@std@@@1@AAU?$pair@$$CBIPAVCIOCPBuffer@@@1@PAU?$_Tree_node@U?$pair@$$CBIPAVCIOCPBuffer@@@std@@PAX@1@@Z 10011418     IOCPS.obj
 0002:00002428       __tryblocktable$??$_Insert_hint@AAU?$pair@$$CBIPAVCIOCPBuffer@@@std@@PAU?$_Tree_node@U?$pair@$$CBIPAVCIOCPBuffer@@@std@@PAX@2@@?$_Tree@V?$_Tmap_traits@IPAVCIOCPBuffer@@U?$less@I@std@@V?$allocator@U?$pair@$$CBIPAVCIOCPBuffer@@@std@@@3@$0A@@std@@@std@@IAE?AV?$_Tree_iterator@V?$_Tree_val@U?$_Tree_simple_types@U?$pair@$$CBIPAVCIOCPBuffer@@@std@@@std@@@std@@@1@V?$_Tree_const_iterator@V?$_Tree_val@U?$_Tree_simple_types@U?$pair@$$CBIPAVCIOCPBuffer@@@std@@@std@@@std@@@1@AAU?$pair@$$CBIPAVCIOCPBuffer@@@1@PAU?$_Tree_node@U?$pair@$$CBIPAVCIOCPBuffer@@@std@@PAX@1@@Z 10011428     IOCPS.obj
 0002:00002428       __tryblocktable$??$_Insert_hint@AAU?$pair@$$CBIPAUClientContext@@@std@@PAU?$_Tree_node@U?$pair@$$CBIPAUClientContext@@@std@@PAX@2@@?$_Tree@V?$_Tmap_traits@IPAUClientContext@@U?$less@I@std@@V?$allocator@U?$pair@$$CBIPAUClientContext@@@std@@@3@$0A@@std@@@std@@IAE?AV?$_Tree_iterator@V?$_Tree_val@U?$_Tree_simple_types@U?$pair@$$CBIPAUClientContext@@@std@@@std@@@std@@@1@V?$_Tree_const_iterator@V?$_Tree_val@U?$_Tree_simple_types@U?$pair@$$CBIPAUClientContext@@@std@@@std@@@std@@@1@AAU?$pair@$$CBIPAUClientContext@@@1@PAU?$_Tree_node@U?$pair@$$CBIPAUClientContext@@@std@@PAX@1@@Z 10011428     IOCPS.obj
 0002:0000243c       __catchsym$??$_Insert_hint@AAU?$pair@$$CBIPAUClientContext@@@std@@PAU?$_Tree_node@U?$pair@$$CBIPAUClientContext@@@std@@PAX@2@@?$_Tree@V?$_Tmap_traits@IPAUClientContext@@U?$less@I@std@@V?$allocator@U?$pair@$$CBIPAUClientContext@@@std@@@3@$0A@@std@@@std@@IAE?AV?$_Tree_iterator@V?$_Tree_val@U?$_Tree_simple_types@U?$pair@$$CBIPAUClientContext@@@std@@@std@@@std@@@1@V?$_Tree_const_iterator@V?$_Tree_val@U?$_Tree_simple_types@U?$pair@$$CBIPAUClientContext@@@std@@@std@@@std@@@1@AAU?$pair@$$CBIPAUClientContext@@@1@PAU?$_Tree_node@U?$pair@$$CBIPAUClientContext@@@std@@PAX@1@@Z$2 1001143c     IOCPS.obj
 0002:0000243c       __catchsym$??$_Insert_hint@AAU?$pair@$$CBIPAVCIOCPBuffer@@@std@@PAU?$_Tree_node@U?$pair@$$CBIPAVCIOCPBuffer@@@std@@PAX@2@@?$_Tree@V?$_Tmap_traits@IPAVCIOCPBuffer@@U?$less@I@std@@V?$allocator@U?$pair@$$CBIPAVCIOCPBuffer@@@std@@@3@$0A@@std@@@std@@IAE?AV?$_Tree_iterator@V?$_Tree_val@U?$_Tree_simple_types@U?$pair@$$CBIPAVCIOCPBuffer@@@std@@@std@@@std@@@1@V?$_Tree_const_iterator@V?$_Tree_val@U?$_Tree_simple_types@U?$pair@$$CBIPAVCIOCPBuffer@@@std@@@std@@@std@@@1@AAU?$pair@$$CBIPAVCIOCPBuffer@@@1@PAU?$_Tree_node@U?$pair@$$CBIPAVCIOCPBuffer@@@std@@PAX@1@@Z$2 1001143c     IOCPS.obj
 0002:0000244c       __ehfuncinfo$??$construct@U?$pair@$$CBIPAVCIOCPBuffer@@@std@@ABUpiecewise_construct_t@2@V?$tuple@ABI@2@V?$tuple@$$V@2@@?$allocator@U?$_Tree_node@U?$pair@$$CBIPAVCIOCPBuffer@@@std@@PAX@std@@@std@@QAEXPAU?$pair@$$CBIPAVCIOCPBuffer@@@1@ABUpiecewise_construct_t@1@$$QAV?$tuple@ABI@1@$$QAV?$tuple@$$V@1@@Z 1001144c     IOCPS.obj
 0002:0000244c       __ehfuncinfo$??$construct@U?$pair@$$CBGPAX@std@@ABUpiecewise_construct_t@2@V?$tuple@ABG@2@V?$tuple@$$V@2@@?$allocator@U?$_Tree_node@U?$pair@$$CBGPAX@std@@PAX@std@@@std@@QAEXPAU?$pair@$$CBGPAX@1@ABUpiecewise_construct_t@1@$$QAV?$tuple@ABG@1@$$QAV?$tuple@$$V@1@@Z 1001144c     IOCPS.obj
 0002:0000244c       __ehfuncinfo$??$construct@U?$pair@$$CBIPAUClientContext@@@std@@ABUpiecewise_construct_t@2@V?$tuple@ABI@2@V?$tuple@$$V@2@@?$allocator@U?$_Tree_node@U?$pair@$$CBIPAUClientContext@@@std@@PAX@std@@@std@@QAEXPAU?$pair@$$CBIPAUClientContext@@@1@ABUpiecewise_construct_t@1@$$QAV?$tuple@ABI@1@$$QAV?$tuple@$$V@1@@Z 1001144c     IOCPS.obj
 0002:00002470       __unwindtable$??$construct@U?$pair@$$CBIPAVCIOCPBuffer@@@std@@ABUpiecewise_construct_t@2@V?$tuple@ABI@2@V?$tuple@$$V@2@@?$allocator@U?$_Tree_node@U?$pair@$$CBIPAVCIOCPBuffer@@@std@@PAX@std@@@std@@QAEXPAU?$pair@$$CBIPAVCIOCPBuffer@@@1@ABUpiecewise_construct_t@1@$$QAV?$tuple@ABI@1@$$QAV?$tuple@$$V@1@@Z 10011470     IOCPS.obj
 0002:00002470       __unwindtable$??$construct@U?$pair@$$CBIPAUClientContext@@@std@@ABUpiecewise_construct_t@2@V?$tuple@ABI@2@V?$tuple@$$V@2@@?$allocator@U?$_Tree_node@U?$pair@$$CBIPAUClientContext@@@std@@PAX@std@@@std@@QAEXPAU?$pair@$$CBIPAUClientContext@@@1@ABUpiecewise_construct_t@1@$$QAV?$tuple@ABI@1@$$QAV?$tuple@$$V@1@@Z 10011470     IOCPS.obj
 0002:00002470       __unwindtable$??$construct@U?$pair@$$CBGPAX@std@@ABUpiecewise_construct_t@2@V?$tuple@ABG@2@V?$tuple@$$V@2@@?$allocator@U?$_Tree_node@U?$pair@$$CBGPAX@std@@PAX@std@@@std@@QAEXPAU?$pair@$$CBGPAX@1@ABUpiecewise_construct_t@1@$$QAV?$tuple@ABG@1@$$QAV?$tuple@$$V@1@@Z 10011470     IOCPS.obj
 0002:00002478       __ehfuncinfo$??0ITIOCP@@QAE@XZ 10011478     MyIOCP.obj
 0002:0000249c       __unwindtable$??0ITIOCP@@QAE@XZ 1001149c     MyIOCP.obj
 0002:000024b4       __ehfuncinfo$?BuildPackageAndSend@ITIOCP@@QAEHPAUClientContext@@V?$basic_string@DU?$char_traits@D@std@@V?$allocator@D@2@@std@@@Z 100114b4     MyIOCP.obj
 0002:000024d8       __unwindtable$?BuildPackageAndSend@ITIOCP@@QAEHPAUClientContext@@V?$basic_string@DU?$char_traits@D@std@@V?$allocator@D@2@@std@@@Z 100114d8     MyIOCP.obj
 0002:000024e0       __ehfuncinfo$?CreateServerSocket@@YGPAVSocket@@XZ 100114e0     MyIOCP.obj
 0002:00002504       __unwindtable$?CreateServerSocket@@YGPAVSocket@@XZ 10011504     MyIOCP.obj
 0002:0000250c       __ehfuncinfo$?CreateClientSocket@@YGPAVSocket@@XZ 1001150c     MyIOCP.obj
 0002:00002530       __unwindtable$?CreateClientSocket@@YGPAVSocket@@XZ 10011530     MyIOCP.obj
 0002:00002538       __ehfuncinfo$??0?$basic_string@DU?$char_traits@D@std@@V?$allocator@D@2@@std@@QAE@ABV01@@Z 10011538     MyIOCP.obj
 0002:0000255c       __unwindtable$??0?$basic_string@DU?$char_traits@D@std@@V?$allocator@D@2@@std@@QAE@ABV01@@Z 1001155c     MyIOCP.obj
 0002:00002568       __sehtable$?dllmain_crt_process_attach@@YAHQAUHINSTANCE__@@QAX@Z 10011568     MSVCRT:dll_dllmain.obj
 0002:00002588       __sehtable$?dllmain_crt_process_detach@@YAH_N@Z 10011588     MSVCRT:dll_dllmain.obj
 0002:000025a8       __sehtable$?dllmain_dispatch@@YAHQAUHINSTANCE__@@KQAX@Z 100115a8     MSVCRT:dll_dllmain.obj
 0002:00002658       __sehtable$___scrt_is_nonwritable_in_current_image 10011658     MSVCRT:utility.obj
 0002:00002680       .edata                     10011680     Socket.exp
 0002:000026a8       rgpv                       100116a8     Socket.exp
 0002:000026b8       rgszName                   100116b8     Socket.exp
 0002:000026c8       rgwOrd                     100116c8     Socket.exp
 0002:000026d0       szName                     100116d0     Socket.exp
 0002:000026db       $N00001                    100116db     Socket.exp
 0002:00002700       $N00002                    10011700     Socket.exp
 0002:00002725       $N00003                    10011725     Socket.exp
 0002:0000274c       $N00004                    1001174c     Socket.exp
 0002:00002a0e       .idata$6                   10011a0e     ws2_32:WS2_32.dll
 0002:00002a38       .idata$6                   10011a38     xlogger:xLogger.dll
 0002:00002b92       .idata$6                   10011b92     kernel32:KERNEL32.dll
 0002:00002bfa       .idata$6                   10011bfa     msvcprt:MSVCP140.dll
 0002:00002caa       .idata$6                   10011caa     vcruntime:VCRUNTIME140.dll
 0002:00002de2       .idata$6                   10011de2     ucrt:api-ms-win-crt-runtime-l1-1-0.dll
 0002:00002e04       .idata$6                   10011e04     ucrt:api-ms-win-crt-heap-l1-1-0.dll
 0003:000000f8       ?__proc_attached@@3HA      100120f8     MSVCRT:dll_dllmain.obj
 0003:00000100       _GS_ExceptionRecord        10012100     MSVCRT:gs_report.obj
 0003:00000150       _GS_ContextRecord          10012150     MSVCRT:gs_report.obj
 0003:00000424       ?module_local_atexit_table@@3U_onexit_table_t@@A 10012424     MSVCRT:utility.obj
 0003:00000430       ?module_local_at_quick_exit_table@@3U_onexit_table_t@@A 10012430     MSVCRT:utility.obj
 0003:0000043c       ?is_initialized_as_dll@@3_NA 1001243c     MSVCRT:utility.obj
 0004:00000000       __guard_fids__             10013000     MSVCRT:std_type_info_static.obj
 0004:00000004       __guard_fids_?dllmain_crt_process_attach@@YAHQAUHINSTANCE__@@QAX@Z 10013004     MSVCRT:dll_dllmain.obj
 0004:0000000c       __guard_fids_?dllmain_dispatch@@YAHQAUHINSTANCE__@@KQAX@Z 1001300c     MSVCRT:dll_dllmain.obj
 0004:00000010       __guard_fids__             10013010     MSVCRT:throw_bad_alloc.obj
 0004:00000018       __guard_fids__             10013018     MSVCRT:throw_bad_alloc.obj
 0004:00000020       __guard_fids__             10013020     MSVCRT:throw_bad_alloc.obj
 0004:00000028       __guard_fids__             10013028     MSVCRT:throw_bad_alloc.obj
 0004:0000002c       __guard_fids__             1001302c     MSVCRT:throw_bad_alloc.obj
 0004:00000030       __guard_fids__             10013030     MSVCRT:throw_bad_alloc.obj
 0004:00000034       __guard_fids__             10013034     MSVCRT:throw_bad_alloc.obj
 0004:00000038       __guard_fids__             10013038     MSVCRT:throw_bad_alloc.obj
 0004:0000003c       __guard_fids___except_handler4 1001303c     MSVCRT:_chandler4gs_.obj
 0004:00000040       __guard_fids__             10013040     MSVCRT:guard_support.obj
 0005:000000a0       $R000000                   100140a0     Socket1.res
 0005:000003c0       $R000320                   100143c0     Socket1.res
