 ProtocolLib

 Timestamp is 595de3c8 (Thu Jul  6 12:46:24 2017)

 Preferred load address is 10000000

 Start         Length     Name                   Class
 0001:00000000 00000020H .text$di                CODE
 0001:00000020 000266d0H .text$mn                CODE
 0001:000266f0 00002810H .text$x                 CODE
 0001:00028f00 0000000aH .text$yd                CODE
 0002:00000000 00000280H .idata$5                DATA
 0002:00000280 00000004H .00cfg                  DATA
 0002:00000284 00000004H .CRT$XCA                DATA
 0002:00000288 00000004H .CRT$XCL                DATA
 0002:0000028c 00000000H .CRT$XCU                DATA
 0002:0000028c 00000004H .CRT$XCZ                DATA
 0002:00000290 00000004H .CRT$XIA                DATA
 0002:00000294 00000004H .CRT$XIC                DATA
 0002:00000298 00000004H .CRT$XIZ                DATA
 0002:0000029c 00000004H .CRT$XLA                DATA
 0002:000002a0 00000004H .CRT$XLZ                DATA
 0002:000002a4 00000004H .CRT$XPA                DATA
 0002:000002a8 00000004H .CRT$XPZ                DATA
 0002:000002ac 00000004H .CRT$XTA                DATA
 0002:000002b0 00000010H .CRT$XTZ                DATA
 0002:000002c0 0000458cH .rdata                  DATA
 0002:0000484c 00000018H .rdata$T                DATA
 0002:00004864 0000076cH .rdata$r                DATA
 0002:00004fd0 000000d4H .rdata$sxdata           DATA
 0002:000050a4 0000038cH .rdata$zzzdbg           DATA
 0002:00005430 00000004H .rtc$IAA                DATA
 0002:00005434 00000004H .rtc$IZZ                DATA
 0002:00005438 00000004H .rtc$TAA                DATA
 0002:0000543c 00000004H .rtc$TZZ                DATA
 0002:00005440 00002690H .xdata$x                DATA
 0002:00007ac8 00000000H ATL$__a                 DATA
 0002:00007ac8 00000000H ATL$__z                 DATA
 0002:00007ad0 00000124H .edata                  DATA
 0002:00007bf4 00000118H .idata$2                DATA
 0002:00007d0c 00000014H .idata$3                DATA
 0002:00007d20 00000280H .idata$4                DATA
 0002:00007fa0 0000170cH .idata$6                DATA
 0003:00000000 00000038H .data                   DATA
 0003:00000038 00000408H .data$r                 DATA
 0003:00000440 000003e4H .bss                    DATA
 0004:00000000 00000004H .tls                    DATA
 0004:00000004 00000004H .tls$                   DATA
 0004:00000008 00000001H .tls$ZZZ                DATA
 0005:00000000 00000048H .gfids$y                DATA
 0006:00000000 000000a0H .rsrc$01                DATA
 0006:000000a0 000004a8H .rsrc$02                DATA

  Address         Publics by Value              Rva+Base       Lib:Object

 0000:00000000       ___guard_fids_count        00000000     <absolute>
 0000:00000000       ___guard_iat_count         00000000     <absolute>
 0000:00000000       ___guard_iat_table         00000000     <absolute>
 0000:00000000       ___guard_longjmp_table     00000000     <absolute>
 0000:00000000       ___guard_longjmp_count     00000000     <absolute>
 0000:00000000       ___dynamic_value_reloc_table 00000000     <absolute>
 0000:00000000       ___guard_fids_table        00000000     <absolute>
 0000:0000002c       __tls_array                0000002c     <absolute>
 0000:00000035       ___safe_se_handler_count   00000035     <absolute>
 0000:00000100       ___guard_flags             00000100     <absolute>
 0000:00000000       ___ImageBase               10000000     <linker-defined>
 0001:00000020       _HRESULT_FROM_WIN32        10001020 f i ClientProtocolImpl.obj
 0001:00000060       ??0exception@std@@QAE@QBD@Z 10001060 f i ClientProtocolImpl.obj
 0001:000000b0       ??0exception@std@@QAE@ABV01@@Z 100010b0 f i ClientProtocolImpl.obj
 0001:000000f0       ??1exception@std@@UAE@XZ   100010f0 f i ClientProtocolImpl.obj
 0001:00000120       ?what@exception@std@@UBEPBDXZ 10001120 f i ClientProtocolImpl.obj
 0001:00000150       ??_Gexception@std@@UAEPAXI@Z 10001150 f i ClientProtocolImpl.obj
 0001:00000150       ??_Eexception@std@@UAEPAXI@Z 10001150 f i * CIL library *:* CIL module *
 0001:00000180       ??2@YAPAXIPAX@Z            10001180 f i ClientProtocolImpl.obj
 0001:00000190       ?length@?$char_traits@D@std@@SAIPBD@Z 10001190 f i ClientProtocolImpl.obj
 0001:000001e0       ?copy@?$char_traits@D@std@@SAPADPADPBDI@Z 100011e0 f i ClientProtocolImpl.obj
 0001:00000210       ?move@?$char_traits@D@std@@SAPADPADPBDI@Z 10001210 f i ClientProtocolImpl.obj
 0001:00000250       ?assign@?$char_traits@D@std@@SAXAADABD@Z 10001250 f i ClientProtocolImpl.obj
 0001:00000260       ?_Allocate@std@@YAPAXII_N@Z 10001260 f i ClientProtocolImpl.obj
 0001:00000320       ?_Deallocate@std@@YAXPAXII@Z 10001320 f i ClientProtocolImpl.obj
 0001:000003c0       ??1IClientProtocol@@UAE@XZ 100013c0 f i ClientProtocolImpl.obj
 0001:000003e0       ??_EIClientProtocol@@UAEPAXI@Z 100013e0 f i * CIL library *:* CIL module *
 0001:000003e0       ??_GIClientProtocol@@UAEPAXI@Z 100013e0 f i ClientProtocolImpl.obj
 0001:00000410       ?_AtlInitializeCriticalSectionEx@ATL@@YAHPAU_RTL_CRITICAL_SECTION@@KK@Z 10001410 f i ClientProtocolImpl.obj
 0001:00000430       ?Init@CComCriticalSection@ATL@@QAEJXZ 10001430 f i ClientProtocolImpl.obj
 0001:00000470       ??0CTimeSpan@ATL@@QAE@_J@Z 10001470 f i ClientProtocolImpl.obj
 0001:00000470       ??0CTime@ATL@@QAE@_J@Z     10001470 f i ClientProtocolImpl.obj
 0001:00000490       ?GetTotalSeconds@CTimeSpan@ATL@@QBE_JXZ 10001490 f i ClientProtocolImpl.obj
 0001:000004b0       ?GetTickCount@CTime@ATL@@SG?AV12@XZ 100014b0 f i ClientProtocolImpl.obj
 0001:000004d0       ??0CTime@ATL@@QAE@XZ       100014d0 f i ClientProtocolImpl.obj
 0001:000004f0       ??GCTime@ATL@@QBE?AVCTimeSpan@1@V01@@Z 100014f0 f i ClientProtocolImpl.obj
 0001:000009a0       ??0ClientProtocol@@QAE@XZ  100019a0 f   ClientProtocolImpl.obj
 0001:00000b00       ??_EClientProtocol@@UAEPAXI@Z 10001b00 f i * CIL library *:* CIL module *
 0001:00000b00       ??_GClientProtocol@@UAEPAXI@Z 10001b00 f i ClientProtocolImpl.obj
 0001:00000b40       ??0IClientProtocol@@QAE@XZ 10001b40 f i ClientProtocolImpl.obj
 0001:00000b60       ??0ISocketEvents@@QAE@XZ   10001b60 f i ClientProtocolImpl.obj
 0001:00000b80       ??1ClientProtocol@@UAE@XZ  10001b80 f   ClientProtocolImpl.obj
 0001:00000c10       ?Connect@ClientProtocol@@UAE_NPADGI@Z 10001c10 f   ClientProtocolImpl.obj
 0001:00000d40       ?Send@ClientProtocol@@UAE_NIPAXI@Z 10001d40 f   ClientProtocolImpl.obj
 0001:00000dd0       ?HeartbeatToBeSent@ClientProtocol@@UAEHXZ 10001dd0 f   ClientProtocolImpl.obj
 0001:00000e40       ?RegisterClient@ClientProtocol@@UAEXPAVIClientProtocolEvents@@@Z 10001e40 f   ClientProtocolImpl.obj
 0001:00000e40       ?RegisterServerEvents@ServerProtocol@@UAEXPAVIServerProtocolEvents@@@Z 10001e40 f   ServerProtocolImpl.obj
 0001:00000e60       ?Disconnect@ClientProtocol@@UAE_NXZ 10001e60 f   ClientProtocolImpl.obj
 0001:00000eb0       ?OnConnect@ClientProtocol@@UAEXI_NPADG@Z 10001eb0 f   ClientProtocolImpl.obj
 0001:00000f30       ?OnReceive@ClientProtocol@@UAEXIPADI@Z 10001f30 f   ClientProtocolImpl.obj
 0001:00000f60       ?OnSend@ClientProtocol@@UAEXIIW4SocketError@@@Z 10001f60 f   ClientProtocolImpl.obj
 0001:00000fb0       ?CreateClientProtocol@@YGPAVIClientProtocol@@XZ 10001fb0 f   ClientProtocolImpl.obj
 0001:00001020       ?ReleaseClientProtocol@@YGXPAVIClientProtocol@@@Z 10002020 f   ClientProtocolImpl.obj
 0001:00001060       ?IsShutdown@ClientProtocol@@UAE_NXZ 10002060 f   ClientProtocolImpl.obj
 0001:00001080       ?CheckConnectionStatus@ClientProtocol@@UAE_NXZ 10002080 f   ClientProtocolImpl.obj
 0001:000010c0       ?Connect@ClientProtocol@@UAE_NXZ 100020c0 f   ClientProtocolImpl.obj
 0001:00001100       ?GetConnectionStatus@ClientProtocol@@UAEHXZ 10002100 f   ClientProtocolImpl.obj
 0001:00001100       ?GetClientSessionManager@ServerProtocol@@UAEPAVIClientSessionMgr@@XZ 10002100 f   ServerProtocolImpl.obj
 0001:00001120       ?ConnectionMonitor@ClientProtocol@@SAKPAX@Z 10002120 f   ClientProtocolImpl.obj
 0001:000011a0       ??1?$basic_string@DU?$char_traits@D@std@@V?$allocator@D@2@@std@@QAE@XZ 100021a0 f i ClientProtocolImpl.obj
 0001:000011f0       ??0?$basic_string@DU?$char_traits@D@std@@V?$allocator@D@2@@std@@QAE@PBD@Z 100021f0 f i ClientProtocolImpl.obj
 0001:00001260       ??1?$_String_alloc@U?$_String_base_types@_WV?$allocator@_W@std@@@std@@@std@@QAE@XZ 10002260 f i JSONHandler.obj
 0001:00001260       ??1?$_String_alloc@U?$_String_base_types@DV?$allocator@D@std@@@std@@@std@@QAE@XZ 10002260 f i ClientProtocolImpl.obj
 0001:00001280       ??1?$_Compressed_pair@U?$_Wrap_alloc@V?$allocator@D@std@@@std@@V?$_String_val@U?$_Simple_types@D@std@@@2@$00@std@@QAE@XZ 10002280 f i ClientProtocolImpl.obj
 0001:00001280       ??1?$_Compressed_pair@U?$_Wrap_alloc@V?$allocator@_W@std@@@std@@V?$_String_val@U?$_Simple_types@_W@std@@@2@$00@std@@QAE@XZ 10002280 f i JSONHandler.obj
 0001:000012a0       ??1?$_String_val@U?$_Simple_types@_W@std@@@std@@QAE@XZ 100022a0 f i JSONHandler.obj
 0001:000012a0       ??1?$_String_val@U?$_Simple_types@D@std@@@std@@QAE@XZ 100022a0 f i ClientProtocolImpl.obj
 0001:000012c0       ??1_Bxty@?$_String_val@U?$_Simple_types@D@std@@@std@@QAE@XZ 100022c0 f i ClientProtocolImpl.obj
 0001:000012c0       ??1_Bxty@?$_String_val@U?$_Simple_types@_W@std@@@std@@QAE@XZ 100022c0 f i JSONHandler.obj
 0001:000012d0       ?_Mysize@?$_String_alloc@U?$_String_base_types@_WV?$allocator@_W@std@@@std@@@std@@QAEAAIXZ 100022d0 f i JSONHandler.obj
 0001:000012d0       ?_Mysize@?$_String_alloc@U?$_String_base_types@DV?$allocator@D@std@@@std@@@std@@QAEAAIXZ 100022d0 f i ClientProtocolImpl.obj
 0001:000012d0       ?_Mysize@?$_String_alloc@U?$_String_base_types@DV?$allocator@D@std@@@std@@@std@@QBEABIXZ 100022d0 f i ClientProtocolImpl.obj
 0001:000012d0       ?_Mysize@?$_String_alloc@U?$_String_base_types@_WV?$allocator@_W@std@@@std@@@std@@QBEABIXZ 100022d0 f i JSONHandler.obj
 0001:000012f0       ?_Getcomp@?$_Tree_comp_alloc@V?$_Tmap_traits@IPAVIClientSession@@U?$less@I@std@@V?$allocator@U?$pair@$$CBIPAVIClientSession@@@std@@@3@$0A@@std@@@std@@QBEABU?$less@I@2@XZ 100022f0 f i ClientSession.obj
 0001:000012f0       ?_Get_data@?$_List_alloc@U?$_List_base_types@PAVIClientSession@@V?$allocator@PAVIClientSession@@@std@@@std@@@std@@QAEAAV?$_List_val@U?$_List_simple_types@PAVIClientSession@@@std@@@2@XZ 100022f0 f i ClientSession.obj
 0001:000012f0       ?_Get_data@?$_String_alloc@U?$_String_base_types@_WV?$allocator@_W@std@@@std@@@std@@QBEABV?$_String_val@U?$_Simple_types@_W@std@@@2@XZ 100022f0 f i JSONHandler.obj
 0001:000012f0       ?_Get_data@?$_List_alloc@U?$_List_base_types@IV?$allocator@I@std@@@std@@@std@@QBEABV?$_List_val@U?$_List_simple_types@I@std@@@2@XZ 100022f0 f i ClientSession.obj
 0001:000012f0       ?_Get_data@?$_String_alloc@U?$_String_base_types@DV?$allocator@D@std@@@std@@@std@@QBEABV?$_String_val@U?$_Simple_types@D@std@@@2@XZ 100022f0 f i ClientProtocolImpl.obj
 0001:000012f0       ?_Getal@?$_String_alloc@U?$_String_base_types@DV?$allocator@D@std@@@std@@@std@@QBEABU?$_Wrap_alloc@V?$allocator@D@std@@@2@XZ 100022f0 f i ClientProtocolImpl.obj
 0001:000012f0       ?_Getcomp@?$_Tree_comp_alloc@V?$_Tmap_traits@IPAVIClientSession@@U?$less@I@std@@V?$allocator@U?$pair@$$CBIPAVIClientSession@@@std@@@3@$0A@@std@@@std@@QAEAAU?$less@I@2@XZ 100022f0 f i ClientSession.obj
 0001:000012f0       ?_Get_data@?$_String_alloc@U?$_String_base_types@_WV?$allocator@_W@std@@@std@@@std@@QAEAAV?$_String_val@U?$_Simple_types@_W@std@@@2@XZ 100022f0 f i JSONHandler.obj
 0001:000012f0       ?_Getal@?$_List_alloc@U?$_List_base_types@PAVIAccount@@V?$allocator@PAVIAccount@@@std@@@std@@@std@@QBEABU?$_Wrap_alloc@V?$allocator@U?$_List_node@PAVIAccount@@PAX@std@@@std@@@2@XZ 100022f0 f i ClientSession.obj
 0001:000012f0       ?_Getal@?$_String_alloc@U?$_String_base_types@DV?$allocator@D@std@@@std@@@std@@QAEAAU?$_Wrap_alloc@V?$allocator@D@std@@@2@XZ 100022f0 f i ClientProtocolImpl.obj
 0001:000012f0       ?_Getcomp@?$_Tree_comp_alloc@V?$_Tmap_traits@V?$basic_string@DU?$char_traits@D@std@@V?$allocator@D@2@@std@@V?$list@IV?$allocator@I@std@@@2@U?$less@V?$basic_string@DU?$char_traits@D@std@@V?$allocator@D@2@@std@@@2@V?$allocator@U?$pair@$$CBV?$basic_string@DU?$char_traits@D@std@@V?$allocator@D@2@@std@@V?$list@IV?$allocator@I@std@@@2@@std@@@2@$0A@@std@@@std@@QAEAAU?$less@V?$basic_string@DU?$char_traits@D@std@@V?$allocator@D@2@@std@@@2@XZ 100022f0 f i ClientSession.obj
 0001:000012f0       ?_Getal@?$_List_alloc@U?$_List_base_types@IV?$allocator@I@std@@@std@@@std@@QBEABU?$_Wrap_alloc@V?$allocator@U?$_List_node@IPAX@std@@@std@@@2@XZ 100022f0 f i ClientSession.obj
 0001:000012f0       ?get_deleter@?$_Unique_ptr_base@V_Value@details@json@web@@U?$default_delete@V_Value@details@json@web@@@std@@@std@@QAEAAU?$default_delete@V_Value@details@json@web@@@2@XZ 100022f0 f i JSONHandler.obj
 0001:000012f0       ?_Getal@?$_List_alloc@U?$_List_base_types@IV?$allocator@I@std@@@std@@@std@@QAEAAU?$_Wrap_alloc@V?$allocator@U?$_List_node@IPAX@std@@@std@@@2@XZ 100022f0 f i ClientSession.obj
 0001:000012f0       ?_Get_data@?$_List_alloc@U?$_List_base_types@PAVIAccount@@V?$allocator@PAVIAccount@@@std@@@std@@@std@@QBEABV?$_List_val@U?$_List_simple_types@PAVIAccount@@@std@@@2@XZ 100022f0 f i ClientSession.obj
 0001:000012f0       ?_Get_data@?$_List_alloc@U?$_List_base_types@PAVIAccount@@V?$allocator@PAVIAccount@@@std@@@std@@@std@@QAEAAV?$_List_val@U?$_List_simple_types@PAVIAccount@@@std@@@2@XZ 100022f0 f i ClientSession.obj
 0001:000012f0       ?_Get_data@?$_String_alloc@U?$_String_base_types@DV?$allocator@D@std@@@std@@@std@@QAEAAV?$_String_val@U?$_Simple_types@D@std@@@2@XZ 100022f0 f i ClientProtocolImpl.obj
 0001:000012f0       ?_Getal@?$_String_alloc@U?$_String_base_types@_WV?$allocator@_W@std@@@std@@@std@@QBEABU?$_Wrap_alloc@V?$allocator@_W@std@@@2@XZ 100022f0 f i JSONHandler.obj
 0001:000012f0       ?_Getal@?$_String_alloc@U?$_String_base_types@_WV?$allocator@_W@std@@@std@@@std@@QAEAAU?$_Wrap_alloc@V?$allocator@_W@std@@@2@XZ 100022f0 f i JSONHandler.obj
 0001:000012f0       ?_Getcomp@?$_Tree_comp_alloc@V?$_Tmap_traits@V?$basic_string@DU?$char_traits@D@std@@V?$allocator@D@2@@std@@V?$list@IV?$allocator@I@std@@@2@U?$less@V?$basic_string@DU?$char_traits@D@std@@V?$allocator@D@2@@std@@@2@V?$allocator@U?$pair@$$CBV?$basic_string@DU?$char_traits@D@std@@V?$allocator@D@2@@std@@V?$list@IV?$allocator@I@std@@@2@@std@@@2@$0A@@std@@@std@@QBEABU?$less@V?$basic_string@DU?$char_traits@D@std@@V?$allocator@D@2@@std@@@2@XZ 100022f0 f i ClientSession.obj
 0001:000012f0       ?_Getal@?$_List_alloc@U?$_List_base_types@PAVIClientSession@@V?$allocator@PAVIClientSession@@@std@@@std@@@std@@QAEAAU?$_Wrap_alloc@V?$allocator@U?$_List_node@PAVIClientSession@@PAX@std@@@std@@@2@XZ 100022f0 f i ClientSession.obj
 0001:000012f0       ?_Getal@?$_List_alloc@U?$_List_base_types@PAVIClientSession@@V?$allocator@PAVIClientSession@@@std@@@std@@@std@@QBEABU?$_Wrap_alloc@V?$allocator@U?$_List_node@PAVIClientSession@@PAX@std@@@std@@@2@XZ 100022f0 f i ClientSession.obj
 0001:000012f0       ?_Myptr@?$_Unique_ptr_base@V_Value@details@json@web@@U?$default_delete@V_Value@details@json@web@@@std@@@std@@QBEABQAV_Value@details@json@web@@XZ 100022f0 f i JSONHandler.obj
 0001:000012f0       ?_Getal@?$_List_alloc@U?$_List_base_types@PAVIAccount@@V?$allocator@PAVIAccount@@@std@@@std@@@std@@QAEAAU?$_Wrap_alloc@V?$allocator@U?$_List_node@PAVIAccount@@PAX@std@@@std@@@2@XZ 100022f0 f i ClientSession.obj
 0001:000012f0       ?_Get_data@?$_List_alloc@U?$_List_base_types@IV?$allocator@I@std@@@std@@@std@@QAEAAV?$_List_val@U?$_List_simple_types@I@std@@@2@XZ 100022f0 f i ClientSession.obj
 0001:00001310       ??0?$_String_alloc@U?$_String_base_types@_WV?$allocator@_W@std@@@std@@@std@@QAE@XZ 10002310 f i JSONHandler.obj
 0001:00001310       ??0?$_String_alloc@U?$_String_base_types@DV?$allocator@D@std@@@std@@@std@@QAE@XZ 10002310 f i ClientProtocolImpl.obj
 0001:00001330       ?_Myptr@?$_String_alloc@U?$_String_base_types@DV?$allocator@D@std@@@std@@@std@@QBEPBDXZ 10002330 f i ClientProtocolImpl.obj
 0001:00001330       ?_Myptr@?$_String_alloc@U?$_String_base_types@DV?$allocator@D@std@@@std@@@std@@QAEPADXZ 10002330 f i ClientProtocolImpl.obj
 0001:00001350       ?_Xlen@?$basic_string@DU?$char_traits@D@std@@V?$allocator@D@2@@std@@QBEXXZ 10002350 f i ClientProtocolImpl.obj
 0001:00001350       ?_Xlen@?$basic_string@_WU?$char_traits@_W@std@@V?$allocator@_W@2@@std@@QBEXXZ 10002350 f i JSONHandler.obj
 0001:00001370       ?_Tidy@?$basic_string@DU?$char_traits@D@std@@V?$allocator@D@2@@std@@QAEX_NI@Z 10002370 f i ClientProtocolImpl.obj
 0001:00001430       ?_Grow@?$basic_string@DU?$char_traits@D@std@@V?$allocator@D@2@@std@@QAE_NI_N@Z 10002430 f i ClientProtocolImpl.obj
 0001:000014f0       ?_Eos@?$basic_string@DU?$char_traits@D@std@@V?$allocator@D@2@@std@@QAEXI@Z 100024f0 f i ClientProtocolImpl.obj
 0001:00001530       ?assign@?$basic_string@DU?$char_traits@D@std@@V?$allocator@D@2@@std@@QAEAAV12@PBD@Z 10002530 f i ClientProtocolImpl.obj
 0001:00001560       ?assign@?$basic_string@DU?$char_traits@D@std@@V?$allocator@D@2@@std@@QAEAAV12@PBDI@Z 10002560 f i ClientProtocolImpl.obj
 0001:000015e0       ?assign@?$basic_string@DU?$char_traits@D@std@@V?$allocator@D@2@@std@@QAEAAV12@ABV12@II@Z 100025e0 f i ClientProtocolImpl.obj
 0001:00001680       ??0?$allocator@U?$_List_node@PAVIClientSession@@PAX@std@@@std@@QAE@XZ 10002680 f i ClientSession.obj
 0001:00001680       ?_Get_second@?$_Compressed_pair@U?$_Wrap_alloc@V?$allocator@_W@std@@@std@@V?$_String_val@U?$_Simple_types@_W@std@@@2@$00@std@@QAEAAV?$_String_val@U?$_Simple_types@_W@std@@@2@XZ 10002680 f i JSONHandler.obj
 0001:00001680       ??0?$allocator@D@std@@QAE@XZ 10002680 f i ClientProtocolImpl.obj
 0001:00001680       ?_Get_first@?$_Compressed_pair@U?$_Wrap_alloc@V?$allocator@_W@std@@@std@@V?$_String_val@U?$_Simple_types@_W@std@@@2@$00@std@@QBEABU?$_Wrap_alloc@V?$allocator@_W@std@@@2@XZ 10002680 f i JSONHandler.obj
 0001:00001680       ??0?$allocator@U?$_List_node@PAVIAccount@@PAX@std@@@std@@QAE@XZ 10002680 f i ClientSession.obj
 0001:00001680       ?_Get_second@?$_Compressed_pair@U?$_Wrap_alloc@V?$allocator@U?$_Tree_node@U?$pair@$$CBV?$basic_string@DU?$char_traits@D@std@@V?$allocator@D@2@@std@@V?$list@IV?$allocator@I@std@@@2@@std@@PAX@std@@@std@@@std@@V?$_Tree_val@U?$_Tree_simple_types@U?$pair@$$CBV?$basic_string@DU?$char_traits@D@std@@V?$allocator@D@2@@std@@V?$list@IV?$allocator@I@std@@@2@@std@@@std@@@2@$00@std@@QAEAAV?$_Tree_val@U?$_Tree_simple_types@U?$pair@$$CBV?$basic_string@DU?$char_traits@D@std@@V?$allocator@D@2@@std@@V?$list@IV?$allocator@I@std@@@2@@std@@@std@@@2@XZ 10002680 f i ClientSession.obj
 0001:00001680       ??0?$tuple@$$V@std@@QAE@XZ 10002680 f i ClientSession.obj
 0001:00001680       ??0?$allocator@U?$_Tree_node@U?$pair@$$CBIPAVIClientSession@@@std@@PAX@std@@@std@@QAE@XZ 10002680 f i ClientSession.obj
 0001:00001680       ?_Get_second@?$_Compressed_pair@U?$default_delete@V_Value@details@json@web@@@std@@PAV_Value@details@json@web@@$00@std@@QBEABQAV_Value@details@json@web@@XZ 10002680 f i JSONHandler.obj
 0001:00001680       ??0_Bxty@?$_String_val@U?$_Simple_types@D@std@@@std@@QAE@XZ 10002680 f i ClientProtocolImpl.obj
 0001:00001680       ?_Get_first@?$_Compressed_pair@U?$_Wrap_alloc@V?$allocator@U?$_Tree_node@U?$pair@$$CBIPAVIClientSession@@@std@@PAX@std@@@std@@@std@@V?$_Tree_val@U?$_Tree_simple_types@U?$pair@$$CBIPAVIClientSession@@@std@@@std@@@2@$00@std@@QBEABU?$_Wrap_alloc@V?$allocator@U?$_Tree_node@U?$pair@$$CBIPAVIClientSession@@@std@@PAX@std@@@std@@@2@XZ 10002680 f i ClientSession.obj
 0001:00001680       ?_Get_second@?$_Compressed_pair@U?$_Wrap_alloc@V?$allocator@U?$_List_node@IPAX@std@@@std@@@std@@V?$_List_val@U?$_List_simple_types@I@std@@@2@$00@std@@QBEABV?$_List_val@U?$_List_simple_types@I@std@@@2@XZ 10002680 f i ClientSession.obj
 0001:00001680       ??0?$allocator@U?$_Tree_node@U?$pair@$$CBV?$basic_string@DU?$char_traits@D@std@@V?$allocator@D@2@@std@@V?$list@IV?$allocator@I@std@@@2@@std@@PAX@std@@@std@@QAE@XZ 10002680 f i ClientSession.obj
 0001:00001680       ?_Get_first@?$_Compressed_pair@U?$_Wrap_alloc@V?$allocator@_W@std@@@std@@V?$_String_val@U?$_Simple_types@_W@std@@@2@$00@std@@QAEAAU?$_Wrap_alloc@V?$allocator@_W@std@@@2@XZ 10002680 f i JSONHandler.obj
 0001:00001680       ?_Get_first@?$_Compressed_pair@U?$_Wrap_alloc@V?$allocator@U?$_Tree_node@U?$pair@$$CBIPAVIClientSession@@@std@@PAX@std@@@std@@@std@@V?$_Tree_val@U?$_Tree_simple_types@U?$pair@$$CBIPAVIClientSession@@@std@@@std@@@2@$00@std@@QAEAAU?$_Wrap_alloc@V?$allocator@U?$_Tree_node@U?$pair@$$CBIPAVIClientSession@@@std@@PAX@std@@@std@@@2@XZ 10002680 f i ClientSession.obj
 0001:00001680       ?_Get_second@?$_Compressed_pair@U?$less@V?$basic_string@DU?$char_traits@D@std@@V?$allocator@D@2@@std@@@std@@V?$_Compressed_pair@U?$_Wrap_alloc@V?$allocator@U?$_Tree_node@U?$pair@$$CBV?$basic_string@DU?$char_traits@D@std@@V?$allocator@D@2@@std@@V?$list@IV?$allocator@I@std@@@2@@std@@PAX@std@@@std@@@std@@V?$_Tree_val@U?$_Tree_simple_types@U?$pair@$$CBV?$basic_string@DU?$char_traits@D@std@@V?$allocator@D@2@@std@@V?$list@IV?$allocator@I@std@@@2@@std@@@std@@@2@$00@2@$00@std@@QBEABV?$_Compressed_pair@U?$_Wrap_alloc@V?$allocator@U?$_Tree_node@U?$pair@$$CBV?$basic_string@DU?$char_traits@D@std@@V?$allocator@D@2@@std@@V?$list@IV?$allocator@I@std@@@2@@std@@PAX@std@@@std@@@std@@V?$_Tree_val@U?$_Tree_simple_types@U?$pair@$$CBV?$basic_string@DU?$char_traits@D@std@@V?$allocator@D@2@@std@@V?$list@IV?$allocator@I@std@@@2@@std@@@std@@@2@$00@2@XZ 10002680 f i ClientSession.obj
 0001:00001680       ?_Get_second@?$_Compressed_pair@U?$less@I@std@@V?$_Compressed_pair@U?$_Wrap_alloc@V?$allocator@U?$_Tree_node@U?$pair@$$CBIPAVIClientSession@@@std@@PAX@std@@@std@@@std@@V?$_Tree_val@U?$_Tree_simple_types@U?$pair@$$CBIPAVIClientSession@@@std@@@std@@@2@$00@2@$00@std@@QBEABV?$_Compressed_pair@U?$_Wrap_alloc@V?$allocator@U?$_Tree_node@U?$pair@$$CBIPAVIClientSession@@@std@@PAX@std@@@std@@@std@@V?$_Tree_val@U?$_Tree_simple_types@U?$pair@$$CBIPAVIClientSession@@@std@@@std@@@2@$00@2@XZ 10002680 f i ClientSession.obj
 0001:00001680       ?_Get_second@?$_Compressed_pair@U?$_Wrap_alloc@V?$allocator@U?$_Tree_node@U?$pair@$$CBIPAVIClientSession@@@std@@PAX@std@@@std@@@std@@V?$_Tree_val@U?$_Tree_simple_types@U?$pair@$$CBIPAVIClientSession@@@std@@@std@@@2@$00@std@@QBEABV?$_Tree_val@U?$_Tree_simple_types@U?$pair@$$CBIPAVIClientSession@@@std@@@std@@@2@XZ 10002680 f i ClientSession.obj
 0001:00001680       ?_Get_second@?$_Compressed_pair@U?$_Wrap_alloc@V?$allocator@U?$_List_node@PAVIAccount@@PAX@std@@@std@@@std@@V?$_List_val@U?$_List_simple_types@PAVIAccount@@@std@@@2@$00@std@@QBEABV?$_List_val@U?$_List_simple_types@PAVIAccount@@@std@@@2@XZ 10002680 f i ClientSession.obj
 0001:00001680       ?_Get_first@?$_Compressed_pair@U?$less@V?$basic_string@DU?$char_traits@D@std@@V?$allocator@D@2@@std@@@std@@V?$_Compressed_pair@U?$_Wrap_alloc@V?$allocator@U?$_Tree_node@U?$pair@$$CBV?$basic_string@DU?$char_traits@D@std@@V?$allocator@D@2@@std@@V?$list@IV?$allocator@I@std@@@2@@std@@PAX@std@@@std@@@std@@V?$_Tree_val@U?$_Tree_simple_types@U?$pair@$$CBV?$basic_string@DU?$char_traits@D@std@@V?$allocator@D@2@@std@@V?$list@IV?$allocator@I@std@@@2@@std@@@std@@@2@$00@2@$00@std@@QBEABU?$less@V?$basic_string@DU?$char_traits@D@std@@V?$allocator@D@2@@std@@@2@XZ 10002680 f i ClientSession.obj
 0001:00001680       ?_Get_first@?$_Compressed_pair@U?$_Wrap_alloc@V?$allocator@U?$_List_node@PAVIAccount@@PAX@std@@@std@@@std@@V?$_List_val@U?$_List_simple_types@PAVIAccount@@@std@@@2@$00@std@@QAEAAU?$_Wrap_alloc@V?$allocator@U?$_List_node@PAVIAccount@@PAX@std@@@std@@@2@XZ 10002680 f i ClientSession.obj
 0001:00001680       ?_Get_second@?$_Compressed_pair@U?$_Wrap_alloc@V?$allocator@D@std@@@std@@V?$_String_val@U?$_Simple_types@D@std@@@2@$00@std@@QAEAAV?$_String_val@U?$_Simple_types@D@std@@@2@XZ 10002680 f i ClientProtocolImpl.obj
 0001:00001680       ?_Get_second@?$_Compressed_pair@U?$_Wrap_alloc@V?$allocator@_W@std@@@std@@V?$_String_val@U?$_Simple_types@_W@std@@@2@$00@std@@QBEABV?$_String_val@U?$_Simple_types@_W@std@@@2@XZ 10002680 f i JSONHandler.obj
 0001:00001680       ?_Get_first@?$_Compressed_pair@U?$_Wrap_alloc@V?$allocator@D@std@@@std@@V?$_String_val@U?$_Simple_types@D@std@@@2@$00@std@@QBEABU?$_Wrap_alloc@V?$allocator@D@std@@@2@XZ 10002680 f i ClientProtocolImpl.obj
 0001:00001680       ?_Get_first@?$_Compressed_pair@U?$_Wrap_alloc@V?$allocator@D@std@@@std@@V?$_String_val@U?$_Simple_types@D@std@@@2@$00@std@@QAEAAU?$_Wrap_alloc@V?$allocator@D@std@@@2@XZ 10002680 f i ClientProtocolImpl.obj
 0001:00001680       ?_Get_first@?$_Compressed_pair@U?$_Wrap_alloc@V?$allocator@U?$_List_node@IPAX@std@@@std@@@std@@V?$_List_val@U?$_List_simple_types@I@std@@@2@$00@std@@QBEABU?$_Wrap_alloc@V?$allocator@U?$_List_node@IPAX@std@@@std@@@2@XZ 10002680 f i ClientSession.obj
 0001:00001680       ?_Get_first@?$_Compressed_pair@U?$_Wrap_alloc@V?$allocator@U?$_List_node@PAVIAccount@@PAX@std@@@std@@@std@@V?$_List_val@U?$_List_simple_types@PAVIAccount@@@std@@@2@$00@std@@QBEABU?$_Wrap_alloc@V?$allocator@U?$_List_node@PAVIAccount@@PAX@std@@@std@@@2@XZ 10002680 f i ClientSession.obj
 0001:00001680       ?_Get_second@?$_Compressed_pair@U?$_Wrap_alloc@V?$allocator@U?$_List_node@PAVIAccount@@PAX@std@@@std@@@std@@V?$_List_val@U?$_List_simple_types@PAVIAccount@@@std@@@2@$00@std@@QAEAAV?$_List_val@U?$_List_simple_types@PAVIAccount@@@std@@@2@XZ 10002680 f i ClientSession.obj
 0001:00001680       ?_Get_second@?$_Compressed_pair@U?$_Wrap_alloc@V?$allocator@D@std@@@std@@V?$_String_val@U?$_Simple_types@D@std@@@2@$00@std@@QBEABV?$_String_val@U?$_Simple_types@D@std@@@2@XZ 10002680 f i ClientProtocolImpl.obj
 0001:00001680       ?_Get_second@?$_Compressed_pair@U?$_Wrap_alloc@V?$allocator@U?$_List_node@IPAX@std@@@std@@@std@@V?$_List_val@U?$_List_simple_types@I@std@@@2@$00@std@@QAEAAV?$_List_val@U?$_List_simple_types@I@std@@@2@XZ 10002680 f i ClientSession.obj
 0001:00001680       ?_Get_first@?$_Compressed_pair@U?$_Wrap_alloc@V?$allocator@U?$_List_node@PAVIClientSession@@PAX@std@@@std@@@std@@V?$_List_val@U?$_List_simple_types@PAVIClientSession@@@std@@@2@$00@std@@QAEAAU?$_Wrap_alloc@V?$allocator@U?$_List_node@PAVIClientSession@@PAX@std@@@std@@@2@XZ 10002680 f i ClientSession.obj
 0001:00001680       ??0_Bxty@?$_String_val@U?$_Simple_types@_W@std@@@std@@QAE@XZ 10002680 f i JSONHandler.obj
 0001:00001680       ?_Get_first@?$_Compressed_pair@U?$less@I@std@@V?$_Compressed_pair@U?$_Wrap_alloc@V?$allocator@U?$_Tree_node@U?$pair@$$CBIPAVIClientSession@@@std@@PAX@std@@@std@@@std@@V?$_Tree_val@U?$_Tree_simple_types@U?$pair@$$CBIPAVIClientSession@@@std@@@std@@@2@$00@2@$00@std@@QAEAAU?$less@I@2@XZ 10002680 f i ClientSession.obj
 0001:00001680       ?_Get_first@?$_Compressed_pair@U?$less@V?$basic_string@DU?$char_traits@D@std@@V?$allocator@D@2@@std@@@std@@V?$_Compressed_pair@U?$_Wrap_alloc@V?$allocator@U?$_Tree_node@U?$pair@$$CBV?$basic_string@DU?$char_traits@D@std@@V?$allocator@D@2@@std@@V?$list@IV?$allocator@I@std@@@2@@std@@PAX@std@@@std@@@std@@V?$_Tree_val@U?$_Tree_simple_types@U?$pair@$$CBV?$basic_string@DU?$char_traits@D@std@@V?$allocator@D@2@@std@@V?$list@IV?$allocator@I@std@@@2@@std@@@std@@@2@$00@2@$00@std@@QAEAAU?$less@V?$basic_string@DU?$char_traits@D@std@@V?$allocator@D@2@@std@@@2@XZ 10002680 f i ClientSession.obj
 0001:00001680       ?_Get_second@?$_Compressed_pair@U?$_Wrap_alloc@V?$allocator@U?$_List_node@PAVIClientSession@@PAX@std@@@std@@@std@@V?$_List_val@U?$_List_simple_types@PAVIClientSession@@@std@@@2@$00@std@@QAEAAV?$_List_val@U?$_List_simple_types@PAVIClientSession@@@std@@@2@XZ 10002680 f i ClientSession.obj
 0001:00001680       ?_Get_second@?$_Compressed_pair@U?$less@I@std@@V?$_Compressed_pair@U?$_Wrap_alloc@V?$allocator@U?$_Tree_node@U?$pair@$$CBIPAVIClientSession@@@std@@PAX@std@@@std@@@std@@V?$_Tree_val@U?$_Tree_simple_types@U?$pair@$$CBIPAVIClientSession@@@std@@@std@@@2@$00@2@$00@std@@QAEAAV?$_Compressed_pair@U?$_Wrap_alloc@V?$allocator@U?$_Tree_node@U?$pair@$$CBIPAVIClientSession@@@std@@PAX@std@@@std@@@std@@V?$_Tree_val@U?$_Tree_simple_types@U?$pair@$$CBIPAVIClientSession@@@std@@@std@@@2@$00@2@XZ 10002680 f i ClientSession.obj
 0001:00001680       ?_Get_second@?$_Compressed_pair@U?$_Wrap_alloc@V?$allocator@U?$_Tree_node@U?$pair@$$CBV?$basic_string@DU?$char_traits@D@std@@V?$allocator@D@2@@std@@V?$list@IV?$allocator@I@std@@@2@@std@@PAX@std@@@std@@@std@@V?$_Tree_val@U?$_Tree_simple_types@U?$pair@$$CBV?$basic_string@DU?$char_traits@D@std@@V?$allocator@D@2@@std@@V?$list@IV?$allocator@I@std@@@2@@std@@@std@@@2@$00@std@@QBEABV?$_Tree_val@U?$_Tree_simple_types@U?$pair@$$CBV?$basic_string@DU?$char_traits@D@std@@V?$allocator@D@2@@std@@V?$list@IV?$allocator@I@std@@@2@@std@@@std@@@2@XZ 10002680 f i ClientSession.obj
 0001:00001680       ??0?$allocator@_W@std@@QAE@XZ 10002680 f i JSONHandler.obj
 0001:00001680       ?_Get_first@?$_Compressed_pair@U?$_Wrap_alloc@V?$allocator@U?$_Tree_node@U?$pair@$$CBV?$basic_string@DU?$char_traits@D@std@@V?$allocator@D@2@@std@@V?$list@IV?$allocator@I@std@@@2@@std@@PAX@std@@@std@@@std@@V?$_Tree_val@U?$_Tree_simple_types@U?$pair@$$CBV?$basic_string@DU?$char_traits@D@std@@V?$allocator@D@2@@std@@V?$list@IV?$allocator@I@std@@@2@@std@@@std@@@2@$00@std@@QAEAAU?$_Wrap_alloc@V?$allocator@U?$_Tree_node@U?$pair@$$CBV?$basic_string@DU?$char_traits@D@std@@V?$allocator@D@2@@std@@V?$list@IV?$allocator@I@std@@@2@@std@@PAX@std@@@std@@@2@XZ 10002680 f i ClientSession.obj
 0001:00001680       ?_Get_first@?$_Compressed_pair@U?$default_delete@V_Value@details@json@web@@@std@@PAV_Value@details@json@web@@$00@std@@QAEAAU?$default_delete@V_Value@details@json@web@@@2@XZ 10002680 f i JSONHandler.obj
 0001:00001680       ??0?$allocator@U?$_List_node@IPAX@std@@@std@@QAE@XZ 10002680 f i ClientSession.obj
 0001:00001680       ?_Get_first@?$_Compressed_pair@U?$_Wrap_alloc@V?$allocator@U?$_List_node@PAVIClientSession@@PAX@std@@@std@@@std@@V?$_List_val@U?$_List_simple_types@PAVIClientSession@@@std@@@2@$00@std@@QBEABU?$_Wrap_alloc@V?$allocator@U?$_List_node@PAVIClientSession@@PAX@std@@@std@@@2@XZ 10002680 f i ClientSession.obj
 0001:00001680       ?_Get_first@?$_Compressed_pair@U?$_Wrap_alloc@V?$allocator@U?$_Tree_node@U?$pair@$$CBV?$basic_string@DU?$char_traits@D@std@@V?$allocator@D@2@@std@@V?$list@IV?$allocator@I@std@@@2@@std@@PAX@std@@@std@@@std@@V?$_Tree_val@U?$_Tree_simple_types@U?$pair@$$CBV?$basic_string@DU?$char_traits@D@std@@V?$allocator@D@2@@std@@V?$list@IV?$allocator@I@std@@@2@@std@@@std@@@2@$00@std@@QBEABU?$_Wrap_alloc@V?$allocator@U?$_Tree_node@U?$pair@$$CBV?$basic_string@DU?$char_traits@D@std@@V?$allocator@D@2@@std@@V?$list@IV?$allocator@I@std@@@2@@std@@PAX@std@@@std@@@2@XZ 10002680 f i ClientSession.obj
 0001:00001680       ?_Get_second@?$_Compressed_pair@U?$less@V?$basic_string@DU?$char_traits@D@std@@V?$allocator@D@2@@std@@@std@@V?$_Compressed_pair@U?$_Wrap_alloc@V?$allocator@U?$_Tree_node@U?$pair@$$CBV?$basic_string@DU?$char_traits@D@std@@V?$allocator@D@2@@std@@V?$list@IV?$allocator@I@std@@@2@@std@@PAX@std@@@std@@@std@@V?$_Tree_val@U?$_Tree_simple_types@U?$pair@$$CBV?$basic_string@DU?$char_traits@D@std@@V?$allocator@D@2@@std@@V?$list@IV?$allocator@I@std@@@2@@std@@@std@@@2@$00@2@$00@std@@QAEAAV?$_Compressed_pair@U?$_Wrap_alloc@V?$allocator@U?$_Tree_node@U?$pair@$$CBV?$basic_string@DU?$char_traits@D@std@@V?$allocator@D@2@@std@@V?$list@IV?$allocator@I@std@@@2@@std@@PAX@std@@@std@@@std@@V?$_Tree_val@U?$_Tree_simple_types@U?$pair@$$CBV?$basic_string@DU?$char_traits@D@std@@V?$allocator@D@2@@std@@V?$list@IV?$allocator@I@std@@@2@@std@@@std@@@2@$00@2@XZ 10002680 f i ClientSession.obj
 0001:00001680       ?_Get_first@?$_Compressed_pair@U?$_Wrap_alloc@V?$allocator@U?$_List_node@IPAX@std@@@std@@@std@@V?$_List_val@U?$_List_simple_types@I@std@@@2@$00@std@@QAEAAU?$_Wrap_alloc@V?$allocator@U?$_List_node@IPAX@std@@@std@@@2@XZ 10002680 f i ClientSession.obj
 0001:00001680       ?_Get_first@?$_Compressed_pair@U?$less@I@std@@V?$_Compressed_pair@U?$_Wrap_alloc@V?$allocator@U?$_Tree_node@U?$pair@$$CBIPAVIClientSession@@@std@@PAX@std@@@std@@@std@@V?$_Tree_val@U?$_Tree_simple_types@U?$pair@$$CBIPAVIClientSession@@@std@@@std@@@2@$00@2@$00@std@@QBEABU?$less@I@2@XZ 10002680 f i ClientSession.obj
 0001:00001680       ?_Get_second@?$_Compressed_pair@U?$_Wrap_alloc@V?$allocator@U?$_Tree_node@U?$pair@$$CBIPAVIClientSession@@@std@@PAX@std@@@std@@@std@@V?$_Tree_val@U?$_Tree_simple_types@U?$pair@$$CBIPAVIClientSession@@@std@@@std@@@2@$00@std@@QAEAAV?$_Tree_val@U?$_Tree_simple_types@U?$pair@$$CBIPAVIClientSession@@@std@@@std@@@2@XZ 10002680 f i ClientSession.obj
 0001:00001690       ?_Myptr@?$_String_val@U?$_Simple_types@D@std@@@std@@QBEPBDXZ 10002690 f i ClientProtocolImpl.obj
 0001:00001690       ?_Myptr@?$_String_val@U?$_Simple_types@D@std@@@std@@QAEPADXZ 10002690 f i ClientProtocolImpl.obj
 0001:000016d0       ?deallocate@?$_Wrap_alloc@V?$allocator@D@std@@@std@@QAEXPADI@Z 100026d0 f i ClientProtocolImpl.obj
 0001:000016f0       ?_Myres@?$_String_alloc@U?$_String_base_types@DV?$allocator@D@std@@@std@@@std@@QAEAAIXZ 100026f0 f i ClientProtocolImpl.obj
 0001:000016f0       ?_Myres@?$_String_alloc@U?$_String_base_types@_WV?$allocator@_W@std@@@std@@@std@@QAEAAIXZ 100026f0 f i JSONHandler.obj
 0001:00001710       ?_Myhead@?$_List_alloc@U?$_List_base_types@PAVIClientSession@@V?$allocator@PAVIClientSession@@@std@@@std@@@std@@QAEAAPAU?$_List_node@PAVIClientSession@@PAX@2@XZ 10002710 f i ClientSession.obj
 0001:00001710       ?_Bx@?$_String_alloc@U?$_String_base_types@DV?$allocator@D@std@@@std@@@std@@QAEAAT_Bxty@?$_String_val@U?$_Simple_types@D@std@@@2@XZ 10002710 f i ClientProtocolImpl.obj
 0001:00001710       ?_Bx@?$_String_alloc@U?$_String_base_types@_WV?$allocator@_W@std@@@std@@@std@@QAEAAT_Bxty@?$_String_val@U?$_Simple_types@_W@std@@@2@XZ 10002710 f i JSONHandler.obj
 0001:00001710       ?_Myhead@?$_List_alloc@U?$_List_base_types@IV?$allocator@I@std@@@std@@@std@@QAEAAPAU?$_List_node@IPAX@2@XZ 10002710 f i ClientSession.obj
 0001:00001710       ?_Myhead@?$_List_alloc@U?$_List_base_types@PAVIAccount@@V?$allocator@PAVIAccount@@@std@@@std@@@std@@QAEAAPAU?$_List_node@PAVIAccount@@PAX@2@XZ 10002710 f i ClientSession.obj
 0001:00001710       ?_Myhead@?$_List_alloc@U?$_List_base_types@IV?$allocator@I@std@@@std@@@std@@QBEABQAU?$_List_node@IPAX@2@XZ 10002710 f i ClientSession.obj
 0001:00001730       ?_Xran@?$basic_string@_WU?$char_traits@_W@std@@V?$allocator@_W@2@@std@@QBEXXZ 10002730 f i JSONHandler.obj
 0001:00001730       ?_Xran@?$basic_string@DU?$char_traits@D@std@@V?$allocator@D@2@@std@@QBEXXZ 10002730 f i ClientProtocolImpl.obj
 0001:00001750       ?_Check_offset@?$basic_string@DU?$char_traits@D@std@@V?$allocator@D@2@@std@@QBEXI@Z 10002750 f i ClientProtocolImpl.obj
 0001:00001750       ?_Check_offset@?$basic_string@_WU?$char_traits@_W@std@@V?$allocator@_W@2@@std@@QBEXI@Z 10002750 f i JSONHandler.obj
 0001:00001780       ?_Inside@?$basic_string@DU?$char_traits@D@std@@V?$allocator@D@2@@std@@QAE_NPBD@Z 10002780 f i ClientProtocolImpl.obj
 0001:000017d0       ?_Copy@?$basic_string@DU?$char_traits@D@std@@V?$allocator@D@2@@std@@QAEXII@Z 100027d0 f i ClientProtocolImpl.obj
 0001:000019b0       ?_Clamp_suffix_size@?$basic_string@DU?$char_traits@D@std@@V?$allocator@D@2@@std@@QBEIII@Z 100029b0 f i ClientProtocolImpl.obj
 0001:000019b0       ?_Clamp_suffix_size@?$basic_string@_WU?$char_traits@_W@std@@V?$allocator@_W@2@@std@@QBEIII@Z 100029b0 f i JSONHandler.obj
 0001:000019f0       ?max_size@?$basic_string@DU?$char_traits@D@std@@V?$allocator@D@2@@std@@QBEIXZ 100029f0 f i ClientProtocolImpl.obj
 0001:00001a30       ?erase@?$basic_string@DU?$char_traits@D@std@@V?$allocator@D@2@@std@@QAEAAV12@II@Z 10002a30 f i ClientProtocolImpl.obj
 0001:00001ac0       ?erase@?$basic_string@DU?$char_traits@D@std@@V?$allocator@D@2@@std@@QAEAAV12@I@Z 10002ac0 f i ClientProtocolImpl.obj
 0001:00001af0       ?max_size@?$_Wrap_alloc@V?$allocator@D@std@@@std@@QBEIU_Nil@2@@Z 10002af0 f i ClientProtocolImpl.obj
 0001:00001b10       ?allocate@?$_Wrap_alloc@V?$allocator@D@std@@@std@@QAEPADI@Z 10002b10 f i ClientProtocolImpl.obj
 0001:00001b30       ?deallocate@?$allocator@D@std@@QAEXPADI@Z 10002b30 f i ClientProtocolImpl.obj
 0001:00001b50       ?max_size@?$allocator_traits@V?$allocator@D@std@@@std@@SAIABV?$allocator@D@2@@Z 10002b50 f i ClientProtocolImpl.obj
 0001:00001b60       ?allocate@?$allocator@D@std@@QAEPADI@Z 10002b60 f i ClientProtocolImpl.obj
 0001:00001b80       ?max_size@?$allocator@D@std@@QBEIXZ 10002b80 f i ClientProtocolImpl.obj
 0001:00001b90       ??$?0$$V@?$_Compressed_pair@U?$_Wrap_alloc@V?$allocator@D@std@@@std@@V?$_String_val@U?$_Simple_types@D@std@@@2@$00@std@@QAE@U_Zero_then_variadic_args_t@1@@Z 10002b90 f i ClientProtocolImpl.obj
 0001:00001b90       ??$?0$$V@?$_Compressed_pair@U?$_Wrap_alloc@V?$allocator@_W@std@@@std@@V?$_String_val@U?$_Simple_types@_W@std@@@2@$00@std@@QAE@U_Zero_then_variadic_args_t@1@@Z 10002b90 f i JSONHandler.obj
 0001:00001bb0       ??$_Unfancy@_W@std@@YAPA_WPA_W@Z 10002bb0 f i JSONHandler.obj
 0001:00001bb0       ??$forward@ABQAVIAccount@@@std@@YAABQAVIAccount@@ABQAV1@@Z 10002bb0 f i ClientSession.obj
 0001:00001bb0       ??$addressof@U?$pair@$$CBV?$basic_string@DU?$char_traits@D@std@@V?$allocator@D@2@@std@@V?$list@IV?$allocator@I@std@@@2@@std@@@std@@YAPAU?$pair@$$CBV?$basic_string@DU?$char_traits@D@std@@V?$allocator@D@2@@std@@V?$list@IV?$allocator@I@std@@@2@@0@AAU10@@Z 10002bb0 f i ClientSession.obj
 0001:00001bb0       ??$forward@AAU?$pair@$$CBV?$basic_string@DU?$char_traits@D@std@@V?$allocator@D@2@@std@@V?$list@IV?$allocator@I@std@@@2@@std@@@std@@YAAAU?$pair@$$CBV?$basic_string@DU?$char_traits@D@std@@V?$allocator@D@2@@std@@V?$list@IV?$allocator@I@std@@@2@@0@AAU10@@Z 10002bb0 f i ClientSession.obj
 0001:00001bb0       ??$addressof@$$CBI@std@@YAPBIABI@Z 10002bb0 f i ClientSession.obj
 0001:00001bb0       ??$forward@AAV?$_Tree_iterator@V?$_Tree_val@U?$_Tree_simple_types@U?$pair@$$CBIPAVIClientSession@@@std@@@std@@@std@@@std@@@std@@YAAAV?$_Tree_iterator@V?$_Tree_val@U?$_Tree_simple_types@U?$pair@$$CBIPAVIClientSession@@@std@@@std@@@std@@@0@AAV10@@Z 10002bb0 f i ClientSession.obj
 0001:00001bb0       ??$forward@AAPAU?$_List_node@PAVIAccount@@PAX@std@@@std@@YAAAPAU?$_List_node@PAVIAccount@@PAX@0@AAPAU10@@Z 10002bb0 f i ClientSession.obj
 0001:00001bb0       ??$move@AAD@std@@YA$$QADAAD@Z 10002bb0 f i ClientSession.obj
 0001:00001bb0       ??$forward@U?$_Wrap_alloc@V?$allocator@D@std@@@std@@@std@@YA$$QAU?$_Wrap_alloc@V?$allocator@D@std@@@0@AAU10@@Z 10002bb0 f i ClientSession.obj
 0001:00001bb0       ??$move@AAV?$tuple@ABI@std@@@std@@YA$$QAV?$tuple@ABI@0@AAV10@@Z 10002bb0 f i ClientSession.obj
 0001:00001bb0       ??$_Kfn@$$CBV?$basic_string@DU?$char_traits@D@std@@V?$allocator@D@2@@std@@V?$list@IV?$allocator@I@std@@@2@@?$_Tmap_traits@V?$basic_string@DU?$char_traits@D@std@@V?$allocator@D@2@@std@@V?$list@IV?$allocator@I@std@@@2@U?$less@V?$basic_string@DU?$char_traits@D@std@@V?$allocator@D@2@@std@@@2@V?$allocator@U?$pair@$$CBV?$basic_string@DU?$char_traits@D@std@@V?$allocator@D@2@@std@@V?$list@IV?$allocator@I@std@@@2@@std@@@2@$0A@@std@@SAABV?$basic_string@DU?$char_traits@D@std@@V?$allocator@D@2@@1@ABU?$pair@$$CBV?$basic_string@DU?$char_traits@D@std@@V?$allocator@D@2@@std@@V?$list@IV?$allocator@I@std@@@2@@1@@Z 10002bb0 f i ClientSession.obj
 0001:00001bb0       ?_Nextnode@?$_List_val@U?$_List_simple_types@PAVIClientSession@@@std@@@std@@SAAAPAU?$_List_node@PAVIClientSession@@PAX@2@PAU32@@Z 10002bb0 f i ClientSession.obj
 0001:00001bb0       ??$forward@I@std@@YA$$QAIAAI@Z 10002bb0 f i ClientSession.obj
 0001:00001bb0       ??$addressof@D@std@@YAPADAAD@Z 10002bb0 f i ClientSession.obj
 0001:00001bb0       ??$forward@U?$_Wrap_alloc@V?$allocator@U?$_List_node@IPAX@std@@@std@@@std@@@std@@YA$$QAU?$_Wrap_alloc@V?$allocator@U?$_List_node@IPAX@std@@@std@@@0@AAU10@@Z 10002bb0 f i ClientSession.obj
 0001:00001bb0       ??$addressof@PAD@std@@YAPAPADAAPAD@Z 10002bb0 f i ClientProtocolImpl.obj
 0001:00001bb0       ??$move@AAU?$_Wrap_alloc@V?$allocator@U?$_Tree_node@U?$pair@$$CBIPAVIClientSession@@@std@@PAX@std@@@std@@@std@@@std@@YA$$QAU?$_Wrap_alloc@V?$allocator@U?$_Tree_node@U?$pair@$$CBIPAVIClientSession@@@std@@PAX@std@@@std@@@0@AAU10@@Z 10002bb0 f i ClientSession.obj
 0001:00001bb0       ??$forward@AAPAU?$_Tree_node@U?$pair@$$CBV?$basic_string@DU?$char_traits@D@std@@V?$allocator@D@2@@std@@V?$list@IV?$allocator@I@std@@@2@@std@@PAX@std@@@std@@YAAAPAU?$_Tree_node@U?$pair@$$CBV?$basic_string@DU?$char_traits@D@std@@V?$allocator@D@2@@std@@V?$list@IV?$allocator@I@std@@@2@@std@@PAX@0@AAPAU10@@Z 10002bb0 f i ClientSession.obj
 0001:00001bb0       ??$forward@U?$_Wrap_alloc@V?$allocator@U?$_Tree_node@U?$pair@$$CBIPAVIClientSession@@@std@@PAX@std@@@std@@@std@@@std@@YA$$QAU?$_Wrap_alloc@V?$allocator@U?$_Tree_node@U?$pair@$$CBIPAVIClientSession@@@std@@PAX@std@@@std@@@0@AAU10@@Z 10002bb0 f i ClientSession.obj
 0001:00001bb0       ??$forward@V?$allocator@U?$_Tree_node@U?$pair@$$CBIPAVIClientSession@@@std@@PAX@std@@@std@@@std@@YA$$QAV?$allocator@U?$_Tree_node@U?$pair@$$CBIPAVIClientSession@@@std@@PAX@std@@@0@AAV10@@Z 10002bb0 f i ClientSession.obj
 0001:00001bb0       ?_Nextnode@?$_List_val@U?$_List_simple_types@I@std@@@std@@SAAAPAU?$_List_node@IPAX@2@PAU32@@Z 10002bb0 f i ClientSession.obj
 0001:00001bb0       ??$forward@AAPAU?$_List_node@PAVIClientSession@@PAX@std@@@std@@YAAAPAU?$_List_node@PAVIClientSession@@PAX@0@AAPAU10@@Z 10002bb0 f i ClientSession.obj
 0001:00001bb0       ??$addressof@U?$pair@$$CBIPAVIClientSession@@@std@@@std@@YAPAU?$pair@$$CBIPAVIClientSession@@@0@AAU10@@Z 10002bb0 f i ClientSession.obj
 0001:00001bb0       ??$addressof@PAU?$_List_node@PAVIClientSession@@PAX@std@@@std@@YAPAPAU?$_List_node@PAVIClientSession@@PAX@0@AAPAU10@@Z 10002bb0 f i ClientSession.obj
 0001:00001bb0       ?_Left@?$_Tree_val@U?$_Tree_simple_types@U?$pair@$$CBV?$basic_string@DU?$char_traits@D@std@@V?$allocator@D@2@@std@@V?$list@IV?$allocator@I@std@@@2@@std@@@std@@@std@@SAAAPAU?$_Tree_node@U?$pair@$$CBV?$basic_string@DU?$char_traits@D@std@@V?$allocator@D@2@@std@@V?$list@IV?$allocator@I@std@@@2@@std@@PAX@2@PAU32@@Z 10002bb0 f i ClientSession.obj
 0001:00001bb0       ??$forward@AAV?$_Tree_iterator@V?$_Tree_val@U?$_Tree_simple_types@U?$pair@$$CBV?$basic_string@DU?$char_traits@D@std@@V?$allocator@D@2@@std@@V?$list@IV?$allocator@I@std@@@2@@std@@@std@@@std@@@std@@@std@@YAAAV?$_Tree_iterator@V?$_Tree_val@U?$_Tree_simple_types@U?$pair@$$CBV?$basic_string@DU?$char_traits@D@std@@V?$allocator@D@2@@std@@V?$list@IV?$allocator@I@std@@@2@@std@@@std@@@std@@@0@AAV10@@Z 10002bb0 f i ClientSession.obj
 0001:00001bb0       ??$addressof@PAVIClientSession@@@std@@YAPAPAVIClientSession@@AAPAV1@@Z 10002bb0 f i ClientSession.obj
 0001:00001bb0       ??$addressof@I@std@@YAPAIAAI@Z 10002bb0 f i ClientSession.obj
 0001:00001bb0       ??$forward@ABV?$allocator@D@std@@@std@@YAABV?$allocator@D@0@ABV10@@Z 10002bb0 f i ClientSession.obj
 0001:00001bb0       ??$addressof@V_Value@details@json@web@@@std@@YAPAV_Value@details@json@web@@AAV1234@@Z 10002bb0 f i JSONHandler.obj
 0001:00001bb0       ??$forward@U_One_then_variadic_args_t@std@@@std@@YA$$QAU_One_then_variadic_args_t@0@AAU10@@Z 10002bb0 f i ClientSession.obj
 0001:00001bb0       ??$forward@ABI@std@@YAABIABI@Z 10002bb0 f i ClientSession.obj
 0001:00001bb0       ??$addressof@PAU?$_List_node@IPAX@std@@@std@@YAPAPAU?$_List_node@IPAX@0@AAPAU10@@Z 10002bb0 f i ClientSession.obj
 0001:00001bb0       ??$forward@V?$allocator@U?$_List_node@IPAX@std@@@std@@@std@@YA$$QAV?$allocator@U?$_List_node@IPAX@std@@@0@AAV10@@Z 10002bb0 f i ClientSession.obj
 0001:00001bb0       ??$addressof@PAVIAccount@@@std@@YAPAPAVIAccount@@AAPAV1@@Z 10002bb0 f i ClientSession.obj
 0001:00001bb0       ??$_Unfancy@D@std@@YAPADPAD@Z 10002bb0 f i ClientProtocolImpl.obj
 0001:00001bb0       ??$addressof@PAU?$_List_node@PAVIAccount@@PAX@std@@@std@@YAPAPAU?$_List_node@PAVIAccount@@PAX@0@AAPAU10@@Z 10002bb0 f i ClientSession.obj
 0001:00001bb0       ??$addressof@PAU?$_Tree_node@U?$pair@$$CBV?$basic_string@DU?$char_traits@D@std@@V?$allocator@D@2@@std@@V?$list@IV?$allocator@I@std@@@2@@std@@PAX@std@@@std@@YAPAPAU?$_Tree_node@U?$pair@$$CBV?$basic_string@DU?$char_traits@D@std@@V?$allocator@D@2@@std@@V?$list@IV?$allocator@I@std@@@2@@std@@PAX@0@AAPAU10@@Z 10002bb0 f i ClientSession.obj
 0001:00001bb0       ??$addressof@PA_W@std@@YAPAPA_WAAPA_W@Z 10002bb0 f i JSONHandler.obj
 0001:00001bb0       ??$forward@ABUpiecewise_construct_t@std@@@std@@YAABUpiecewise_construct_t@0@ABU10@@Z 10002bb0 f i ClientSession.obj
 0001:00001bb0       ??$forward@AAU?$pair@V?$basic_string@DU?$char_traits@D@std@@V?$allocator@D@2@@std@@V?$list@IV?$allocator@I@std@@@2@@std@@@std@@YAAAU?$pair@V?$basic_string@DU?$char_traits@D@std@@V?$allocator@D@2@@std@@V?$list@IV?$allocator@I@std@@@2@@0@AAU10@@Z 10002bb0 f i ClientSession.obj
 0001:00001bb0       ??$forward@AAU?$pair@IPAVIClientSession@@@std@@@std@@YAAAU?$pair@IPAVIClientSession@@@0@AAU10@@Z 10002bb0 f i ClientSession.obj
 0001:00001bb0       ??$move@AAU?$_Wrap_alloc@V?$allocator@_W@std@@@std@@@std@@YA$$QAU?$_Wrap_alloc@V?$allocator@_W@std@@@0@AAU10@@Z 10002bb0 f i JSONHandler.obj
 0001:00001bb0       ??$forward@AAPA_W@std@@YAAAPA_WAAPA_W@Z 10002bb0 f i JSONHandler.obj
 0001:00001bb0       ??$forward@AAPAVIClientSession@@@std@@YAAAPAVIClientSession@@AAPAV1@@Z 10002bb0 f i ClientSession.obj
 0001:00001bb0       ??$forward@AAPAU?$_Tree_node@U?$pair@$$CBIPAVIClientSession@@@std@@PAX@std@@@std@@YAAAPAU?$_Tree_node@U?$pair@$$CBIPAVIClientSession@@@std@@PAX@0@AAPAU10@@Z 10002bb0 f i ClientSession.obj
 0001:00001bb0       ?_Nextnode@?$_List_val@U?$_List_simple_types@PAVIAccount@@@std@@@std@@SAAAPAU?$_List_node@PAVIAccount@@PAX@2@PAU32@@Z 10002bb0 f i ClientSession.obj
 0001:00001bb0       ??$forward@ABQAVIClientSession@@@std@@YAABQAVIClientSession@@ABQAV1@@Z 10002bb0 f i ClientSession.obj
 0001:00001bb0       ??$forward@AAU?$pair@$$CBIPAVIClientSession@@@std@@@std@@YAAAU?$pair@$$CBIPAVIClientSession@@@0@AAU10@@Z 10002bb0 f i ClientSession.obj
 0001:00001bb0       ??$forward@V?$_Tree_iterator@V?$_Tree_val@U?$_Tree_simple_types@U?$pair@$$CBV?$basic_string@DU?$char_traits@D@std@@V?$allocator@D@2@@std@@V?$list@IV?$allocator@I@std@@@2@@std@@@std@@@std@@@std@@@std@@YA$$QAV?$_Tree_iterator@V?$_Tree_val@U?$_Tree_simple_types@U?$pair@$$CBV?$basic_string@DU?$char_traits@D@std@@V?$allocator@D@2@@std@@V?$list@IV?$allocator@I@std@@@2@@std@@@std@@@std@@@0@AAV10@@Z 10002bb0 f i ClientSession.obj
 0001:00001bb0       ??$addressof@PAU?$_Tree_node@U?$pair@$$CBIPAVIClientSession@@@std@@PAX@std@@@std@@YAPAPAU?$_Tree_node@U?$pair@$$CBIPAVIClientSession@@@std@@PAX@0@AAPAU10@@Z 10002bb0 f i ClientSession.obj
 0001:00001bb0       ??$forward@V?$allocator@_W@std@@@std@@YA$$QAV?$allocator@_W@0@AAV10@@Z 10002bb0 f i JSONHandler.obj
 0001:00001bb0       ??$forward@AAV?$list@IV?$allocator@I@std@@@std@@@std@@YAAAV?$list@IV?$allocator@I@std@@@0@AAV10@@Z 10002bb0 f i ClientSession.obj
 0001:00001bb0       ??$forward@AAV?$basic_string@DU?$char_traits@D@std@@V?$allocator@D@2@@std@@@std@@YAAAV?$basic_string@DU?$char_traits@D@std@@V?$allocator@D@2@@0@AAV10@@Z 10002bb0 f i ClientSession.obj
 0001:00001bb0       ??$forward@V?$basic_string@DU?$char_traits@D@std@@V?$allocator@D@2@@std@@@std@@YA$$QAV?$basic_string@DU?$char_traits@D@std@@V?$allocator@D@2@@0@AAV10@@Z 10002bb0 f i ClientSession.obj
 0001:00001bb0       ??$forward@V?$tuple@ABI@std@@@std@@YA$$QAV?$tuple@ABI@0@AAV10@@Z 10002bb0 f i ClientSession.obj
 0001:00001bb0       ??$move@AAU?$_Wrap_alloc@V?$allocator@D@std@@@std@@@std@@YA$$QAU?$_Wrap_alloc@V?$allocator@D@std@@@0@AAU10@@Z 10002bb0 f i ClientSession.obj
 0001:00001bb0       ??$forward@U?$_Wrap_alloc@V?$allocator@_W@std@@@std@@@std@@YA$$QAU?$_Wrap_alloc@V?$allocator@_W@std@@@0@AAU10@@Z 10002bb0 f i JSONHandler.obj
 0001:00001bb0       ?_Left@?$_Tree_val@U?$_Tree_simple_types@U?$pair@$$CBIPAVIClientSession@@@std@@@std@@@std@@SAAAPAU?$_Tree_node@U?$pair@$$CBIPAVIClientSession@@@std@@PAX@2@PAU32@@Z 10002bb0 f i ClientSession.obj
 0001:00001bb0       ??$forward@V?$allocator@D@std@@@std@@YA$$QAV?$allocator@D@0@AAV10@@Z 10002bb0 f i ClientSession.obj
 0001:00001bb0       ??$forward@V?$_Tree_iterator@V?$_Tree_val@U?$_Tree_simple_types@U?$pair@$$CBIPAVIClientSession@@@std@@@std@@@std@@@std@@@std@@YA$$QAV?$_Tree_iterator@V?$_Tree_val@U?$_Tree_simple_types@U?$pair@$$CBIPAVIClientSession@@@std@@@std@@@std@@@0@AAV10@@Z 10002bb0 f i ClientSession.obj
 0001:00001bb0       ??$forward@AAPAD@std@@YAAAPADAAPAD@Z 10002bb0 f i ClientProtocolImpl.obj
 0001:00001bb0       ??$move@AAU?$_Wrap_alloc@V?$allocator@U?$_List_node@IPAX@std@@@std@@@std@@@std@@YA$$QAU?$_Wrap_alloc@V?$allocator@U?$_List_node@IPAX@std@@@std@@@0@AAU10@@Z 10002bb0 f i ClientSession.obj
 0001:00001bb0       ??$forward@ABU?$less@I@std@@@std@@YAABU?$less@I@0@ABU10@@Z 10002bb0 f i ClientSession.obj
 0001:00001bb0       ??$forward@V?$tuple@$$V@std@@@std@@YA$$QAV?$tuple@$$V@0@AAV10@@Z 10002bb0 f i ClientSession.obj
 0001:00001bb0       ??$forward@U_Zero_then_variadic_args_t@std@@@std@@YA$$QAU_Zero_then_variadic_args_t@0@AAU10@@Z 10002bb0 f i ClientSession.obj
 0001:00001bb0       ??$forward@ABU?$less@V?$basic_string@DU?$char_traits@D@std@@V?$allocator@D@2@@std@@@std@@@std@@YAABU?$less@V?$basic_string@DU?$char_traits@D@std@@V?$allocator@D@2@@std@@@0@ABU10@@Z 10002bb0 f i ClientSession.obj
 0001:00001bb0       ??$forward@AAPAU?$_List_node@IPAX@std@@@std@@YAAAPAU?$_List_node@IPAX@0@AAPAU10@@Z 10002bb0 f i ClientSession.obj
 0001:00001bb0       ??$forward@_N@std@@YA$$QA_NAA_N@Z 10002bb0 f i ClientSession.obj
 0001:00001bb0       ??$_Kfn@$$CBIPAVIClientSession@@@?$_Tmap_traits@IPAVIClientSession@@U?$less@I@std@@V?$allocator@U?$pair@$$CBIPAVIClientSession@@@std@@@3@$0A@@std@@SAABIABU?$pair@$$CBIPAVIClientSession@@@1@@Z 10002bb0 f i ClientSession.obj
 0001:00001bc0       ??$destroy@PAU?$_List_node@PAVIClientSession@@PAX@std@@@?$_Wrap_alloc@V?$allocator@U?$_List_node@PAVIClientSession@@PAX@std@@@std@@@std@@QAEXPAPAU?$_List_node@PAVIClientSession@@PAX@1@@Z 10002bc0 f i ClientSession.obj
 0001:00001bc0       ??$destroy@PAU?$_List_node@PAVIAccount@@PAX@std@@@?$_Wrap_alloc@V?$allocator@U?$_List_node@PAVIAccount@@PAX@std@@@std@@@std@@QAEXPAPAU?$_List_node@PAVIAccount@@PAX@1@@Z 10002bc0 f i ClientSession.obj
 0001:00001bc0       ??$destroy@PAVIAccount@@@?$_Wrap_alloc@V?$allocator@U?$_List_node@PAVIAccount@@PAX@std@@@std@@@std@@QAEXPAPAVIAccount@@@Z 10002bc0 f i ClientSession.obj
 0001:00001bc0       ??$destroy@PAVIClientSession@@@?$_Wrap_alloc@V?$allocator@U?$_List_node@PAVIClientSession@@PAX@std@@@std@@@std@@QAEXPAPAVIClientSession@@@Z 10002bc0 f i ClientSession.obj
 0001:00001bc0       ??$destroy@PAU?$_Tree_node@U?$pair@$$CBIPAVIClientSession@@@std@@PAX@std@@@?$_Wrap_alloc@V?$allocator@U?$_Tree_node@U?$pair@$$CBIPAVIClientSession@@@std@@PAX@std@@@std@@@std@@QAEXPAPAU?$_Tree_node@U?$pair@$$CBIPAVIClientSession@@@std@@PAX@1@@Z 10002bc0 f i ClientSession.obj
 0001:00001bc0       ??$destroy@PAU?$_List_node@IPAX@std@@@?$_Wrap_alloc@V?$allocator@U?$_List_node@IPAX@std@@@std@@@std@@QAEXPAPAU?$_List_node@IPAX@1@@Z 10002bc0 f i ClientSession.obj
 0001:00001bc0       ??$destroy@PA_W@?$_Wrap_alloc@V?$allocator@_W@std@@@std@@QAEXPAPA_W@Z 10002bc0 f i JSONHandler.obj
 0001:00001bc0       ??$destroy@I@?$_Wrap_alloc@V?$allocator@U?$_List_node@IPAX@std@@@std@@@std@@QAEXPAI@Z 10002bc0 f i ClientSession.obj
 0001:00001bc0       ??$destroy@PAD@?$_Wrap_alloc@V?$allocator@D@std@@@std@@QAEXPAPAD@Z 10002bc0 f i ClientProtocolImpl.obj
 0001:00001bc0       ??$destroy@U?$pair@$$CBIPAVIClientSession@@@std@@@?$_Wrap_alloc@V?$allocator@U?$_Tree_node@U?$pair@$$CBIPAVIClientSession@@@std@@PAX@std@@@std@@@std@@QAEXPAU?$pair@$$CBIPAVIClientSession@@@1@@Z 10002bc0 f i ClientSession.obj
 0001:00001bc0       ??$destroy@PAU?$_Tree_node@U?$pair@$$CBV?$basic_string@DU?$char_traits@D@std@@V?$allocator@D@2@@std@@V?$list@IV?$allocator@I@std@@@2@@std@@PAX@std@@@?$_Wrap_alloc@V?$allocator@U?$_Tree_node@U?$pair@$$CBV?$basic_string@DU?$char_traits@D@std@@V?$allocator@D@2@@std@@V?$list@IV?$allocator@I@std@@@2@@std@@PAX@std@@@std@@@std@@QAEXPAPAU?$_Tree_node@U?$pair@$$CBV?$basic_string@DU?$char_traits@D@std@@V?$allocator@D@2@@std@@V?$list@IV?$allocator@I@std@@@2@@std@@PAX@1@@Z 10002bc0 f i ClientSession.obj
 0001:00001be0       ??$construct@PAU?$_List_node@PAVIAccount@@PAX@std@@AAPAU12@@?$_Wrap_alloc@V?$allocator@U?$_List_node@PAVIAccount@@PAX@std@@@std@@@std@@QAEXPAPAU?$_List_node@PAVIAccount@@PAX@1@AAPAU21@@Z 10002be0 f i ClientSession.obj
 0001:00001be0       ??$construct@PAVIClientSession@@ABQAV1@@?$_Wrap_alloc@V?$allocator@U?$_List_node@PAVIClientSession@@PAX@std@@@std@@@std@@QAEXPAPAVIClientSession@@ABQAV2@@Z 10002be0 f i ClientSession.obj
 0001:00001be0       ??$construct@PAU?$_List_node@PAVIClientSession@@PAX@std@@AAPAU12@@?$_Wrap_alloc@V?$allocator@U?$_List_node@PAVIClientSession@@PAX@std@@@std@@@std@@QAEXPAPAU?$_List_node@PAVIClientSession@@PAX@1@AAPAU21@@Z 10002be0 f i ClientSession.obj
 0001:00001be0       ??$construct@II@?$_Wrap_alloc@V?$allocator@U?$_List_node@IPAX@std@@@std@@@std@@QAEXPAI$$QAI@Z 10002be0 f i ClientSession.obj
 0001:00001be0       ??$construct@PAU?$_Tree_node@U?$pair@$$CBV?$basic_string@DU?$char_traits@D@std@@V?$allocator@D@2@@std@@V?$list@IV?$allocator@I@std@@@2@@std@@PAX@std@@AAPAU12@@?$_Wrap_alloc@V?$allocator@U?$_Tree_node@U?$pair@$$CBV?$basic_string@DU?$char_traits@D@std@@V?$allocator@D@2@@std@@V?$list@IV?$allocator@I@std@@@2@@std@@PAX@std@@@std@@@std@@QAEXPAPAU?$_Tree_node@U?$pair@$$CBV?$basic_string@DU?$char_traits@D@std@@V?$allocator@D@2@@std@@V?$list@IV?$allocator@I@std@@@2@@std@@PAX@1@AAPAU21@@Z 10002be0 f i ClientSession.obj
 0001:00001be0       ??$construct@PAU?$_List_node@IPAX@std@@AAPAU12@@?$_Wrap_alloc@V?$allocator@U?$_List_node@IPAX@std@@@std@@@std@@QAEXPAPAU?$_List_node@IPAX@1@AAPAU21@@Z 10002be0 f i ClientSession.obj
 0001:00001be0       ??$construct@PA_WAAPA_W@?$_Wrap_alloc@V?$allocator@_W@std@@@std@@QAEXPAPA_WAAPA_W@Z 10002be0 f i JSONHandler.obj
 0001:00001be0       ??$construct@IABI@?$_Wrap_alloc@V?$allocator@U?$_List_node@IPAX@std@@@std@@@std@@QAEXPAIABI@Z 10002be0 f i ClientSession.obj
 0001:00001be0       ??$construct@PADAAPAD@?$_Wrap_alloc@V?$allocator@D@std@@@std@@QAEXPAPADAAPAD@Z 10002be0 f i ClientProtocolImpl.obj
 0001:00001be0       ??$construct@PAU?$_Tree_node@U?$pair@$$CBIPAVIClientSession@@@std@@PAX@std@@AAPAU12@@?$_Wrap_alloc@V?$allocator@U?$_Tree_node@U?$pair@$$CBIPAVIClientSession@@@std@@PAX@std@@@std@@@std@@QAEXPAPAU?$_Tree_node@U?$pair@$$CBIPAVIClientSession@@@std@@PAX@1@AAPAU21@@Z 10002be0 f i ClientSession.obj
 0001:00001be0       ??$construct@PAVIAccount@@ABQAV1@@?$_Wrap_alloc@V?$allocator@U?$_List_node@PAVIAccount@@PAX@std@@@std@@@std@@QAEXPAPAVIAccount@@ABQAV2@@Z 10002be0 f i ClientSession.obj
 0001:00001c10       ??0?$_String_val@U?$_Simple_types@_W@std@@@std@@QAE@XZ 10002c10 f i JSONHandler.obj
 0001:00001c10       ??0?$_String_val@U?$_Simple_types@D@std@@@std@@QAE@XZ 10002c10 f i ClientProtocolImpl.obj
 0001:00001c40       ??0?$_Wrap_alloc@V?$allocator@_W@std@@@std@@QAE@XZ 10002c40 f i JSONHandler.obj
 0001:00001c40       ??0?$_Wrap_alloc@V?$allocator@U?$_Tree_node@U?$pair@$$CBIPAVIClientSession@@@std@@PAX@std@@@std@@@std@@QAE@XZ 10002c40 f i ClientSession.obj
 0001:00001c40       ??0?$_Wrap_alloc@V?$allocator@U?$_Tree_node@U?$pair@$$CBV?$basic_string@DU?$char_traits@D@std@@V?$allocator@D@2@@std@@V?$list@IV?$allocator@I@std@@@2@@std@@PAX@std@@@std@@@std@@QAE@XZ 10002c40 f i ClientSession.obj
 0001:00001c40       ??0?$_Wrap_alloc@V?$allocator@D@std@@@std@@QAE@XZ 10002c40 f i ClientProtocolImpl.obj
 0001:00001c40       ??0?$_Wrap_alloc@V?$allocator@U?$_List_node@PAVIClientSession@@PAX@std@@@std@@@std@@QAE@XZ 10002c40 f i ClientSession.obj
 0001:00001c40       ??0?$_Wrap_alloc@V?$allocator@U?$_List_node@IPAX@std@@@std@@@std@@QAE@XZ 10002c40 f i ClientSession.obj
 0001:00001c40       ??0?$_Wrap_alloc@V?$allocator@U?$_List_node@PAVIAccount@@PAX@std@@@std@@@std@@QAE@XZ 10002c40 f i ClientSession.obj
 0001:00001c60       ??$destroy@PAU?$_Tree_node@U?$pair@$$CBIPAVIClientSession@@@std@@PAX@std@@@?$allocator_traits@V?$allocator@U?$_Tree_node@U?$pair@$$CBIPAVIClientSession@@@std@@PAX@std@@@std@@@std@@SAXAAV?$allocator@U?$_Tree_node@U?$pair@$$CBIPAVIClientSession@@@std@@PAX@std@@@1@PAPAU?$_Tree_node@U?$pair@$$CBIPAVIClientSession@@@std@@PAX@1@@Z 10002c60 f i ClientSession.obj
 0001:00001c60       ??$destroy@PA_W@?$allocator_traits@V?$allocator@_W@std@@@std@@SAXAAV?$allocator@_W@1@PAPA_W@Z 10002c60 f i JSONHandler.obj
 0001:00001c60       ??$destroy@PAU?$_List_node@PAVIClientSession@@PAX@std@@@?$allocator_traits@V?$allocator@U?$_List_node@PAVIClientSession@@PAX@std@@@std@@@std@@SAXAAV?$allocator@U?$_List_node@PAVIClientSession@@PAX@std@@@1@PAPAU?$_List_node@PAVIClientSession@@PAX@1@@Z 10002c60 f i ClientSession.obj
 0001:00001c60       ??$destroy@PAU?$_List_node@IPAX@std@@@?$allocator_traits@V?$allocator@U?$_List_node@IPAX@std@@@std@@@std@@SAXAAV?$allocator@U?$_List_node@IPAX@std@@@1@PAPAU?$_List_node@IPAX@1@@Z 10002c60 f i ClientSession.obj
 0001:00001c60       ??$destroy@PAU?$_Tree_node@U?$pair@$$CBV?$basic_string@DU?$char_traits@D@std@@V?$allocator@D@2@@std@@V?$list@IV?$allocator@I@std@@@2@@std@@PAX@std@@@?$allocator_traits@V?$allocator@U?$_Tree_node@U?$pair@$$CBV?$basic_string@DU?$char_traits@D@std@@V?$allocator@D@2@@std@@V?$list@IV?$allocator@I@std@@@2@@std@@PAX@std@@@std@@@std@@SAXAAV?$allocator@U?$_Tree_node@U?$pair@$$CBV?$basic_string@DU?$char_traits@D@std@@V?$allocator@D@2@@std@@V?$list@IV?$allocator@I@std@@@2@@std@@PAX@std@@@1@PAPAU?$_Tree_node@U?$pair@$$CBV?$basic_string@DU?$char_traits@D@std@@V?$allocator@D@2@@std@@V?$list@IV?$allocator@I@std@@@2@@std@@PAX@1@@Z 10002c60 f i ClientSession.obj
 0001:00001c60       ??$destroy@I@?$allocator_traits@V?$allocator@U?$_List_node@IPAX@std@@@std@@@std@@SAXAAV?$allocator@U?$_List_node@IPAX@std@@@1@PAI@Z 10002c60 f i ClientSession.obj
 0001:00001c60       ??$destroy@PAVIAccount@@@?$allocator_traits@V?$allocator@U?$_List_node@PAVIAccount@@PAX@std@@@std@@@std@@SAXAAV?$allocator@U?$_List_node@PAVIAccount@@PAX@std@@@1@PAPAVIAccount@@@Z 10002c60 f i ClientSession.obj
 0001:00001c60       ??$destroy@PAD@?$allocator_traits@V?$allocator@D@std@@@std@@SAXAAV?$allocator@D@1@PAPAD@Z 10002c60 f i ClientProtocolImpl.obj
 0001:00001c60       ??$destroy@U?$pair@$$CBIPAVIClientSession@@@std@@@?$allocator_traits@V?$allocator@U?$_Tree_node@U?$pair@$$CBIPAVIClientSession@@@std@@PAX@std@@@std@@@std@@SAXAAV?$allocator@U?$_Tree_node@U?$pair@$$CBIPAVIClientSession@@@std@@PAX@std@@@1@PAU?$pair@$$CBIPAVIClientSession@@@1@@Z 10002c60 f i ClientSession.obj
 0001:00001c60       ??$destroy@PAU?$_List_node@PAVIAccount@@PAX@std@@@?$allocator_traits@V?$allocator@U?$_List_node@PAVIAccount@@PAX@std@@@std@@@std@@SAXAAV?$allocator@U?$_List_node@PAVIAccount@@PAX@std@@@1@PAPAU?$_List_node@PAVIAccount@@PAX@1@@Z 10002c60 f i ClientSession.obj
 0001:00001c60       ??$destroy@PAVIClientSession@@@?$allocator_traits@V?$allocator@U?$_List_node@PAVIClientSession@@PAX@std@@@std@@@std@@SAXAAV?$allocator@U?$_List_node@PAVIClientSession@@PAX@std@@@1@PAPAVIClientSession@@@Z 10002c60 f i ClientSession.obj
 0001:00001c80       ??$construct@PAVIClientSession@@ABQAV1@@?$allocator_traits@V?$allocator@U?$_List_node@PAVIClientSession@@PAX@std@@@std@@@std@@SAXAAV?$allocator@U?$_List_node@PAVIClientSession@@PAX@std@@@1@PAPAVIClientSession@@ABQAV3@@Z 10002c80 f i ClientSession.obj
 0001:00001c80       ??$construct@II@?$allocator_traits@V?$allocator@U?$_List_node@IPAX@std@@@std@@@std@@SAXAAV?$allocator@U?$_List_node@IPAX@std@@@1@PAI$$QAI@Z 10002c80 f i ClientSession.obj
 0001:00001c80       ??$construct@PAU?$_Tree_node@U?$pair@$$CBIPAVIClientSession@@@std@@PAX@std@@AAPAU12@@?$allocator_traits@V?$allocator@U?$_Tree_node@U?$pair@$$CBIPAVIClientSession@@@std@@PAX@std@@@std@@@std@@SAXAAV?$allocator@U?$_Tree_node@U?$pair@$$CBIPAVIClientSession@@@std@@PAX@std@@@1@PAPAU?$_Tree_node@U?$pair@$$CBIPAVIClientSession@@@std@@PAX@1@AAPAU31@@Z 10002c80 f i ClientSession.obj
 0001:00001c80       ??$construct@PAU?$_List_node@IPAX@std@@AAPAU12@@?$allocator_traits@V?$allocator@U?$_List_node@IPAX@std@@@std@@@std@@SAXAAV?$allocator@U?$_List_node@IPAX@std@@@1@PAPAU?$_List_node@IPAX@1@AAPAU31@@Z 10002c80 f i ClientSession.obj
 0001:00001c80       ??$construct@PADAAPAD@?$allocator_traits@V?$allocator@D@std@@@std@@SAXAAV?$allocator@D@1@PAPADAAPAD@Z 10002c80 f i ClientProtocolImpl.obj
 0001:00001c80       ??$construct@PAU?$_Tree_node@U?$pair@$$CBV?$basic_string@DU?$char_traits@D@std@@V?$allocator@D@2@@std@@V?$list@IV?$allocator@I@std@@@2@@std@@PAX@std@@AAPAU12@@?$allocator_traits@V?$allocator@U?$_Tree_node@U?$pair@$$CBV?$basic_string@DU?$char_traits@D@std@@V?$allocator@D@2@@std@@V?$list@IV?$allocator@I@std@@@2@@std@@PAX@std@@@std@@@std@@SAXAAV?$allocator@U?$_Tree_node@U?$pair@$$CBV?$basic_string@DU?$char_traits@D@std@@V?$allocator@D@2@@std@@V?$list@IV?$allocator@I@std@@@2@@std@@PAX@std@@@1@PAPAU?$_Tree_node@U?$pair@$$CBV?$basic_string@DU?$char_traits@D@std@@V?$allocator@D@2@@std@@V?$list@IV?$allocator@I@std@@@2@@std@@PAX@1@AAPAU31@@Z 10002c80 f i ClientSession.obj
 0001:00001c80       ??$construct@IABI@?$allocator_traits@V?$allocator@U?$_List_node@IPAX@std@@@std@@@std@@SAXAAV?$allocator@U?$_List_node@IPAX@std@@@1@PAIABI@Z 10002c80 f i ClientSession.obj
 0001:00001c80       ??$construct@PAU?$_List_node@PAVIClientSession@@PAX@std@@AAPAU12@@?$allocator_traits@V?$allocator@U?$_List_node@PAVIClientSession@@PAX@std@@@std@@@std@@SAXAAV?$allocator@U?$_List_node@PAVIClientSession@@PAX@std@@@1@PAPAU?$_List_node@PAVIClientSession@@PAX@1@AAPAU31@@Z 10002c80 f i ClientSession.obj
 0001:00001c80       ??$construct@PA_WAAPA_W@?$allocator_traits@V?$allocator@_W@std@@@std@@SAXAAV?$allocator@_W@1@PAPA_WAAPA_W@Z 10002c80 f i JSONHandler.obj
 0001:00001c80       ??$construct@PAU?$_List_node@PAVIAccount@@PAX@std@@AAPAU12@@?$allocator_traits@V?$allocator@U?$_List_node@PAVIAccount@@PAX@std@@@std@@@std@@SAXAAV?$allocator@U?$_List_node@PAVIAccount@@PAX@std@@@1@PAPAU?$_List_node@PAVIAccount@@PAX@1@AAPAU31@@Z 10002c80 f i ClientSession.obj
 0001:00001c80       ??$construct@PAVIAccount@@ABQAV1@@?$allocator_traits@V?$allocator@U?$_List_node@PAVIAccount@@PAX@std@@@std@@@std@@SAXAAV?$allocator@U?$_List_node@PAVIAccount@@PAX@std@@@1@PAPAVIAccount@@ABQAV3@@Z 10002c80 f i ClientSession.obj
 0001:00001ca0       ?_Compat@?$_String_const_iterator@V?$_String_val@U?$_Simple_types@D@std@@@std@@@std@@QBEXABV12@@Z 10002ca0 f i ClientSession.obj
 0001:00001ca0       ??$destroy@U?$pair@$$CBIPAVIClientSession@@@std@@@?$allocator@U?$_Tree_node@U?$pair@$$CBIPAVIClientSession@@@std@@PAX@std@@@std@@QAEXPAU?$pair@$$CBIPAVIClientSession@@@1@@Z 10002ca0 f i ClientSession.obj
 0001:00001ca0       ??$destroy@PAD@?$allocator@D@std@@QAEXPAPAD@Z 10002ca0 f i ClientProtocolImpl.obj
 0001:00001ca0       ??$destroy@PAU?$_List_node@PAVIAccount@@PAX@std@@@?$allocator@U?$_List_node@PAVIAccount@@PAX@std@@@std@@QAEXPAPAU?$_List_node@PAVIAccount@@PAX@1@@Z 10002ca0 f i ClientSession.obj
 0001:00001ca0       ??$destroy@PAU?$_Tree_node@U?$pair@$$CBIPAVIClientSession@@@std@@PAX@std@@@?$allocator@U?$_Tree_node@U?$pair@$$CBIPAVIClientSession@@@std@@PAX@std@@@std@@QAEXPAPAU?$_Tree_node@U?$pair@$$CBIPAVIClientSession@@@std@@PAX@1@@Z 10002ca0 f i ClientSession.obj
 0001:00001ca0       ??$destroy@PAU?$_Tree_node@U?$pair@$$CBV?$basic_string@DU?$char_traits@D@std@@V?$allocator@D@2@@std@@V?$list@IV?$allocator@I@std@@@2@@std@@PAX@std@@@?$allocator@U?$_Tree_node@U?$pair@$$CBV?$basic_string@DU?$char_traits@D@std@@V?$allocator@D@2@@std@@V?$list@IV?$allocator@I@std@@@2@@std@@PAX@std@@@std@@QAEXPAPAU?$_Tree_node@U?$pair@$$CBV?$basic_string@DU?$char_traits@D@std@@V?$allocator@D@2@@std@@V?$list@IV?$allocator@I@std@@@2@@std@@PAX@1@@Z 10002ca0 f i ClientSession.obj
 0001:00001ca0       ??$destroy@PAVIClientSession@@@?$allocator@U?$_List_node@PAVIClientSession@@PAX@std@@@std@@QAEXPAPAVIClientSession@@@Z 10002ca0 f i ClientSession.obj
 0001:00001ca0       ??$destroy@I@?$allocator@U?$_List_node@IPAX@std@@@std@@QAEXPAI@Z 10002ca0 f i ClientSession.obj
 0001:00001ca0       ??$destroy@PAU?$_List_node@IPAX@std@@@?$allocator@U?$_List_node@IPAX@std@@@std@@QAEXPAPAU?$_List_node@IPAX@1@@Z 10002ca0 f i ClientSession.obj
 0001:00001ca0       ??$destroy@PAVIAccount@@@?$allocator@U?$_List_node@PAVIAccount@@PAX@std@@@std@@QAEXPAPAVIAccount@@@Z 10002ca0 f i ClientSession.obj
 0001:00001ca0       ??$destroy@PA_W@?$allocator@_W@std@@QAEXPAPA_W@Z 10002ca0 f i JSONHandler.obj
 0001:00001ca0       ?_Adopt@_Iterator_base0@std@@QAEXPBX@Z 10002ca0 f i ClientSession.obj
 0001:00001ca0       ??$destroy@PAU?$_List_node@PAVIClientSession@@PAX@std@@@?$allocator@U?$_List_node@PAVIClientSession@@PAX@std@@@std@@QAEXPAPAU?$_List_node@PAVIClientSession@@PAX@1@@Z 10002ca0 f i ClientSession.obj
 0001:00001cb0       ??$construct@PAVIAccount@@ABQAV1@@?$allocator@U?$_List_node@PAVIAccount@@PAX@std@@@std@@QAEXPAPAVIAccount@@ABQAV2@@Z 10002cb0 f i ClientSession.obj
 0001:00001cb0       ??$construct@II@?$allocator@U?$_List_node@IPAX@std@@@std@@QAEXPAI$$QAI@Z 10002cb0 f i ClientSession.obj
 0001:00001cb0       ??$construct@PAU?$_Tree_node@U?$pair@$$CBV?$basic_string@DU?$char_traits@D@std@@V?$allocator@D@2@@std@@V?$list@IV?$allocator@I@std@@@2@@std@@PAX@std@@AAPAU12@@?$allocator@U?$_Tree_node@U?$pair@$$CBV?$basic_string@DU?$char_traits@D@std@@V?$allocator@D@2@@std@@V?$list@IV?$allocator@I@std@@@2@@std@@PAX@std@@@std@@QAEXPAPAU?$_Tree_node@U?$pair@$$CBV?$basic_string@DU?$char_traits@D@std@@V?$allocator@D@2@@std@@V?$list@IV?$allocator@I@std@@@2@@std@@PAX@1@AAPAU21@@Z 10002cb0 f i ClientSession.obj
 0001:00001cb0       ??$construct@PAU?$_List_node@IPAX@std@@AAPAU12@@?$allocator@U?$_List_node@IPAX@std@@@std@@QAEXPAPAU?$_List_node@IPAX@1@AAPAU21@@Z 10002cb0 f i ClientSession.obj
 0001:00001cb0       ??$construct@PAU?$_Tree_node@U?$pair@$$CBIPAVIClientSession@@@std@@PAX@std@@AAPAU12@@?$allocator@U?$_Tree_node@U?$pair@$$CBIPAVIClientSession@@@std@@PAX@std@@@std@@QAEXPAPAU?$_Tree_node@U?$pair@$$CBIPAVIClientSession@@@std@@PAX@1@AAPAU21@@Z 10002cb0 f i ClientSession.obj
 0001:00001cb0       ??$construct@PAU?$_List_node@PAVIAccount@@PAX@std@@AAPAU12@@?$allocator@U?$_List_node@PAVIAccount@@PAX@std@@@std@@QAEXPAPAU?$_List_node@PAVIAccount@@PAX@1@AAPAU21@@Z 10002cb0 f i ClientSession.obj
 0001:00001cb0       ??$construct@PA_WAAPA_W@?$allocator@_W@std@@QAEXPAPA_WAAPA_W@Z 10002cb0 f i JSONHandler.obj
 0001:00001cb0       ??$construct@PADAAPAD@?$allocator@D@std@@QAEXPAPADAAPAD@Z 10002cb0 f i ClientProtocolImpl.obj
 0001:00001cb0       ??$construct@IABI@?$allocator@U?$_List_node@IPAX@std@@@std@@QAEXPAIABI@Z 10002cb0 f i ClientSession.obj
 0001:00001cb0       ??$construct@PAVIClientSession@@ABQAV1@@?$allocator@U?$_List_node@PAVIClientSession@@PAX@std@@@std@@QAEXPAPAVIClientSession@@ABQAV2@@Z 10002cb0 f i ClientSession.obj
 0001:00001cb0       ??$construct@PAU?$_List_node@PAVIClientSession@@PAX@std@@AAPAU12@@?$allocator@U?$_List_node@PAVIClientSession@@PAX@std@@@std@@QAEXPAPAU?$_List_node@PAVIClientSession@@PAX@1@AAPAU21@@Z 10002cb0 f i ClientSession.obj
 0001:00001d00       ?strstr@@YAPADQADQBD@Z     10002d00 f i ClientSession.obj
 0001:00001d20       ??$__vcrt_va_start_verify_argument_type@QB_W@@YAXXZ 10002d20 f i ClientSession.obj
 0001:00001d20       ??3@YAXPAX0@Z              10002d20 f i ClientSession.obj
 0001:00001d20       ??$__vcrt_va_start_verify_argument_type@QBD@@YAXXZ 10002d20 f i ClientSession.obj
 0001:00001d30       ___local_stdio_printf_options 10002d30 f i ClientSession.obj
 0001:00001d40       __vfwprintf_l              10002d40 f i ClientSession.obj
 0001:00001d70       _wprintf                   10002d70 f i ClientSession.obj
 0001:00001db0       __vfprintf_l               10002db0 f i ClientSession.obj
 0001:00001de0       _printf                    10002de0 f i ClientSession.obj
 0001:00001e20       __vsprintf_s_l             10002e20 f i ClientSession.obj
 0001:00001e70       _sprintf_s                 10002e70 f i ClientSession.obj
 0001:00001eb0       ?compare@?$char_traits@D@std@@SAHPBD0I@Z 10002eb0 f i ClientSession.obj
 0001:00001ef0       ?find@?$char_traits@D@std@@SAPBDPBDIABD@Z 10002ef0 f i ClientSession.obj
 0001:00001f30       ?_Getcont@_Iterator_base0@std@@QBEPBU_Container_base0@2@XZ 10002f30 f i ClientSession.obj
 0001:00001f40       ??0?$allocator@_W@std@@QAE@ABV01@@Z 10002f40 f i JSONHandler.obj
 0001:00001f40       ??0?$tuple@$$V@std@@QAE@ABV01@@Z 10002f40 f i ClientSession.obj
 0001:00001f40       ??0?$allocator@U?$_Tree_node@U?$pair@$$CBIPAVIClientSession@@@std@@PAX@std@@@std@@QAE@ABV01@@Z 10002f40 f i ClientSession.obj
 0001:00001f40       ??0?$allocator@U?$_List_node@IPAX@std@@@std@@QAE@ABV01@@Z 10002f40 f i ClientSession.obj
 0001:00001f40       ??$?0U_Exact_args_t@std@@$0A@@?$tuple@$$V@std@@QAE@U_Exact_args_t@1@@Z 10002f40 f i ClientSession.obj
 0001:00001f40       ??0?$allocator@D@std@@QAE@ABV01@@Z 10002f40 f i ClientSession.obj
 0001:00001f50       ??0_com_error@@QAE@JPAUIErrorInfo@@_N@Z 10002f50 f i ClientSession.obj
 0001:00001fb0       ??1_com_error@@UAE@XZ      10002fb0 f i ClientSession.obj
 0001:00002000       ?WCode@_com_error@@QBEGXZ  10003000 f i ClientSession.obj
 0001:00002020       ?ErrorMessage@_com_error@@QBEPBDXZ 10003020 f i ClientSession.obj
 0001:00002160       ?HRESULTToWCode@_com_error@@SAGJ@Z 10003160 f i ClientSession.obj
 0001:000021a0       ??_E_com_error@@UAEPAXI@Z  100031a0 f i * CIL library *:* CIL module *
 0001:000021a0       ??_G_com_error@@UAEPAXI@Z  100031a0 f i ClientSession.obj
 0001:000021d0       ??1IClientSession@@UAE@XZ  100031d0 f i ClientSession.obj
 0001:000021f0       ??_GIClientSession@@UAEPAXI@Z 100031f0 f i ClientSession.obj
 0001:000021f0       ??_EIClientSession@@UAEPAXI@Z 100031f0 f i * CIL library *:* CIL module *
 0001:00002220       ??1IClientSessionMgr@@UAE@XZ 10003220 f i ClientSession.obj
 0001:00002240       ??_GIClientSessionMgr@@UAEPAXI@Z 10003240 f i ClientSession.obj
 0001:00002240       ??_EIClientSessionMgr@@UAEPAXI@Z 10003240 f i * CIL library *:* CIL module *
 0001:00002270       ?GetAccountList@ClientSession@@UAEAAV?$list@PAVIAccount@@V?$allocator@PAVIAccount@@@std@@@std@@XZ 10003270 f i ClientSession.obj
 0001:00002290       ??0ClientSession@@QAE@IPADG@Z 10003290 f   ClientSession.obj
 0001:00002420       ??_GClientSession@@UAEPAXI@Z 10003420 f i ClientSession.obj
 0001:00002420       ??_EClientSession@@UAEPAXI@Z 10003420 f i * CIL library *:* CIL module *
 0001:00002460       ??0IClientSession@@QAE@XZ  10003460 f i ClientSession.obj
 0001:00002480       ?CreateWebsocketServerHandle@ClientSession@@QAE_NXZ 10003480 f   ClientSession.obj
 0001:000024e0       ??1ClientSession@@UAE@XZ   100034e0 f   ClientSession.obj
 0001:000025b0       ?GetClientId@ClientSession@@UAEIXZ 100035b0 f   ClientSession.obj
 0001:000025d0       ?GetClientIp@ClientSession@@UAEPADXZ 100035d0 f   ClientSession.obj
 0001:000025f0       ?GetclientPort@ClientSession@@UAEGXZ 100035f0 f   ClientSession.obj
 0001:00002610       ?IsHandShakeDone@ClientSession@@UAE_NXZ 10003610 f   ClientSession.obj
 0001:00002630       ?HandleBinaryRecdBuffer@ClientSession@@QAEXPADIPAVIServerProtocolEvents@@@Z 10003630 f   ClientSession.obj
 0001:000026a0       ?HandleWebsocketDataFrame@ClientSession@@QAEHPADIPAVIServerProtocolEvents@@@Z 100036a0 f   ClientSession.obj
 0001:000037e0       ?HandleRecdBuffer@ClientSession@@UAEXPADIPAVIServerProtocolEvents@@0AAH@Z 100047e0 f   ClientSession.obj
 0001:00004ac0       ?CheckHeartbeat@ClientSession@@UAEHXZ 10005ac0 f   ClientSession.obj
 0001:00004b40       ?AddAccount@ClientSession@@UAEXPAVIAccount@@@Z 10005b40 f   ClientSession.obj
 0001:00004b80       ?RemoveAccount@ClientSession@@UAE?AV?$_List_iterator@V?$_List_val@U?$_List_simple_types@PAVIAccount@@@std@@@std@@@std@@PAVIAccount@@AAV23@@Z 10005b80 f   ClientSession.obj
 0001:00004be0       ?SetUserName@ClientSession@@UAEXPAD@Z 10005be0 f   ClientSession.obj
 0001:00004c00       ?GetUserNameA@ClientSession@@UAEPBDXZ 10005c00 f   ClientSession.obj
 0001:00004c20       ??0ClientSessionMgr@@QAE@PAVIServerProtocol@@@Z 10005c20 f   ClientSession.obj
 0001:00004cf0       ??_EClientSessionMgr@@UAEPAXI@Z 10005cf0 f i * CIL library *:* CIL module *
 0001:00004cf0       ??_GClientSessionMgr@@UAEPAXI@Z 10005cf0 f i ClientSession.obj
 0001:00004d20       ??0IClientSessionMgr@@QAE@XZ 10005d20 f i ClientSession.obj
 0001:00004d40       ??1?$map@IPAVIClientSession@@U?$less@I@std@@V?$allocator@U?$pair@$$CBIPAVIClientSession@@@std@@@3@@std@@QAE@XZ 10005d40 f i ClientSession.obj
 0001:00004d60       ??1?$map@V?$basic_string@DU?$char_traits@D@std@@V?$allocator@D@2@@std@@V?$list@IV?$allocator@I@std@@@2@U?$less@V?$basic_string@DU?$char_traits@D@std@@V?$allocator@D@2@@std@@@2@V?$allocator@U?$pair@$$CBV?$basic_string@DU?$char_traits@D@std@@V?$allocator@D@2@@std@@V?$list@IV?$allocator@I@std@@@2@@std@@@2@@std@@QAE@XZ 10005d60 f i ClientSession.obj
 0001:00004d80       ??1ClientSessionMgr@@UAE@XZ 10005d80 f   ClientSession.obj
 0001:00004ea0       ?UpdateSendTime@ClientSessionMgr@@UAE_NI@Z 10005ea0 f   ClientSession.obj
 0001:00004f30       ?Add@ClientSessionMgr@@UAEXIPADG@Z 10005f30 f   ClientSession.obj
 0001:00005000       ?AcquireSessionLock@ClientSessionMgr@@UAEXXZ 10006000 f   ClientSession.obj
 0001:00005030       ?ReleaseSessionLock@ClientSessionMgr@@UAEXXZ 10006030 f   ClientSession.obj
 0001:00005060       ?AddUserName@ClientSessionMgr@@UAEXIV?$basic_string@DU?$char_traits@D@std@@V?$allocator@D@2@@std@@@Z 10006060 f   ClientSession.obj
 0001:00005230       ??1?$pair@V?$basic_string@DU?$char_traits@D@std@@V?$allocator@D@2@@std@@V?$list@IV?$allocator@I@std@@@2@@std@@QAE@XZ 10006230 f i ClientSession.obj
 0001:00005230       ??1?$pair@$$CBV?$basic_string@DU?$char_traits@D@std@@V?$allocator@D@2@@std@@V?$list@IV?$allocator@I@std@@@2@@std@@QAE@XZ 10006230 f i ClientSession.obj
 0001:00005250       ?Remove@ClientSessionMgr@@UAEXI@Z 10006250 f   ClientSession.obj
 0001:000053e0       ?GetClientSessionList@ClientSessionMgr@@UAEPAV?$list@IV?$allocator@I@std@@@std@@V?$basic_string@DU?$char_traits@D@std@@V?$allocator@D@2@@3@@Z 100063e0 f   ClientSession.obj
 0001:00005480       ?GetClientSession@ClientSessionMgr@@UAEPAVIClientSession@@I@Z 10006480 f   ClientSession.obj
 0001:00005500       ?DisconnectClient@ClientSessionMgr@@UAEXI@Z 10006500 f   ClientSession.obj
 0001:00005530       ?IsShutdown@ClientSessionMgr@@UAE_NXZ 10006530 f   ClientSession.obj
 0001:00005550       ?ConnectionReviewer@ClientSessionMgr@@SAKPAX@Z 10006550 f   ClientSession.obj
 0001:00005720       ?GetClientSessionMap@ClientSessionMgr@@QAEAAV?$map@IPAVIClientSession@@U?$less@I@std@@V?$allocator@U?$pair@$$CBIPAVIClientSession@@@std@@@3@@std@@XZ 10006720 f   ClientSession.obj
 0001:00005740       ?AcquireCS@ClientSessionMgr@@QAEXXZ 10006740 f   ClientSession.obj
 0001:00005760       ?ReleaseCS@ClientSessionMgr@@QAEXXZ 10006760 f   ClientSession.obj
 0001:00005780       ?SetGroupID@ClientSession@@UAEXH@Z 10006780 f   ClientSession.obj
 0001:000057a0       ?GetGroupID@ClientSession@@UAEHXZ 100067a0 f   ClientSession.obj
 0001:000057c0       ?WebsocketSend@ClientSession@@UAE_NPAXIPAVSocket@@@Z 100067c0 f   ClientSession.obj
 0001:00005ee0       ?HandleProcessedWebsocketData@ClientSession@@QAEHPADIPAVIServerProtocolEvents@@@Z 10006ee0 f   ClientSession.obj
 0001:00006460       ??D?$_Tree_iterator@V?$_Tree_val@U?$_Tree_simple_types@U?$pair@$$CBV?$basic_string@DU?$char_traits@D@std@@V?$allocator@D@2@@std@@V?$list@IV?$allocator@I@std@@@2@@std@@@std@@@std@@@std@@QBEAAU?$pair@$$CBV?$basic_string@DU?$char_traits@D@std@@V?$allocator@D@2@@std@@V?$list@IV?$allocator@I@std@@@2@@1@XZ 10007460 f i ClientSession.obj
 0001:00006460       ??D?$_Tree_iterator@V?$_Tree_val@U?$_Tree_simple_types@U?$pair@$$CBIPAVIClientSession@@@std@@@std@@@std@@@std@@QBEAAU?$pair@$$CBIPAVIClientSession@@@1@XZ 10007460 f i ClientSession.obj
 0001:00006480       ??9?$_List_const_iterator@V?$_List_val@U?$_List_simple_types@PAVIClientSession@@@std@@@std@@@std@@QBE_NABV01@@Z 10007480 f i ClientSession.obj
 0001:00006480       ??9?$_Tree_const_iterator@V?$_Tree_val@U?$_Tree_simple_types@U?$pair@$$CBV?$basic_string@DU?$char_traits@D@std@@V?$allocator@D@2@@std@@V?$list@IV?$allocator@I@std@@@2@@std@@@std@@@std@@@std@@QBE_NABV01@@Z 10007480 f i ClientSession.obj
 0001:00006480       ??9?$_Tree_const_iterator@V?$_Tree_val@U?$_Tree_simple_types@U?$pair@$$CBIPAVIClientSession@@@std@@@std@@@std@@@std@@QBE_NABV01@@Z 10007480 f i ClientSession.obj
 0001:00006480       ??9?$_List_const_iterator@V?$_List_val@U?$_List_simple_types@I@std@@@std@@@std@@QBE_NABV01@@Z 10007480 f i ClientSession.obj
 0001:000064c0       ?find@?$_Tree@V?$_Tmap_traits@V?$basic_string@DU?$char_traits@D@std@@V?$allocator@D@2@@std@@V?$list@IV?$allocator@I@std@@@2@U?$less@V?$basic_string@DU?$char_traits@D@std@@V?$allocator@D@2@@std@@@2@V?$allocator@U?$pair@$$CBV?$basic_string@DU?$char_traits@D@std@@V?$allocator@D@2@@std@@V?$list@IV?$allocator@I@std@@@2@@std@@@2@$0A@@std@@@std@@QAE?AV?$_Tree_iterator@V?$_Tree_val@U?$_Tree_simple_types@U?$pair@$$CBV?$basic_string@DU?$char_traits@D@std@@V?$allocator@D@2@@std@@V?$list@IV?$allocator@I@std@@@2@@std@@@std@@@std@@@2@ABV?$basic_string@DU?$char_traits@D@std@@V?$allocator@D@2@@2@@Z 100074c0 f i ClientSession.obj
 0001:00006560       ?erase@?$_Tree@V?$_Tmap_traits@V?$basic_string@DU?$char_traits@D@std@@V?$allocator@D@2@@std@@V?$list@IV?$allocator@I@std@@@2@U?$less@V?$basic_string@DU?$char_traits@D@std@@V?$allocator@D@2@@std@@@2@V?$allocator@U?$pair@$$CBV?$basic_string@DU?$char_traits@D@std@@V?$allocator@D@2@@std@@V?$list@IV?$allocator@I@std@@@2@@std@@@2@$0A@@std@@@std@@QAE?AV?$_Tree_iterator@V?$_Tree_val@U?$_Tree_simple_types@U?$pair@$$CBV?$basic_string@DU?$char_traits@D@std@@V?$allocator@D@2@@std@@V?$list@IV?$allocator@I@std@@@2@@std@@@std@@@std@@@2@V?$_Tree_const_iterator@V?$_Tree_val@U?$_Tree_simple_types@U?$pair@$$CBV?$basic_string@DU?$char_traits@D@std@@V?$allocator@D@2@@std@@V?$list@IV?$allocator@I@std@@@2@@std@@@std@@@std@@@2@@Z 10007560 f i ClientSession.obj
 0001:00006ce0       ?end@?$_Tree@V?$_Tmap_traits@V?$basic_string@DU?$char_traits@D@std@@V?$allocator@D@2@@std@@V?$list@IV?$allocator@I@std@@@2@U?$less@V?$basic_string@DU?$char_traits@D@std@@V?$allocator@D@2@@std@@@2@V?$allocator@U?$pair@$$CBV?$basic_string@DU?$char_traits@D@std@@V?$allocator@D@2@@std@@V?$list@IV?$allocator@I@std@@@2@@std@@@2@$0A@@std@@@std@@QAE?AV?$_Tree_iterator@V?$_Tree_val@U?$_Tree_simple_types@U?$pair@$$CBV?$basic_string@DU?$char_traits@D@std@@V?$allocator@D@2@@std@@V?$list@IV?$allocator@I@std@@@2@@std@@@std@@@std@@@2@XZ 10007ce0 f i ClientSession.obj
 0001:00006ce0       ?end@?$_Tree@V?$_Tmap_traits@IPAVIClientSession@@U?$less@I@std@@V?$allocator@U?$pair@$$CBIPAVIClientSession@@@std@@@3@$0A@@std@@@std@@QAE?AV?$_Tree_iterator@V?$_Tree_val@U?$_Tree_simple_types@U?$pair@$$CBIPAVIClientSession@@@std@@@std@@@std@@@2@XZ 10007ce0 f i ClientSession.obj
 0001:00006d40       ??1?$_Tree@V?$_Tmap_traits@V?$basic_string@DU?$char_traits@D@std@@V?$allocator@D@2@@std@@V?$list@IV?$allocator@I@std@@@2@U?$less@V?$basic_string@DU?$char_traits@D@std@@V?$allocator@D@2@@std@@@2@V?$allocator@U?$pair@$$CBV?$basic_string@DU?$char_traits@D@std@@V?$allocator@D@2@@std@@V?$list@IV?$allocator@I@std@@@2@@std@@@2@$0A@@std@@@std@@QAE@XZ 10007d40 f i ClientSession.obj
 0001:00006d90       ??0?$map@V?$basic_string@DU?$char_traits@D@std@@V?$allocator@D@2@@std@@V?$list@IV?$allocator@I@std@@@2@U?$less@V?$basic_string@DU?$char_traits@D@std@@V?$allocator@D@2@@std@@@2@V?$allocator@U?$pair@$$CBV?$basic_string@DU?$char_traits@D@std@@V?$allocator@D@2@@std@@V?$list@IV?$allocator@I@std@@@2@@std@@@2@@std@@QAE@XZ 10007d90 f i ClientSession.obj
 0001:00006db0       ??E?$_Tree_iterator@V?$_Tree_val@U?$_Tree_simple_types@U?$pair@$$CBIPAVIClientSession@@@std@@@std@@@std@@@std@@QAE?AV01@H@Z 10007db0 f i ClientSession.obj
 0001:00006de0       ??C?$_Tree_iterator@V?$_Tree_val@U?$_Tree_simple_types@U?$pair@$$CBIPAVIClientSession@@@std@@@std@@@std@@@std@@QBEPAU?$pair@$$CBIPAVIClientSession@@@1@XZ 10007de0 f i ClientSession.obj
[...]
 0002:00005db0       __tryblocktable$?_Buynode0@?$_Tree_comp_alloc@V?$_Tmap_traits@V?$basic_string@DU?$char_traits@D@std@@V?$allocator@D@2@@std@@V?$list@IV?$allocator@I@std@@@2@U?$less@V?$basic_string@DU?$char_traits@D@std@@V?$allocator@D@2@@std@@@2@V?$allocator@U?$pair@$$CBV?$basic_string@DU?$char_traits@D@std@@V?$allocator@D@2@@std@@V?$list@IV?$allocator@I@std@@@2@@std@@@2@$0A@@std@@@std@@QAEPAU?$_Tree_node@U?$pair@$$CBV?$basic_string@DU?$char_traits@D@std@@V?$allocator@D@2@@std@@V?$list@IV?$allocator@I@std@@@2@@std@@PAX@2@XZ 1002fdb0     ClientSession.obj
 0002:00005dc4       __catchsym$?_Buynode0@?$_Tree_comp_alloc@V?$_Tmap_traits@V?$basic_string@DU?$char_traits@D@std@@V?$allocator@D@2@@std@@V?$list@IV?$allocator@I@std@@@2@U?$less@V?$basic_string@DU?$char_traits@D@std@@V?$allocator@D@2@@std@@@2@V?$allocator@U?$pair@$$CBV?$basic_string@DU?$char_traits@D@std@@V?$allocator@D@2@@std@@V?$list@IV?$allocator@I@std@@@2@@std@@@2@$0A@@std@@@std@@QAEPAU?$_Tree_node@U?$pair@$$CBV?$basic_string@DU?$char_traits@D@std@@V?$allocator@D@2@@std@@V?$list@IV?$allocator@I@std@@@2@@std@@PAX@2@XZ$2 1002fdc4     ClientSession.obj
 0002:00005dd4       __ehfuncinfo$?_Buynode0@?$_Tree_comp_alloc@V?$_Tmap_traits@IPAVIClientSession@@U?$less@I@std@@V?$allocator@U?$pair@$$CBIPAVIClientSession@@@std@@@3@$0A@@std@@@std@@QAEPAU?$_Tree_node@U?$pair@$$CBIPAVIClientSession@@@std@@PAX@2@XZ 1002fdd4     ClientSession.obj
 0002:00005df8       __unwindtable$?_Buynode0@?$_Tree_comp_alloc@V?$_Tmap_traits@IPAVIClientSession@@U?$less@I@std@@V?$allocator@U?$pair@$$CBIPAVIClientSession@@@std@@@3@$0A@@std@@@std@@QAEPAU?$_Tree_node@U?$pair@$$CBIPAVIClientSession@@@std@@PAX@2@XZ 1002fdf8     ClientSession.obj
 0002:00005e08       __tryblocktable$?_Buynode0@?$_Tree_comp_alloc@V?$_Tmap_traits@IPAVIClientSession@@U?$less@I@std@@V?$allocator@U?$pair@$$CBIPAVIClientSession@@@std@@@3@$0A@@std@@@std@@QAEPAU?$_Tree_node@U?$pair@$$CBIPAVIClientSession@@@std@@PAX@2@XZ 1002fe08     ClientSession.obj
 0002:00005e1c       __catchsym$?_Buynode0@?$_Tree_comp_alloc@V?$_Tmap_traits@IPAVIClientSession@@U?$less@I@std@@V?$allocator@U?$pair@$$CBIPAVIClientSession@@@std@@@3@$0A@@std@@@std@@QAEPAU?$_Tree_node@U?$pair@$$CBIPAVIClientSession@@@std@@PAX@2@XZ$2 1002fe1c     ClientSession.obj
 0002:00005e2c       __ehfuncinfo$??$_Buynode@ABUpiecewise_construct_t@std@@V?$tuple@ABI@2@V?$tuple@$$V@2@@?$_Tree_comp_alloc@V?$_Tmap_traits@IPAVIClientSession@@U?$less@I@std@@V?$allocator@U?$pair@$$CBIPAVIClientSession@@@std@@@3@$0A@@std@@@std@@QAEPAU?$_Tree_node@U?$pair@$$CBIPAVIClientSession@@@std@@PAX@1@ABUpiecewise_construct_t@1@$$QAV?$tuple@ABI@1@$$QAV?$tuple@$$V@1@@Z 1002fe2c     ClientSession.obj
 0002:00005e50       __unwindtable$??$_Buynode@ABUpiecewise_construct_t@std@@V?$tuple@ABI@2@V?$tuple@$$V@2@@?$_Tree_comp_alloc@V?$_Tmap_traits@IPAVIClientSession@@U?$less@I@std@@V?$allocator@U?$pair@$$CBIPAVIClientSession@@@std@@@3@$0A@@std@@@std@@QAEPAU?$_Tree_node@U?$pair@$$CBIPAVIClientSession@@@std@@PAX@1@ABUpiecewise_construct_t@1@$$QAV?$tuple@ABI@1@$$QAV?$tuple@$$V@1@@Z 1002fe50     ClientSession.obj
 0002:00005e60       __tryblocktable$??$_Buynode@ABUpiecewise_construct_t@std@@V?$tuple@ABI@2@V?$tuple@$$V@2@@?$_Tree_comp_alloc@V?$_Tmap_traits@IPAVIClientSession@@U?$less@I@std@@V?$allocator@U?$pair@$$CBIPAVIClientSession@@@std@@@3@$0A@@std@@@std@@QAEPAU?$_Tree_node@U?$pair@$$CBIPAVIClientSession@@@std@@PAX@1@ABUpiecewise_construct_t@1@$$QAV?$tuple@ABI@1@$$QAV?$tuple@$$V@1@@Z 1002fe60     ClientSession.obj
 0002:00005e74       __catchsym$??$_Buynode@ABUpiecewise_construct_t@std@@V?$tuple@ABI@2@V?$tuple@$$V@2@@?$_Tree_comp_alloc@V?$_Tmap_traits@IPAVIClientSession@@U?$less@I@std@@V?$allocator@U?$pair@$$CBIPAVIClientSession@@@std@@@3@$0A@@std@@@std@@QAEPAU?$_Tree_node@U?$pair@$$CBIPAVIClientSession@@@std@@PAX@1@ABUpiecewise_construct_t@1@$$QAV?$tuple@ABI@1@$$QAV?$tuple@$$V@1@@Z$2 1002fe74     ClientSession.obj
 0002:00005e84       __ehfuncinfo$??$_Insert_hint@AAU?$pair@$$CBIPAVIClientSession@@@std@@PAU?$_Tree_node@U?$pair@$$CBIPAVIClientSession@@@std@@PAX@2@@?$_Tree@V?$_Tmap_traits@IPAVIClientSession@@U?$less@I@std@@V?$allocator@U?$pair@$$CBIPAVIClientSession@@@std@@@3@$0A@@std@@@std@@IAE?AV?$_Tree_iterator@V?$_Tree_val@U?$_Tree_simple_types@U?$pair@$$CBIPAVIClientSession@@@std@@@std@@@std@@@1@V?$_Tree_const_iterator@V?$_Tree_val@U?$_Tree_simple_types@U?$pair@$$CBIPAVIClientSession@@@std@@@std@@@std@@@1@AAU?$pair@$$CBIPAVIClientSession@@@1@PAU?$_Tree_node@U?$pair@$$CBIPAVIClientSession@@@std@@PAX@1@@Z 1002fe84     ClientSession.obj
 0002:00005ea8       __unwindtable$??$_Insert_hint@AAU?$pair@$$CBIPAVIClientSession@@@std@@PAU?$_Tree_node@U?$pair@$$CBIPAVIClientSession@@@std@@PAX@2@@?$_Tree@V?$_Tmap_traits@IPAVIClientSession@@U?$less@I@std@@V?$allocator@U?$pair@$$CBIPAVIClientSession@@@std@@@3@$0A@@std@@@std@@IAE?AV?$_Tree_iterator@V?$_Tree_val@U?$_Tree_simple_types@U?$pair@$$CBIPAVIClientSession@@@std@@@std@@@std@@@1@V?$_Tree_const_iterator@V?$_Tree_val@U?$_Tree_simple_types@U?$pair@$$CBIPAVIClientSession@@@std@@@std@@@std@@@1@AAU?$pair@$$CBIPAVIClientSession@@@1@PAU?$_Tree_node@U?$pair@$$CBIPAVIClientSession@@@std@@PAX@1@@Z 1002fea8     ClientSession.obj
 0002:00005eb8       __tryblocktable$??$_Insert_hint@AAU?$pair@$$CBIPAVIClientSession@@@std@@PAU?$_Tree_node@U?$pair@$$CBIPAVIClientSession@@@std@@PAX@2@@?$_Tree@V?$_Tmap_traits@IPAVIClientSession@@U?$less@I@std@@V?$allocator@U?$pair@$$CBIPAVIClientSession@@@std@@@3@$0A@@std@@@std@@IAE?AV?$_Tree_iterator@V?$_Tree_val@U?$_Tree_simple_types@U?$pair@$$CBIPAVIClientSession@@@std@@@std@@@std@@@1@V?$_Tree_const_iterator@V?$_Tree_val@U?$_Tree_simple_types@U?$pair@$$CBIPAVIClientSession@@@std@@@std@@@std@@@1@AAU?$pair@$$CBIPAVIClientSession@@@1@PAU?$_Tree_node@U?$pair@$$CBIPAVIClientSession@@@std@@PAX@1@@Z 1002feb8     ClientSession.obj
 0002:00005ecc       __catchsym$??$_Insert_hint@AAU?$pair@$$CBIPAVIClientSession@@@std@@PAU?$_Tree_node@U?$pair@$$CBIPAVIClientSession@@@std@@PAX@2@@?$_Tree@V?$_Tmap_traits@IPAVIClientSession@@U?$less@I@std@@V?$allocator@U?$pair@$$CBIPAVIClientSession@@@std@@@3@$0A@@std@@@std@@IAE?AV?$_Tree_iterator@V?$_Tree_val@U?$_Tree_simple_types@U?$pair@$$CBIPAVIClientSession@@@std@@@std@@@std@@@1@V?$_Tree_const_iterator@V?$_Tree_val@U?$_Tree_simple_types@U?$pair@$$CBIPAVIClientSession@@@std@@@std@@@std@@@1@AAU?$pair@$$CBIPAVIClientSession@@@1@PAU?$_Tree_node@U?$pair@$$CBIPAVIClientSession@@@std@@PAX@1@@Z$2 1002fecc     ClientSession.obj
 0002:00005edc       __ehfuncinfo$??$_Buynode@AAU?$pair@$$CBIPAVIClientSession@@@std@@@?$_Tree_comp_alloc@V?$_Tmap_traits@IPAVIClientSession@@U?$less@I@std@@V?$allocator@U?$pair@$$CBIPAVIClientSession@@@std@@@3@$0A@@std@@@std@@QAEPAU?$_Tree_node@U?$pair@$$CBIPAVIClientSession@@@std@@PAX@1@AAU?$pair@$$CBIPAVIClientSession@@@1@@Z 1002fedc     ClientSession.obj
 0002:00005f00       __unwindtable$??$_Buynode@AAU?$pair@$$CBIPAVIClientSession@@@std@@@?$_Tree_comp_alloc@V?$_Tmap_traits@IPAVIClientSession@@U?$less@I@std@@V?$allocator@U?$pair@$$CBIPAVIClientSession@@@std@@@3@$0A@@std@@@std@@QAEPAU?$_Tree_node@U?$pair@$$CBIPAVIClientSession@@@std@@PAX@1@AAU?$pair@$$CBIPAVIClientSession@@@1@@Z 1002ff00     ClientSession.obj
 0002:00005f10       __tryblocktable$??$_Buynode@AAU?$pair@$$CBIPAVIClientSession@@@std@@@?$_Tree_comp_alloc@V?$_Tmap_traits@IPAVIClientSession@@U?$less@I@std@@V?$allocator@U?$pair@$$CBIPAVIClientSession@@@std@@@3@$0A@@std@@@std@@QAEPAU?$_Tree_node@U?$pair@$$CBIPAVIClientSession@@@std@@PAX@1@AAU?$pair@$$CBIPAVIClientSession@@@1@@Z 1002ff10     ClientSession.obj
 0002:00005f24       __catchsym$??$_Buynode@AAU?$pair@$$CBIPAVIClientSession@@@std@@@?$_Tree_comp_alloc@V?$_Tmap_traits@IPAVIClientSession@@U?$less@I@std@@V?$allocator@U?$pair@$$CBIPAVIClientSession@@@std@@@3@$0A@@std@@@std@@QAEPAU?$_Tree_node@U?$pair@$$CBIPAVIClientSession@@@std@@PAX@1@AAU?$pair@$$CBIPAVIClientSession@@@1@@Z$2 1002ff24     ClientSession.obj
 0002:00005f34       __ehfuncinfo$??$construct@U?$pair@$$CBV?$basic_string@DU?$char_traits@D@std@@V?$allocator@D@2@@std@@V?$list@IV?$allocator@I@std@@@2@@std@@AAU?$pair@V?$basic_string@DU?$char_traits@D@std@@V?$allocator@D@2@@std@@V?$list@IV?$allocator@I@std@@@2@@2@@?$allocator@U?$_Tree_node@U?$pair@$$CBV?$basic_string@DU?$char_traits@D@std@@V?$allocator@D@2@@std@@V?$list@IV?$allocator@I@std@@@2@@std@@PAX@std@@@std@@QAEXPAU?$pair@$$CBV?$basic_string@DU?$char_traits@D@std@@V?$allocator@D@2@@std@@V?$list@IV?$allocator@I@std@@@2@@1@AAU?$pair@V?$basic_string@DU?$char_traits@D@std@@V?$allocator@D@2@@std@@V?$list@IV?$allocator@I@std@@@2@@1@@Z 1002ff34     ClientSession.obj
 0002:00005f34       __ehfuncinfo$??$construct@U?$pair@$$CBIPAVIClientSession@@@std@@AAU?$pair@IPAVIClientSession@@@2@@?$allocator@U?$_Tree_node@U?$pair@$$CBIPAVIClientSession@@@std@@PAX@std@@@std@@QAEXPAU?$pair@$$CBIPAVIClientSession@@@1@AAU?$pair@IPAVIClientSession@@@1@@Z 1002ff34     ClientSession.obj
 0002:00005f58       __unwindtable$??$construct@U?$pair@$$CBIPAVIClientSession@@@std@@AAU?$pair@IPAVIClientSession@@@2@@?$allocator@U?$_Tree_node@U?$pair@$$CBIPAVIClientSession@@@std@@PAX@std@@@std@@QAEXPAU?$pair@$$CBIPAVIClientSession@@@1@AAU?$pair@IPAVIClientSession@@@1@@Z 1002ff58     ClientSession.obj
 0002:00005f58       __unwindtable$??$construct@U?$pair@$$CBV?$basic_string@DU?$char_traits@D@std@@V?$allocator@D@2@@std@@V?$list@IV?$allocator@I@std@@@2@@std@@AAU?$pair@V?$basic_string@DU?$char_traits@D@std@@V?$allocator@D@2@@std@@V?$list@IV?$allocator@I@std@@@2@@2@@?$allocator@U?$_Tree_node@U?$pair@$$CBV?$basic_string@DU?$char_traits@D@std@@V?$allocator@D@2@@std@@V?$list@IV?$allocator@I@std@@@2@@std@@PAX@std@@@std@@QAEXPAU?$pair@$$CBV?$basic_string@DU?$char_traits@D@std@@V?$allocator@D@2@@std@@V?$list@IV?$allocator@I@std@@@2@@1@AAU?$pair@V?$basic_string@DU?$char_traits@D@std@@V?$allocator@D@2@@std@@V?$list@IV?$allocator@I@std@@@2@@1@@Z 1002ff58     ClientSession.obj
 0002:00005f60       __ehfuncinfo$??$construct@U?$pair@$$CBIPAVIClientSession@@@std@@ABUpiecewise_construct_t@2@V?$tuple@ABI@2@V?$tuple@$$V@2@@?$allocator@U?$_Tree_node@U?$pair@$$CBIPAVIClientSession@@@std@@PAX@std@@@std@@QAEXPAU?$pair@$$CBIPAVIClientSession@@@1@ABUpiecewise_construct_t@1@$$QAV?$tuple@ABI@1@$$QAV?$tuple@$$V@1@@Z 1002ff60     ClientSession.obj
 0002:00005f84       __unwindtable$??$construct@U?$pair@$$CBIPAVIClientSession@@@std@@ABUpiecewise_construct_t@2@V?$tuple@ABI@2@V?$tuple@$$V@2@@?$allocator@U?$_Tree_node@U?$pair@$$CBIPAVIClientSession@@@std@@PAX@std@@@std@@QAEXPAU?$pair@$$CBIPAVIClientSession@@@1@ABUpiecewise_construct_t@1@$$QAV?$tuple@ABI@1@$$QAV?$tuple@$$V@1@@Z 1002ff84     ClientSession.obj
 0002:00005f90       __ehfuncinfo$?GetObjectFromJSON@JSONHandler@@SAPAXPADIAAH@Z 1002ff90     JSONHandler.obj
 0002:00005fb4       __tryblocktable$?GetObjectFromJSON@JSONHandler@@SAPAXPADIAAH@Z 1002ffb4     JSONHandler.obj
 0002:00005fc8       __unwindtable$?GetObjectFromJSON@JSONHandler@@SAPAXPADIAAH@Z 1002ffc8     JSONHandler.obj
 0002:00006348       __catchsym$?GetObjectFromJSON@JSONHandler@@SAPAXPADIAAH@Z$112 10030348     JSONHandler.obj
 0002:00006368       __ehfuncinfo$?GetJSONFromObject@JSONHandler@@SA_NPAXHAAV?$basic_string@DU?$char_traits@D@std@@V?$allocator@D@2@@std@@AAI@Z 10030368     JSONHandler.obj
 0002:0000638c       __tryblocktable$?GetJSONFromObject@JSONHandler@@SA_NPAXHAAV?$basic_string@DU?$char_traits@D@std@@V?$allocator@D@2@@std@@AAI@Z 1003038c     JSONHandler.obj
 0002:000063a0       __unwindtable$?GetJSONFromObject@JSONHandler@@SA_NPAXHAAV?$basic_string@DU?$char_traits@D@std@@V?$allocator@D@2@@std@@AAI@Z 100303a0     JSONHandler.obj
 0002:00007768       __catchsym$?GetJSONFromObject@JSONHandler@@SA_NPAXHAAV?$basic_string@DU?$char_traits@D@std@@V?$allocator@D@2@@std@@AAI@Z$708 10031768     JSONHandler.obj
 0002:00007798       __ehfuncinfo$??0?$basic_stringstream@_WU?$char_traits@_W@std@@V?$allocator@_W@2@@std@@QAE@H@Z 10031798     JSONHandler.obj
 0002:000077bc       __unwindtable$??0?$basic_stringstream@_WU?$char_traits@_W@std@@V?$allocator@_W@2@@std@@QAE@H@Z 100317bc     JSONHandler.obj
 0002:000077cc       __ehfuncinfo$??0?$basic_stringbuf@_WU?$char_traits@_W@std@@V?$allocator@_W@2@@std@@QAE@H@Z 100317cc     JSONHandler.obj
 0002:000077f0       __unwindtable$??0?$basic_stringbuf@_WU?$char_traits@_W@std@@V?$allocator@_W@2@@std@@QAE@H@Z 100317f0     JSONHandler.obj
 0002:000077f8       __ehfuncinfo$?_Copy@?$basic_string@_WU?$char_traits@_W@std@@V?$allocator@_W@2@@std@@QAEXII@Z 100317f8     JSONHandler.obj
 0002:0000781c       __unwindtable$?_Copy@?$basic_string@_WU?$char_traits@_W@std@@V?$allocator@_W@2@@std@@QAEXII@Z 1003181c     JSONHandler.obj
 0002:0000783c       __tryblocktable$?_Copy@?$basic_string@_WU?$char_traits@_W@std@@V?$allocator@_W@2@@std@@QAEXII@Z 1003183c     JSONHandler.obj
 0002:00007864       __catchsym$?_Copy@?$basic_string@_WU?$char_traits@_W@std@@V?$allocator@_W@2@@std@@QAEXII@Z$4 10031864     JSONHandler.obj
 0002:00007874       __catchsym$?_Copy@?$basic_string@_WU?$char_traits@_W@std@@V?$allocator@_W@2@@std@@QAEXII@Z$5 10031874     JSONHandler.obj
 0002:00007884       __ehfuncinfo$??0sentry@?$basic_ostream@_WU?$char_traits@_W@std@@@std@@QAE@AAV12@@Z 10031884     JSONHandler.obj
 0002:000078a8       __unwindtable$??0sentry@?$basic_ostream@_WU?$char_traits@_W@std@@@std@@QAE@AAV12@@Z 100318a8     JSONHandler.obj
 0002:000078b0       __ehfuncinfo$??$?6_WU?$char_traits@_W@std@@V?$allocator@_W@1@@std@@YAAAV?$basic_ostream@_WU?$char_traits@_W@std@@@0@AAV10@ABV?$basic_string@_WU?$char_traits@_W@std@@V?$allocator@_W@2@@0@@Z 100318b0     JSONHandler.obj
 0002:000078d4       __unwindtable$??$?6_WU?$char_traits@_W@std@@V?$allocator@_W@1@@std@@YAAAV?$basic_ostream@_WU?$char_traits@_W@std@@@0@AAV10@ABV?$basic_string@_WU?$char_traits@_W@std@@V?$allocator@_W@2@@0@@Z 100318d4     JSONHandler.obj
 0002:000078ec       __tryblocktable$??$?6_WU?$char_traits@_W@std@@V?$allocator@_W@1@@std@@YAAAV?$basic_ostream@_WU?$char_traits@_W@std@@@0@AAV10@ABV?$basic_string@_WU?$char_traits@_W@std@@V?$allocator@_W@2@@0@@Z 100318ec     JSONHandler.obj
 0002:00007900       __catchsym$??$?6_WU?$char_traits@_W@std@@V?$allocator@_W@1@@std@@YAAAV?$basic_ostream@_WU?$char_traits@_W@std@@@0@AAV10@ABV?$basic_string@_WU?$char_traits@_W@std@@V?$allocator@_W@2@@0@@Z$3 10031900     JSONHandler.obj
 0002:00007910       __ehfuncinfo$??0ServerProtocol@@QAE@XZ 10031910     ServerProtocolImpl.obj
 0002:00007934       __unwindtable$??0ServerProtocol@@QAE@XZ 10031934     ServerProtocolImpl.obj
 0002:00007944       __ehfuncinfo$?CreateServerProtocol@@YGPAVIServerProtocol@@XZ 10031944     ServerProtocolImpl.obj
 0002:00007968       __unwindtable$?CreateServerProtocol@@YGPAVIServerProtocol@@XZ 10031968     ServerProtocolImpl.obj
 0002:00007970       __sehtable$___scrt_is_nonwritable_in_current_image 10031970     MSVCRT:utility.obj
 0002:00007990       __sehtable$?dllmain_crt_process_attach@@YAHQAUHINSTANCE__@@QAX@Z 10031990     MSVCRT:dll_dllmain.obj
 0002:000079b0       __sehtable$?dllmain_crt_process_detach@@YAH_N@Z 100319b0     MSVCRT:dll_dllmain.obj
 0002:000079d0       __sehtable$?dllmain_dispatch@@YAHQAUHINSTANCE__@@KQAX@Z 100319d0     MSVCRT:dll_dllmain.obj
 0002:00007ad0       .edata                     10031ad0     ProtocolLib.exp
 0002:00007af8       rgpv                       10031af8     ProtocolLib.exp
 0002:00007b08       rgszName                   10031b08     ProtocolLib.exp
 0002:00007b18       rgwOrd                     10031b18     ProtocolLib.exp
 0002:00007b20       szName                     10031b20     ProtocolLib.exp
 0002:00007b30       $N00001                    10031b30     ProtocolLib.exp
 0002:00007b60       $N00002                    10031b60     ProtocolLib.exp
 0002:00007b90       $N00003                    10031b90     ProtocolLib.exp
 0002:00007bc2       $N00004                    10031bc2     ProtocolLib.exp
 0002:0000839c       .idata$6                   1003239c     cpprest140_2_8:cpprest140_2_8.dll
 0002:000083b0       .idata$6                   100323b0     ws2_32:WS2_32.dll
 0002:00008460       .idata$6                   10032460     Socket:Socket.dll
 0002:0000848a       .idata$6                   1003248a     xlogger:xLogger.dll
 0002:000084f6       .idata$6                   100324f6     Utilities:Utilities.dll
 0002:000085e4       .idata$6                   100325e4     websocket:websocket.dll
 0002:0000870a       .idata$6                   1003270a     kernel32:KERNEL32.dll
 0002:000091d2       .idata$6                   100331d2     msvcprt:MSVCP140.dll
 0002:000092bc       .idata$6                   100332bc     vcruntime:VCRUNTIME140.dll
 0002:0000947c       .idata$6                   1003347c     ucrt:api-ms-win-crt-runtime-l1-1-0.dll
 0002:0000949e       .idata$6                   1003349e     ucrt:api-ms-win-crt-time-l1-1-0.dll
 0002:000094be       .idata$6                   100334be     ucrt:api-ms-win-crt-heap-l1-1-0.dll
 0002:000094de       .idata$6                   100334de     ucrt:api-ms-win-crt-stdio-l1-1-0.dll
 0002:000094fe       .idata$6                   100334fe     ucrt:api-ms-win-crt-string-l1-1-0.dll
 0003:0000047c       ?_Tss_mutex@@3U_RTL_CRITICAL_SECTION@@A 1003447c     MSVCRT:thread_safe_statics.obj
 0003:00000494       ?_Tss_cv@@3U_RTL_CONDITION_VARIABLE@@A 10034494     MSVCRT:thread_safe_statics.obj
 0003:00000498       ?_Tss_event@@3PAXA         10034498     MSVCRT:thread_safe_statics.obj
 0003:0000049c       ?encoded_sleep_condition_variable_cs@@3P6GHPAU_RTL_CONDITION_VARIABLE@@PAU_RTL_CRITICAL_SECTION@@K@ZA 1003449c     MSVCRT:thread_safe_statics.obj
 0003:000004a0       ?encoded_wake_all_condition_variable@@3P6GXPAU_RTL_CONDITION_VARIABLE@@@ZA 100344a0     MSVCRT:thread_safe_statics.obj
 0003:000004ac       ?module_local_atexit_table@@3U_onexit_table_t@@A 100344ac     MSVCRT:utility.obj
 0003:000004b8       ?module_local_at_quick_exit_table@@3U_onexit_table_t@@A 100344b8     MSVCRT:utility.obj
 0003:000004c4       ?is_initialized_as_dll@@3_NA 100344c4     MSVCRT:utility.obj
 0003:000004c8       _GS_ExceptionRecord        100344c8     MSVCRT:gs_report.obj
 0003:00000518       _GS_ContextRecord          10034518     MSVCRT:gs_report.obj
 0003:000007e4       ?__proc_attached@@3HA      100347e4     MSVCRT:dll_dllmain.obj
 0003:00000808       ?count@?1??GetMessageObject@@YAPAXI@Z@4HA 10034808     ClientProtocolImpl.obj
 0003:0000081c       ?count@?1??GetMessageObject@@YAPAXI@Z@4HA 1003481c     JSONHandler.obj
 0005:00000000       __guard_fids__             10036000     MSVCRT:thread_safe_statics.obj
 0005:00000004       __guard_fids_?__scrt_initialize_thread_safe_statics@@YAHXZ 10036004     MSVCRT:thread_safe_statics.obj
 0005:00000008       __guard_fids__             10036008     MSVCRT:std_type_info_static.obj
 0005:0000000c       __guard_fids_?dllmain_crt_process_attach@@YAHQAUHINSTANCE__@@QAX@Z 1003600c     MSVCRT:dll_dllmain.obj
 0005:00000014       __guard_fids_?dllmain_dispatch@@YAHQAUHINSTANCE__@@KQAX@Z 10036014     MSVCRT:dll_dllmain.obj
 0005:00000018       __guard_fids__             10036018     MSVCRT:throw_bad_alloc.obj
 0005:00000020       __guard_fids__             10036020     MSVCRT:throw_bad_alloc.obj
 0005:00000028       __guard_fids__             10036028     MSVCRT:throw_bad_alloc.obj
 0005:00000030       __guard_fids__             10036030     MSVCRT:throw_bad_alloc.obj
 0005:00000034       __guard_fids__             10036034     MSVCRT:throw_bad_alloc.obj
 0005:00000038       __guard_fids__             10036038     MSVCRT:throw_bad_alloc.obj
 0005:0000003c       __guard_fids__             1003603c     MSVCRT:throw_bad_alloc.obj
 0005:00000040       __guard_fids___except_handler4 10036040     MSVCRT:_chandler4gs_.obj
 0005:00000044       __guard_fids__             10036044     MSVCRT:guard_support.obj
 0006:000000a0       $R000000                   100370a0     ProtocolLib1.res
 0006:000003c8       $R000328                   100373c8     ProtocolLib1.res
