 Socket

 Timestamp is 595de3b8 (Thu Jul  6 12:46:08 2017)

 Preferred load address is 10000000

 Start         Length     Name                   Class
 0001:00000000 0000cca0H .text$mn                CODE
 0001:0000cca0 0000075dH .text$x                 CODE
 0002:00000000 00000158H .idata$5                DATA
 0002:00000158 00000004H .00cfg                  DATA
 0002:0000015c 00000004H .CRT$XCA                DATA
 0002:00000160 00000004H .CRT$XCZ                DATA
 0002:00000164 00000004H .CRT$XIA                DATA
 0002:00000168 00000004H .CRT$XIZ                DATA
 0002:0000016c 00000004H .CRT$XPA                DATA
 0002:00000170 00000004H .CRT$XPZ                DATA
 0002:00000174 00000004H .CRT$XTA                DATA
 0002:00000178 00000008H .CRT$XTZ                DATA
 0002:00000180 0000146cH .rdata                  DATA
 0002:000015ec 00000264H .rdata$r                DATA
 0002:00001850 000000a0H .rdata$sxdata           DATA
 0002:000018f0 000002c8H .rdata$zzzdbg           DATA
 0002:00001bb8 00000004H .rtc$IAA                DATA
 0002:00001bbc 00000004H .rtc$IZZ                DATA
 0002:00001bc0 00000004H .rtc$TAA                DATA
 0002:00001bc4 00000004H .rtc$TZZ                DATA
 0002:00001bc8 00000a58H .xdata$x                DATA
 0002:00002620 000000f4H .edata                  DATA
 0002:00002714 0000008cH .idata$2                DATA
 0002:000027a0 00000014H .idata$3                DATA
 0002:000027b4 00000158H .idata$4                DATA
 0002:0000290c 000005caH .idata$6                DATA
 0003:00000000 00000020H .data                   DATA
 0003:00000020 000000d8H .data$r                 DATA
 0003:000000f8 00000374H .bss                    DATA
 0004:00000000 00000044H .gfids$y                DATA
 0005:00000000 000000a0H .rsrc$01                DATA
 0005:000000a0 000004a0H .rsrc$02                DATA

  Address         Publics by Value              Rva+Base       Lib:Object

 0000:00000000       ___guard_longjmp_count     00000000     <absolute>
 0000:00000000       ___guard_fids_count        00000000     <absolute>
 0000:00000000       ___guard_iat_count         00000000     <absolute>
 0000:00000000       ___guard_longjmp_table     00000000     <absolute>
 0000:00000000       ___guard_fids_table        00000000     <absolute>
 0000:00000000       ___guard_iat_table         00000000     <absolute>
 0000:00000000       ___dynamic_value_reloc_table 00000000     <absolute>
 0000:00000028       ___safe_se_handler_count   00000028     <absolute>
 0000:00000100       ___guard_flags             00000100     <absolute>
 0000:00000000       ___ImageBase               10000000     <linker-defined>
 0001:00000000       _DllMain@12                10001000 f   dllmain.obj
 0001:00000020       ??0CIOCPBuffer@@QAE@XZ     10001020 f   IOCPBuffer.obj
 0001:00000050       ??_ECIOCPBuffer@@UAEPAXI@Z 10001050 f i * CIL library *:* CIL module *
 0001:00000050       ??_GCIOCPBuffer@@UAEPAXI@Z 10001050 f i IOCPBuffer.obj
 0001:00000090       ?Init@CIOCPBuffer@@QAEXXZ  10001090 f   IOCPBuffer.obj
 0001:000000e0       ??1CIOCPBuffer@@UAE@XZ     100010e0 f   IOCPBuffer.obj
 0001:00000100       ?GetBuffer@CIOCPBuffer@@QAEPAEXZ 10001100 f   IOCPBuffer.obj
 0001:00000120       ?AddData@CIOCPBuffer@@QAEHPBEI@Z 10001120 f   IOCPBuffer.obj
 0001:00000180       ?GetUsed@CIOCPBuffer@@QAEIXZ 10001180 f   IOCPBuffer.obj
 0001:000001a0       ?Use@CIOCPBuffer@@QAEII@Z  100011a0 f   IOCPBuffer.obj
 0001:000001d0       ?EmptyUsed@CIOCPBuffer@@QAEXXZ 100011d0 f   IOCPBuffer.obj
 0001:000001f0       ?SetOperation@CIOCPBuffer@@QAEXH@Z 100011f0 f   IOCPBuffer.obj
 0001:00000220       ?SetupZeroByteRead@CIOCPBuffer@@QAEXXZ 10001220 f   IOCPBuffer.obj
 0001:00000250       ?SetupRead@CIOCPBuffer@@QAEXXZ 10001250 f   IOCPBuffer.obj
 0001:000002b0       ?SetupWrite@CIOCPBuffer@@QAEXXZ 100012b0 f   IOCPBuffer.obj
 0001:000002e0       ?GetWSABuffer@CIOCPBuffer@@QAEPAU_WSABUF@@XZ 100012e0 f   IOCPBuffer.obj
 0001:00000300       ?GetOperation@CIOCPBuffer@@QAEHXZ 10001300 f   IOCPBuffer.obj
 0001:00000320       ?SetSequenceNumber@CIOCPBuffer@@QAEXH@Z 10001320 f   IOCPBuffer.obj
 0001:00000340       ?GetSequenceNumber@CIOCPBuffer@@QAEHXZ 10001340 f   IOCPBuffer.obj
 0001:00000360       ?CreatePackage@CIOCPBuffer@@QAEHEIPAD@Z 10001360 f   IOCPBuffer.obj
 0001:000003a0       ?GetPackageSize@CIOCPBuffer@@QAEIXZ 100013a0 f   IOCPBuffer.obj
 0001:000003e0       ?GetPackageInfo@CIOCPBuffer@@QAEHAAEAAIPAD@Z 100013e0 f   IOCPBuffer.obj
 0001:00000440       ??0?$_List_iterator@V?$_List_val@U?$_List_simple_types@PAVCIOCPBuffer@@@std@@@std@@@std@@QAE@XZ 10001440 f i IOCPBuffer.obj
 0001:00000460       ??4?$basic_string@DU?$char_traits@D@std@@V?$allocator@D@2@@std@@QAEAAV01@PBD@Z 10001460 f i IOCPBuffer.obj
 0001:00000480       ??1?$basic_string@DU?$char_traits@D@std@@V?$allocator@D@2@@std@@QAE@XZ 10001480 f i IOCPBuffer.obj
 0001:000004d0       ??1?$_String_alloc@U?$_String_base_types@DV?$allocator@D@std@@@std@@@std@@QAE@XZ 100014d0 f i IOCPBuffer.obj
 0001:000004f0       ??1?$_Compressed_pair@U?$_Wrap_alloc@V?$allocator@D@std@@@std@@V?$_String_val@U?$_Simple_types@D@std@@@2@$00@std@@QAE@XZ 100014f0 f i IOCPBuffer.obj
 0001:00000510       ??1?$_String_val@U?$_Simple_types@D@std@@@std@@QAE@XZ 10001510 f i IOCPBuffer.obj
 0001:00000530       ??0?$_Tree_const_iterator@V?$_Tree_val@U?$_Tree_simple_types@U?$pair@$$CBIPAVCIOCPBuffer@@@std@@@std@@@std@@@std@@QAE@XZ 10001530 f i IOCPS.obj
 0001:00000530       ??0?$_Tree_const_iterator@V?$_Tree_val@U?$_Tree_simple_types@U?$pair@$$CBGPAX@std@@@std@@@std@@@std@@QAE@XZ 10001530 f i IOCPS.obj
 0001:00000530       ??0?$_Tree_const_iterator@V?$_Tree_val@U?$_Tree_simple_types@U?$pair@$$CBIPAUClientContext@@@std@@@std@@@std@@@std@@QAE@XZ 10001530 f i IOCPS.obj
 0001:00000530       ??0?$_List_const_iterator@V?$_List_val@U?$_List_simple_types@PAVCIOCPBuffer@@@std@@@std@@@std@@QAE@XZ 10001530 f i IOCPBuffer.obj
 0001:00000550       ??1_Bxty@?$_String_val@U?$_Simple_types@D@std@@@std@@QAE@XZ 10001550 f i IOCPBuffer.obj
 0001:00000560       ?_Mysize@?$_String_alloc@U?$_String_base_types@DV?$allocator@D@std@@@std@@@std@@QBEABIXZ 10001560 f i IOCPBuffer.obj
 0001:00000560       ?_Mysize@?$_String_alloc@U?$_String_base_types@DV?$allocator@D@std@@@std@@@std@@QAEAAIXZ 10001560 f i IOCPBuffer.obj
 0001:00000580       ?_Getal@?$_List_alloc@U?$_List_base_types@PAUClientContext@@V?$allocator@PAUClientContext@@@std@@@std@@@std@@QAEAAU?$_Wrap_alloc@V?$allocator@U?$_List_node@PAUClientContext@@PAX@std@@@std@@@2@XZ 10001580 f i IOCPS.obj
 0001:00000580       ?_Getal@?$_List_alloc@U?$_List_base_types@PAUJobItem@@V?$allocator@PAUJobItem@@@std@@@std@@@std@@QAEAAU?$_Wrap_alloc@V?$allocator@U?$_List_node@PAUJobItem@@PAX@std@@@std@@@2@XZ 10001580 f i IOCPS.obj
 0001:00000580       ?_Get_data@?$_String_alloc@U?$_String_base_types@DV?$allocator@D@std@@@std@@@std@@QAEAAV?$_String_val@U?$_Simple_types@D@std@@@2@XZ 10001580 f i IOCPBuffer.obj
 0001:00000580       ?_Getcomp@?$_Tree_comp_alloc@V?$_Tmap_traits@IPAVCIOCPBuffer@@U?$less@I@std@@V?$allocator@U?$pair@$$CBIPAVCIOCPBuffer@@@std@@@3@$0A@@std@@@std@@QAEAAU?$less@I@2@XZ 10001580 f i IOCPS.obj
 0001:00000580       ?_Getal@?$_List_alloc@U?$_List_base_types@PAXV?$allocator@PAX@std@@@std@@@std@@QBEABU?$_Wrap_alloc@V?$allocator@U?$_List_node@PAXPAX@std@@@std@@@2@XZ 10001580 f i IOCPS.obj
 0001:00000580       ?_Getal@?$_List_alloc@U?$_List_base_types@PAUClientContext@@V?$allocator@PAUClientContext@@@std@@@std@@@std@@QBEABU?$_Wrap_alloc@V?$allocator@U?$_List_node@PAUClientContext@@PAX@std@@@std@@@2@XZ 10001580 f i IOCPS.obj
 0001:00000580       ?_Get_data@?$_List_alloc@U?$_List_base_types@PAUJobItem@@V?$allocator@PAUJobItem@@@std@@@std@@@std@@QBEABV?$_List_val@U?$_List_simple_types@PAUJobItem@@@std@@@2@XZ 10001580 f i IOCPS.obj
 0001:00000580       ?_Getcomp@?$_Tree_comp_alloc@V?$_Tmap_traits@IPAVCIOCPBuffer@@U?$less@I@std@@V?$allocator@U?$pair@$$CBIPAVCIOCPBuffer@@@std@@@3@$0A@@std@@@std@@QBEABU?$less@I@2@XZ 10001580 f i IOCPS.obj
 0001:00000580       ?_Getal@?$_List_alloc@U?$_List_base_types@PAVCIOCPBuffer@@V?$allocator@PAVCIOCPBuffer@@@std@@@std@@@std@@QBEABU?$_Wrap_alloc@V?$allocator@U?$_List_node@PAVCIOCPBuffer@@PAX@std@@@std@@@2@XZ 10001580 f i IOCPS.obj
 0001:00000580       ?_Getal@?$_List_alloc@U?$_List_base_types@PAVCIOCPBuffer@@V?$allocator@PAVCIOCPBuffer@@@std@@@std@@@std@@QAEAAU?$_Wrap_alloc@V?$allocator@U?$_List_node@PAVCIOCPBuffer@@PAX@std@@@std@@@2@XZ 10001580 f i IOCPS.obj
 0001:00000580       ?_Get_data@?$_List_alloc@U?$_List_base_types@PAVCIOCPBuffer@@V?$allocator@PAVCIOCPBuffer@@@std@@@std@@@std@@QAEAAV?$_List_val@U?$_List_simple_types@PAVCIOCPBuffer@@@std@@@2@XZ 10001580 f i IOCPS.obj
 0001:00000580       ?_Getal@?$_String_alloc@U?$_String_base_types@DV?$allocator@D@std@@@std@@@std@@QAEAAU?$_Wrap_alloc@V?$allocator@D@std@@@2@XZ 10001580 f i IOCPBuffer.obj
 0001:00000580       ?_Get_data@?$_List_alloc@U?$_List_base_types@PAXV?$allocator@PAX@std@@@std@@@std@@QBEABV?$_List_val@U?$_List_simple_types@PAX@std@@@2@XZ 10001580 f i IOCPS.obj
 0001:00000580       ?_Getcomp@?$_Tree_comp_alloc@V?$_Tmap_traits@GPAXU?$less@G@std@@V?$allocator@U?$pair@$$CBGPAX@std@@@2@$0A@@std@@@std@@QBEABU?$less@G@2@XZ 10001580 f i IOCPS.obj
 0001:00000580       ?_Getcomp@?$_Tree_comp_alloc@V?$_Tmap_traits@GPAXU?$less@G@std@@V?$allocator@U?$pair@$$CBGPAX@std@@@2@$0A@@std@@@std@@QAEAAU?$less@G@2@XZ 10001580 f i IOCPS.obj
 0001:00000580       ?_Get_data@?$_String_alloc@U?$_String_base_types@DV?$allocator@D@std@@@std@@@std@@QBEABV?$_String_val@U?$_Simple_types@D@std@@@2@XZ 10001580 f i IOCPBuffer.obj
 0001:00000580       ?_Getcomp@?$_Tree_comp_alloc@V?$_Tmap_traits@IPAUClientContext@@U?$less@I@std@@V?$allocator@U?$pair@$$CBIPAUClientContext@@@std@@@3@$0A@@std@@@std@@QAEAAU?$less@I@2@XZ 10001580 f i IOCPS.obj
 0001:00000580       ?_Getal@?$_String_alloc@U?$_String_base_types@DV?$allocator@D@std@@@std@@@std@@QBEABU?$_Wrap_alloc@V?$allocator@D@std@@@2@XZ 10001580 f i IOCPBuffer.obj
 0001:00000580       ?_Getal@?$_List_alloc@U?$_List_base_types@PAXV?$allocator@PAX@std@@@std@@@std@@QAEAAU?$_Wrap_alloc@V?$allocator@U?$_List_node@PAXPAX@std@@@std@@@2@XZ 10001580 f i IOCPS.obj
 0001:00000580       ?_Get_data@?$_List_alloc@U?$_List_base_types@PAXV?$allocator@PAX@std@@@std@@@std@@QAEAAV?$_List_val@U?$_List_simple_types@PAX@std@@@2@XZ 10001580 f i IOCPS.obj
 0001:00000580       ?_Getcomp@?$_Tree_comp_alloc@V?$_Tmap_traits@IPAUClientContext@@U?$less@I@std@@V?$allocator@U?$pair@$$CBIPAUClientContext@@@std@@@3@$0A@@std@@@std@@QBEABU?$less@I@2@XZ 10001580 f i IOCPS.obj
 0001:00000580       ?_Get_data@?$_List_alloc@U?$_List_base_types@PAUJobItem@@V?$allocator@PAUJobItem@@@std@@@std@@@std@@QAEAAV?$_List_val@U?$_List_simple_types@PAUJobItem@@@std@@@2@XZ 10001580 f i IOCPS.obj
 0001:00000580       ?_Get_data@?$_List_alloc@U?$_List_base_types@PAUClientContext@@V?$allocator@PAUClientContext@@@std@@@std@@@std@@QBEABV?$_List_val@U?$_List_simple_types@PAUClientContext@@@std@@@2@XZ 10001580 f i IOCPS.obj
 0001:00000580       ?_Get_data@?$_List_alloc@U?$_List_base_types@PAUClientContext@@V?$allocator@PAUClientContext@@@std@@@std@@@std@@QAEAAV?$_List_val@U?$_List_simple_types@PAUClientContext@@@std@@@2@XZ 10001580 f i IOCPS.obj
 0001:00000580       ?_Get_data@?$_List_alloc@U?$_List_base_types@PAVCIOCPBuffer@@V?$allocator@PAVCIOCPBuffer@@@std@@@std@@@std@@QBEABV?$_List_val@U?$_List_simple_types@PAVCIOCPBuffer@@@std@@@2@XZ 10001580 f i IOCPS.obj
 0001:000005a0       ?_Myptr@?$_String_alloc@U?$_String_base_types@DV?$allocator@D@std@@@std@@@std@@QAEPADXZ 100015a0 f i IOCPBuffer.obj
 0001:000005a0       ?_Myptr@?$_String_alloc@U?$_String_base_types@DV?$allocator@D@std@@@std@@@std@@QBEPBDXZ 100015a0 f i IOCPBuffer.obj
 0001:000005c0       ?_Tidy@?$basic_string@DU?$char_traits@D@std@@V?$allocator@D@2@@std@@QAEX_NI@Z 100015c0 f i IOCPBuffer.obj
 0001:00000680       ?assign@?$basic_string@DU?$char_traits@D@std@@V?$allocator@D@2@@std@@QAEAAV12@PBD@Z 10001680 f i IOCPBuffer.obj
 0001:000006b0       ?assign@?$basic_string@DU?$char_traits@D@std@@V?$allocator@D@2@@std@@QAEAAV12@PBDI@Z 100016b0 f i IOCPBuffer.obj
 0001:00000730       ?assign@?$basic_string@DU?$char_traits@D@std@@V?$allocator@D@2@@std@@QAEAAV12@ABV12@II@Z 10001730 f i IOCPBuffer.obj
 0001:000007d0       ??0?$_List_unchecked_const_iterator@V?$_List_val@U?$_List_simple_types@PAVCIOCPBuffer@@@std@@@std@@U_Iterator_base0@2@@std@@QAE@XZ 100017d0 f i IOCPBuffer.obj
 0001:000007d0       ??0?$_Tree_unchecked_const_iterator@V?$_Tree_val@U?$_Tree_simple_types@U?$pair@$$CBGPAX@std@@@std@@@std@@U_Iterator_base0@2@@std@@QAE@XZ 100017d0 f i IOCPS.obj
 0001:000007d0       ??0?$_Tree_unchecked_const_iterator@V?$_Tree_val@U?$_Tree_simple_types@U?$pair@$$CBIPAVCIOCPBuffer@@@std@@@std@@@std@@U_Iterator_base0@2@@std@@QAE@XZ 100017d0 f i IOCPS.obj
 0001:000007d0       ??0?$_Tree_unchecked_const_iterator@V?$_Tree_val@U?$_Tree_simple_types@U?$pair@$$CBIPAUClientContext@@@std@@@std@@@std@@U_Iterator_base0@2@@std@@QAE@XZ 100017d0 f i IOCPS.obj
 0001:000007f0       ??0?$allocator@U?$_Tree_node@U?$pair@$$CBIPAVCIOCPBuffer@@@std@@PAX@std@@@std@@QAE@XZ 100017f0 f i IOCPS.obj
 0001:000007f0       ?_Get_first@?$_Compressed_pair@U?$_Wrap_alloc@V?$allocator@U?$_List_node@PAVCIOCPBuffer@@PAX@std@@@std@@@std@@V?$_List_val@U?$_List_simple_types@PAVCIOCPBuffer@@@std@@@2@$00@std@@QBEABU?$_Wrap_alloc@V?$allocator@U?$_List_node@PAVCIOCPBuffer@@PAX@std@@@std@@@2@XZ 100017f0 f i IOCPS.obj
 0001:000007f0       ?_Get_first@?$_Compressed_pair@U?$_Wrap_alloc@V?$allocator@U?$_List_node@PAUClientContext@@PAX@std@@@std@@@std@@V?$_List_val@U?$_List_simple_types@PAUClientContext@@@std@@@2@$00@std@@QBEABU?$_Wrap_alloc@V?$allocator@U?$_List_node@PAUClientContext@@PAX@std@@@std@@@2@XZ 100017f0 f i IOCPS.obj
 0001:000007f0       ?_Get_first@?$_Compressed_pair@U?$_Wrap_alloc@V?$allocator@U?$_Tree_node@U?$pair@$$CBIPAUClientContext@@@std@@PAX@std@@@std@@@std@@V?$_Tree_val@U?$_Tree_simple_types@U?$pair@$$CBIPAUClientContext@@@std@@@std@@@2@$00@std@@QBEABU?$_Wrap_alloc@V?$allocator@U?$_Tree_node@U?$pair@$$CBIPAUClientContext@@@std@@PAX@std@@@std@@@2@XZ 100017f0 f i IOCPS.obj
 0001:000007f0       ?_Get_first@?$_Compressed_pair@U?$_Wrap_alloc@V?$allocator@U?$_Tree_node@U?$pair@$$CBGPAX@std@@PAX@std@@@std@@@std@@V?$_Tree_val@U?$_Tree_simple_types@U?$pair@$$CBGPAX@std@@@std@@@2@$00@std@@QBEABU?$_Wrap_alloc@V?$allocator@U?$_Tree_node@U?$pair@$$CBGPAX@std@@PAX@std@@@std@@@2@XZ 100017f0 f i IOCPS.obj
 0001:000007f0       ?_Get_first@?$_Compressed_pair@U?$_Wrap_alloc@V?$allocator@D@std@@@std@@V?$_String_val@U?$_Simple_types@D@std@@@2@$00@std@@QBEABU?$_Wrap_alloc@V?$allocator@D@std@@@2@XZ 100017f0 f i IOCPBuffer.obj
 0001:000007f0       ?_Get_first@?$_Compressed_pair@U?$_Wrap_alloc@V?$allocator@U?$_List_node@PAXPAX@std@@@std@@@std@@V?$_List_val@U?$_List_simple_types@PAX@std@@@2@$00@std@@QBEABU?$_Wrap_alloc@V?$allocator@U?$_List_node@PAXPAX@std@@@std@@@2@XZ 100017f0 f i IOCPS.obj
 0001:000007f0       ?_Get_first@?$_Compressed_pair@U?$_Wrap_alloc@V?$allocator@U?$_Tree_node@U?$pair@$$CBIPAUClientContext@@@std@@PAX@std@@@std@@@std@@V?$_Tree_val@U?$_Tree_simple_types@U?$pair@$$CBIPAUClientContext@@@std@@@std@@@2@$00@std@@QAEAAU?$_Wrap_alloc@V?$allocator@U?$_Tree_node@U?$pair@$$CBIPAUClientContext@@@std@@PAX@std@@@std@@@2@XZ 100017f0 f i IOCPS.obj
 0001:000007f0       ?_Get_second@?$_Compressed_pair@U?$_Wrap_alloc@V?$allocator@D@std@@@std@@V?$_String_val@U?$_Simple_types@D@std@@@2@$00@std@@QBEABV?$_String_val@U?$_Simple_types@D@std@@@2@XZ 100017f0 f i IOCPBuffer.obj
 0001:000007f0       ??0?$tuple@$$V@std@@QAE@XZ 100017f0 f i IOCPS.obj
 0001:000007f0       ?_Get_second@?$_Compressed_pair@U?$_Wrap_alloc@V?$allocator@U?$_List_node@PAXPAX@std@@@std@@@std@@V?$_List_val@U?$_List_simple_types@PAX@std@@@2@$00@std@@QBEABV?$_List_val@U?$_List_simple_types@PAX@std@@@2@XZ 100017f0 f i IOCPS.obj
 0001:000007f0       ??0?$allocator@D@std@@QAE@XZ 100017f0 f i IOCPS.obj
 0001:000007f0       ?_Get_second@?$_Compressed_pair@U?$less@I@std@@V?$_Compressed_pair@U?$_Wrap_alloc@V?$allocator@U?$_Tree_node@U?$pair@$$CBIPAVCIOCPBuffer@@@std@@PAX@std@@@std@@@std@@V?$_Tree_val@U?$_Tree_simple_types@U?$pair@$$CBIPAVCIOCPBuffer@@@std@@@std@@@2@$00@2@$00@std@@QAEAAV?$_Compressed_pair@U?$_Wrap_alloc@V?$allocator@U?$_Tree_node@U?$pair@$$CBIPAVCIOCPBuffer@@@std@@PAX@std@@@std@@@std@@V?$_Tree_val@U?$_Tree_simple_types@U?$pair@$$CBIPAVCIOCPBuffer@@@std@@@std@@@2@$00@2@XZ 100017f0 f i IOCPS.obj
 0001:000007f0       ??0?$allocator@U?$_List_node@PAVCIOCPBuffer@@PAX@std@@@std@@QAE@XZ 100017f0 f i IOCPS.obj
 0001:000007f0       ?_Get_second@?$_Compressed_pair@U?$_Wrap_alloc@V?$allocator@U?$_List_node@PAUJobItem@@PAX@std@@@std@@@std@@V?$_List_val@U?$_List_simple_types@PAUJobItem@@@std@@@2@$00@std@@QAEAAV?$_List_val@U?$_List_simple_types@PAUJobItem@@@std@@@2@XZ 100017f0 f i IOCPS.obj
 0001:000007f0       ?_Get_first@?$_Compressed_pair@U?$_Wrap_alloc@V?$allocator@U?$_List_node@PAUJobItem@@PAX@std@@@std@@@std@@V?$_List_val@U?$_List_simple_types@PAUJobItem@@@std@@@2@$00@std@@QAEAAU?$_Wrap_alloc@V?$allocator@U?$_List_node@PAUJobItem@@PAX@std@@@std@@@2@XZ 100017f0 f i IOCPS.obj
 0001:000007f0       ?_Get_second@?$_Compressed_pair@U?$_Wrap_alloc@V?$allocator@U?$_Tree_node@U?$pair@$$CBIPAUClientContext@@@std@@PAX@std@@@std@@@std@@V?$_Tree_val@U?$_Tree_simple_types@U?$pair@$$CBIPAUClientContext@@@std@@@std@@@2@$00@std@@QAEAAV?$_Tree_val@U?$_Tree_simple_types@U?$pair@$$CBIPAUClientContext@@@std@@@std@@@2@XZ 100017f0 f i IOCPS.obj
 0001:000007f0       ?_Get_second@?$_Compressed_pair@U?$_Wrap_alloc@V?$allocator@U?$_Tree_node@U?$pair@$$CBGPAX@std@@PAX@std@@@std@@@std@@V?$_Tree_val@U?$_Tree_simple_types@U?$pair@$$CBGPAX@std@@@std@@@2@$00@std@@QBEABV?$_Tree_val@U?$_Tree_simple_types@U?$pair@$$CBGPAX@std@@@std@@@2@XZ 100017f0 f i IOCPS.obj
 0001:000007f0       ?_Get_second@?$_Compressed_pair@U?$_Wrap_alloc@V?$allocator@U?$_List_node@PAVCIOCPBuffer@@PAX@std@@@std@@@std@@V?$_List_val@U?$_List_simple_types@PAVCIOCPBuffer@@@std@@@2@$00@std@@QBEABV?$_List_val@U?$_List_simple_types@PAVCIOCPBuffer@@@std@@@2@XZ 100017f0 f i IOCPS.obj
 0001:000007f0       ?_Get_first@?$_Compressed_pair@U?$_Wrap_alloc@V?$allocator@U?$_List_node@PAUClientContext@@PAX@std@@@std@@@std@@V?$_List_val@U?$_List_simple_types@PAUClientContext@@@std@@@2@$00@std@@QAEAAU?$_Wrap_alloc@V?$allocator@U?$_List_node@PAUClientContext@@PAX@std@@@std@@@2@XZ 100017f0 f i IOCPS.obj
 0001:000007f0       ?_Get_second@?$_Compressed_pair@U?$_Wrap_alloc@V?$allocator@U?$_List_node@PAUJobItem@@PAX@std@@@std@@@std@@V?$_List_val@U?$_List_simple_types@PAUJobItem@@@std@@@2@$00@std@@QBEABV?$_List_val@U?$_List_simple_types@PAUJobItem@@@std@@@2@XZ 100017f0 f i IOCPS.obj
 0001:000007f0       ?_Get_second@?$_Compressed_pair@U?$_Wrap_alloc@V?$allocator@U?$_Tree_node@U?$pair@$$CBIPAUClientContext@@@std@@PAX@std@@@std@@@std@@V?$_Tree_val@U?$_Tree_simple_types@U?$pair@$$CBIPAUClientContext@@@std@@@std@@@2@$00@std@@QBEABV?$_Tree_val@U?$_Tree_simple_types@U?$pair@$$CBIPAUClientContext@@@std@@@std@@@2@XZ 100017f0 f i IOCPS.obj
 0001:000007f0       ?_Get_first@?$_Compressed_pair@U?$less@I@std@@V?$_Compressed_pair@U?$_Wrap_alloc@V?$allocator@U?$_Tree_node@U?$pair@$$CBIPAVCIOCPBuffer@@@std@@PAX@std@@@std@@@std@@V?$_Tree_val@U?$_Tree_simple_types@U?$pair@$$CBIPAVCIOCPBuffer@@@std@@@std@@@2@$00@2@$00@std@@QBEABU?$less@I@2@XZ 100017f0 f i IOCPS.obj
 0001:000007f0       ?_Get_second@?$_Compressed_pair@U?$less@I@std@@V?$_Compressed_pair@U?$_Wrap_alloc@V?$allocator@U?$_Tree_node@U?$pair@$$CBIPAUClientContext@@@std@@PAX@std@@@std@@@std@@V?$_Tree_val@U?$_Tree_simple_types@U?$pair@$$CBIPAUClientContext@@@std@@@std@@@2@$00@2@$00@std@@QAEAAV?$_Compressed_pair@U?$_Wrap_alloc@V?$allocator@U?$_Tree_node@U?$pair@$$CBIPAUClientContext@@@std@@PAX@std@@@std@@@std@@V?$_Tree_val@U?$_Tree_simple_types@U?$pair@$$CBIPAUClientContext@@@std@@@std@@@2@$00@2@XZ 100017f0 f i IOCPS.obj
 0001:000007f0       ??0?$allocator@U?$_List_node@PAUClientContext@@PAX@std@@@std@@QAE@XZ 100017f0 f i IOCPS.obj
 0001:000007f0       ?_Get_first@?$_Compressed_pair@U?$_Wrap_alloc@V?$allocator@D@std@@@std@@V?$_String_val@U?$_Simple_types@D@std@@@2@$00@std@@QAEAAU?$_Wrap_alloc@V?$allocator@D@std@@@2@XZ 100017f0 f i IOCPBuffer.obj
 0001:000007f0       ??0_Bxty@?$_String_val@U?$_Simple_types@D@std@@@std@@QAE@XZ 100017f0 f i IOCPS.obj
 0001:000007f0       ?_Get_first@?$_Compressed_pair@U?$_Wrap_alloc@V?$allocator@U?$_Tree_node@U?$pair@$$CBGPAX@std@@PAX@std@@@std@@@std@@V?$_Tree_val@U?$_Tree_simple_types@U?$pair@$$CBGPAX@std@@@std@@@2@$00@std@@QAEAAU?$_Wrap_alloc@V?$allocator@U?$_Tree_node@U?$pair@$$CBGPAX@std@@PAX@std@@@std@@@2@XZ 100017f0 f i IOCPS.obj
 0001:000007f0       ?_Get_first@?$_Compressed_pair@U?$less@I@std@@V?$_Compressed_pair@U?$_Wrap_alloc@V?$allocator@U?$_Tree_node@U?$pair@$$CBIPAUClientContext@@@std@@PAX@std@@@std@@@std@@V?$_Tree_val@U?$_Tree_simple_types@U?$pair@$$CBIPAUClientContext@@@std@@@std@@@2@$00@2@$00@std@@QAEAAU?$less@I@2@XZ 100017f0 f i IOCPS.obj
 0001:000007f0       ??0?$allocator@U?$_List_node@PAUJobItem@@PAX@std@@@std@@QAE@XZ 100017f0 f i IOCPS.obj
 0001:000007f0       ?_Get_first@?$_Compressed_pair@U?$_Wrap_alloc@V?$allocator@U?$_List_node@PAXPAX@std@@@std@@@std@@V?$_List_val@U?$_List_simple_types@PAX@std@@@2@$00@std@@QAEAAU?$_Wrap_alloc@V?$allocator@U?$_List_node@PAXPAX@std@@@std@@@2@XZ 100017f0 f i IOCPS.obj
 0001:000007f0       ?_Get_second@?$_Compressed_pair@U?$less@I@std@@V?$_Compressed_pair@U?$_Wrap_alloc@V?$allocator@U?$_Tree_node@U?$pair@$$CBIPAUClientContext@@@std@@PAX@std@@@std@@@std@@V?$_Tree_val@U?$_Tree_simple_types@U?$pair@$$CBIPAUClientContext@@@std@@@std@@@2@$00@2@$00@std@@QBEABV?$_Compressed_pair@U?$_Wrap_alloc@V?$allocator@U?$_Tree_node@U?$pair@$$CBIPAUClientContext@@@std@@PAX@std@@@std@@@std@@V?$_Tree_val@U?$_Tree_simple_types@U?$pair@$$CBIPAUClientContext@@@std@@@std@@@2@$00@2@XZ 100017f0 f i IOCPS.obj
 0001:000007f0       ?_Get_second@?$_Compressed_pair@U?$_Wrap_alloc@V?$allocator@D@std@@@std@@V?$_String_val@U?$_Simple_types@D@std@@@2@$00@std@@QAEAAV?$_String_val@U?$_Simple_types@D@std@@@2@XZ 100017f0 f i IOCPBuffer.obj
 0001:000007f0       ?_Get_second@?$_Compressed_pair@U?$_Wrap_alloc@V?$allocator@U?$_List_node@PAVCIOCPBuffer@@PAX@std@@@std@@@std@@V?$_List_val@U?$_List_simple_types@PAVCIOCPBuffer@@@std@@@2@$00@std@@QAEAAV?$_List_val@U?$_List_simple_types@PAVCIOCPBuffer@@@std@@@2@XZ 100017f0 f i IOCPS.obj
 0001:000007f0       ?_Get_second@?$_Compressed_pair@U?$_Wrap_alloc@V?$allocator@U?$_Tree_node@U?$pair@$$CBIPAVCIOCPBuffer@@@std@@PAX@std@@@std@@@std@@V?$_Tree_val@U?$_Tree_simple_types@U?$pair@$$CBIPAVCIOCPBuffer@@@std@@@std@@@2@$00@std@@QBEABV?$_Tree_val@U?$_Tree_simple_types@U?$pair@$$CBIPAVCIOCPBuffer@@@std@@@std@@@2@XZ 100017f0 f i IOCPS.obj
 0001:000007f0       ?_Get_second@?$_Compressed_pair@U?$_Wrap_alloc@V?$allocator@U?$_Tree_node@U?$pair@$$CBGPAX@std@@PAX@std@@@std@@@std@@V?$_Tree_val@U?$_Tree_simple_types@U?$pair@$$CBGPAX@std@@@std@@@2@$00@std@@QAEAAV?$_Tree_val@U?$_Tree_simple_types@U?$pair@$$CBGPAX@std@@@std@@@2@XZ 100017f0 f i IOCPS.obj
 0001:000007f0       ?_Get_second@?$_Compressed_pair@U?$_Wrap_alloc@V?$allocator@U?$_List_node@PAXPAX@std@@@std@@@std@@V?$_List_val@U?$_List_simple_types@PAX@std@@@2@$00@std@@QAEAAV?$_List_val@U?$_List_simple_types@PAX@std@@@2@XZ 100017f0 f i IOCPS.obj
 0001:000007f0       ?_Get_second@?$_Compressed_pair@U?$less@I@std@@V?$_Compressed_pair@U?$_Wrap_alloc@V?$allocator@U?$_Tree_node@U?$pair@$$CBIPAVCIOCPBuffer@@@std@@PAX@std@@@std@@@std@@V?$_Tree_val@U?$_Tree_simple_types@U?$pair@$$CBIPAVCIOCPBuffer@@@std@@@std@@@2@$00@2@$00@std@@QBEABV?$_Compressed_pair@U?$_Wrap_alloc@V?$allocator@U?$_Tree_node@U?$pair@$$CBIPAVCIOCPBuffer@@@std@@PAX@std@@@std@@@std@@V?$_Tree_val@U?$_Tree_simple_types@U?$pair@$$CBIPAVCIOCPBuffer@@@std@@@std@@@2@$00@2@XZ 100017f0 f i IOCPS.obj
 0001:000007f0       ?_Get_second@?$_Compressed_pair@U?$_Wrap_alloc@V?$allocator@U?$_List_node@PAUClientContext@@PAX@std@@@std@@@std@@V?$_List_val@U?$_List_simple_types@PAUClientContext@@@std@@@2@$00@std@@QAEAAV?$_List_val@U?$_List_simple_types@PAUClientContext@@@std@@@2@XZ 100017f0 f i IOCPS.obj
 0001:000007f0       ?_Get_second@?$_Compressed_pair@U?$_Wrap_alloc@V?$allocator@U?$_Tree_node@U?$pair@$$CBIPAVCIOCPBuffer@@@std@@PAX@std@@@std@@@std@@V?$_Tree_val@U?$_Tree_simple_types@U?$pair@$$CBIPAVCIOCPBuffer@@@std@@@std@@@2@$00@std@@QAEAAV?$_Tree_val@U?$_Tree_simple_types@U?$pair@$$CBIPAVCIOCPBuffer@@@std@@@std@@@2@XZ 100017f0 f i IOCPS.obj
 0001:000007f0       ?_Get_second@?$_Compressed_pair@U?$less@G@std@@V?$_Compressed_pair@U?$_Wrap_alloc@V?$allocator@U?$_Tree_node@U?$pair@$$CBGPAX@std@@PAX@std@@@std@@@std@@V?$_Tree_val@U?$_Tree_simple_types@U?$pair@$$CBGPAX@std@@@std@@@2@$00@2@$00@std@@QAEAAV?$_Compressed_pair@U?$_Wrap_alloc@V?$allocator@U?$_Tree_node@U?$pair@$$CBGPAX@std@@PAX@std@@@std@@@std@@V?$_Tree_val@U?$_Tree_simple_types@U?$pair@$$CBGPAX@std@@@std@@@2@$00@2@XZ 100017f0 f i IOCPS.obj
 0001:000007f0       ?_Get_first@?$_Compressed_pair@U?$less@I@std@@V?$_Compressed_pair@U?$_Wrap_alloc@V?$allocator@U?$_Tree_node@U?$pair@$$CBIPAUClientContext@@@std@@PAX@std@@@std@@@std@@V?$_Tree_val@U?$_Tree_simple_types@U?$pair@$$CBIPAUClientContext@@@std@@@std@@@2@$00@2@$00@std@@QBEABU?$less@I@2@XZ 100017f0 f i IOCPS.obj
 0001:000007f0       ?_Get_second@?$_Compressed_pair@U?$less@G@std@@V?$_Compressed_pair@U?$_Wrap_alloc@V?$allocator@U?$_Tree_node@U?$pair@$$CBGPAX@std@@PAX@std@@@std@@@std@@V?$_Tree_val@U?$_Tree_simple_types@U?$pair@$$CBGPAX@std@@@std@@@2@$00@2@$00@std@@QBEABV?$_Compressed_pair@U?$_Wrap_alloc@V?$allocator@U?$_Tree_node@U?$pair@$$CBGPAX@std@@PAX@std@@@std@@@std@@V?$_Tree_val@U?$_Tree_simple_types@U?$pair@$$CBGPAX@std@@@std@@@2@$00@2@XZ 100017f0 f i IOCPS.obj
 0001:000007f0       ??0?$allocator@U?$_Tree_node@U?$pair@$$CBGPAX@std@@PAX@std@@@std@@QAE@XZ 100017f0 f i IOCPS.obj
 0001:000007f0       ?_Get_first@?$_Compressed_pair@U?$_Wrap_alloc@V?$allocator@U?$_Tree_node@U?$pair@$$CBIPAVCIOCPBuffer@@@std@@PAX@std@@@std@@@std@@V?$_Tree_val@U?$_Tree_simple_types@U?$pair@$$CBIPAVCIOCPBuffer@@@std@@@std@@@2@$00@std@@QAEAAU?$_Wrap_alloc@V?$allocator@U?$_Tree_node@U?$pair@$$CBIPAVCIOCPBuffer@@@std@@PAX@std@@@std@@@2@XZ 100017f0 f i IOCPS.obj
 0001:000007f0       ?_Get_first@?$_Compressed_pair@U?$less@I@std@@V?$_Compressed_pair@U?$_Wrap_alloc@V?$allocator@U?$_Tree_node@U?$pair@$$CBIPAVCIOCPBuffer@@@std@@PAX@std@@@std@@@std@@V?$_Tree_val@U?$_Tree_simple_types@U?$pair@$$CBIPAVCIOCPBuffer@@@std@@@std@@@2@$00@2@$00@std@@QAEAAU?$less@I@2@XZ 100017f0 f i IOCPS.obj
 0001:000007f0       ?_Get_first@?$_Compressed_pair@U?$_Wrap_alloc@V?$allocator@U?$_Tree_node@U?$pair@$$CBIPAVCIOCPBuffer@@@std@@PAX@std@@@std@@@std@@V?$_Tree_val@U?$_Tree_simple_types@U?$pair@$$CBIPAVCIOCPBuffer@@@std@@@std@@@2@$00@std@@QBEABU?$_Wrap_alloc@V?$allocator@U?$_Tree_node@U?$pair@$$CBIPAVCIOCPBuffer@@@std@@PAX@std@@@std@@@2@XZ 100017f0 f i IOCPS.obj
 0001:000007f0       ?_Get_second@?$_Compressed_pair@U?$_Wrap_alloc@V?$allocator@U?$_List_node@PAUClientContext@@PAX@std@@@std@@@std@@V?$_List_val@U?$_List_simple_types@PAUClientContext@@@std@@@2@$00@std@@QBEABV?$_List_val@U?$_List_simple_types@PAUClientContext@@@std@@@2@XZ 100017f0 f i IOCPS.obj
 0001:000007f0       ?_Get_first@?$_Compressed_pair@U?$less@G@std@@V?$_Compressed_pair@U?$_Wrap_alloc@V?$allocator@U?$_Tree_node@U?$pair@$$CBGPAX@std@@PAX@std@@@std@@@std@@V?$_Tree_val@U?$_Tree_simple_types@U?$pair@$$CBGPAX@std@@@std@@@2@$00@2@$00@std@@QAEAAU?$less@G@2@XZ 100017f0 f i IOCPS.obj
 0001:000007f0       ??0?$allocator@U?$_List_node@PAXPAX@std@@@std@@QAE@XZ 100017f0 f i IOCPS.obj
 0001:000007f0       ??0?$allocator@U?$_Tree_node@U?$pair@$$CBIPAUClientContext@@@std@@PAX@std@@@std@@QAE@XZ 100017f0 f i IOCPS.obj
 0001:000007f0       ?_Get_first@?$_Compressed_pair@U?$_Wrap_alloc@V?$allocator@U?$_List_node@PAVCIOCPBuffer@@PAX@std@@@std@@@std@@V?$_List_val@U?$_List_simple_types@PAVCIOCPBuffer@@@std@@@2@$00@std@@QAEAAU?$_Wrap_alloc@V?$allocator@U?$_List_node@PAVCIOCPBuffer@@PAX@std@@@std@@@2@XZ 100017f0 f i IOCPS.obj
 0001:000007f0       ?_Get_first@?$_Compressed_pair@U?$less@G@std@@V?$_Compressed_pair@U?$_Wrap_alloc@V?$allocator@U?$_Tree_node@U?$pair@$$CBGPAX@std@@PAX@std@@@std@@@std@@V?$_Tree_val@U?$_Tree_simple_types@U?$pair@$$CBGPAX@std@@@std@@@2@$00@2@$00@std@@QBEABU?$less@G@2@XZ 100017f0 f i IOCPS.obj
 0001:00000800       ?_Myptr@?$_String_val@U?$_Simple_types@D@std@@@std@@QAEPADXZ 10001800 f i IOCPBuffer.obj
 0001:00000800       ?_Myptr@?$_String_val@U?$_Simple_types@D@std@@@std@@QBEPBDXZ 10001800 f i IOCPBuffer.obj
 0001:00000840       ?deallocate@?$_Wrap_alloc@V?$allocator@D@std@@@std@@QAEXPADI@Z 10001840 f i IOCPBuffer.obj
 0001:00000860       ?_Myres@?$_String_alloc@U?$_String_base_types@DV?$allocator@D@std@@@std@@@std@@QAEAAIXZ 10001860 f i IOCPBuffer.obj
 0001:00000880       ?_Myhead@?$_List_alloc@U?$_List_base_types@PAUJobItem@@V?$allocator@PAUJobItem@@@std@@@std@@@std@@QAEAAPAU?$_List_node@PAUJobItem@@PAX@2@XZ 10001880 f i IOCPS.obj
 0001:00000880       ?_Bx@?$_String_alloc@U?$_String_base_types@DV?$allocator@D@std@@@std@@@std@@QAEAAT_Bxty@?$_String_val@U?$_Simple_types@D@std@@@2@XZ 10001880 f i IOCPBuffer.obj
 0001:00000880       ?_Myhead@?$_List_alloc@U?$_List_base_types@PAUClientContext@@V?$allocator@PAUClientContext@@@std@@@std@@@std@@QAEAAPAU?$_List_node@PAUClientContext@@PAX@2@XZ 10001880 f i IOCPS.obj
 0001:00000880       ?_Myhead@?$_List_alloc@U?$_List_base_types@PAXV?$allocator@PAX@std@@@std@@@std@@QAEAAPAU?$_List_node@PAXPAX@2@XZ 10001880 f i IOCPS.obj
 0001:00000880       ?_Myhead@?$_List_alloc@U?$_List_base_types@PAVCIOCPBuffer@@V?$allocator@PAVCIOCPBuffer@@@std@@@std@@@std@@QAEAAPAU?$_List_node@PAVCIOCPBuffer@@PAX@2@XZ 10001880 f i IOCPS.obj
 0001:000008a0       ?_Check_offset@?$basic_string@DU?$char_traits@D@std@@V?$allocator@D@2@@std@@QBEXI@Z 100018a0 f i IOCPBuffer.obj
 0001:000008d0       ?_Xlen@?$basic_string@DU?$char_traits@D@std@@V?$allocator@D@2@@std@@QBEXXZ 100018d0 f i IOCPBuffer.obj
 0001:000008f0       ?_Inside@?$basic_string@DU?$char_traits@D@std@@V?$allocator@D@2@@std@@QAE_NPBD@Z 100018f0 f i IOCPBuffer.obj
 0001:00000940       ?_Grow@?$basic_string@DU?$char_traits@D@std@@V?$allocator@D@2@@std@@QAE_NI_N@Z 10001940 f i IOCPBuffer.obj
 0001:00000a00       ?_Eos@?$basic_string@DU?$char_traits@D@std@@V?$allocator@D@2@@std@@QAEXI@Z 10001a00 f i IOCPBuffer.obj
 0001:00000a40       ?_Clamp_suffix_size@?$basic_string@DU?$char_traits@D@std@@V?$allocator@D@2@@std@@QBEIII@Z 10001a40 f i IOCPBuffer.obj
 0001:00000a80       ?erase@?$basic_string@DU?$char_traits@D@std@@V?$allocator@D@2@@std@@QAEAAV12@II@Z 10001a80 f i IOCPBuffer.obj
 0001:00000b10       ?erase@?$basic_string@DU?$char_traits@D@std@@V?$allocator@D@2@@std@@QAEAAV12@I@Z 10001b10 f i IOCPBuffer.obj
 0001:00000b40       ?_Xran@?$basic_string@DU?$char_traits@D@std@@V?$allocator@D@2@@std@@QBEXXZ 10001b40 f i IOCPBuffer.obj
 0001:00000b60       ?_Copy@?$basic_string@DU?$char_traits@D@std@@V?$allocator@D@2@@std@@QAEXII@Z 10001b60 f i IOCPBuffer.obj
 0001:00000d40       ?max_size@?$basic_string@DU?$char_traits@D@std@@V?$allocator@D@2@@std@@QBEIXZ 10001d40 f i IOCPBuffer.obj
 0001:00000d80       ?deallocate@?$allocator@D@std@@QAEXPADI@Z 10001d80 f i IOCPBuffer.obj
 0001:00000da0       ?max_size@?$_Wrap_alloc@V?$allocator@D@std@@@std@@QBEIU_Nil@2@@Z 10001da0 f i IOCPBuffer.obj
 0001:00000dc0       ?allocate@?$_Wrap_alloc@V?$allocator@D@std@@@std@@QAEPADI@Z 10001dc0 f i IOCPBuffer.obj
 0001:00000de0       ?max_size@?$allocator_traits@V?$allocator@D@std@@@std@@SAIABV?$allocator@D@2@@Z 10001de0 f i IOCPBuffer.obj
 0001:00000df0       ?allocate@?$allocator@D@std@@QAEPADI@Z 10001df0 f i IOCPBuffer.obj
 0001:00000e10       ?max_size@?$allocator@D@std@@QBEIXZ 10001e10 f i IOCPBuffer.obj
 0001:00000e20       ??$forward@U?$pair@IPAVCIOCPBuffer@@@std@@@std@@YA$$QAU?$pair@IPAVCIOCPBuffer@@@0@AAU10@@Z 10001e20 f i IOCPS.obj
 0001:00000e20       ??$move@AAD@std@@YA$$QADAAD@Z 10001e20 f i IOCPS.obj
 0001:00000e20       ??$forward@V?$_Tree_iterator@V?$_Tree_val@U?$_Tree_simple_types@U?$pair@$$CBIPAUClientContext@@@std@@@std@@@std@@@std@@@std@@YA$$QAV?$_Tree_iterator@V?$_Tree_val@U?$_Tree_simple_types@U?$pair@$$CBIPAUClientContext@@@std@@@std@@@std@@@0@AAV10@@Z 10001e20 f i IOCPS.obj
 0001:00000e20       ??$forward@V?$_Tree_iterator@V?$_Tree_val@U?$_Tree_simple_types@U?$pair@$$CBIPAVCIOCPBuffer@@@std@@@std@@@std@@@std@@@std@@YA$$QAV?$_Tree_iterator@V?$_Tree_val@U?$_Tree_simple_types@U?$pair@$$CBIPAVCIOCPBuffer@@@std@@@std@@@std@@@0@AAV10@@Z 10001e20 f i IOCPS.obj
 0001:00000e20       ??$addressof@PAU?$_List_node@PAVCIOCPBuffer@@PAX@std@@@std@@YAPAPAU?$_List_node@PAVCIOCPBuffer@@PAX@0@AAPAU10@@Z 10001e20 f i IOCPS.obj
 0001:00000e20       ??$forward@AAV?$_Tree_iterator@V?$_Tree_val@U?$_Tree_simple_types@U?$pair@$$CBIPAVCIOCPBuffer@@@std@@@std@@@std@@@std@@@std@@YAAAV?$_Tree_iterator@V?$_Tree_val@U?$_Tree_simple_types@U?$pair@$$CBIPAVCIOCPBuffer@@@std@@@std@@@std@@@0@AAV10@@Z 10001e20 f i IOCPS.obj
 0001:00000e20       ??$forward@AAU?$pair@$$CBIPAUClientContext@@@std@@@std@@YAAAU?$pair@$$CBIPAUClientContext@@@0@AAU10@@Z 10001e20 f i IOCPS.obj
 0001:00000e20       ??$_Kfn@$$CBGPAX@?$_Tmap_traits@GPAXU?$less@G@std@@V?$allocator@U?$pair@$$CBGPAX@std@@@2@$0A@@std@@SAABGABU?$pair@$$CBGPAX@1@@Z 10001e20 f i IOCPS.obj
 0001:00000e20       ??$forward@AAU?$pair@$$CBGPAX@std@@@std@@YAAAU?$pair@$$CBGPAX@0@AAU10@@Z 10001e20 f i IOCPS.obj
 0001:00000e20       ??$forward@ABU?$less@G@std@@@std@@YAABU?$less@G@0@ABU10@@Z 10001e20 f i IOCPS.obj
 0001:00000e20       ??$addressof@PAU?$_List_node@PAUJobItem@@PAX@std@@@std@@YAPAPAU?$_List_node@PAUJobItem@@PAX@0@AAPAU10@@Z 10001e20 f i IOCPS.obj
 0001:00000e20       ??$addressof@PAU?$_Tree_node@U?$pair@$$CBIPAVCIOCPBuffer@@@std@@PAX@std@@@std@@YAPAPAU?$_Tree_node@U?$pair@$$CBIPAVCIOCPBuffer@@@std@@PAX@0@AAPAU10@@Z 10001e20 f i IOCPS.obj
 0001:00000e20       ??$addressof@U?$pair@$$CBIPAUClientContext@@@std@@@std@@YAPAU?$pair@$$CBIPAUClientContext@@@0@AAU10@@Z 10001e20 f i IOCPS.obj
 0001:00000e20       ??$forward@AAPAU?$_List_node@PAVCIOCPBuffer@@PAX@std@@@std@@YAAAPAU?$_List_node@PAVCIOCPBuffer@@PAX@0@AAPAU10@@Z 10001e20 f i IOCPS.obj
 0001:00000e20       ??$forward@AAPAU?$_List_node@PAXPAX@std@@@std@@YAAAPAU?$_List_node@PAXPAX@0@AAPAU10@@Z 10001e20 f i IOCPS.obj
 0001:00000e20       ??$forward@ABUpiecewise_construct_t@std@@@std@@YAABUpiecewise_construct_t@0@ABU10@@Z 10001e20 f i IOCPS.obj
 0001:00000e20       ??$forward@_N@std@@YA$$QA_NAA_N@Z 10001e20 f i IOCPS.obj
 0001:00000e20       ??$forward@V?$tuple@ABG@std@@@std@@YA$$QAV?$tuple@ABG@0@AAV10@@Z 10001e20 f i IOCPS.obj
 0001:00000e20       ??$forward@AAPAU?$_List_node@PAUJobItem@@PAX@std@@@std@@YAAAPAU?$_List_node@PAUJobItem@@PAX@0@AAPAU10@@Z 10001e20 f i IOCPS.obj
 0001:00000e20       ?_Nextnode@?$_List_val@U?$_List_simple_types@PAUJobItem@@@std@@@std@@SAAAPAU?$_List_node@PAUJobItem@@PAX@2@PAU32@@Z 10001e20 f i IOCPS.obj
 0001:00000e20       ??$forward@U?$_Wrap_alloc@V?$allocator@D@std@@@std@@@std@@YA$$QAU?$_Wrap_alloc@V?$allocator@D@std@@@0@AAU10@@Z 10001e20 f i IOCPS.obj
 0001:00000e20       ??$addressof@PAUJobItem@@@std@@YAPAPAUJobItem@@AAPAU1@@Z 10001e20 f i IOCPS.obj
 0001:00000e20       ?_Left@?$_Tree_val@U?$_Tree_simple_types@U?$pair@$$CBIPAUClientContext@@@std@@@std@@@std@@SAAAPAU?$_Tree_node@U?$pair@$$CBIPAUClientContext@@@std@@PAX@2@PAU32@@Z 10001e20 f i IOCPS.obj
 0001:00000e20       ??$forward@AAPAX@std@@YAAAPAXAAPAX@Z 10001e20 f i IOCPS.obj
 0001:00000e20       ??$_Kfn@$$CBIPAUClientContext@@@?$_Tmap_traits@IPAUClientContext@@U?$less@I@std@@V?$allocator@U?$pair@$$CBIPAUClientContext@@@std@@@3@$0A@@std@@SAABIABU?$pair@$$CBIPAUClientContext@@@1@@Z 10001e20 f i IOCPS.obj
 0001:00000e20       ??$forward@U?$pair@GPAX@std@@@std@@YA$$QAU?$pair@GPAX@0@AAU10@@Z 10001e20 f i IOCPS.obj
 0001:00000e20       ??$_Unfancy@D@std@@YAPADPAD@Z 10001e20 f i IOCPBuffer.obj
 0001:00000e20       ?_Left@?$_Tree_val@U?$_Tree_simple_types@U?$pair@$$CBIPAVCIOCPBuffer@@@std@@@std@@@std@@SAAAPAU?$_Tree_node@U?$pair@$$CBIPAVCIOCPBuffer@@@std@@PAX@2@PAU32@@Z 10001e20 f i IOCPS.obj
 0001:00000e20       ??$addressof@PAVCIOCPBuffer@@@std@@YAPAPAVCIOCPBuffer@@AAPAV1@@Z 10001e20 f i IOCPS.obj
 0001:00000e20       ??$addressof@QAVCIOCPBuffer@@@std@@YAPBQAVCIOCPBuffer@@ABQAV1@@Z 10001e20 f i IOCPS.obj
 0001:00000e20       ??$forward@V?$tuple@$$V@std@@@std@@YA$$QAV?$tuple@$$V@0@AAV10@@Z 10001e20 f i IOCPS.obj
 0001:00000e20       ?_Nextnode@?$_List_val@U?$_List_simple_types@PAVCIOCPBuffer@@@std@@@std@@SAAAPAU?$_List_node@PAVCIOCPBuffer@@PAX@2@PAU32@@Z 10001e20 f i IOCPS.obj
 0001:00000e20       ??$_Kfn@$$CBIPAVCIOCPBuffer@@@?$_Tmap_traits@IPAVCIOCPBuffer@@U?$less@I@std@@V?$allocator@U?$pair@$$CBIPAVCIOCPBuffer@@@std@@@3@$0A@@std@@SAABIABU?$pair@$$CBIPAVCIOCPBuffer@@@1@@Z 10001e20 f i IOCPS.obj
 0001:00000e20       ??$addressof@PAU?$_Tree_node@U?$pair@$$CBGPAX@std@@PAX@std@@@std@@YAPAPAU?$_Tree_node@U?$pair@$$CBGPAX@std@@PAX@0@AAPAU10@@Z 10001e20 f i IOCPS.obj
 0001:00000e20       ??$addressof@PAUClientContext@@@std@@YAPAPAUClientContext@@AAPAU1@@Z 10001e20 f i IOCPS.obj
 0001:00000e20       ?_Nextnode@?$_List_val@U?$_List_simple_types@PAUClientContext@@@std@@@std@@SAAAPAU?$_List_node@PAUClientContext@@PAX@2@PAU32@@Z 10001e20 f i IOCPS.obj
 0001:00000e20       ??$forward@ABQAVCIOCPBuffer@@@std@@YAABQAVCIOCPBuffer@@ABQAV1@@Z 10001e20 f i IOCPS.obj
 0001:00000e20       ??$forward@V?$basic_string@DU?$char_traits@D@std@@V?$allocator@D@2@@std@@@std@@YA$$QAV?$basic_string@DU?$char_traits@D@std@@V?$allocator@D@2@@0@AAV10@@Z 10001e20 f i IOCPS.obj
 0001:00000e20       ??$forward@AAV?$_Tree_iterator@V?$_Tree_val@U?$_Tree_simple_types@U?$pair@$$CBGPAX@std@@@std@@@std@@@std@@@std@@YAAAV?$_Tree_iterator@V?$_Tree_val@U?$_Tree_simple_types@U?$pair@$$CBGPAX@std@@@std@@@std@@@0@AAV10@@Z 10001e20 f i IOCPS.obj
 0001:00000e20       ??$addressof@PAD@std@@YAPAPADAAPAD@Z 10001e20 f i IOCPBuffer.obj
 0001:00000e20       ??$forward@ABI@std@@YAABIABI@Z 10001e20 f i IOCPS.obj
 0001:00000e20       ??$forward@ABQAX@std@@YAABQAXABQAX@Z 10001e20 f i IOCPS.obj
 0001:00000e20       ??$forward@ABQAUClientContext@@@std@@YAABQAUClientContext@@ABQAU1@@Z 10001e20 f i IOCPS.obj
 0001:00000e20       ??$forward@PAX@std@@YA$$QAPAXAAPAX@Z 10001e20 f i IOCPS.obj
 0001:00000e20       ??$forward@AAI@std@@YAAAIAAI@Z 10001e20 f i IOCPS.obj
 0001:00000e20       ??$forward@AAPAU?$_Tree_node@U?$pair@$$CBGPAX@std@@PAX@std@@@std@@YAAAPAU?$_Tree_node@U?$pair@$$CBGPAX@std@@PAX@0@AAPAU10@@Z 10001e20 f i IOCPS.obj
 0001:00000e20       ??$move@AAU?$_Wrap_alloc@V?$allocator@D@std@@@std@@@std@@YA$$QAU?$_Wrap_alloc@V?$allocator@D@std@@@0@AAU10@@Z 10001e20 f i IOCPS.obj
 0001:00000e20       ??$forward@V?$_Tree_iterator@V?$_Tree_val@U?$_Tree_simple_types@U?$pair@$$CBGPAX@std@@@std@@@std@@@std@@@std@@YA$$QAV?$_Tree_iterator@V?$_Tree_val@U?$_Tree_simple_types@U?$pair@$$CBGPAX@std@@@std@@@std@@@0@AAV10@@Z 10001e20 f i IOCPS.obj
 0001:00000e20       ??$move@AAV?$tuple@ABG@std@@@std@@YA$$QAV?$tuple@ABG@0@AAV10@@Z 10001e20 f i IOCPS.obj
 0001:00000e20       ?_Left@?$_Tree_val@U?$_Tree_simple_types@U?$pair@$$CBGPAX@std@@@std@@@std@@SAAAPAU?$_Tree_node@U?$pair@$$CBGPAX@std@@PAX@2@PAU32@@Z 10001e20 f i IOCPS.obj
 0001:00000e20       ??$forward@G@std@@YA$$QAGAAG@Z 10001e20 f i IOCPS.obj
 0001:00000e20       ??$forward@ABU?$less@I@std@@@std@@YAABU?$less@I@0@ABU10@@Z 10001e20 f i IOCPS.obj
 0001:00000e20       ??$forward@ABG@std@@YAABGABG@Z 10001e20 f i IOCPS.obj
 0001:00000e20       ??$forward@AAPAU?$_Tree_node@U?$pair@$$CBIPAUClientContext@@@std@@PAX@std@@@std@@YAAAPAU?$_Tree_node@U?$pair@$$CBIPAUClientContext@@@std@@PAX@0@AAPAU10@@Z 10001e20 f i IOCPS.obj
 0001:00000e20       ??$forward@AAPAU?$_Tree_node@U?$pair@$$CBIPAVCIOCPBuffer@@@std@@PAX@std@@@std@@YAAAPAU?$_Tree_node@U?$pair@$$CBIPAVCIOCPBuffer@@@std@@PAX@0@AAPAU10@@Z 10001e20 f i IOCPS.obj
 0001:00000e20       ??$forward@AAPAVCIOCPBuffer@@@std@@YAAAPAVCIOCPBuffer@@AAPAV1@@Z 10001e20 f i IOCPS.obj
 0001:00000e20       ??$forward@V?$tuple@ABI@std@@@std@@YA$$QAV?$tuple@ABI@0@AAV10@@Z 10001e20 f i IOCPS.obj
 0001:00000e20       ??$addressof@U?$pair@$$CBGPAX@std@@@std@@YAPAU?$pair@$$CBGPAX@0@AAU10@@Z 10001e20 f i IOCPS.obj
 0001:00000e20       ??$forward@AAV?$_Tree_iterator@V?$_Tree_val@U?$_Tree_simple_types@U?$pair@$$CBIPAUClientContext@@@std@@@std@@@std@@@std@@@std@@YAAAV?$_Tree_iterator@V?$_Tree_val@U?$_Tree_simple_types@U?$pair@$$CBIPAUClientContext@@@std@@@std@@@std@@@0@AAV10@@Z 10001e20 f i IOCPS.obj
 0001:00000e20       ??$addressof@PAX@std@@YAPAPAXAAPAX@Z 10001e20 f i IOCPS.obj
 0001:00000e20       ??$forward@PAVCIOCPBuffer@@@std@@YA$$QAPAVCIOCPBuffer@@AAPAV1@@Z 10001e20 f i IOCPS.obj
 0001:00000e20       ??$forward@AAPAD@std@@YAAAPADAAPAD@Z 10001e20 f i IOCPBuffer.obj
 0001:00000e20       ?_Nextnode@?$_List_val@U?$_List_simple_types@PAX@std@@@std@@SAAAPAU?$_List_node@PAXPAX@2@PAU32@@Z 10001e20 f i IOCPS.obj
 0001:00000e20       ??$move@AAV?$tuple@ABI@std@@@std@@YA$$QAV?$tuple@ABI@0@AAV10@@Z 10001e20 f i IOCPS.obj
 0001:00000e20       ??$addressof@PAU?$_List_node@PAXPAX@std@@@std@@YAPAPAU?$_List_node@PAXPAX@0@AAPAU10@@Z 10001e20 f i IOCPS.obj
 0001:00000e20       ??$forward@AAU?$pair@$$CBIPAVCIOCPBuffer@@@std@@@std@@YAAAU?$pair@$$CBIPAVCIOCPBuffer@@@0@AAU10@@Z 10001e20 f i IOCPS.obj
 0001:00000e20       ??$addressof@U?$pair@$$CBIPAVCIOCPBuffer@@@std@@@std@@YAPAU?$pair@$$CBIPAVCIOCPBuffer@@@0@AAU10@@Z 10001e20 f i IOCPS.obj
 0001:00000e20       ??$forward@U_Zero_then_variadic_args_t@std@@@std@@YA$$QAU_Zero_then_variadic_args_t@0@AAU10@@Z 10001e20 f i IOCPS.obj
 0001:00000e20       ??$forward@AAPAU?$_List_node@PAUClientContext@@PAX@std@@@std@@YAAAPAU?$_List_node@PAUClientContext@@PAX@0@AAPAU10@@Z 10001e20 f i IOCPS.obj
 0001:00000e20       ??$addressof@PAU?$_List_node@PAUClientContext@@PAX@std@@@std@@YAPAPAU?$_List_node@PAUClientContext@@PAX@0@AAPAU10@@Z 10001e20 f i IOCPS.obj
 0001:00000e20       ??$forward@I@std@@YA$$QAIAAI@Z 10001e20 f i IOCPS.obj
 0001:00000e20       ??$addressof@PAU?$_Tree_node@U?$pair@$$CBIPAUClientContext@@@std@@PAX@std@@@std@@YAPAPAU?$_Tree_node@U?$pair@$$CBIPAUClientContext@@@std@@PAX@0@AAPAU10@@Z 10001e20 f i IOCPS.obj
 0001:00000e30       ??$destroy@PAU?$_List_node@PAXPAX@std@@@?$_Wrap_alloc@V?$allocator@U?$_List_node@PAXPAX@std@@@std@@@std@@QAEXPAPAU?$_List_node@PAXPAX@1@@Z 10001e30 f i IOCPS.obj
 0001:00000e30       ??$destroy@PAU?$_Tree_node@U?$pair@$$CBGPAX@std@@PAX@std@@@?$_Wrap_alloc@V?$allocator@U?$_Tree_node@U?$pair@$$CBGPAX@std@@PAX@std@@@std@@@std@@QAEXPAPAU?$_Tree_node@U?$pair@$$CBGPAX@std@@PAX@1@@Z 10001e30 f i IOCPS.obj
 0001:00000e30       ??$destroy@PAU?$_List_node@PAUJobItem@@PAX@std@@@?$_Wrap_alloc@V?$allocator@U?$_List_node@PAUJobItem@@PAX@std@@@std@@@std@@QAEXPAPAU?$_List_node@PAUJobItem@@PAX@1@@Z 10001e30 f i IOCPS.obj
 0001:00000e30       ??$destroy@U?$pair@$$CBIPAUClientContext@@@std@@@?$_Wrap_alloc@V?$allocator@U?$_Tree_node@U?$pair@$$CBIPAUClientContext@@@std@@PAX@std@@@std@@@std@@QAEXPAU?$pair@$$CBIPAUClientContext@@@1@@Z 10001e30 f i IOCPS.obj
 0001:00000e30       ??$destroy@PAD@?$_Wrap_alloc@V?$allocator@D@std@@@std@@QAEXPAPAD@Z 10001e30 f i IOCPBuffer.obj
 0001:00000e30       ??$destroy@U?$pair@$$CBIPAVCIOCPBuffer@@@std@@@?$_Wrap_alloc@V?$allocator@U?$_Tree_node@U?$pair@$$CBIPAVCIOCPBuffer@@@std@@PAX@std@@@std@@@std@@QAEXPAU?$pair@$$CBIPAVCIOCPBuffer@@@1@@Z 10001e30 f i IOCPS.obj
 0001:00000e30       ??$destroy@PAU?$_List_node@PAVCIOCPBuffer@@PAX@std@@@?$_Wrap_alloc@V?$allocator@U?$_List_node@PAVCIOCPBuffer@@PAX@std@@@std@@@std@@QAEXPAPAU?$_List_node@PAVCIOCPBuffer@@PAX@1@@Z 10001e30 f i IOCPS.obj
 0001:00000e30       ??$destroy@PAUClientContext@@@?$_Wrap_alloc@V?$allocator@U?$_List_node@PAUClientContext@@PAX@std@@@std@@@std@@QAEXPAPAUClientContext@@@Z 10001e30 f i IOCPS.obj
 0001:00000e30       ??$destroy@PAU?$_Tree_node@U?$pair@$$CBIPAVCIOCPBuffer@@@std@@PAX@std@@@?$_Wrap_alloc@V?$allocator@U?$_Tree_node@U?$pair@$$CBIPAVCIOCPBuffer@@@std@@PAX@std@@@std@@@std@@QAEXPAPAU?$_Tree_node@U?$pair@$$CBIPAVCIOCPBuffer@@@std@@PAX@1@@Z 10001e30 f i IOCPS.obj
 0001:00000e30       ??$destroy@PAU?$_Tree_node@U?$pair@$$CBIPAUClientContext@@@std@@PAX@std@@@?$_Wrap_alloc@V?$allocator@U?$_Tree_node@U?$pair@$$CBIPAUClientContext@@@std@@PAX@std@@@std@@@std@@QAEXPAPAU?$_Tree_node@U?$pair@$$CBIPAUClientContext@@@std@@PAX@1@@Z 10001e30 f i IOCPS.obj
 0001:00000e30       ??$destroy@PAX@?$_Wrap_alloc@V?$allocator@U?$_List_node@PAXPAX@std@@@std@@@std@@QAEXPAPAX@Z 10001e30 f i IOCPS.obj
 0001:00000e30       ??$destroy@PAUJobItem@@@?$_Wrap_alloc@V?$allocator@U?$_List_node@PAUJobItem@@PAX@std@@@std@@@std@@QAEXPAPAUJobItem@@@Z 10001e30 f i IOCPS.obj
 0001:00000e30       ??$destroy@PAVCIOCPBuffer@@@?$_Wrap_alloc@V?$allocator@U?$_List_node@PAVCIOCPBuffer@@PAX@std@@@std@@@std@@QAEXPAPAVCIOCPBuffer@@@Z 10001e30 f i IOCPS.obj
 0001:00000e30       ??$destroy@U?$pair@$$CBGPAX@std@@@?$_Wrap_alloc@V?$allocator@U?$_Tree_node@U?$pair@$$CBGPAX@std@@PAX@std@@@std@@@std@@QAEXPAU?$pair@$$CBGPAX@1@@Z 10001e30 f i IOCPS.obj
 0001:00000e30       ??$destroy@PAU?$_List_node@PAUClientContext@@PAX@std@@@?$_Wrap_alloc@V?$allocator@U?$_List_node@PAUClientContext@@PAX@std@@@std@@@std@@QAEXPAPAU?$_List_node@PAUClientContext@@PAX@1@@Z 10001e30 f i IOCPS.obj
 0001:00000e50       ??$construct@PAU?$_List_node@PAVCIOCPBuffer@@PAX@std@@AAPAU12@@?$_Wrap_alloc@V?$allocator@U?$_List_node@PAVCIOCPBuffer@@PAX@std@@@std@@@std@@QAEXPAPAU?$_List_node@PAVCIOCPBuffer@@PAX@1@AAPAU21@@Z 10001e50 f i IOCPS.obj
 0001:00000e50       ??$construct@PADAAPAD@?$_Wrap_alloc@V?$allocator@D@std@@@std@@QAEXPAPADAAPAD@Z 10001e50 f i IOCPBuffer.obj
 0001:00000e50       ??$construct@PAU?$_List_node@PAXPAX@std@@AAPAU12@@?$_Wrap_alloc@V?$allocator@U?$_List_node@PAXPAX@std@@@std@@@std@@QAEXPAPAU?$_List_node@PAXPAX@1@AAPAU21@@Z 10001e50 f i IOCPS.obj
 0001:00000e50       ??$construct@PAU?$_Tree_node@U?$pair@$$CBIPAUClientContext@@@std@@PAX@std@@AAPAU12@@?$_Wrap_alloc@V?$allocator@U?$_Tree_node@U?$pair@$$CBIPAUClientContext@@@std@@PAX@std@@@std@@@std@@QAEXPAPAU?$_Tree_node@U?$pair@$$CBIPAUClientContext@@@std@@PAX@1@AAPAU21@@Z 10001e50 f i IOCPS.obj
 0001:00000e50       ??$construct@PAU?$_List_node@PAUClientContext@@PAX@std@@AAPAU12@@?$_Wrap_alloc@V?$allocator@U?$_List_node@PAUClientContext@@PAX@std@@@std@@@std@@QAEXPAPAU?$_List_node@PAUClientContext@@PAX@1@AAPAU21@@Z 10001e50 f i IOCPS.obj
 0001:00000e50       ??$construct@PAUClientContext@@ABQAU1@@?$_Wrap_alloc@V?$allocator@U?$_List_node@PAUClientContext@@PAX@std@@@std@@@std@@QAEXPAPAUClientContext@@ABQAU2@@Z 10001e50 f i IOCPS.obj
 0001:00000e50       ??$construct@PAU?$_Tree_node@U?$pair@$$CBIPAVCIOCPBuffer@@@std@@PAX@std@@AAPAU12@@?$_Wrap_alloc@V?$allocator@U?$_Tree_node@U?$pair@$$CBIPAVCIOCPBuffer@@@std@@PAX@std@@@std@@@std@@QAEXPAPAU?$_Tree_node@U?$pair@$$CBIPAVCIOCPBuffer@@@std@@PAX@1@AAPAU21@@Z 10001e50 f i IOCPS.obj
 0001:00000e50       ??$construct@PAVCIOCPBuffer@@ABQAV1@@?$_Wrap_alloc@V?$allocator@U?$_List_node@PAVCIOCPBuffer@@PAX@std@@@std@@@std@@QAEXPAPAVCIOCPBuffer@@ABQAV2@@Z 10001e50 f i IOCPS.obj
 0001:00000e50       ??$construct@PAU?$_List_node@PAUJobItem@@PAX@std@@AAPAU12@@?$_Wrap_alloc@V?$allocator@U?$_List_node@PAUJobItem@@PAX@std@@@std@@@std@@QAEXPAPAU?$_List_node@PAUJobItem@@PAX@1@AAPAU21@@Z 10001e50 f i IOCPS.obj
 0001:00000e50       ??$construct@PAXABQAX@?$_Wrap_alloc@V?$allocator@U?$_List_node@PAXPAX@std@@@std@@@std@@QAEXPAPAXABQAX@Z 10001e50 f i IOCPS.obj
 0001:00000e50       ??$construct@PAU?$_Tree_node@U?$pair@$$CBGPAX@std@@PAX@std@@AAPAU12@@?$_Wrap_alloc@V?$allocator@U?$_Tree_node@U?$pair@$$CBGPAX@std@@PAX@std@@@std@@@std@@QAEXPAPAU?$_Tree_node@U?$pair@$$CBGPAX@std@@PAX@1@AAPAU21@@Z 10001e50 f i IOCPS.obj
 0001:00000e80       ??$destroy@PAU?$_List_node@PAVCIOCPBuffer@@PAX@std@@@?$allocator_traits@V?$allocator@U?$_List_node@PAVCIOCPBuffer@@PAX@std@@@std@@@std@@SAXAAV?$allocator@U?$_List_node@PAVCIOCPBuffer@@PAX@std@@@1@PAPAU?$_List_node@PAVCIOCPBuffer@@PAX@1@@Z 10001e80 f i IOCPS.obj
 0001:00000e80       ??$destroy@PAU?$_Tree_node@U?$pair@$$CBIPAVCIOCPBuffer@@@std@@PAX@std@@@?$allocator_traits@V?$allocator@U?$_Tree_node@U?$pair@$$CBIPAVCIOCPBuffer@@@std@@PAX@std@@@std@@@std@@SAXAAV?$allocator@U?$_Tree_node@U?$pair@$$CBIPAVCIOCPBuffer@@@std@@PAX@std@@@1@PAPAU?$_Tree_node@U?$pair@$$CBIPAVCIOCPBuffer@@@std@@PAX@1@@Z 10001e80 f i IOCPS.obj
 0001:00000e80       ??$destroy@PAUJobItem@@@?$allocator_traits@V?$allocator@U?$_List_node@PAUJobItem@@PAX@std@@@std@@@std@@SAXAAV?$allocator@U?$_List_node@PAUJobItem@@PAX@std@@@1@PAPAUJobItem@@@Z 10001e80 f i IOCPS.obj
 0001:00000e80       ??$destroy@PAU?$_Tree_node@U?$pair@$$CBIPAUClientContext@@@std@@PAX@std@@@?$allocator_traits@V?$allocator@U?$_Tree_node@U?$pair@$$CBIPAUClientContext@@@std@@PAX@std@@@std@@@std@@SAXAAV?$allocator@U?$_Tree_node@U?$pair@$$CBIPAUClientContext@@@std@@PAX@std@@@1@PAPAU?$_Tree_node@U?$pair@$$CBIPAUClientContext@@@std@@PAX@1@@Z 10001e80 f i IOCPS.obj
 0001:00000e80       ??$destroy@PAX@?$allocator_traits@V?$allocator@U?$_List_node@PAXPAX@std@@@std@@@std@@SAXAAV?$allocator@U?$_List_node@PAXPAX@std@@@1@PAPAX@Z 10001e80 f i IOCPS.obj
 0001:00000e80       ??$destroy@U?$pair@$$CBIPAUClientContext@@@std@@@?$allocator_traits@V?$allocator@U?$_Tree_node@U?$pair@$$CBIPAUClientContext@@@std@@PAX@std@@@std@@@std@@SAXAAV?$allocator@U?$_Tree_node@U?$pair@$$CBIPAUClientContext@@@std@@PAX@std@@@1@PAU?$pair@$$CBIPAUClientContext@@@1@@Z 10001e80 f i IOCPS.obj
 0001:00000e80       ??$destroy@U?$pair@$$CBIPAVCIOCPBuffer@@@std@@@?$allocator_traits@V?$allocator@U?$_Tree_node@U?$pair@$$CBIPAVCIOCPBuffer@@@std@@PAX@std@@@std@@@std@@SAXAAV?$allocator@U?$_Tree_node@U?$pair@$$CBIPAVCIOCPBuffer@@@std@@PAX@std@@@1@PAU?$pair@$$CBIPAVCIOCPBuffer@@@1@@Z 10001e80 f i IOCPS.obj
 0001:00000e80       ??$destroy@PAU?$_List_node@PAUJobItem@@PAX@std@@@?$allocator_traits@V?$allocator@U?$_List_node@PAUJobItem@@PAX@std@@@std@@@std@@SAXAAV?$allocator@U?$_List_node@PAUJobItem@@PAX@std@@@1@PAPAU?$_List_node@PAUJobItem@@PAX@1@@Z 10001e80 f i IOCPS.obj
 0001:00000e80       ??$destroy@PAU?$_Tree_node@U?$pair@$$CBGPAX@std@@PAX@std@@@?$allocator_traits@V?$allocator@U?$_Tree_node@U?$pair@$$CBGPAX@std@@PAX@std@@@std@@@std@@SAXAAV?$allocator@U?$_Tree_node@U?$pair@$$CBGPAX@std@@PAX@std@@@1@PAPAU?$_Tree_node@U?$pair@$$CBGPAX@std@@PAX@1@@Z 10001e80 f i IOCPS.obj
 0001:00000e80       ??$destroy@U?$pair@$$CBGPAX@std@@@?$allocator_traits@V?$allocator@U?$_Tree_node@U?$pair@$$CBGPAX@std@@PAX@std@@@std@@@std@@SAXAAV?$allocator@U?$_Tree_node@U?$pair@$$CBGPAX@std@@PAX@std@@@1@PAU?$pair@$$CBGPAX@1@@Z 10001e80 f i IOCPS.obj
 0001:00000e80       ??$destroy@PAUClientContext@@@?$allocator_traits@V?$allocator@U?$_List_node@PAUClientContext@@PAX@std@@@std@@@std@@SAXAAV?$allocator@U?$_List_node@PAUClientContext@@PAX@std@@@1@PAPAUClientContext@@@Z 10001e80 f i IOCPS.obj
 0001:00000e80       ??$destroy@PAD@?$allocator_traits@V?$allocator@D@std@@@std@@SAXAAV?$allocator@D@1@PAPAD@Z 10001e80 f i IOCPBuffer.obj
 0001:00000e80       ??$destroy@PAU?$_List_node@PAUClientContext@@PAX@std@@@?$allocator_traits@V?$allocator@U?$_List_node@PAUClientContext@@PAX@std@@@std@@@std@@SAXAAV?$allocator@U?$_List_node@PAUClientContext@@PAX@std@@@1@PAPAU?$_List_node@PAUClientContext@@PAX@1@@Z 10001e80 f i IOCPS.obj
 0001:00000e80       ??$destroy@PAVCIOCPBuffer@@@?$allocator_traits@V?$allocator@U?$_List_node@PAVCIOCPBuffer@@PAX@std@@@std@@@std@@SAXAAV?$allocator@U?$_List_node@PAVCIOCPBuffer@@PAX@std@@@1@PAPAVCIOCPBuffer@@@Z 10001e80 f i IOCPS.obj
 0001:00000e80       ??$destroy@PAU?$_List_node@PAXPAX@std@@@?$allocator_traits@V?$allocator@U?$_List_node@PAXPAX@std@@@std@@@std@@SAXAAV?$allocator@U?$_List_node@PAXPAX@std@@@1@PAPAU?$_List_node@PAXPAX@1@@Z 10001e80 f i IOCPS.obj
 0001:00000ea0       ??$construct@PAU?$_Tree_node@U?$pair@$$CBIPAVCIOCPBuffer@@@std@@PAX@std@@AAPAU12@@?$allocator_traits@V?$allocator@U?$_Tree_node@U?$pair@$$CBIPAVCIOCPBuffer@@@std@@PAX@std@@@std@@@std@@SAXAAV?$allocator@U?$_Tree_node@U?$pair@$$CBIPAVCIOCPBuffer@@@std@@PAX@std@@@1@PAPAU?$_Tree_node@U?$pair@$$CBIPAVCIOCPBuffer@@@std@@PAX@1@AAPAU31@@Z 10001ea0 f i IOCPS.obj
 0001:00000ea0       ??$construct@PAU?$_Tree_node@U?$pair@$$CBGPAX@std@@PAX@std@@AAPAU12@@?$allocator_traits@V?$allocator@U?$_Tree_node@U?$pair@$$CBGPAX@std@@PAX@std@@@std@@@std@@SAXAAV?$allocator@U?$_Tree_node@U?$pair@$$CBGPAX@std@@PAX@std@@@1@PAPAU?$_Tree_node@U?$pair@$$CBGPAX@std@@PAX@1@AAPAU31@@Z 10001ea0 f i IOCPS.obj
 0001:00000ea0       ??$construct@PAVCIOCPBuffer@@ABQAV1@@?$allocator_traits@V?$allocator@U?$_List_node@PAVCIOCPBuffer@@PAX@std@@@std@@@std@@SAXAAV?$allocator@U?$_List_node@PAVCIOCPBuffer@@PAX@std@@@1@PAPAVCIOCPBuffer@@ABQAV3@@Z 10001ea0 f i IOCPS.obj
 0001:00000ea0       ??$construct@PAU?$_List_node@PAUJobItem@@PAX@std@@AAPAU12@@?$allocator_traits@V?$allocator@U?$_List_node@PAUJobItem@@PAX@std@@@std@@@std@@SAXAAV?$allocator@U?$_List_node@PAUJobItem@@PAX@std@@@1@PAPAU?$_List_node@PAUJobItem@@PAX@1@AAPAU31@@Z 10001ea0 f i IOCPS.obj
 0001:00000ea0       ??$construct@PAU?$_List_node@PAUClientContext@@PAX@std@@AAPAU12@@?$allocator_traits@V?$allocator@U?$_List_node@PAUClientContext@@PAX@std@@@std@@@std@@SAXAAV?$allocator@U?$_List_node@PAUClientContext@@PAX@std@@@1@PAPAU?$_List_node@PAUClientContext@@PAX@1@AAPAU31@@Z 10001ea0 f i IOCPS.obj
 0001:00000ea0       ??$construct@PAUClientContext@@ABQAU1@@?$allocator_traits@V?$allocator@U?$_List_node@PAUClientContext@@PAX@std@@@std@@@std@@SAXAAV?$allocator@U?$_List_node@PAUClientContext@@PAX@std@@@1@PAPAUClientContext@@ABQAU3@@Z 10001ea0 f i IOCPS.obj
 0001:00000ea0       ??$construct@PAU?$_List_node@PAXPAX@std@@AAPAU12@@?$allocator_traits@V?$allocator@U?$_List_node@PAXPAX@std@@@std@@@std@@SAXAAV?$allocator@U?$_List_node@PAXPAX@std@@@1@PAPAU?$_List_node@PAXPAX@1@AAPAU31@@Z 10001ea0 f i IOCPS.obj
 0001:00000ea0       ??$construct@PAU?$_List_node@PAVCIOCPBuffer@@PAX@std@@AAPAU12@@?$allocator_traits@V?$allocator@U?$_List_node@PAVCIOCPBuffer@@PAX@std@@@std@@@std@@SAXAAV?$allocator@U?$_List_node@PAVCIOCPBuffer@@PAX@std@@@1@PAPAU?$_List_node@PAVCIOCPBuffer@@PAX@1@AAPAU31@@Z 10001ea0 f i IOCPS.obj
 0001:00000ea0       ??$construct@PAXABQAX@?$allocator_traits@V?$allocator@U?$_List_node@PAXPAX@std@@@std@@@std@@SAXAAV?$allocator@U?$_List_node@PAXPAX@std@@@1@PAPAXABQAX@Z 10001ea0 f i IOCPS.obj
 0001:00000ea0       ??$construct@PAU?$_Tree_node@U?$pair@$$CBIPAUClientContext@@@std@@PAX@std@@AAPAU12@@?$allocator_traits@V?$allocator@U?$_Tree_node@U?$pair@$$CBIPAUClientContext@@@std@@PAX@std@@@std@@@std@@SAXAAV?$allocator@U?$_Tree_node@U?$pair@$$CBIPAUClientContext@@@std@@PAX@std@@@1@PAPAU?$_Tree_node@U?$pair@$$CBIPAUClientContext@@@std@@PAX@1@AAPAU31@@Z 10001ea0 f i IOCPS.obj
 0001:00000ea0       ??$construct@PADAAPAD@?$allocator_traits@V?$allocator@D@std@@@std@@SAXAAV?$allocator@D@1@PAPADAAPAD@Z 10001ea0 f i IOCPBuffer.obj
 0001:00000ec0       ??$destroy@PAVCIOCPBuffer@@@?$allocator@U?$_List_node@PAVCIOCPBuffer@@PAX@std@@@std@@QAEXPAPAVCIOCPBuffer@@@Z 10001ec0 f i IOCPS.obj
 0001:00000ec0       ??$destroy@U?$pair@$$CBIPAUClientContext@@@std@@@?$allocator@U?$_Tree_node@U?$pair@$$CBIPAUClientContext@@@std@@PAX@std@@@std@@QAEXPAU?$pair@$$CBIPAUClientContext@@@1@@Z 10001ec0 f i IOCPS.obj
 0001:00000ec0       ??$destroy@PAU?$_List_node@PAUClientContext@@PAX@std@@@?$allocator@U?$_List_node@PAUClientContext@@PAX@std@@@std@@QAEXPAPAU?$_List_node@PAUClientContext@@PAX@1@@Z 10001ec0 f i IOCPS.obj
 0001:00000ec0       ?_Adopt@_Iterator_base0@std@@QAEXPBX@Z 10001ec0 f i IOCPS.obj
 0001:00000ec0       ??$destroy@PAU?$_List_node@PAVCIOCPBuffer@@PAX@std@@@?$allocator@U?$_List_node@PAVCIOCPBuffer@@PAX@std@@@std@@QAEXPAPAU?$_List_node@PAVCIOCPBuffer@@PAX@1@@Z 10001ec0 f i IOCPS.obj
 0001:00000ec0       ?NotifyFileCompleted@IOCPS@@MAEXPAUClientContext@@@Z 10001ec0 f i IOCPS.obj
 0001:00000ec0       ?NotifyNewConnection@IOCPS@@MAEXPAUClientContext@@@Z 10001ec0 f i IOCPS.obj
 0001:00000ec0       ??$destroy@PAU?$_Tree_node@U?$pair@$$CBIPAUClientContext@@@std@@PAX@std@@@?$allocator@U?$_Tree_node@U?$pair@$$CBIPAUClientContext@@@std@@PAX@std@@@std@@QAEXPAPAU?$_Tree_node@U?$pair@$$CBIPAUClientContext@@@std@@PAX@1@@Z 10001ec0 f i IOCPS.obj
 0001:00000ec0       ??$destroy@PAU?$_Tree_node@U?$pair@$$CBIPAVCIOCPBuffer@@@std@@PAX@std@@@?$allocator@U?$_Tree_node@U?$pair@$$CBIPAVCIOCPBuffer@@@std@@PAX@std@@@std@@QAEXPAPAU?$_Tree_node@U?$pair@$$CBIPAVCIOCPBuffer@@@std@@PAX@1@@Z 10001ec0 f i IOCPS.obj
 0001:00000ec0       ??$destroy@PAX@?$allocator@U?$_List_node@PAXPAX@std@@@std@@QAEXPAPAX@Z 10001ec0 f i IOCPS.obj
 0001:00000ec0       ??$destroy@PAUClientContext@@@?$allocator@U?$_List_node@PAUClientContext@@PAX@std@@@std@@QAEXPAPAUClientContext@@@Z 10001ec0 f i IOCPS.obj
 0001:00000ec0       ?NotifyNewClientContext@IOCPS@@MAEXPAUClientContext@@@Z 10001ec0 f i IOCPS.obj
 0001:00000ec0       ??$destroy@U?$pair@$$CBIPAVCIOCPBuffer@@@std@@@?$allocator@U?$_Tree_node@U?$pair@$$CBIPAVCIOCPBuffer@@@std@@PAX@std@@@std@@QAEXPAU?$pair@$$CBIPAVCIOCPBuffer@@@1@@Z 10001ec0 f i IOCPS.obj
 0001:00000ec0       ??$destroy@U?$pair@$$CBGPAX@std@@@?$allocator@U?$_Tree_node@U?$pair@$$CBGPAX@std@@PAX@std@@@std@@QAEXPAU?$pair@$$CBGPAX@1@@Z 10001ec0 f i IOCPS.obj
 0001:00000ec0       ??$destroy@PAD@?$allocator@D@std@@QAEXPAPAD@Z 10001ec0 f i IOCPBuffer.obj
 0001:00000ec0       ??$destroy@PAU?$_List_node@PAUJobItem@@PAX@std@@@?$allocator@U?$_List_node@PAUJobItem@@PAX@std@@@std@@QAEXPAPAU?$_List_node@PAUJobItem@@PAX@1@@Z 10001ec0 f i IOCPS.obj
 0001:00000ec0       ??$destroy@PAU?$_List_node@PAXPAX@std@@@?$allocator@U?$_List_node@PAXPAX@std@@@std@@QAEXPAPAU?$_List_node@PAXPAX@1@@Z 10001ec0 f i IOCPS.obj
 0001:00000ec0       ??$destroy@PAU?$_Tree_node@U?$pair@$$CBGPAX@std@@PAX@std@@@?$allocator@U?$_Tree_node@U?$pair@$$CBGPAX@std@@PAX@std@@@std@@QAEXPAPAU?$_Tree_node@U?$pair@$$CBGPAX@std@@PAX@1@@Z 10001ec0 f i IOCPS.obj
 0001:00000ec0       ?NotifyDisconnectedClient@IOCPS@@MAEXPAUClientContext@@@Z 10001ec0 f i IOCPS.obj
 0001:00000ec0       ?NotifyContextRelease@IOCPS@@MAEXPAUClientContext@@@Z 10001ec0 f i IOCPS.obj
 0001:00000ec0       ??$destroy@PAUJobItem@@@?$allocator@U?$_List_node@PAUJobItem@@PAX@std@@@std@@QAEXPAPAUJobItem@@@Z 10001ec0 f i IOCPS.obj
 0001:00000ed0       ??$construct@PADAAPAD@?$allocator@D@std@@QAEXPAPADAAPAD@Z 10001ed0 f i IOCPBuffer.obj
 0001:00000ed0       ??$construct@PAVCIOCPBuffer@@ABQAV1@@?$allocator@U?$_List_node@PAVCIOCPBuffer@@PAX@std@@@std@@QAEXPAPAVCIOCPBuffer@@ABQAV2@@Z 10001ed0 f i IOCPS.obj
 0001:00000ed0       ??$construct@PAU?$_Tree_node@U?$pair@$$CBGPAX@std@@PAX@std@@AAPAU12@@?$allocator@U?$_Tree_node@U?$pair@$$CBGPAX@std@@PAX@std@@@std@@QAEXPAPAU?$_Tree_node@U?$pair@$$CBGPAX@std@@PAX@1@AAPAU21@@Z 10001ed0 f i IOCPS.obj
 0001:00000ed0       ??$construct@PAUClientContext@@ABQAU1@@?$allocator@U?$_List_node@PAUClientContext@@PAX@std@@@std@@QAEXPAPAUClientContext@@ABQAU2@@Z 10001ed0 f i IOCPS.obj
 0001:00000ed0       ??$construct@PAU?$_List_node@PAVCIOCPBuffer@@PAX@std@@AAPAU12@@?$allocator@U?$_List_node@PAVCIOCPBuffer@@PAX@std@@@std@@QAEXPAPAU?$_List_node@PAVCIOCPBuffer@@PAX@1@AAPAU21@@Z 10001ed0 f i IOCPS.obj
 0001:00000ed0       ??$construct@PAU?$_Tree_node@U?$pair@$$CBIPAVCIOCPBuffer@@@std@@PAX@std@@AAPAU12@@?$allocator@U?$_Tree_node@U?$pair@$$CBIPAVCIOCPBuffer@@@std@@PAX@std@@@std@@QAEXPAPAU?$_Tree_node@U?$pair@$$CBIPAVCIOCPBuffer@@@std@@PAX@1@AAPAU21@@Z 10001ed0 f i IOCPS.obj
 0001:00000ed0       ??$construct@PAXABQAX@?$allocator@U?$_List_node@PAXPAX@std@@@std@@QAEXPAPAXABQAX@Z 10001ed0 f i IOCPS.obj
 0001:00000ed0       ??$construct@PAU?$_List_node@PAXPAX@std@@AAPAU12@@?$allocator@U?$_List_node@PAXPAX@std@@@std@@QAEXPAPAU?$_List_node@PAXPAX@1@AAPAU21@@Z 10001ed0 f i IOCPS.obj
 0001:00000ed0       ??$construct@PAU?$_Tree_node@U?$pair@$$CBIPAUClientContext@@@std@@PAX@std@@AAPAU12@@?$allocator@U?$_Tree_node@U?$pair@$$CBIPAUClientContext@@@std@@PAX@std@@@std@@QAEXPAPAU?$_Tree_node@U?$pair@$$CBIPAUClientContext@@@std@@PAX@1@AAPAU21@@Z 10001ed0 f i IOCPS.obj
 0001:00000ed0       ??$construct@PAU?$_List_node@PAUClientContext@@PAX@std@@AAPAU12@@?$allocator@U?$_List_node@PAUClientContext@@PAX@std@@@std@@QAEXPAPAU?$_List_node@PAUClientContext@@PAX@1@AAPAU21@@Z 10001ed0 f i IOCPS.obj
 0001:00000ed0       ??$construct@PAU?$_List_node@PAUJobItem@@PAX@std@@AAPAU12@@?$allocator@U?$_List_node@PAUJobItem@@PAX@std@@@std@@QAEXPAPAU?$_List_node@PAUJobItem@@PAX@1@AAPAU21@@Z 10001ed0 f i IOCPS.obj
 0001:00000f20       ??2@YAPAXIPAX@Z            10001f20 f i IOCPBuffer.obj
 0001:00000f30       ?_Allocate@std@@YAPAXII_N@Z 10001f30 f i IOCPBuffer.obj
 0001:00000ff0       ?_Deallocate@std@@YAXPAXII@Z 10001ff0 f i IOCPBuffer.obj
 0001:00001090       ?assign@?$char_traits@D@std@@SAXAADABD@Z 10002090 f i IOCPBuffer.obj
 0001:000010a0       ?move@?$char_traits@D@std@@SAPADPADPBDI@Z 100020a0 f i IOCPBuffer.obj
 0001:000010e0       ?copy@?$char_traits@D@std@@SAPADPADPBDI@Z 100020e0 f i IOCPBuffer.obj
 0001:00001110       ?length@?$char_traits@D@std@@SAIPBD@Z 10002110 f i IOCPBuffer.obj
 0001:00001160       ?c_str@?$basic_string@DU?$char_traits@D@std@@V?$allocator@D@2@@std@@QBEPBDXZ 10002160 f i IOCPBuffer.obj
 0001:000011a0       ??1Socket@@UAE@XZ          100021a0 f i IOCPS.obj
 0001:000011c0       ??_GSocket@@UAEPAXI@Z      100021c0 f i IOCPS.obj
 0001:000011c0       ??_ESocket@@UAEPAXI@Z      100021c0 f i * CIL library *:* CIL module *
 0001:000011f0       ??0IOCPS@@QAE@XZ           100021f0 f   IOCPS.obj
 0001:00001490       ??_GIOCPS@@UAEPAXI@Z       10002490 f i IOCPS.obj
 0001:00001490       ??_EIOCPS@@UAEPAXI@Z       10002490 f i * CIL library *:* CIL module *
 0001:000014d0       ??0Socket@@QAE@XZ          100024d0 f i IOCPS.obj
 0001:000014f0       ??1?$map@IPAUClientContext@@U?$less@I@std@@V?$allocator@U?$pair@$$CBIPAUClientContext@@@std@@@3@@std@@QAE@XZ 100024f0 f i IOCPS.obj
 0001:000014f0       ??1?$map@GPAXU?$less@G@std@@V?$allocator@U?$pair@$$CBGPAX@std@@@2@@std@@QAE@XZ 100024f0 f i IOCPS.obj
 0001:000014f0       ??1?$map@IPAVCIOCPBuffer@@U?$less@I@std@@V?$allocator@U?$pair@$$CBIPAVCIOCPBuffer@@@std@@@3@@std@@QAE@XZ 100024f0 f i IOCPS.obj
 0001:00001510       ??1IOCPS@@UAE@XZ           10002510 f   IOCPS.obj
 0001:000015e0       ?Start@IOCPS@@UAEHHHHHHHHHH@Z 100025e0 f   IOCPS.obj
 0001:00001690       ?Startup@IOCPS@@QAEHXZ     10002690 f   IOCPS.obj
 0001:000017f0       ?ListnerThreadProc@IOCPS@@CGIPAX@Z 100027f0 f   IOCPS.obj
 0001:000019f0       ?IOWorkerThreadProc@IOCPS@@CGIPAX@Z 100029f0 f   IOCPS.obj
 0001:00001b90       ?AssociateIncomingClientWithContext@IOCPS@@AAEHI@Z 10002b90 f i IOCPS.obj
 0001:00002040       ?AssociateSocketWithCompletionPort@IOCPS@@AAEHIPAXK@Z 10003040 f i IOCPS.obj
 0001:00002090       ?AddClientContext@IOCPS@@AAEHPAUClientContext@@@Z 10003090 f i IOCPS.obj
 0001:00002160       ?FreeClientContext@IOCPS@@AAEXXZ 10003160 f i IOCPS.obj
 0001:00002410       ??_GClientContext@@QAEPAXI@Z 10003410 f i IOCPS.obj
 0001:00002440       ??1ClientContext@@QAE@XZ   10003440 f i IOCPS.obj
 0001:00002470       ?ProcessIOMessage@IOCPS@@AAEXPAVCIOCPBuffer@@PAUClientContext@@K@Z 10003470 f i IOCPS.obj
 0001:00002590       ?OnInitialize@IOCPS@@AAEXPAUClientContext@@KPAVCIOCPBuffer@@@Z 10003590 f i IOCPS.obj
 0001:00002620       ?OnRead@IOCPS@@AAEXPAUClientContext@@PAVCIOCPBuffer@@@Z 10003620 f i IOCPS.obj
 0001:00002880       ?OnPostedPackage@IOCPS@@AAEXPAUClientContext@@PAVCIOCPBuffer@@@Z 10003880 f i IOCPS.obj
 0001:00002920       ?OnReadCompleted@IOCPS@@AAEXPAUClientContext@@KPAVCIOCPBuffer@@@Z 10003920 f i IOCPS.obj
 0001:00002aa0       ?ProcessPackage@IOCPS@@AAEXPAUClientContext@@KPAVCIOCPBuffer@@@Z 10003aa0 f i IOCPS.obj
 0001:00002b00       ?OnWrite@IOCPS@@AAEXPAUClientContext@@KPAVCIOCPBuffer@@@Z 10003b00 f i IOCPS.obj
 0001:00002d40       ?OnWriteCompleted@IOCPS@@AAEXPAUClientContext@@KPAVCIOCPBuffer@@@Z 10003d40 f i IOCPS.obj
 0001:00002dc0       ?ASend@IOCPS@@QAEHHPAVCIOCPBuffer@@@Z 10003dc0 f   IOCPS.obj
 0001:00002e40       ?FindClient@IOCPS@@QAEPAUClientContext@@I@Z 10003e40 f   IOCPS.obj
 0001:00002e80       ?GetHostKeyName@IOCPS@@QAE?AV?$basic_string@DU?$char_traits@D@std@@V?$allocator@D@2@@std@@I@Z 10003e80 f   IOCPS.obj
 0001:00002f40       ?GetHostAddress@IOCPS@@QAE?AV?$basic_string@DU?$char_traits@D@std@@V?$allocator@D@2@@std@@I@Z 10003f40 f   IOCPS.obj
 0001:00003020       ?ASend@IOCPS@@IAEHPAUClientContext@@PAVCIOCPBuffer@@@Z 10004020 f   IOCPS.obj
 0001:00003100       ?DisconnectClient@IOCPS@@AAEXPAUClientContext@@H@Z 10004100 f i IOCPS.obj
 0001:00003270       ?DisconnectClient@IOCPS@@UAEXI@Z 10004270 f   IOCPS.obj
 0001:000032e0       ?ReleaseBufferMap@IOCPS@@AAEXPAV?$map@IPAVCIOCPBuffer@@U?$less@I@std@@V?$allocator@U?$pair@$$CBIPAVCIOCPBuffer@@@std@@@3@@std@@@Z 100042e0 f i IOCPS.obj
 0001:00003360       ?AbortiveClose@IOCPS@@AAEXPAUClientContext@@@Z 10004360 f i IOCPS.obj
 0001:00003450       ?ShutDown@IOCPS@@UAEXXZ    10004450 f   IOCPS.obj
 0001:00003550       ?OnZeroByteRead@IOCPS@@AAEXPAUClientContext@@PAVCIOCPBuffer@@@Z 10004550 f i IOCPS.obj
 0001:00003780       ?OnZeroByteReadCompleted@IOCPS@@AAEXPAUClientContext@@KPAVCIOCPBuffer@@@Z 10004780 f i IOCPS.obj
 0001:000037b0       ?ARead@IOCPS@@AAEHPAUClientContext@@PAVCIOCPBuffer@@@Z 100047b0 f i IOCPS.obj
 0001:00003880       ?AZeroByteRead@IOCPS@@AAEHPAUClientContext@@PAVCIOCPBuffer@@@Z 10004880 f i IOCPS.obj
 0001:00003a10       ?ErrorCode2Text@IOCPS@@IAE?AV?$basic_string@DU?$char_traits@D@std@@V?$allocator@D@2@@std@@K@Z 10004a10 f   IOCPS.obj
 0001:00003cc0       ?EnterIOLoop@IOCPS@@AAEXPAUClientContext@@@Z 10004cc0 f i IOCPS.obj
 0001:00003d00       ?ExitIOLoop@IOCPS@@AAEHPAUClientContext@@@Z 10004d00 f i IOCPS.obj
 0001:00003d60       ?DisconnectAll@IOCPS@@UAEXXZ 10004d60 f   IOCPS.obj
 0001:00003e10       ?ShutDownIOWorkers@IOCPS@@AAEXXZ 10004e10 f i IOCPS.obj
 0001:00003ef0       ?SetWorkers@IOCPS@@QAEHH@Z 10004ef0 f   IOCPS.obj
 0001:00004120       ?WorkerThreadProc@IOCPS@@CGIPAX@Z 10005120 f   IOCPS.obj
 0001:000041c0       ?GetWorker@IOCPS@@AAEPAXG@Z 100051c0 f   IOCPS.obj
 0001:00004210       ?ShutDownWorkers@IOCPS@@AAEXXZ 10005210 f i IOCPS.obj
 0001:000042f0       ?FreeJob@IOCPS@@QAEXPAUJobItem@@@Z 100052f0 f i IOCPS.obj
 0001:00004330       ??_GJobItem@@QAEPAXI@Z     10005330 f i IOCPS.obj
 0001:00004360       ??1JobItem@@QAE@XZ         10005360 f i IOCPS.obj
 0001:00004380       ?GetJob@IOCPS@@QAEPAUJobItem@@XZ 10005380 f   IOCPS.obj
 0001:000043f0       ?ProcessJob@IOCPS@@UAEXPAUJobItem@@PAV1@@Z 100053f0 f i IOCPS.obj
 0001:00004400       ?NotifyWriteCompleted@IOCPS@@MAEXPAUClientContext@@KPAVCIOCPBuffer@@@Z 10005400 f i IOCPS.obj
 0001:00004400       ?NotifyReceivedPackage@IOCPS@@MAEXPAVCIOCPBuffer@@HPAUClientContext@@@Z 10005400 f i IOCPS.obj
 0001:00004410       ?AllocateContext@IOCPS@@AAEPAUClientContext@@XZ 10005410 f i IOCPS.obj
 0001:000045c0       ??0ClientContext@@QAE@XZ   100055c0 f i IOCPS.obj
 0001:00004630       ?AllocateBuffer@IOCPS@@IAEPAVCIOCPBuffer@@H@Z 10005630 f   IOCPS.obj
 0001:000047f0       ?ReleaseBuffer@IOCPS@@IAEHPAVCIOCPBuffer@@@Z 100057f0 f   IOCPS.obj
 0001:000048d0       ?ReleaseClientContext@IOCPS@@AAEHPAUClientContext@@@Z 100058d0 f i IOCPS.obj
 0001:00004a30       ?FreeBuffers@IOCPS@@AAEXXZ 10005a30 f i IOCPS.obj
 0001:00004ba0       ?SetupListner@IOCPS@@AAEHXZ 10005ba0 f   IOCPS.obj
 0001:00005090       ?CreateCompletionPort@IOCPS@@AAEHXZ 10006090 f i IOCPS.obj
 0001:00005210       ?SetupIOWorkers@IOCPS@@AAEHXZ 10006210 f   IOCPS.obj
 0001:00005340       ?Connect@IOCPS@@UAEHABV?$basic_string@DU?$char_traits@D@std@@V?$allocator@D@2@@std@@H@Z 10006340 f   IOCPS.obj
 0001:00005540       ?GetNextSendBuffer@IOCPS@@AAEPAVCIOCPBuffer@@PAUClientContext@@PAV2@@Z 10006540 f i IOCPS.obj
 0001:00005650       ?SetSendSequenceNumber@IOCPS@@AAEXPAUClientContext@@PAVCIOCPBuffer@@@Z 10006650 f i IOCPS.obj
 0001:000056b0       ?GetNextReadBuffer@IOCPS@@AAEPAVCIOCPBuffer@@PAUClientContext@@PAV2@@Z 100066b0 f i IOCPS.obj
 0001:00005810       ?MakeOrderdRead@IOCPS@@AAEXPAUClientContext@@PAVCIOCPBuffer@@@Z 10006810 f i IOCPS.obj
 0001:00005990       ?IncreaseReadSequenceNumber@IOCPS@@AAEXPAUClientContext@@@Z 10006990 f i IOCPS.obj
 0001:000059e0       ?IncreaseSendSequenceNumber@IOCPS@@AAEXPAUClientContext@@@Z 100069e0 f i IOCPS.obj
 0001:00005a30       ?AppendLog@IOCPS@@MAEXV?$basic_string@DU?$char_traits@D@std@@V?$allocator@D@2@@std@@@Z 10006a30 f   IOCPS.obj
 0001:00005a30       ?AppendLog@ITIOCP@@UAEXV?$basic_string@DU?$char_traits@D@std@@V?$allocator@D@2@@std@@@Z 10006a30 f   MyIOCP.obj
 0001:00005a50       ?RegisterEvents@IOCPS@@UAEXPAVISocketEvents@@@Z 10006a50 f   IOCPS.obj
 0001:00005a70       ??E?$_Tree_iterator@V?$_Tree_val@U?$_Tree_simple_types@U?$pair@$$CBIPAVCIOCPBuffer@@@std@@@std@@@std@@@std@@QAE?AV01@H@Z 10006a70 f i IOCPS.obj
 0001:00005a70       ??E?$_Tree_iterator@V?$_Tree_val@U?$_Tree_simple_types@U?$pair@$$CBGPAX@std@@@std@@@std@@@std@@QAE?AV01@H@Z 10006a70 f i IOCPS.obj
 0001:00005a70       ??E?$_Tree_iterator@V?$_Tree_val@U?$_Tree_simple_types@U?$pair@$$CBIPAUClientContext@@@std@@@std@@@std@@@std@@QAE?AV01@H@Z 10006a70 f i IOCPS.obj
 0001:00005aa0       ??D?$_Tree_iterator@V?$_Tree_val@U?$_Tree_simple_types@U?$pair@$$CBIPAVCIOCPBuffer@@@std@@@std@@@std@@@std@@QBEAAU?$pair@$$CBIPAVCIOCPBuffer@@@1@XZ 10006aa0 f i IOCPS.obj
 0001:00005aa0       ??D?$_Tree_iterator@V?$_Tree_val@U?$_Tree_simple_types@U?$pair@$$CBIPAUClientContext@@@std@@@std@@@std@@@std@@QBEAAU?$pair@$$CBIPAUClientContext@@@1@XZ 10006aa0 f i IOCPS.obj
 0001:00005aa0       ??D?$_Tree_iterator@V?$_Tree_val@U?$_Tree_simple_types@U?$pair@$$CBGPAX@std@@@std@@@std@@@std@@QBEAAU?$pair@$$CBGPAX@1@XZ 10006aa0 f i IOCPS.obj
 0001:00005ac0       ??9?$_List_const_iterator@V?$_List_val@U?$_List_simple_types@PAUClientContext@@@std@@@std@@@std@@QBE_NABV01@@Z 10006ac0 f i IOCPS.obj
 0001:00005ac0       ??9?$_Tree_const_iterator@V?$_Tree_val@U?$_Tree_simple_types@U?$pair@$$CBIPAUClientContext@@@std@@@std@@@std@@@std@@QBE_NABV01@@Z 10006ac0 f i IOCPS.obj
 0001:00005ac0       ??9?$_Tree_const_iterator@V?$_Tree_val@U?$_Tree_simple_types@U?$pair@$$CBIPAVCIOCPBuffer@@@std@@@std@@@std@@@std@@QBE_NABV01@@Z 10006ac0 f i IOCPS.obj
 0001:00005ac0       ??9?$_List_const_iterator@V?$_List_val@U?$_List_simple_types@PAUJobItem@@@std@@@std@@@std@@QBE_NABV01@@Z 10006ac0 f i IOCPS.obj
 0001:00005ac0       ??9?$_List_const_iterator@V?$_List_val@U?$_List_simple_types@PAX@std@@@std@@@std@@QBE_NABV01@@Z 10006ac0 f i IOCPS.obj
 0001:00005ac0       ??9?$_Tree_const_iterator@V?$_Tree_val@U?$_Tree_simple_types@U?$pair@$$CBGPAX@std@@@std@@@std@@@std@@QBE_NABV01@@Z 10006ac0 f i IOCPS.obj
 0001:00005ac0       ??9?$_List_const_iterator@V?$_List_val@U?$_List_simple_types@PAVCIOCPBuffer@@@std@@@std@@@std@@QBE_NABV01@@Z 10006ac0 f i IOCPS.obj
 0001:00005b00       ?find@?$_Tree@V?$_Tmap_traits@IPAUClientContext@@U?$less@I@std@@V?$allocator@U?$pair@$$CBIPAUClientContext@@@std@@@3@$0A@@std@@@std@@QAE?AV?$_Tree_iterator@V?$_Tree_val@U?$_Tree_simple_types@U?$pair@$$CBIPAUClientContext@@@std@@@std@@@std@@@2@ABI@Z 10006b00 f i IOCPS.obj
 0001:00005b00       ?find@?$_Tree@V?$_Tmap_traits@IPAVCIOCPBuffer@@U?$less@I@std@@V?$allocator@U?$pair@$$CBIPAVCIOCPBuffer@@@std@@@3@$0A@@std@@@std@@QAE?AV?$_Tree_iterator@V?$_Tree_val@U?$_Tree_simple_types@U?$pair@$$CBIPAVCIOCPBuffer@@@std@@@std@@@std@@@2@ABI@Z 10006b00 f i IOCPS.obj
 0001:00005ba0       ?clear@?$_Tree@V?$_Tmap_traits@GPAXU?$less@G@std@@V?$allocator@U?$pair@$$CBGPAX@std@@@2@$0A@@std@@@std@@QAEXXZ 10006ba0 f i IOCPS.obj
 0001:00005ba0       ?clear@?$_Tree@V?$_Tmap_traits@IPAUClientContext@@U?$less@I@std@@V?$allocator@U?$pair@$$CBIPAUClientContext@@@std@@@3@$0A@@std@@@std@@QAEXXZ 10006ba0 f i IOCPS.obj
 0001:00005ba0       ?clear@?$_Tree@V?$_Tmap_traits@IPAVCIOCPBuffer@@U?$less@I@std@@V?$allocator@U?$pair@$$CBIPAVCIOCPBuffer@@@std@@@3@$0A@@std@@@std@@QAEXXZ 10006ba0 f i IOCPS.obj
 0001:00005c40       ?erase@?$_Tree@V?$_Tmap_traits@IPAUClientContext@@U?$less@I@std@@V?$allocator@U?$pair@$$CBIPAUClientContext@@@std@@@3@$0A@@std@@@std@@QAE?AV?$_Tree_iterator@V?$_Tree_val@U?$_Tree_simple_types@U?$pair@$$CBIPAUClientContext@@@std@@@std@@@std@@@2@V?$_Tree_const_iterator@V?$_Tree_val@U?$_Tree_simple_types@U?$pair@$$CBIPAUClientContext@@@std@@@std@@@std@@@2@@Z 10006c40 f i IOCPS.obj
 0001:00005c40       ?erase@?$_Tree@V?$_Tmap_traits@GPAXU?$less@G@std@@V?$allocator@U?$pair@$$CBGPAX@std@@@2@$0A@@std@@@std@@QAE?AV?$_Tree_iterator@V?$_Tree_val@U?$_Tree_simple_types@U?$pair@$$CBGPAX@std@@@std@@@std@@@2@V?$_Tree_const_iterator@V?$_Tree_val@U?$_Tree_simple_types@U?$pair@$$CBGPAX@std@@@std@@@std@@@2@@Z 10006c40 f i IOCPS.obj
 0001:00005c40       ?erase@?$_Tree@V?$_Tmap_traits@IPAVCIOCPBuffer@@U?$less@I@std@@V?$allocator@U?$pair@$$CBIPAVCIOCPBuffer@@@std@@@3@$0A@@std@@@std@@QAE?AV?$_Tree_iterator@V?$_Tree_val@U?$_Tree_simple_types@U?$pair@$$CBIPAVCIOCPBuffer@@@std@@@std@@@std@@@2@V?$_Tree_const_iterator@V?$_Tree_val@U?$_Tree_simple_types@U?$pair@$$CBIPAVCIOCPBuffer@@@std@@@std@@@std@@@2@@Z 10006c40 f i IOCPS.obj
 0001:000063c0       ?empty@?$_Tree@V?$_Tmap_traits@IPAUClientContext@@U?$less@I@std@@V?$allocator@U?$pair@$$CBIPAUClientContext@@@std@@@3@$0A@@std@@@std@@QBE_NXZ 100073c0 f i IOCPS.obj
 0001:000063c0       ?empty@?$_Tree@V?$_Tmap_traits@IPAVCIOCPBuffer@@U?$less@I@std@@V?$allocator@U?$pair@$$CBIPAVCIOCPBuffer@@@std@@@3@$0A@@std@@@std@@QBE_NXZ 100073c0 f i IOCPS.obj
 0001:000063f0       ?size@?$_Tree@V?$_Tmap_traits@IPAUClientContext@@U?$less@I@std@@V?$allocator@U?$pair@$$CBIPAUClientContext@@@std@@@3@$0A@@std@@@std@@QBEIXZ 100073f0 f i IOCPS.obj
 0001:000063f0       ?size@?$_Tree@V?$_Tmap_traits@IPAVCIOCPBuffer@@U?$less@I@std@@V?$allocator@U?$pair@$$CBIPAVCIOCPBuffer@@@std@@@3@$0A@@std@@@std@@QBEIXZ 100073f0 f i IOCPS.obj
 0001:000063f0       ?size@?$_Tree@V?$_Tmap_traits@GPAXU?$less@G@std@@V?$allocator@U?$pair@$$CBGPAX@std@@@2@$0A@@std@@@std@@QBEIXZ 100073f0 f i IOCPS.obj
 0001:00006410       ?end@?$_Tree@V?$_Tmap_traits@GPAXU?$less@G@std@@V?$allocator@U?$pair@$$CBGPAX@std@@@2@$0A@@std@@@std@@QAE?AV?$_Tree_iterator@V?$_Tree_val@U?$_Tree_simple_types@U?$pair@$$CBGPAX@std@@@std@@@std@@@2@XZ 10007410 f i IOCPS.obj
 0001:00006410       ?end@?$_Tree@V?$_Tmap_traits@IPAUClientContext@@U?$less@I@std@@V?$allocator@U?$pair@$$CBIPAUClientContext@@@std@@@3@$0A@@std@@@std@@QAE?AV?$_Tree_iterator@V?$_Tree_val@U?$_Tree_simple_types@U?$pair@$$CBIPAUClientContext@@@std@@@std@@@std@@@2@XZ 10007410 f i IOCPS.obj
 0001:00006410       ?end@?$_Tree@V?$_Tmap_traits@IPAVCIOCPBuffer@@U?$less@I@std@@V?$allocator@U?$pair@$$CBIPAVCIOCPBuffer@@@std@@@3@$0A@@std@@@std@@QAE?AV?$_Tree_iterator@V?$_Tree_val@U?$_Tree_simple_types@U?$pair@$$CBIPAVCIOCPBuffer@@@std@@@std@@@std@@@2@XZ 10007410 f i IOCPS.obj
 0001:00006470       ?begin@?$_Tree@V?$_Tmap_traits@GPAXU?$less@G@std@@V?$allocator@U?$pair@$$CBGPAX@std@@@2@$0A@@std@@@std@@QAE?AV?$_Tree_iterator@V?$_Tree_val@U?$_Tree_simple_types@U?$pair@$$CBGPAX@std@@@std@@@std@@@2@XZ 10007470 f i IOCPS.obj
 0001:00006470       ?begin@?$_Tree@V?$_Tmap_traits@IPAVCIOCPBuffer@@U?$less@I@std@@V?$allocator@U?$pair@$$CBIPAVCIOCPBuffer@@@std@@@3@$0A@@std@@@std@@QAE?AV?$_Tree_iterator@V?$_Tree_val@U?$_Tree_simple_types@U?$pair@$$CBIPAVCIOCPBuffer@@@std@@@std@@@std@@@2@XZ 10007470 f i IOCPS.obj
 0001:00006470       ?begin@?$_Tree@V?$_Tmap_traits@IPAUClientContext@@U?$less@I@std@@V?$allocator@U?$pair@$$CBIPAUClientContext@@@std@@@3@$0A@@std@@@std@@QAE?AV?$_Tree_iterator@V?$_Tree_val@U?$_Tree_simple_types@U?$pair@$$CBIPAUClientContext@@@std@@@std@@@std@@@2@XZ 10007470 f i IOCPS.obj
 0001:000064d0       ??1?$_Tree@V?$_Tmap_traits@IPAUClientContext@@U?$less@I@std@@V?$allocator@U?$pair@$$CBIPAUClientContext@@@std@@@3@$0A@@std@@@std@@QAE@XZ 100074d0 f i IOCPS.obj
 0001:000064d0       ??1?$_Tree@V?$_Tmap_traits@IPAVCIOCPBuffer@@U?$less@I@std@@V?$allocator@U?$pair@$$CBIPAVCIOCPBuffer@@@std@@@3@$0A@@std@@@std@@QAE@XZ 100074d0 f i IOCPS.obj
 0001:000064d0       ??1?$_Tree@V?$_Tmap_traits@GPAXU?$less@G@std@@V?$allocator@U?$pair@$$CBGPAX@std@@@2@$0A@@std@@@std@@QAE@XZ 100074d0 f i IOCPS.obj
 0001:00006520       ??A?$map@GPAXU?$less@G@std@@V?$allocator@U?$pair@$$CBGPAX@std@@@2@@std@@QAEAAPAXABG@Z 10007520 f i IOCPS.obj
 0001:00006550       ??0?$map@GPAXU?$less@G@std@@V?$allocator@U?$pair@$$CBGPAX@std@@@2@@std@@QAE@XZ 10007550 f i IOCPS.obj
 0001:00006550       ??0?$map@IPAUClientContext@@U?$less@I@std@@V?$allocator@U?$pair@$$CBIPAUClientContext@@@std@@@3@@std@@QAE@XZ 10007550 f i IOCPS.obj
 0001:00006550       ??0?$map@IPAVCIOCPBuffer@@U?$less@I@std@@V?$allocator@U?$pair@$$CBIPAVCIOCPBuffer@@@std@@@3@@std@@QAE@XZ 10007550 f i IOCPS.obj
 0001:00006570       ??E?$_List_iterator@V?$_List_val@U?$_List_simple_types@PAUJobItem@@@std@@@std@@@std@@QAE?AV01@H@Z 10007570 f i IOCPS.obj
 0001:00006570       ??E?$_List_iterator@V?$_List_val@U?$_List_simple_types@PAX@std@@@std@@@std@@QAE?AV01@H@Z 10007570 f i IOCPS.obj
 0001:00006570       ??E?$_List_iterator@V?$_List_val@U?$_List_simple_types@PAUClientContext@@@std@@@std@@@std@@QAE?AV01@H@Z 10007570 f i IOCPS.obj
 0001:00006570       ??E?$_List_iterator@V?$_List_val@U?$_List_simple_types@PAVCIOCPBuffer@@@std@@@std@@@std@@QAE?AV01@H@Z 10007570 f i IOCPS.obj
 0001:000065a0       ??D?$_List_iterator@V?$_List_val@U?$_List_simple_types@PAVCIOCPBuffer@@@std@@@std@@@std@@QBEAAPAVCIOCPBuffer@@XZ 100075a0 f i IOCPS.obj
 0001:000065a0       ??D?$_List_iterator@V?$_List_val@U?$_List_simple_types@PAX@std@@@std@@@std@@QBEAAPAXXZ 100075a0 f i IOCPS.obj
 0001:000065a0       ??D?$_List_iterator@V?$_List_val@U?$_List_simple_types@PAUJobItem@@@std@@@std@@@std@@QBEAAPAUJobItem@@XZ 100075a0 f i IOCPS.obj
 0001:000065a0       ??D?$_List_iterator@V?$_List_val@U?$_List_simple_types@PAUClientContext@@@std@@@std@@@std@@QBEAAPAUClientContext@@XZ 100075a0 f i IOCPS.obj
 0001:000065c0       ?clear@?$list@PAUClientContext@@V?$allocator@PAUClientContext@@@std@@@std@@QAEXXZ 100075c0 f i IOCPS.obj
 0001:000065c0       ?clear@?$list@PAXV?$allocator@PAX@std@@@std@@QAEXXZ 100075c0 f i IOCPS.obj
 0001:000065c0       ?clear@?$list@PAVCIOCPBuffer@@V?$allocator@PAVCIOCPBuffer@@@std@@@std@@QAEXXZ 100075c0 f i IOCPS.obj
 0001:000065c0       ?clear@?$list@PAUJobItem@@V?$allocator@PAUJobItem@@@std@@@std@@QAEXXZ 100075c0 f i IOCPS.obj
 0001:000066a0       ?pop_back@?$list@PAUJobItem@@V?$allocator@PAUJobItem@@@std@@@std@@QAEXXZ 100076a0 f i IOCPS.obj
 0001:000066e0       ?back@?$list@PAUJobItem@@V?$allocator@PAUJobItem@@@std@@@std@@QAEAAPAUJobItem@@XZ 100076e0 f i IOCPS.obj
 0001:00006710       ?empty@?$list@PAUClientContext@@V?$allocator@PAUClientContext@@@std@@@std@@QBE_NXZ 10007710 f i IOCPS.obj
 0001:00006710       ?empty@?$list@PAUJobItem@@V?$allocator@PAUJobItem@@@std@@@std@@QBE_NXZ 10007710 f i IOCPS.obj
 0001:00006710       ?empty@?$list@PAVCIOCPBuffer@@V?$allocator@PAVCIOCPBuffer@@@std@@@std@@QBE_NXZ 10007710 f i IOCPS.obj
 0001:00006740       ?end@?$list@PAUClientContext@@V?$allocator@PAUClientContext@@@std@@@std@@QAE?AV?$_List_iterator@V?$_List_val@U?$_List_simple_types@PAUClientContext@@@std@@@std@@@2@XZ 10007740 f i IOCPS.obj
 0001:00006740       ?end@?$list@PAXV?$allocator@PAX@std@@@std@@QAE?AV?$_List_iterator@V?$_List_val@U?$_List_simple_types@PAX@std@@@std@@@2@XZ 10007740 f i IOCPS.obj
 0001:00006740       ?end@?$list@PAVCIOCPBuffer@@V?$allocator@PAVCIOCPBuffer@@@std@@@std@@QAE?AV?$_List_iterator@V?$_List_val@U?$_List_simple_types@PAVCIOCPBuffer@@@std@@@std@@@2@XZ 10007740 f i IOCPS.obj
 0001:00006740       ?end@?$list@PAUJobItem@@V?$allocator@PAUJobItem@@@std@@@std@@QAE?AV?$_List_iterator@V?$_List_val@U?$_List_simple_types@PAUJobItem@@@std@@@std@@@2@XZ 10007740 f i IOCPS.obj
 0001:000067a0       ?begin@?$list@PAUClientContext@@V?$allocator@PAUClientContext@@@std@@@std@@QAE?AV?$_List_iterator@V?$_List_val@U?$_List_simple_types@PAUClientContext@@@std@@@std@@@2@XZ 100077a0 f i IOCPS.obj
 0001:000067a0       ?begin@?$list@PAVCIOCPBuffer@@V?$allocator@PAVCIOCPBuffer@@@std@@@std@@QAE?AV?$_List_iterator@V?$_List_val@U?$_List_simple_types@PAVCIOCPBuffer@@@std@@@std@@@2@XZ 100077a0 f i IOCPS.obj
[...]
 0002:000022b8       __unwindtable$?_Buynode0@?$_Tree_comp_alloc@V?$_Tmap_traits@IPAVCIOCPBuffer@@U?$less@I@std@@V?$allocator@U?$pair@$$CBIPAVCIOCPBuffer@@@std@@@3@$0A@@std@@@std@@QAEPAU?$_Tree_node@U?$pair@$$CBIPAVCIOCPBuffer@@@std@@PAX@2@XZ 100112b8     IOCPS.obj
 0002:000022b8       __unwindtable$?_Buynode0@?$_Tree_comp_alloc@V?$_Tmap_traits@GPAXU?$less@G@std@@V?$allocator@U?$pair@$$CBGPAX@std@@@2@$0A@@std@@@std@@QAEPAU?$_Tree_node@U?$pair@$$CBGPAX@std@@PAX@2@XZ 100112b8     IOCPS.obj
 0002:000022b8       __unwindtable$?_Buynode0@?$_Tree_comp_alloc@V?$_Tmap_traits@IPAUClientContext@@U?$less@I@std@@V?$allocator@U?$pair@$$CBIPAUClientContext@@@std@@@3@$0A@@std@@@std@@QAEPAU?$_Tree_node@U?$pair@$$CBIPAUClientContext@@@std@@PAX@2@XZ 100112b8     IOCPS.obj
 0002:000022c8       __tryblocktable$?_Buynode0@?$_Tree_comp_alloc@V?$_Tmap_traits@GPAXU?$less@G@std@@V?$allocator@U?$pair@$$CBGPAX@std@@@2@$0A@@std@@@std@@QAEPAU?$_Tree_node@U?$pair@$$CBGPAX@std@@PAX@2@XZ 100112c8     IOCPS.obj
 0002:000022c8       __tryblocktable$?_Buynode0@?$_Tree_comp_alloc@V?$_Tmap_traits@IPAUClientContext@@U?$less@I@std@@V?$allocator@U?$pair@$$CBIPAUClientContext@@@std@@@3@$0A@@std@@@std@@QAEPAU?$_Tree_node@U?$pair@$$CBIPAUClientContext@@@std@@PAX@2@XZ 100112c8     IOCPS.obj
 0002:000022c8       __tryblocktable$?_Buynode0@?$_Tree_comp_alloc@V?$_Tmap_traits@IPAVCIOCPBuffer@@U?$less@I@std@@V?$allocator@U?$pair@$$CBIPAVCIOCPBuffer@@@std@@@3@$0A@@std@@@std@@QAEPAU?$_Tree_node@U?$pair@$$CBIPAVCIOCPBuffer@@@std@@PAX@2@XZ 100112c8     IOCPS.obj
 0002:000022dc       __catchsym$?_Buynode0@?$_Tree_comp_alloc@V?$_Tmap_traits@IPAUClientContext@@U?$less@I@std@@V?$allocator@U?$pair@$$CBIPAUClientContext@@@std@@@3@$0A@@std@@@std@@QAEPAU?$_Tree_node@U?$pair@$$CBIPAUClientContext@@@std@@PAX@2@XZ$2 100112dc     IOCPS.obj
 0002:000022dc       __catchsym$?_Buynode0@?$_Tree_comp_alloc@V?$_Tmap_traits@IPAVCIOCPBuffer@@U?$less@I@std@@V?$allocator@U?$pair@$$CBIPAVCIOCPBuffer@@@std@@@3@$0A@@std@@@std@@QAEPAU?$_Tree_node@U?$pair@$$CBIPAVCIOCPBuffer@@@std@@PAX@2@XZ$2 100112dc     IOCPS.obj
 0002:000022dc       __catchsym$?_Buynode0@?$_Tree_comp_alloc@V?$_Tmap_traits@GPAXU?$less@G@std@@V?$allocator@U?$pair@$$CBGPAX@std@@@2@$0A@@std@@@std@@QAEPAU?$_Tree_node@U?$pair@$$CBGPAX@std@@PAX@2@XZ$2 100112dc     IOCPS.obj
 0002:000022ec       __ehfuncinfo$??$_Buynode@ABUpiecewise_construct_t@std@@V?$tuple@ABG@2@V?$tuple@$$V@2@@?$_Tree_comp_alloc@V?$_Tmap_traits@GPAXU?$less@G@std@@V?$allocator@U?$pair@$$CBGPAX@std@@@2@$0A@@std@@@std@@QAEPAU?$_Tree_node@U?$pair@$$CBGPAX@std@@PAX@1@ABUpiecewise_construct_t@1@$$QAV?$tuple@ABG@1@$$QAV?$tuple@$$V@1@@Z 100112ec     IOCPS.obj
 0002:00002310       __unwindtable$??$_Buynode@ABUpiecewise_construct_t@std@@V?$tuple@ABG@2@V?$tuple@$$V@2@@?$_Tree_comp_alloc@V?$_Tmap_traits@GPAXU?$less@G@std@@V?$allocator@U?$pair@$$CBGPAX@std@@@2@$0A@@std@@@std@@QAEPAU?$_Tree_node@U?$pair@$$CBGPAX@std@@PAX@1@ABUpiecewise_construct_t@1@$$QAV?$tuple@ABG@1@$$QAV?$tuple@$$V@1@@Z 10011310     IOCPS.obj
 0002:00002320       __tryblocktable$??$_Buynode@ABUpiecewise_construct_t@std@@V?$tuple@ABG@2@V?$tuple@$$V@2@@?$_Tree_comp_alloc@V?$_Tmap_traits@GPAXU?$less@G@std@@V?$allocator@U?$pair@$$CBGPAX@std@@@2@$0A@@std@@@std@@QAEPAU?$_Tree_node@U?$pair@$$CBGPAX@std@@PAX@1@ABUpiecewise_construct_t@1@$$QAV?$tuple@ABG@1@$$QAV?$tuple@$$V@1@@Z 10011320     IOCPS.obj
 0002:00002334       __catchsym$??$_Buynode@ABUpiecewise_construct_t@std@@V?$tuple@ABG@2@V?$tuple@$$V@2@@?$_Tree_comp_alloc@V?$_Tmap_traits@GPAXU?$less@G@std@@V?$allocator@U?$pair@$$CBGPAX@std@@@2@$0A@@std@@@std@@QAEPAU?$_Tree_node@U?$pair@$$CBGPAX@std@@PAX@1@ABUpiecewise_construct_t@1@$$QAV?$tuple@ABG@1@$$QAV?$tuple@$$V@1@@Z$2 10011334     IOCPS.obj
 0002:00002344       __ehfuncinfo$??$_Insert_hint@AAU?$pair@$$CBGPAX@std@@PAU?$_Tree_node@U?$pair@$$CBGPAX@std@@PAX@2@@?$_Tree@V?$_Tmap_traits@GPAXU?$less@G@std@@V?$allocator@U?$pair@$$CBGPAX@std@@@2@$0A@@std@@@std@@IAE?AV?$_Tree_iterator@V?$_Tree_val@U?$_Tree_simple_types@U?$pair@$$CBGPAX@std@@@std@@@std@@@1@V?$_Tree_const_iterator@V?$_Tree_val@U?$_Tree_simple_types@U?$pair@$$CBGPAX@std@@@std@@@std@@@1@AAU?$pair@$$CBGPAX@1@PAU?$_Tree_node@U?$pair@$$CBGPAX@std@@PAX@1@@Z 10011344     IOCPS.obj
 0002:00002368       __unwindtable$??$_Insert_hint@AAU?$pair@$$CBGPAX@std@@PAU?$_Tree_node@U?$pair@$$CBGPAX@std@@PAX@2@@?$_Tree@V?$_Tmap_traits@GPAXU?$less@G@std@@V?$allocator@U?$pair@$$CBGPAX@std@@@2@$0A@@std@@@std@@IAE?AV?$_Tree_iterator@V?$_Tree_val@U?$_Tree_simple_types@U?$pair@$$CBGPAX@std@@@std@@@std@@@1@V?$_Tree_const_iterator@V?$_Tree_val@U?$_Tree_simple_types@U?$pair@$$CBGPAX@std@@@std@@@std@@@1@AAU?$pair@$$CBGPAX@1@PAU?$_Tree_node@U?$pair@$$CBGPAX@std@@PAX@1@@Z 10011368     IOCPS.obj
 0002:00002378       __tryblocktable$??$_Insert_hint@AAU?$pair@$$CBGPAX@std@@PAU?$_Tree_node@U?$pair@$$CBGPAX@std@@PAX@2@@?$_Tree@V?$_Tmap_traits@GPAXU?$less@G@std@@V?$allocator@U?$pair@$$CBGPAX@std@@@2@$0A@@std@@@std@@IAE?AV?$_Tree_iterator@V?$_Tree_val@U?$_Tree_simple_types@U?$pair@$$CBGPAX@std@@@std@@@std@@@1@V?$_Tree_const_iterator@V?$_Tree_val@U?$_Tree_simple_types@U?$pair@$$CBGPAX@std@@@std@@@std@@@1@AAU?$pair@$$CBGPAX@1@PAU?$_Tree_node@U?$pair@$$CBGPAX@std@@PAX@1@@Z 10011378     IOCPS.obj
 0002:0000238c       __catchsym$??$_Insert_hint@AAU?$pair@$$CBGPAX@std@@PAU?$_Tree_node@U?$pair@$$CBGPAX@std@@PAX@2@@?$_Tree@V?$_Tmap_traits@GPAXU?$less@G@std@@V?$allocator@U?$pair@$$CBGPAX@std@@@2@$0A@@std@@@std@@IAE?AV?$_Tree_iterator@V?$_Tree_val@U?$_Tree_simple_types@U?$pair@$$CBGPAX@std@@@std@@@std@@@1@V?$_Tree_const_iterator@V?$_Tree_val@U?$_Tree_simple_types@U?$pair@$$CBGPAX@std@@@std@@@std@@@1@AAU?$pair@$$CBGPAX@1@PAU?$_Tree_node@U?$pair@$$CBGPAX@std@@PAX@1@@Z$2 1001138c     IOCPS.obj
 0002:0000239c       __ehfuncinfo$??$_Buynode@ABUpiecewise_construct_t@std@@V?$tuple@ABI@2@V?$tuple@$$V@2@@?$_Tree_comp_alloc@V?$_Tmap_traits@IPAUClientContext@@U?$less@I@std@@V?$allocator@U?$pair@$$CBIPAUClientContext@@@std@@@3@$0A@@std@@@std@@QAEPAU?$_Tree_node@U?$pair@$$CBIPAUClientContext@@@std@@PAX@1@ABUpiecewise_construct_t@1@$$QAV?$tuple@ABI@1@$$QAV?$tuple@$$V@1@@Z 1001139c     IOCPS.obj
 0002:0000239c       __ehfuncinfo$??$_Buynode@ABUpiecewise_construct_t@std@@V?$tuple@ABI@2@V?$tuple@$$V@2@@?$_Tree_comp_alloc@V?$_Tmap_traits@IPAVCIOCPBuffer@@U?$less@I@std@@V?$allocator@U?$pair@$$CBIPAVCIOCPBuffer@@@std@@@3@$0A@@std@@@std@@QAEPAU?$_Tree_node@U?$pair@$$CBIPAVCIOCPBuffer@@@std@@PAX@1@ABUpiecewise_construct_t@1@$$QAV?$tuple@ABI@1@$$QAV?$tuple@$$V@1@@Z 1001139c     IOCPS.obj
 0002:000023c0       __unwindtable$??$_Buynode@ABUpiecewise_construct_t@std@@V?$tuple@ABI@2@V?$tuple@$$V@2@@?$_Tree_comp_alloc@V?$_Tmap_traits@IPAUClientContext@@U?$less@I@std@@V?$allocator@U?$pair@$$CBIPAUClientContext@@@std@@@3@$0A@@std@@@std@@QAEPAU?$_Tree_node@U?$pair@$$CBIPAUClientContext@@@std@@PAX@1@ABUpiecewise_construct_t@1@$$QAV?$tuple@ABI@1@$$QAV?$tuple@$$V@1@@Z 100113c0     IOCPS.obj
 0002:000023c0       __unwindtable$??$_Buynode@ABUpiecewise_construct_t@std@@V?$tuple@ABI@2@V?$tuple@$$V@2@@?$_Tree_comp_alloc@V?$_Tmap_traits@IPAVCIOCPBuffer@@U?$less@I@std@@V?$allocator@U?$pair@$$CBIPAVCIOCPBuffer@@@std@@@3@$0A@@std@@@std@@QAEPAU?$_Tree_node@U?$pair@$$CBIPAVCIOCPBuffer@@@std@@PAX@1@ABUpiecewise_construct_t@1@$$QAV?$tuple@ABI@1@$$QAV?$tuple@$$V@1@@Z 100113c0     IOCPS.obj
 0002:000023d0       __tryblocktable$??$_Buynode@ABUpiecewise_construct_t@std@@V?$tuple@ABI@2@V?$tuple@$$V@2@@?$_Tree_comp_alloc@V?$_Tmap_traits@IPAVCIOCPBuffer@@U?$less@I@std@@V?$allocator@U?$pair@$$CBIPAVCIOCPBuffer@@@std@@@3@$0A@@std@@@std@@QAEPAU?$_Tree_node@U?$pair@$$CBIPAVCIOCPBuffer@@@std@@PAX@1@ABUpiecewise_construct_t@1@$$QAV?$tuple@ABI@1@$$QAV?$tuple@$$V@1@@Z 100113d0     IOCPS.obj
 0002:000023d0       __tryblocktable$??$_Buynode@ABUpiecewise_construct_t@std@@V?$tuple@ABI@2@V?$tuple@$$V@2@@?$_Tree_comp_alloc@V?$_Tmap_traits@IPAUClientContext@@U?$less@I@std@@V?$allocator@U?$pair@$$CBIPAUClientContext@@@std@@@3@$0A@@std@@@std@@QAEPAU?$_Tree_node@U?$pair@$$CBIPAUClientContext@@@std@@PAX@1@ABUpiecewise_construct_t@1@$$QAV?$tuple@ABI@1@$$QAV?$tuple@$$V@1@@Z 100113d0     IOCPS.obj
 0002:000023e4       __catchsym$??$_Buynode@ABUpiecewise_construct_t@std@@V?$tuple@ABI@2@V?$tuple@$$V@2@@?$_Tree_comp_alloc@V?$_Tmap_traits@IPAVCIOCPBuffer@@U?$less@I@std@@V?$allocator@U?$pair@$$CBIPAVCIOCPBuffer@@@std@@@3@$0A@@std@@@std@@QAEPAU?$_Tree_node@U?$pair@$$CBIPAVCIOCPBuffer@@@std@@PAX@1@ABUpiecewise_construct_t@1@$$QAV?$tuple@ABI@1@$$QAV?$tuple@$$V@1@@Z$2 100113e4     IOCPS.obj
 0002:000023e4       __catchsym$??$_Buynode@ABUpiecewise_construct_t@std@@V?$tuple@ABI@2@V?$tuple@$$V@2@@?$_Tree_comp_alloc@V?$_Tmap_traits@IPAUClientContext@@U?$less@I@std@@V?$allocator@U?$pair@$$CBIPAUClientContext@@@std@@@3@$0A@@std@@@std@@QAEPAU?$_Tree_node@U?$pair@$$CBIPAUClientContext@@@std@@PAX@1@ABUpiecewise_construct_t@1@$$QAV?$tuple@ABI@1@$$QAV?$tuple@$$V@1@@Z$2 100113e4     IOCPS.obj
 0002:000023f4       __ehfuncinfo$??$_Insert_hint@AAU?$pair@$$CBIPAUClientContext@@@std@@PAU?$_Tree_node@U?$pair@$$CBIPAUClientContext@@@std@@PAX@2@@?$_Tree@V?$_Tmap_traits@IPAUClientContext@@U?$less@I@std@@V?$allocator@U?$pair@$$CBIPAUClientContext@@@std@@@3@$0A@@std@@@std@@IAE?AV?$_Tree_iterator@V?$_Tree_val@U?$_Tree_simple_types@U?$pair@$$CBIPAUClientContext@@@std@@@std@@@std@@@1@V?$_Tree_const_iterator@V?$_Tree_val@U?$_Tree_simple_types@U?$pair@$$CBIPAUClientContext@@@std@@@std@@@std@@@1@AAU?$pair@$$CBIPAUClientContext@@@1@PAU?$_Tree_node@U?$pair@$$CBIPAUClientContext@@@std@@PAX@1@@Z 100113f4     IOCPS.obj
 0002:000023f4       __ehfuncinfo$??$_Insert_hint@AAU?$pair@$$CBIPAVCIOCPBuffer@@@std@@PAU?$_Tree_node@U?$pair@$$CBIPAVCIOCPBuffer@@@std@@PAX@2@@?$_Tree@V?$_Tmap_traits@IPAVCIOCPBuffer@@U?$less@I@std@@V?$allocator@U?$pair@$$CBIPAVCIOCPBuffer@@@std@@@3@$0A@@std@@@std@@IAE?AV?$_Tree_iterator@V?$_Tree_val@U?$_Tree_simple_types@U?$pair@$$CBIPAVCIOCPBuffer@@@std@@@std@@@std@@@1@V?$_Tree_const_iterator@V?$_Tree_val@U?$_Tree_simple_types@U?$pair@$$CBIPAVCIOCPBuffer@@@std@@@std@@@std@@@1@AAU?$pair@$$CBIPAVCIOCPBuffer@@@1@PAU?$_Tree_node@U?$pair@$$CBIPAVCIOCPBuffer@@@std@@PAX@1@@Z 100113f4     IOCPS.obj
 0002:00002418       __unwindtable$??$_Insert_hint@AAU?$pair@$$CBIPAUClientContext@@@std@@PAU?$_Tree_node@U?$pair@$$CBIPAUClientContext@@@std@@PAX@2@@?$_Tree@V?$_Tmap_traits@IPAUClientContext@@U?$less@I@std@@V?$allocator@U?$pair@$$CBIPAUClientContext@@@std@@@3@$0A@@std@@@std@@IAE?AV?$_Tree_iterator@V?$_Tree_val@U?$_Tree_simple_types@U?$pair@$$CBIPAUClientContext@@@std@@@std@@@std@@@1@V?$_Tree_const_iterator@V?$_Tree_val@U?$_Tree_simple_types@U?$pair@$$CBIPAUClientContext@@@std@@@std@@@std@@@1@AAU?$pair@$$CBIPAUClientContext@@@1@PAU?$_Tree_node@U?$pair@$$CBIPAUClientContext@@@std@@PAX@1@@Z 10011418     IOCPS.obj
 0002:00002418       __unwindtable$??$_Insert_hint@AAU?$pair@$$CBIPAVCIOCPBuffer@@@std@@PAU?$_Tree_node@U?$pair@$$CBIPAVCIOCPBuffer@@@std@@PAX@2@@?$_Tree@V?$_Tmap_traits@IPAVCIOCPBuffer@@U?$less@I@std@@V?$allocator@U?$pair@$$CBIPAVCIOCPBuffer@@@std@@@3@$0A@@std@@@std@@IAE?AV?$_Tree_iterator@V?$_Tree_val@U?$_Tree_simple_types@U?$pair@$$CBIPAVCIOCPBuffer@@@std@@@std@@@std@@@1@V?$_Tree_const_iterator@V?$_Tree_val@U?$_Tree_simple_types@U?$pair@$$CBIPAVCIOCPBuffer@@@std@@@std@@@std@@@1@AAU?$pair@$$CBIPAVCIOCPBuffer@@@1@PAU?$_Tree_node@U?$pair@$$CBIPAVCIOCPBuffer@@@std@@PAX@1@@Z 10011418     IOCPS.obj
 0002:00002428       __tryblocktable$??$_Insert_hint@AAU?$pair@$$CBIPAVCIOCPBuffer@@@std@@PAU?$_Tree_node@U?$pair@$$CBIPAVCIOCPBuffer@@@std@@PAX@2@@?$_Tree@V?$_Tmap_traits@IPAVCIOCPBuffer@@U?$less@I@std@@V?$allocator@U?$pair@$$CBIPAVCIOCPBuffer@@@std@@@3@$0A@@std@@@std@@IAE?AV?$_Tree_iterator@V?$_Tree_val@U?$_Tree_simple_types@U?$pair@$$CBIPAVCIOCPBuffer@@@std@@@std@@@std@@@1@V?$_Tree_const_iterator@V?$_Tree_val@U?$_Tree_simple_types@U?$pair@$$CBIPAVCIOCPBuffer@@@std@@@std@@@std@@@1@AAU?$pair@$$CBIPAVCIOCPBuffer@@@1@PAU?$_Tree_node@U?$pair@$$CBIPAVCIOCPBuffer@@@std@@PAX@1@@Z 10011428     IOCPS.obj
 0002:00002428       __tryblocktable$??$_Insert_hint@AAU?$pair@$$CBIPAUClientContext@@@std@@PAU?$_Tree_node@U?$pair@$$CBIPAUClientContext@@@std@@PAX@2@@?$_Tree@V?$_Tmap_traits@IPAUClientContext@@U?$less@I@std@@V?$allocator@U?$pair@$$CBIPAUClientContext@@@std@@@3@$0A@@std@@@std@@IAE?AV?$_Tree_iterator@V?$_Tree_val@U?$_Tree_simple_types@U?$pair@$$CBIPAUClientContext@@@std@@@std@@@std@@@1@V?$_Tree_const_iterator@V?$_Tree_val@U?$_Tree_simple_types@U?$pair@$$CBIPAUClientContext@@@std@@@std@@@std@@@1@AAU?$pair@$$CBIPAUClientContext@@@1@PAU?$_Tree_node@U?$pair@$$CBIPAUClientContext@@@std@@PAX@1@@Z 10011428     IOCPS.obj
 0002:0000243c       __catchsym$??$_Insert_hint@AAU?$pair@$$CBIPAVCIOCPBuffer@@@std@@PAU?$_Tree_node@U?$pair@$$CBIPAVCIOCPBuffer@@@std@@PAX@2@@?$_Tree@V?$_Tmap_traits@IPAVCIOCPBuffer@@U?$less@I@std@@V?$allocator@U?$pair@$$CBIPAVCIOCPBuffer@@@std@@@3@$0A@@std@@@std@@IAE?AV?$_Tree_iterator@V?$_Tree_val@U?$_Tree_simple_types@U?$pair@$$CBIPAVCIOCPBuffer@@@std@@@std@@@std@@@1@V?$_Tree_const_iterator@V?$_Tree_val@U?$_Tree_simple_types@U?$pair@$$CBIPAVCIOCPBuffer@@@std@@@std@@@std@@@1@AAU?$pair@$$CBIPAVCIOCPBuffer@@@1@PAU?$_Tree_node@U?$pair@$$CBIPAVCIOCPBuffer@@@std@@PAX@1@@Z$2 1001143c     IOCPS.obj
 0002:0000243c       __catchsym$??$_Insert_hint@AAU?$pair@$$CBIPAUClientContext@@@std@@PAU?$_Tree_node@U?$pair@$$CBIPAUClientContext@@@std@@PAX@2@@?$_Tree@V?$_Tmap_traits@IPAUClientContext@@U?$less@I@std@@V?$allocator@U?$pair@$$CBIPAUClientContext@@@std@@@3@$0A@@std@@@std@@IAE?AV?$_Tree_iterator@V?$_Tree_val@U?$_Tree_simple_types@U?$pair@$$CBIPAUClientContext@@@std@@@std@@@std@@@1@V?$_Tree_const_iterator@V?$_Tree_val@U?$_Tree_simple_types@U?$pair@$$CBIPAUClientContext@@@std@@@std@@@std@@@1@AAU?$pair@$$CBIPAUClientContext@@@1@PAU?$_Tree_node@U?$pair@$$CBIPAUClientContext@@@std@@PAX@1@@Z$2 1001143c     IOCPS.obj
 0002:0000244c       __ehfuncinfo$??$construct@U?$pair@$$CBIPAUClientContext@@@std@@ABUpiecewise_construct_t@2@V?$tuple@ABI@2@V?$tuple@$$V@2@@?$allocator@U?$_Tree_node@U?$pair@$$CBIPAUClientContext@@@std@@PAX@std@@@std@@QAEXPAU?$pair@$$CBIPAUClientContext@@@1@ABUpiecewise_construct_t@1@$$QAV?$tuple@ABI@1@$$QAV?$tuple@$$V@1@@Z 1001144c     IOCPS.obj
 0002:0000244c       __ehfuncinfo$??$construct@U?$pair@$$CBIPAVCIOCPBuffer@@@std@@ABUpiecewise_construct_t@2@V?$tuple@ABI@2@V?$tuple@$$V@2@@?$allocator@U?$_Tree_node@U?$pair@$$CBIPAVCIOCPBuffer@@@std@@PAX@std@@@std@@QAEXPAU?$pair@$$CBIPAVCIOCPBuffer@@@1@ABUpiecewise_construct_t@1@$$QAV?$tuple@ABI@1@$$QAV?$tuple@$$V@1@@Z 1001144c     IOCPS.obj
 0002:0000244c       __ehfuncinfo$??$construct@U?$pair@$$CBGPAX@std@@ABUpiecewise_construct_t@2@V?$tuple@ABG@2@V?$tuple@$$V@2@@?$allocator@U?$_Tree_node@U?$pair@$$CBGPAX@std@@PAX@std@@@std@@QAEXPAU?$pair@$$CBGPAX@1@ABUpiecewise_construct_t@1@$$QAV?$tuple@ABG@1@$$QAV?$tuple@$$V@1@@Z 1001144c     IOCPS.obj
 0002:00002470       __unwindtable$??$construct@U?$pair@$$CBIPAVCIOCPBuffer@@@std@@ABUpiecewise_construct_t@2@V?$tuple@ABI@2@V?$tuple@$$V@2@@?$allocator@U?$_Tree_node@U?$pair@$$CBIPAVCIOCPBuffer@@@std@@PAX@std@@@std@@QAEXPAU?$pair@$$CBIPAVCIOCPBuffer@@@1@ABUpiecewise_construct_t@1@$$QAV?$tuple@ABI@1@$$QAV?$tuple@$$V@1@@Z 10011470     IOCPS.obj
 0002:00002470       __unwindtable$??$construct@U?$pair@$$CBGPAX@std@@ABUpiecewise_construct_t@2@V?$tuple@ABG@2@V?$tuple@$$V@2@@?$allocator@U?$_Tree_node@U?$pair@$$CBGPAX@std@@PAX@std@@@std@@QAEXPAU?$pair@$$CBGPAX@1@ABUpiecewise_construct_t@1@$$QAV?$tuple@ABG@1@$$QAV?$tuple@$$V@1@@Z 10011470     IOCPS.obj
 0002:00002470       __unwindtable$??$construct@U?$pair@$$CBIPAUClientContext@@@std@@ABUpiecewise_construct_t@2@V?$tuple@ABI@2@V?$tuple@$$V@2@@?$allocator@U?$_Tree_node@U?$pair@$$CBIPAUClientContext@@@std@@PAX@std@@@std@@QAEXPAU?$pair@$$CBIPAUClientContext@@@1@ABUpiecewise_construct_t@1@$$QAV?$tuple@ABI@1@$$QAV?$tuple@$$V@1@@Z 10011470     IOCPS.obj
 0002:00002478       __ehfuncinfo$??0ITIOCP@@QAE@XZ 10011478     MyIOCP.obj
 0002:0000249c       __unwindtable$??0ITIOCP@@QAE@XZ 1001149c     MyIOCP.obj
 0002:000024b4       __ehfuncinfo$?CreateServerSocket@@YGPAVSocket@@XZ 100114b4     MyIOCP.obj
 0002:000024d8       __unwindtable$?CreateServerSocket@@YGPAVSocket@@XZ 100114d8     MyIOCP.obj
 0002:000024e0       __ehfuncinfo$?CreateClientSocket@@YGPAVSocket@@XZ 100114e0     MyIOCP.obj
 0002:00002504       __unwindtable$?CreateClientSocket@@YGPAVSocket@@XZ 10011504     MyIOCP.obj
 0002:00002510       __sehtable$?dllmain_crt_process_attach@@YAHQAUHINSTANCE__@@QAX@Z 10011510     MSVCRT:dll_dllmain.obj
 0002:00002530       __sehtable$?dllmain_crt_process_detach@@YAH_N@Z 10011530     MSVCRT:dll_dllmain.obj
 0002:00002550       __sehtable$?dllmain_dispatch@@YAHQAUHINSTANCE__@@KQAX@Z 10011550     MSVCRT:dll_dllmain.obj
 0002:00002600       __sehtable$___scrt_is_nonwritable_in_current_image 10011600     MSVCRT:utility.obj
 0002:00002620       .edata                     10011620     Socket.exp
 0002:00002648       rgpv                       10011648     Socket.exp
 0002:00002658       rgszName                   10011658     Socket.exp
 0002:00002668       rgwOrd                     10011668     Socket.exp
 0002:00002670       szName                     10011670     Socket.exp
 0002:0000267b       $N00001                    1001167b     Socket.exp
 0002:000026a0       $N00002                    100116a0     Socket.exp
 0002:000026c5       $N00003                    100116c5     Socket.exp
 0002:000026ec       $N00004                    100116ec     Socket.exp
 0002:000029ae       .idata$6                   100119ae     ws2_32:WS2_32.dll
 0002:000029d8       .idata$6                   100119d8     xlogger:xLogger.dll
 0002:00002b32       .idata$6                   10011b32     kernel32:KERNEL32.dll
 0002:00002b9a       .idata$6                   10011b9a     msvcprt:MSVCP140.dll
 0002:00002c4a       .idata$6                   10011c4a     vcruntime:VCRUNTIME140.dll
 0002:00002d82       .idata$6                   10011d82     ucrt:api-ms-win-crt-runtime-l1-1-0.dll
 0002:00002da4       .idata$6                   10011da4     ucrt:api-ms-win-crt-heap-l1-1-0.dll
 0003:000000f8       _GS_ExceptionRecord        100120f8     MSVCRT:gs_report.obj
 0003:00000148       _GS_ContextRecord          10012148     MSVCRT:gs_report.obj
 0003:00000414       ?__proc_attached@@3HA      10012414     MSVCRT:dll_dllmain.obj
 0003:00000420       ?module_local_atexit_table@@3U_onexit_table_t@@A 10012420     MSVCRT:utility.obj
 0003:0000042c       ?module_local_at_quick_exit_table@@3U_onexit_table_t@@A 1001242c     MSVCRT:utility.obj
 0003:00000438       ?is_initialized_as_dll@@3_NA 10012438     MSVCRT:utility.obj
 0004:00000000       __guard_fids__             10013000     MSVCRT:std_type_info_static.obj
 0004:00000004       __guard_fids_?dllmain_crt_process_attach@@YAHQAUHINSTANCE__@@QAX@Z 10013004     MSVCRT:dll_dllmain.obj
 0004:0000000c       __guard_fids_?dllmain_dispatch@@YAHQAUHINSTANCE__@@KQAX@Z 1001300c     MSVCRT:dll_dllmain.obj
 0004:00000010       __guard_fids__             10013010     MSVCRT:throw_bad_alloc.obj
 0004:00000018       __guard_fids__             10013018     MSVCRT:throw_bad_alloc.obj
 0004:00000020       __guard_fids__             10013020     MSVCRT:throw_bad_alloc.obj
 0004:00000028       __guard_fids__             10013028     MSVCRT:throw_bad_alloc.obj
 0004:0000002c       __guard_fids__             1001302c     MSVCRT:throw_bad_alloc.obj
 0004:00000030       __guard_fids__             10013030     MSVCRT:throw_bad_alloc.obj
 0004:00000034       __guard_fids__             10013034     MSVCRT:throw_bad_alloc.obj
 0004:00000038       __guard_fids__             10013038     MSVCRT:throw_bad_alloc.obj
 0004:0000003c       __guard_fids___except_handler4 1001303c     MSVCRT:_chandler4gs_.obj
 0004:00000040       __guard_fids__             10013040     MSVCRT:guard_support.obj
 0005:000000a0       $R000000                   100140a0     Socket1.res
 0005:000003c0       $R000320                   100143c0     Socket1.res
