 Protocollibold

 Timestamp is 58f85d81 (Thu Apr 20 12:34:33 2017)

 Preferred load address is 10000000

 Start         Length     Name                   Class
 0001:00000000 00000020H .text$di                CODE
 0001:00000020 0000ad60H .text$mn                CODE
 0001:0000ad80 000005c0H .text$x                 CODE
 0001:0000b340 0000000aH .text$yd                CODE
 0002:00000000 00000118H .idata$5                DATA
 0002:00000118 00000004H .00cfg                  DATA
 0002:0000011c 00000004H .CRT$XCA                DATA
 0002:00000120 00000004H .CRT$XCL                DATA
 0002:00000124 00000000H .CRT$XCU                DATA
 0002:00000124 00000004H .CRT$XCZ                DATA
 0002:00000128 00000004H .CRT$XIA                DATA
 0002:0000012c 00000004H .CRT$XIC                DATA
 0002:00000130 00000004H .CRT$XIZ                DATA
 0002:00000134 00000004H .CRT$XLA                DATA
 0002:00000138 00000004H .CRT$XLZ                DATA
 0002:0000013c 00000004H .CRT$XPA                DATA
 0002:00000140 00000004H .CRT$XPZ                DATA
 0002:00000144 00000004H .CRT$XTA                DATA
 0002:00000148 00000008H .CRT$XTZ                DATA
 0002:00000150 00000c7cH .rdata                  DATA
 0002:00000dcc 00000018H .rdata$T                DATA
 0002:00000de4 0000042cH .rdata$r                DATA
 0002:00001210 00000094H .rdata$sxdata           DATA
 0002:000012a4 00000390H .rdata$zzzdbg           DATA
 0002:00001634 00000004H .rtc$IAA                DATA
 0002:00001638 00000004H .rtc$IZZ                DATA
 0002:0000163c 00000004H .rtc$TAA                DATA
 0002:00001640 00000008H .rtc$TZZ                DATA
 0002:00001648 00000998H .xdata$x                DATA
 0002:00001fdc 00000000H ATL$__a                 DATA
 0002:00001fdc 00000000H ATL$__z                 DATA
 0002:00001fe0 00000128H .edata                  DATA
 0002:00002108 000000a0H .idata$2                DATA
 0002:000021a8 00000014H .idata$3                DATA
 0002:000021bc 00000118H .idata$4                DATA
 0002:000022d4 00000646H .idata$6                DATA
 0003:00000000 00000034H .data                   DATA
 0003:00000034 00000194H .data$r                 DATA
 0003:000001c8 000003e4H .bss                    DATA
 0004:00000000 00000004H .tls                    DATA
 0004:00000004 00000004H .tls$                   DATA
 0004:00000008 00000001H .tls$ZZZ                DATA
 0005:00000000 00000048H .gfids$y                DATA
 0006:00000000 000000a0H .rsrc$01                DATA
 0006:000000a0 000004a8H .rsrc$02                DATA

  Address         Publics by Value              Rva+Base       Lib:Object

 0000:00000000       ___guard_iat_count         00000000     <absolute>
 0000:00000000       ___guard_longjmp_table     00000000     <absolute>
 0000:00000000       ___guard_fids_table        00000000     <absolute>
 0000:00000000       ___guard_longjmp_count     00000000     <absolute>
 0000:00000000       ___guard_iat_table         00000000     <absolute>
 0000:00000000       ___dynamic_value_reloc_table 00000000     <absolute>
 0000:00000000       ___guard_fids_count        00000000     <absolute>
 0000:00000025       ___safe_se_handler_count   00000025     <absolute>
 0000:0000002c       __tls_array                0000002c     <absolute>
 0000:00000100       ___guard_flags             00000100     <absolute>
 0000:00000000       ___ImageBase               10000000     <linker-defined>
 0001:00000020       _HRESULT_FROM_WIN32        10001020 f i ClientProtocolImpl.obj
 0001:00000060       ??0exception@std@@QAE@QBD@Z 10001060 f i ClientProtocolImpl.obj
 0001:000000b0       ??0exception@std@@QAE@ABV01@@Z 100010b0 f i ClientProtocolImpl.obj
 0001:000000f0       ??1exception@std@@UAE@XZ   100010f0 f i ClientProtocolImpl.obj
 0001:00000120       ?what@exception@std@@UBEPBDXZ 10001120 f i ClientProtocolImpl.obj
 0001:00000150       ??_Gexception@std@@UAEPAXI@Z 10001150 f i ClientProtocolImpl.obj
 0001:00000150       ??_Eexception@std@@UAEPAXI@Z 10001150 f i * CIL library *:* CIL module *
 0001:00000180       ??2@YAPAXIPAX@Z            10001180 f i ClientProtocolImpl.obj
 0001:00000190       ?length@?$char_traits@D@std@@SAIPBD@Z 10001190 f i ClientProtocolImpl.obj
 0001:000001e0       ?copy@?$char_traits@D@std@@SAPADPADPBDI@Z 100011e0 f i ClientProtocolImpl.obj
 0001:00000210       ?move@?$char_traits@D@std@@SAPADPADPBDI@Z 10001210 f i ClientProtocolImpl.obj
 0001:00000250       ?assign@?$char_traits@D@std@@SAXAADABD@Z 10001250 f i ClientProtocolImpl.obj
 0001:00000260       ?_Allocate@std@@YAPAXII_N@Z 10001260 f i ClientProtocolImpl.obj
 0001:00000320       ?_Deallocate@std@@YAXPAXII@Z 10001320 f i ClientProtocolImpl.obj
 0001:000003c0       ??1IClientProtocol@@UAE@XZ 100013c0 f i ClientProtocolImpl.obj
 0001:000003e0       ??_EIClientProtocol@@UAEPAXI@Z 100013e0 f i * CIL library *:* CIL module *
 0001:000003e0       ??_GIClientProtocol@@UAEPAXI@Z 100013e0 f i ClientProtocolImpl.obj
 0001:00000410       ?_AtlInitializeCriticalSectionEx@ATL@@YAHPAU_RTL_CRITICAL_SECTION@@KK@Z 10001410 f i ClientProtocolImpl.obj
 0001:00000430       ?Init@CComCriticalSection@ATL@@QAEJXZ 10001430 f i ClientProtocolImpl.obj
 0001:00000470       ??0CTime@ATL@@QAE@_J@Z     10001470 f i ClientProtocolImpl.obj
 0001:00000470       ??0CTimeSpan@ATL@@QAE@_J@Z 10001470 f i ClientProtocolImpl.obj
 0001:00000490       ?GetTotalSeconds@CTimeSpan@ATL@@QBE_JXZ 10001490 f i ClientProtocolImpl.obj
 0001:000004b0       ?GetTickCount@CTime@ATL@@SG?AV12@XZ 100014b0 f i ClientProtocolImpl.obj
 0001:000004d0       ??0CTime@ATL@@QAE@XZ       100014d0 f i ClientProtocolImpl.obj
 0001:000004f0       ??GCTime@ATL@@QBE?AVCTimeSpan@1@V01@@Z 100014f0 f i ClientProtocolImpl.obj
 0001:00000960       ??0ClientProtocol@@QAE@XZ  10001960 f   ClientProtocolImpl.obj
 0001:00000ac0       ??_GClientProtocol@@UAEPAXI@Z 10001ac0 f i ClientProtocolImpl.obj
 0001:00000ac0       ??_EClientProtocol@@UAEPAXI@Z 10001ac0 f i * CIL library *:* CIL module *
 0001:00000b00       ??0IClientProtocol@@QAE@XZ 10001b00 f i ClientProtocolImpl.obj
 0001:00000b20       ??0ISocketEvents@@QAE@XZ   10001b20 f i ClientProtocolImpl.obj
 0001:00000b40       ??1ClientProtocol@@UAE@XZ  10001b40 f   ClientProtocolImpl.obj
 0001:00000bd0       ?Connect@ClientProtocol@@UAE_NPADGI@Z 10001bd0 f   ClientProtocolImpl.obj
 0001:00000d00       ?Send@ClientProtocol@@UAE_NIPAXI@Z 10001d00 f   ClientProtocolImpl.obj
 0001:00000d90       ?HeartbeatToBeSent@ClientProtocol@@UAEHXZ 10001d90 f   ClientProtocolImpl.obj
 0001:00000e00       ?RegisterServerEvents@ServerProtocol@@UAEXPAVIServerProtocolEvents@@@Z 10001e00 f   ServerProtocolImpl.obj
 0001:00000e00       ?RegisterClient@ClientProtocol@@UAEXPAVIClientProtocolEvents@@@Z 10001e00 f   ClientProtocolImpl.obj
 0001:00000e20       ?Disconnect@ClientProtocol@@UAE_NXZ 10001e20 f   ClientProtocolImpl.obj
 0001:00000e70       ?OnConnect@ClientProtocol@@UAEXI_NPADG@Z 10001e70 f   ClientProtocolImpl.obj
 0001:00000ef0       ?OnReceive@ClientProtocol@@UAEXIPADI@Z 10001ef0 f   ClientProtocolImpl.obj
 0001:00001400       ?OnSend@ClientProtocol@@UAEXIIW4SocketError@@@Z 10002400 f   ClientProtocolImpl.obj
 0001:00001450       ?CreateClientProtocol@@YGPAVIClientProtocol@@XZ 10002450 f   ClientProtocolImpl.obj
 0001:000014c0       ?ReleaseClientProtocol@@YGXPAVIClientProtocol@@@Z 100024c0 f   ClientProtocolImpl.obj
 0001:00001500       ?IsShutdown@ClientProtocol@@UAE_NXZ 10002500 f   ClientProtocolImpl.obj
 0001:00001520       ?CheckConnectionStatus@ClientProtocol@@UAE_NXZ 10002520 f   ClientProtocolImpl.obj
 0001:00001560       ?Connect@ClientProtocol@@UAE_NXZ 10002560 f   ClientProtocolImpl.obj
 0001:000015a0       ?GetConnectionStatus@ClientProtocol@@UAEHXZ 100025a0 f   ClientProtocolImpl.obj
 0001:000015a0       ?GetClientSessionManager@ServerProtocol@@UAEPAVIClientSessionMgr@@XZ 100025a0 f   ServerProtocolImpl.obj
 0001:000015c0       ?ConnectionMonitor@ClientProtocol@@SAKPAX@Z 100025c0 f   ClientProtocolImpl.obj
 0001:00001640       ??1?$basic_string@DU?$char_traits@D@std@@V?$allocator@D@2@@std@@QAE@XZ 10002640 f i ClientProtocolImpl.obj
 0001:00001690       ??0?$basic_string@DU?$char_traits@D@std@@V?$allocator@D@2@@std@@QAE@PBD@Z 10002690 f i ClientProtocolImpl.obj
 0001:00001700       ??1?$_String_alloc@U?$_String_base_types@DV?$allocator@D@std@@@std@@@std@@QAE@XZ 10002700 f i ClientProtocolImpl.obj
 0001:00001720       ??1?$_Compressed_pair@U?$_Wrap_alloc@V?$allocator@D@std@@@std@@V?$_String_val@U?$_Simple_types@D@std@@@2@$00@std@@QAE@XZ 10002720 f i ClientProtocolImpl.obj
 0001:00001740       ??1?$_String_val@U?$_Simple_types@D@std@@@std@@QAE@XZ 10002740 f i ClientProtocolImpl.obj
 0001:00001760       ??1_Bxty@?$_String_val@U?$_Simple_types@D@std@@@std@@QAE@XZ 10002760 f i ClientProtocolImpl.obj
 0001:00001770       ?_Mysize@?$_String_alloc@U?$_String_base_types@DV?$allocator@D@std@@@std@@@std@@QBEABIXZ 10002770 f i ClientProtocolImpl.obj
 0001:00001770       ?_Mysize@?$_String_alloc@U?$_String_base_types@DV?$allocator@D@std@@@std@@@std@@QAEAAIXZ 10002770 f i ClientProtocolImpl.obj
 0001:00001790       ?_Getal@?$_List_alloc@U?$_List_base_types@IV?$allocator@I@std@@@std@@@std@@QAEAAU?$_Wrap_alloc@V?$allocator@U?$_List_node@IPAX@std@@@std@@@2@XZ 10002790 f i ClientSession.obj
 0001:00001790       ?_Getal@?$_List_alloc@U?$_List_base_types@IV?$allocator@I@std@@@std@@@std@@QBEABU?$_Wrap_alloc@V?$allocator@U?$_List_node@IPAX@std@@@std@@@2@XZ 10002790 f i ClientSession.obj
 0001:00001790       ?_Get_data@?$_List_alloc@U?$_List_base_types@PAVIAccount@@V?$allocator@PAVIAccount@@@std@@@std@@@std@@QAEAAV?$_List_val@U?$_List_simple_types@PAVIAccount@@@std@@@2@XZ 10002790 f i ClientSession.obj
 0001:00001790       ?_Getal@?$_String_alloc@U?$_String_base_types@DV?$allocator@D@std@@@std@@@std@@QAEAAU?$_Wrap_alloc@V?$allocator@D@std@@@2@XZ 10002790 f i ClientProtocolImpl.obj
 0001:00001790       ?_Get_data@?$_List_alloc@U?$_List_base_types@IV?$allocator@I@std@@@std@@@std@@QAEAAV?$_List_val@U?$_List_simple_types@I@std@@@2@XZ 10002790 f i ClientSession.obj
 0001:00001790       ?_Getcomp@?$_Tree_comp_alloc@V?$_Tmap_traits@IPAVIClientSession@@U?$less@I@std@@V?$allocator@U?$pair@$$CBIPAVIClientSession@@@std@@@3@$0A@@std@@@std@@QAEAAU?$less@I@2@XZ 10002790 f i ClientSession.obj
 0001:00001790       ?_Getcomp@?$_Tree_comp_alloc@V?$_Tmap_traits@V?$basic_string@DU?$char_traits@D@std@@V?$allocator@D@2@@std@@V?$list@IV?$allocator@I@std@@@2@U?$less@V?$basic_string@DU?$char_traits@D@std@@V?$allocator@D@2@@std@@@2@V?$allocator@U?$pair@$$CBV?$basic_string@DU?$char_traits@D@std@@V?$allocator@D@2@@std@@V?$list@IV?$allocator@I@std@@@2@@std@@@2@$0A@@std@@@std@@QAEAAU?$less@V?$basic_string@DU?$char_traits@D@std@@V?$allocator@D@2@@std@@@2@XZ 10002790 f i ClientSession.obj
 0001:00001790       ?_Getal@?$_String_alloc@U?$_String_base_types@DV?$allocator@D@std@@@std@@@std@@QBEABU?$_Wrap_alloc@V?$allocator@D@std@@@2@XZ 10002790 f i ClientProtocolImpl.obj
 0001:00001790       ?_Getal@?$_List_alloc@U?$_List_base_types@PAVIAccount@@V?$allocator@PAVIAccount@@@std@@@std@@@std@@QBEABU?$_Wrap_alloc@V?$allocator@U?$_List_node@PAVIAccount@@PAX@std@@@std@@@2@XZ 10002790 f i ClientSession.obj
 0001:00001790       ?_Getcomp@?$_Tree_comp_alloc@V?$_Tmap_traits@V?$basic_string@DU?$char_traits@D@std@@V?$allocator@D@2@@std@@V?$list@IV?$allocator@I@std@@@2@U?$less@V?$basic_string@DU?$char_traits@D@std@@V?$allocator@D@2@@std@@@2@V?$allocator@U?$pair@$$CBV?$basic_string@DU?$char_traits@D@std@@V?$allocator@D@2@@std@@V?$list@IV?$allocator@I@std@@@2@@std@@@2@$0A@@std@@@std@@QBEABU?$less@V?$basic_string@DU?$char_traits@D@std@@V?$allocator@D@2@@std@@@2@XZ 10002790 f i ClientSession.obj
 0001:00001790       ?_Get_data@?$_List_alloc@U?$_List_base_types@IV?$allocator@I@std@@@std@@@std@@QBEABV?$_List_val@U?$_List_simple_types@I@std@@@2@XZ 10002790 f i ClientSession.obj
 0001:00001790       ?_Get_data@?$_List_alloc@U?$_List_base_types@PAVIAccount@@V?$allocator@PAVIAccount@@@std@@@std@@@std@@QBEABV?$_List_val@U?$_List_simple_types@PAVIAccount@@@std@@@2@XZ 10002790 f i ClientSession.obj
 0001:00001790       ?_Getal@?$_List_alloc@U?$_List_base_types@PAVIAccount@@V?$allocator@PAVIAccount@@@std@@@std@@@std@@QAEAAU?$_Wrap_alloc@V?$allocator@U?$_List_node@PAVIAccount@@PAX@std@@@std@@@2@XZ 10002790 f i ClientSession.obj
 0001:00001790       ?_Get_data@?$_String_alloc@U?$_String_base_types@DV?$allocator@D@std@@@std@@@std@@QBEABV?$_String_val@U?$_Simple_types@D@std@@@2@XZ 10002790 f i ClientProtocolImpl.obj
 0001:00001790       ?_Getcomp@?$_Tree_comp_alloc@V?$_Tmap_traits@IPAVIClientSession@@U?$less@I@std@@V?$allocator@U?$pair@$$CBIPAVIClientSession@@@std@@@3@$0A@@std@@@std@@QBEABU?$less@I@2@XZ 10002790 f i ClientSession.obj
 0001:00001790       ?_Get_data@?$_String_alloc@U?$_String_base_types@DV?$allocator@D@std@@@std@@@std@@QAEAAV?$_String_val@U?$_Simple_types@D@std@@@2@XZ 10002790 f i ClientProtocolImpl.obj
 0001:000017b0       ??0?$_String_alloc@U?$_String_base_types@DV?$allocator@D@std@@@std@@@std@@QAE@XZ 100027b0 f i ClientProtocolImpl.obj
 0001:000017d0       ?_Myptr@?$_String_alloc@U?$_String_base_types@DV?$allocator@D@std@@@std@@@std@@QBEPBDXZ 100027d0 f i ClientProtocolImpl.obj
 0001:000017d0       ?_Myptr@?$_String_alloc@U?$_String_base_types@DV?$allocator@D@std@@@std@@@std@@QAEPADXZ 100027d0 f i ClientProtocolImpl.obj
 0001:000017f0       ?_Xlen@?$basic_string@DU?$char_traits@D@std@@V?$allocator@D@2@@std@@QBEXXZ 100027f0 f i ClientProtocolImpl.obj
 0001:00001810       ?_Tidy@?$basic_string@DU?$char_traits@D@std@@V?$allocator@D@2@@std@@QAEX_NI@Z 10002810 f i ClientProtocolImpl.obj
 0001:000018d0       ?_Grow@?$basic_string@DU?$char_traits@D@std@@V?$allocator@D@2@@std@@QAE_NI_N@Z 100028d0 f i ClientProtocolImpl.obj
 0001:00001990       ?_Eos@?$basic_string@DU?$char_traits@D@std@@V?$allocator@D@2@@std@@QAEXI@Z 10002990 f i ClientProtocolImpl.obj
 0001:000019d0       ?assign@?$basic_string@DU?$char_traits@D@std@@V?$allocator@D@2@@std@@QAEAAV12@PBD@Z 100029d0 f i ClientProtocolImpl.obj
 0001:00001a00       ?assign@?$basic_string@DU?$char_traits@D@std@@V?$allocator@D@2@@std@@QAEAAV12@PBDI@Z 10002a00 f i ClientProtocolImpl.obj
 0001:00001a80       ?assign@?$basic_string@DU?$char_traits@D@std@@V?$allocator@D@2@@std@@QAEAAV12@ABV12@II@Z 10002a80 f i ClientProtocolImpl.obj
 0001:00001b20       ?_Get_first@?$_Compressed_pair@U?$_Wrap_alloc@V?$allocator@U?$_List_node@IPAX@std@@@std@@@std@@V?$_List_val@U?$_List_simple_types@I@std@@@2@$00@std@@QBEABU?$_Wrap_alloc@V?$allocator@U?$_List_node@IPAX@std@@@std@@@2@XZ 10002b20 f i ClientSession.obj
 0001:00001b20       ?_Get_second@?$_Compressed_pair@U?$_Wrap_alloc@V?$allocator@U?$_List_node@PAVIAccount@@PAX@std@@@std@@@std@@V?$_List_val@U?$_List_simple_types@PAVIAccount@@@std@@@2@$00@std@@QAEAAV?$_List_val@U?$_List_simple_types@PAVIAccount@@@std@@@2@XZ 10002b20 f i ClientSession.obj
 0001:00001b20       ?_Get_first@?$_Compressed_pair@U?$_Wrap_alloc@V?$allocator@U?$_List_node@PAVIAccount@@PAX@std@@@std@@@std@@V?$_List_val@U?$_List_simple_types@PAVIAccount@@@std@@@2@$00@std@@QAEAAU?$_Wrap_alloc@V?$allocator@U?$_List_node@PAVIAccount@@PAX@std@@@std@@@2@XZ 10002b20 f i ClientSession.obj
 0001:00001b20       ?_Get_second@?$_Compressed_pair@U?$less@V?$basic_string@DU?$char_traits@D@std@@V?$allocator@D@2@@std@@@std@@V?$_Compressed_pair@U?$_Wrap_alloc@V?$allocator@U?$_Tree_node@U?$pair@$$CBV?$basic_string@DU?$char_traits@D@std@@V?$allocator@D@2@@std@@V?$list@IV?$allocator@I@std@@@2@@std@@PAX@std@@@std@@@std@@V?$_Tree_val@U?$_Tree_simple_types@U?$pair@$$CBV?$basic_string@DU?$char_traits@D@std@@V?$allocator@D@2@@std@@V?$list@IV?$allocator@I@std@@@2@@std@@@std@@@2@$00@2@$00@std@@QAEAAV?$_Compressed_pair@U?$_Wrap_alloc@V?$allocator@U?$_Tree_node@U?$pair@$$CBV?$basic_string@DU?$char_traits@D@std@@V?$allocator@D@2@@std@@V?$list@IV?$allocator@I@std@@@2@@std@@PAX@std@@@std@@@std@@V?$_Tree_val@U?$_Tree_simple_types@U?$pair@$$CBV?$basic_string@DU?$char_traits@D@std@@V?$allocator@D@2@@std@@V?$list@IV?$allocator@I@std@@@2@@std@@@std@@@2@$00@2@XZ 10002b20 f i ClientSession.obj
 0001:00001b20       ?_Get_second@?$_Compressed_pair@U?$_Wrap_alloc@V?$allocator@U?$_List_node@IPAX@std@@@std@@@std@@V?$_List_val@U?$_List_simple_types@I@std@@@2@$00@std@@QAEAAV?$_List_val@U?$_List_simple_types@I@std@@@2@XZ 10002b20 f i ClientSession.obj
 0001:00001b20       ?_Get_first@?$_Compressed_pair@U?$_Wrap_alloc@V?$allocator@U?$_List_node@PAVIAccount@@PAX@std@@@std@@@std@@V?$_List_val@U?$_List_simple_types@PAVIAccount@@@std@@@2@$00@std@@QBEABU?$_Wrap_alloc@V?$allocator@U?$_List_node@PAVIAccount@@PAX@std@@@std@@@2@XZ 10002b20 f i ClientSession.obj
 0001:00001b20       ?_Get_second@?$_Compressed_pair@U?$_Wrap_alloc@V?$allocator@U?$_Tree_node@U?$pair@$$CBIPAVIClientSession@@@std@@PAX@std@@@std@@@std@@V?$_Tree_val@U?$_Tree_simple_types@U?$pair@$$CBIPAVIClientSession@@@std@@@std@@@2@$00@std@@QAEAAV?$_Tree_val@U?$_Tree_simple_types@U?$pair@$$CBIPAVIClientSession@@@std@@@std@@@2@XZ 10002b20 f i ClientSession.obj
 0001:00001b20       ?_Get_first@?$_Compressed_pair@U?$_Wrap_alloc@V?$allocator@D@std@@@std@@V?$_String_val@U?$_Simple_types@D@std@@@2@$00@std@@QBEABU?$_Wrap_alloc@V?$allocator@D@std@@@2@XZ 10002b20 f i ClientProtocolImpl.obj
 0001:00001b20       ?_Get_second@?$_Compressed_pair@U?$_Wrap_alloc@V?$allocator@U?$_Tree_node@U?$pair@$$CBV?$basic_string@DU?$char_traits@D@std@@V?$allocator@D@2@@std@@V?$list@IV?$allocator@I@std@@@2@@std@@PAX@std@@@std@@@std@@V?$_Tree_val@U?$_Tree_simple_types@U?$pair@$$CBV?$basic_string@DU?$char_traits@D@std@@V?$allocator@D@2@@std@@V?$list@IV?$allocator@I@std@@@2@@std@@@std@@@2@$00@std@@QAEAAV?$_Tree_val@U?$_Tree_simple_types@U?$pair@$$CBV?$basic_string@DU?$char_traits@D@std@@V?$allocator@D@2@@std@@V?$list@IV?$allocator@I@std@@@2@@std@@@std@@@2@XZ 10002b20 f i ClientSession.obj
 0001:00001b20       ?_Get_second@?$_Compressed_pair@U?$_Wrap_alloc@V?$allocator@D@std@@@std@@V?$_String_val@U?$_Simple_types@D@std@@@2@$00@std@@QBEABV?$_String_val@U?$_Simple_types@D@std@@@2@XZ 10002b20 f i ClientProtocolImpl.obj
 0001:00001b20       ??0?$allocator@U?$_Tree_node@U?$pair@$$CBV?$basic_string@DU?$char_traits@D@std@@V?$allocator@D@2@@std@@V?$list@IV?$allocator@I@std@@@2@@std@@PAX@std@@@std@@QAE@XZ 10002b20 f i ClientSession.obj
 0001:00001b20       ??0?$allocator@U?$_Tree_node@U?$pair@$$CBIPAVIClientSession@@@std@@PAX@std@@@std@@QAE@XZ 10002b20 f i ClientSession.obj
 0001:00001b20       ??0_Bxty@?$_String_val@U?$_Simple_types@D@std@@@std@@QAE@XZ 10002b20 f i ClientProtocolImpl.obj
 0001:00001b20       ?_Get_first@?$_Compressed_pair@U?$less@I@std@@V?$_Compressed_pair@U?$_Wrap_alloc@V?$allocator@U?$_Tree_node@U?$pair@$$CBIPAVIClientSession@@@std@@PAX@std@@@std@@@std@@V?$_Tree_val@U?$_Tree_simple_types@U?$pair@$$CBIPAVIClientSession@@@std@@@std@@@2@$00@2@$00@std@@QBEABU?$less@I@2@XZ 10002b20 f i ClientSession.obj
 0001:00001b20       ?_Get_first@?$_Compressed_pair@U?$less@V?$basic_string@DU?$char_traits@D@std@@V?$allocator@D@2@@std@@@std@@V?$_Compressed_pair@U?$_Wrap_alloc@V?$allocator@U?$_Tree_node@U?$pair@$$CBV?$basic_string@DU?$char_traits@D@std@@V?$allocator@D@2@@std@@V?$list@IV?$allocator@I@std@@@2@@std@@PAX@std@@@std@@@std@@V?$_Tree_val@U?$_Tree_simple_types@U?$pair@$$CBV?$basic_string@DU?$char_traits@D@std@@V?$allocator@D@2@@std@@V?$list@IV?$allocator@I@std@@@2@@std@@@std@@@2@$00@2@$00@std@@QBEABU?$less@V?$basic_string@DU?$char_traits@D@std@@V?$allocator@D@2@@std@@@2@XZ 10002b20 f i ClientSession.obj
 0001:00001b20       ?_Get_first@?$_Compressed_pair@U?$_Wrap_alloc@V?$allocator@U?$_List_node@IPAX@std@@@std@@@std@@V?$_List_val@U?$_List_simple_types@I@std@@@2@$00@std@@QAEAAU?$_Wrap_alloc@V?$allocator@U?$_List_node@IPAX@std@@@std@@@2@XZ 10002b20 f i ClientSession.obj
 0001:00001b20       ?_Get_second@?$_Compressed_pair@U?$less@I@std@@V?$_Compressed_pair@U?$_Wrap_alloc@V?$allocator@U?$_Tree_node@U?$pair@$$CBIPAVIClientSession@@@std@@PAX@std@@@std@@@std@@V?$_Tree_val@U?$_Tree_simple_types@U?$pair@$$CBIPAVIClientSession@@@std@@@std@@@2@$00@2@$00@std@@QBEABV?$_Compressed_pair@U?$_Wrap_alloc@V?$allocator@U?$_Tree_node@U?$pair@$$CBIPAVIClientSession@@@std@@PAX@std@@@std@@@std@@V?$_Tree_val@U?$_Tree_simple_types@U?$pair@$$CBIPAVIClientSession@@@std@@@std@@@2@$00@2@XZ 10002b20 f i ClientSession.obj
 0001:00001b20       ?_Get_second@?$_Compressed_pair@U?$_Wrap_alloc@V?$allocator@U?$_List_node@IPAX@std@@@std@@@std@@V?$_List_val@U?$_List_simple_types@I@std@@@2@$00@std@@QBEABV?$_List_val@U?$_List_simple_types@I@std@@@2@XZ 10002b20 f i ClientSession.obj
 0001:00001b20       ??0?$tuple@$$V@std@@QAE@XZ 10002b20 f i ClientSession.obj
 0001:00001b20       ?_Get_second@?$_Compressed_pair@U?$less@V?$basic_string@DU?$char_traits@D@std@@V?$allocator@D@2@@std@@@std@@V?$_Compressed_pair@U?$_Wrap_alloc@V?$allocator@U?$_Tree_node@U?$pair@$$CBV?$basic_string@DU?$char_traits@D@std@@V?$allocator@D@2@@std@@V?$list@IV?$allocator@I@std@@@2@@std@@PAX@std@@@std@@@std@@V?$_Tree_val@U?$_Tree_simple_types@U?$pair@$$CBV?$basic_string@DU?$char_traits@D@std@@V?$allocator@D@2@@std@@V?$list@IV?$allocator@I@std@@@2@@std@@@std@@@2@$00@2@$00@std@@QBEABV?$_Compressed_pair@U?$_Wrap_alloc@V?$allocator@U?$_Tree_node@U?$pair@$$CBV?$basic_string@DU?$char_traits@D@std@@V?$allocator@D@2@@std@@V?$list@IV?$allocator@I@std@@@2@@std@@PAX@std@@@std@@@std@@V?$_Tree_val@U?$_Tree_simple_types@U?$pair@$$CBV?$basic_string@DU?$char_traits@D@std@@V?$allocator@D@2@@std@@V?$list@IV?$allocator@I@std@@@2@@std@@@std@@@2@$00@2@XZ 10002b20 f i ClientSession.obj
 0001:00001b20       ?_Get_first@?$_Compressed_pair@U?$_Wrap_alloc@V?$allocator@U?$_Tree_node@U?$pair@$$CBIPAVIClientSession@@@std@@PAX@std@@@std@@@std@@V?$_Tree_val@U?$_Tree_simple_types@U?$pair@$$CBIPAVIClientSession@@@std@@@std@@@2@$00@std@@QAEAAU?$_Wrap_alloc@V?$allocator@U?$_Tree_node@U?$pair@$$CBIPAVIClientSession@@@std@@PAX@std@@@std@@@2@XZ 10002b20 f i ClientSession.obj
 0001:00001b20       ?_Get_second@?$_Compressed_pair@U?$less@I@std@@V?$_Compressed_pair@U?$_Wrap_alloc@V?$allocator@U?$_Tree_node@U?$pair@$$CBIPAVIClientSession@@@std@@PAX@std@@@std@@@std@@V?$_Tree_val@U?$_Tree_simple_types@U?$pair@$$CBIPAVIClientSession@@@std@@@std@@@2@$00@2@$00@std@@QAEAAV?$_Compressed_pair@U?$_Wrap_alloc@V?$allocator@U?$_Tree_node@U?$pair@$$CBIPAVIClientSession@@@std@@PAX@std@@@std@@@std@@V?$_Tree_val@U?$_Tree_simple_types@U?$pair@$$CBIPAVIClientSession@@@std@@@std@@@2@$00@2@XZ 10002b20 f i ClientSession.obj
 0001:00001b20       ??0?$allocator@U?$_List_node@PAVIAccount@@PAX@std@@@std@@QAE@XZ 10002b20 f i ClientSession.obj
 0001:00001b20       ?_Get_first@?$_Compressed_pair@U?$_Wrap_alloc@V?$allocator@U?$_Tree_node@U?$pair@$$CBIPAVIClientSession@@@std@@PAX@std@@@std@@@std@@V?$_Tree_val@U?$_Tree_simple_types@U?$pair@$$CBIPAVIClientSession@@@std@@@std@@@2@$00@std@@QBEABU?$_Wrap_alloc@V?$allocator@U?$_Tree_node@U?$pair@$$CBIPAVIClientSession@@@std@@PAX@std@@@std@@@2@XZ 10002b20 f i ClientSession.obj
 0001:00001b20       ?_Get_first@?$_Compressed_pair@U?$less@I@std@@V?$_Compressed_pair@U?$_Wrap_alloc@V?$allocator@U?$_Tree_node@U?$pair@$$CBIPAVIClientSession@@@std@@PAX@std@@@std@@@std@@V?$_Tree_val@U?$_Tree_simple_types@U?$pair@$$CBIPAVIClientSession@@@std@@@std@@@2@$00@2@$00@std@@QAEAAU?$less@I@2@XZ 10002b20 f i ClientSession.obj
 0001:00001b20       ??0?$allocator@D@std@@QAE@XZ 10002b20 f i ClientProtocolImpl.obj
 0001:00001b20       ?_Get_second@?$_Compressed_pair@U?$_Wrap_alloc@V?$allocator@U?$_Tree_node@U?$pair@$$CBIPAVIClientSession@@@std@@PAX@std@@@std@@@std@@V?$_Tree_val@U?$_Tree_simple_types@U?$pair@$$CBIPAVIClientSession@@@std@@@std@@@2@$00@std@@QBEABV?$_Tree_val@U?$_Tree_simple_types@U?$pair@$$CBIPAVIClientSession@@@std@@@std@@@2@XZ 10002b20 f i ClientSession.obj
 0001:00001b20       ?_Get_first@?$_Compressed_pair@U?$less@V?$basic_string@DU?$char_traits@D@std@@V?$allocator@D@2@@std@@@std@@V?$_Compressed_pair@U?$_Wrap_alloc@V?$allocator@U?$_Tree_node@U?$pair@$$CBV?$basic_string@DU?$char_traits@D@std@@V?$allocator@D@2@@std@@V?$list@IV?$allocator@I@std@@@2@@std@@PAX@std@@@std@@@std@@V?$_Tree_val@U?$_Tree_simple_types@U?$pair@$$CBV?$basic_string@DU?$char_traits@D@std@@V?$allocator@D@2@@std@@V?$list@IV?$allocator@I@std@@@2@@std@@@std@@@2@$00@2@$00@std@@QAEAAU?$less@V?$basic_string@DU?$char_traits@D@std@@V?$allocator@D@2@@std@@@2@XZ 10002b20 f i ClientSession.obj
 0001:00001b20       ?_Get_second@?$_Compressed_pair@U?$_Wrap_alloc@V?$allocator@U?$_List_node@PAVIAccount@@PAX@std@@@std@@@std@@V?$_List_val@U?$_List_simple_types@PAVIAccount@@@std@@@2@$00@std@@QBEABV?$_List_val@U?$_List_simple_types@PAVIAccount@@@std@@@2@XZ 10002b20 f i ClientSession.obj
 0001:00001b20       ?_Get_first@?$_Compressed_pair@U?$_Wrap_alloc@V?$allocator@U?$_Tree_node@U?$pair@$$CBV?$basic_string@DU?$char_traits@D@std@@V?$allocator@D@2@@std@@V?$list@IV?$allocator@I@std@@@2@@std@@PAX@std@@@std@@@std@@V?$_Tree_val@U?$_Tree_simple_types@U?$pair@$$CBV?$basic_string@DU?$char_traits@D@std@@V?$allocator@D@2@@std@@V?$list@IV?$allocator@I@std@@@2@@std@@@std@@@2@$00@std@@QAEAAU?$_Wrap_alloc@V?$allocator@U?$_Tree_node@U?$pair@$$CBV?$basic_string@DU?$char_traits@D@std@@V?$allocator@D@2@@std@@V?$list@IV?$allocator@I@std@@@2@@std@@PAX@std@@@std@@@2@XZ 10002b20 f i ClientSession.obj
 0001:00001b20       ?_Get_second@?$_Compressed_pair@U?$_Wrap_alloc@V?$allocator@D@std@@@std@@V?$_String_val@U?$_Simple_types@D@std@@@2@$00@std@@QAEAAV?$_String_val@U?$_Simple_types@D@std@@@2@XZ 10002b20 f i ClientProtocolImpl.obj
 0001:00001b20       ?_Get_first@?$_Compressed_pair@U?$_Wrap_alloc@V?$allocator@D@std@@@std@@V?$_String_val@U?$_Simple_types@D@std@@@2@$00@std@@QAEAAU?$_Wrap_alloc@V?$allocator@D@std@@@2@XZ 10002b20 f i ClientProtocolImpl.obj
 0001:00001b20       ??0?$allocator@U?$_List_node@IPAX@std@@@std@@QAE@XZ 10002b20 f i ClientSession.obj
 0001:00001b20       ?_Get_second@?$_Compressed_pair@U?$_Wrap_alloc@V?$allocator@U?$_Tree_node@U?$pair@$$CBV?$basic_string@DU?$char_traits@D@std@@V?$allocator@D@2@@std@@V?$list@IV?$allocator@I@std@@@2@@std@@PAX@std@@@std@@@std@@V?$_Tree_val@U?$_Tree_simple_types@U?$pair@$$CBV?$basic_string@DU?$char_traits@D@std@@V?$allocator@D@2@@std@@V?$list@IV?$allocator@I@std@@@2@@std@@@std@@@2@$00@std@@QBEABV?$_Tree_val@U?$_Tree_simple_types@U?$pair@$$CBV?$basic_string@DU?$char_traits@D@std@@V?$allocator@D@2@@std@@V?$list@IV?$allocator@I@std@@@2@@std@@@std@@@2@XZ 10002b20 f i ClientSession.obj
 0001:00001b20       ?_Get_first@?$_Compressed_pair@U?$_Wrap_alloc@V?$allocator@U?$_Tree_node@U?$pair@$$CBV?$basic_string@DU?$char_traits@D@std@@V?$allocator@D@2@@std@@V?$list@IV?$allocator@I@std@@@2@@std@@PAX@std@@@std@@@std@@V?$_Tree_val@U?$_Tree_simple_types@U?$pair@$$CBV?$basic_string@DU?$char_traits@D@std@@V?$allocator@D@2@@std@@V?$list@IV?$allocator@I@std@@@2@@std@@@std@@@2@$00@std@@QBEABU?$_Wrap_alloc@V?$allocator@U?$_Tree_node@U?$pair@$$CBV?$basic_string@DU?$char_traits@D@std@@V?$allocator@D@2@@std@@V?$list@IV?$allocator@I@std@@@2@@std@@PAX@std@@@std@@@2@XZ 10002b20 f i ClientSession.obj
 0001:00001b30       ?_Myptr@?$_String_val@U?$_Simple_types@D@std@@@std@@QBEPBDXZ 10002b30 f i ClientProtocolImpl.obj
 0001:00001b30       ?_Myptr@?$_String_val@U?$_Simple_types@D@std@@@std@@QAEPADXZ 10002b30 f i ClientProtocolImpl.obj
 0001:00001b70       ?deallocate@?$_Wrap_alloc@V?$allocator@D@std@@@std@@QAEXPADI@Z 10002b70 f i ClientProtocolImpl.obj
 0001:00001b90       ?_Myres@?$_String_alloc@U?$_String_base_types@DV?$allocator@D@std@@@std@@@std@@QAEAAIXZ 10002b90 f i ClientProtocolImpl.obj
 0001:00001bb0       ?_Myhead@?$_List_alloc@U?$_List_base_types@PAVIAccount@@V?$allocator@PAVIAccount@@@std@@@std@@@std@@QAEAAPAU?$_List_node@PAVIAccount@@PAX@2@XZ 10002bb0 f i ClientSession.obj
 0001:00001bb0       ?_Bx@?$_String_alloc@U?$_String_base_types@DV?$allocator@D@std@@@std@@@std@@QAEAAT_Bxty@?$_String_val@U?$_Simple_types@D@std@@@2@XZ 10002bb0 f i ClientProtocolImpl.obj
 0001:00001bb0       ?_Myhead@?$_List_alloc@U?$_List_base_types@IV?$allocator@I@std@@@std@@@std@@QAEAAPAU?$_List_node@IPAX@2@XZ 10002bb0 f i ClientSession.obj
 0001:00001bb0       ?_Myhead@?$_List_alloc@U?$_List_base_types@IV?$allocator@I@std@@@std@@@std@@QBEABQAU?$_List_node@IPAX@2@XZ 10002bb0 f i ClientSession.obj
 0001:00001bd0       ?_Xran@?$basic_string@DU?$char_traits@D@std@@V?$allocator@D@2@@std@@QBEXXZ 10002bd0 f i ClientProtocolImpl.obj
 0001:00001bf0       ?_Check_offset@?$basic_string@DU?$char_traits@D@std@@V?$allocator@D@2@@std@@QBEXI@Z 10002bf0 f i ClientProtocolImpl.obj
 0001:00001c20       ?_Inside@?$basic_string@DU?$char_traits@D@std@@V?$allocator@D@2@@std@@QAE_NPBD@Z 10002c20 f i ClientProtocolImpl.obj
 0001:00001c70       ?_Copy@?$basic_string@DU?$char_traits@D@std@@V?$allocator@D@2@@std@@QAEXII@Z 10002c70 f i ClientProtocolImpl.obj
 0001:00001e50       ?_Clamp_suffix_size@?$basic_string@DU?$char_traits@D@std@@V?$allocator@D@2@@std@@QBEIII@Z 10002e50 f i ClientProtocolImpl.obj
 0001:00001e90       ?max_size@?$basic_string@DU?$char_traits@D@std@@V?$allocator@D@2@@std@@QBEIXZ 10002e90 f i ClientProtocolImpl.obj
 0001:00001ed0       ?erase@?$basic_string@DU?$char_traits@D@std@@V?$allocator@D@2@@std@@QAEAAV12@II@Z 10002ed0 f i ClientProtocolImpl.obj
 0001:00001f60       ?erase@?$basic_string@DU?$char_traits@D@std@@V?$allocator@D@2@@std@@QAEAAV12@I@Z 10002f60 f i ClientProtocolImpl.obj
 0001:00001f90       ?max_size@?$_Wrap_alloc@V?$allocator@D@std@@@std@@QBEIU_Nil@2@@Z 10002f90 f i ClientProtocolImpl.obj
 0001:00001fb0       ?allocate@?$_Wrap_alloc@V?$allocator@D@std@@@std@@QAEPADI@Z 10002fb0 f i ClientProtocolImpl.obj
 0001:00001fd0       ?deallocate@?$allocator@D@std@@QAEXPADI@Z 10002fd0 f i ClientProtocolImpl.obj
 0001:00001ff0       ?max_size@?$allocator_traits@V?$allocator@D@std@@@std@@SAIABV?$allocator@D@2@@Z 10002ff0 f i ClientProtocolImpl.obj
 0001:00002000       ?allocate@?$allocator@D@std@@QAEPADI@Z 10003000 f i ClientProtocolImpl.obj
 0001:00002020       ?max_size@?$allocator@D@std@@QBEIXZ 10003020 f i ClientProtocolImpl.obj
 0001:00002030       ??$?0$$V@?$_Compressed_pair@U?$_Wrap_alloc@V?$allocator@D@std@@@std@@V?$_String_val@U?$_Simple_types@D@std@@@2@$00@std@@QAE@U_Zero_then_variadic_args_t@1@@Z 10003030 f i ClientProtocolImpl.obj
 0001:00002050       ?_Left@?$_Tree_val@U?$_Tree_simple_types@U?$pair@$$CBV?$basic_string@DU?$char_traits@D@std@@V?$allocator@D@2@@std@@V?$list@IV?$allocator@I@std@@@2@@std@@@std@@@std@@SAAAPAU?$_Tree_node@U?$pair@$$CBV?$basic_string@DU?$char_traits@D@std@@V?$allocator@D@2@@std@@V?$list@IV?$allocator@I@std@@@2@@std@@PAX@2@PAU32@@Z 10003050 f i ClientSession.obj
 0001:00002050       ??$move@AAD@std@@YA$$QADAAD@Z 10003050 f i ClientSession.obj
 0001:00002050       ??$forward@ABUpiecewise_construct_t@std@@@std@@YAABUpiecewise_construct_t@0@ABU10@@Z 10003050 f i ClientSession.obj
 0001:00002050       ??$forward@V?$tuple@$$V@std@@@std@@YA$$QAV?$tuple@$$V@0@AAV10@@Z 10003050 f i ClientSession.obj
 0001:00002050       ??$addressof@PAU?$_Tree_node@U?$pair@$$CBIPAVIClientSession@@@std@@PAX@std@@@std@@YAPAPAU?$_Tree_node@U?$pair@$$CBIPAVIClientSession@@@std@@PAX@0@AAPAU10@@Z 10003050 f i ClientSession.obj
 0001:00002050       ??$forward@AAV?$basic_string@DU?$char_traits@D@std@@V?$allocator@D@2@@std@@@std@@YAAAV?$basic_string@DU?$char_traits@D@std@@V?$allocator@D@2@@0@AAV10@@Z 10003050 f i ClientSession.obj
 0001:00002050       ??$forward@U_Zero_then_variadic_args_t@std@@@std@@YA$$QAU_Zero_then_variadic_args_t@0@AAU10@@Z 10003050 f i ClientSession.obj
 0001:00002050       ??$forward@_N@std@@YA$$QA_NAA_N@Z 10003050 f i ClientSession.obj
 0001:00002050       ??$forward@V?$allocator@D@std@@@std@@YA$$QAV?$allocator@D@0@AAV10@@Z 10003050 f i ClientSession.obj
 0001:00002050       ??$forward@AAV?$_Tree_iterator@V?$_Tree_val@U?$_Tree_simple_types@U?$pair@$$CBIPAVIClientSession@@@std@@@std@@@std@@@std@@@std@@YAAAV?$_Tree_iterator@V?$_Tree_val@U?$_Tree_simple_types@U?$pair@$$CBIPAVIClientSession@@@std@@@std@@@std@@@0@AAV10@@Z 10003050 f i ClientSession.obj
 0001:00002050       ??$forward@ABQAVIAccount@@@std@@YAABQAVIAccount@@ABQAV1@@Z 10003050 f i ClientSession.obj
 0001:00002050       ??$addressof@U?$pair@$$CBV?$basic_string@DU?$char_traits@D@std@@V?$allocator@D@2@@std@@V?$list@IV?$allocator@I@std@@@2@@std@@@std@@YAPAU?$pair@$$CBV?$basic_string@DU?$char_traits@D@std@@V?$allocator@D@2@@std@@V?$list@IV?$allocator@I@std@@@2@@0@AAU10@@Z 10003050 f i ClientSession.obj
 0001:00002050       ??$forward@ABU?$less@I@std@@@std@@YAABU?$less@I@0@ABU10@@Z 10003050 f i ClientSession.obj
 0001:00002050       ??$forward@V?$allocator@U?$_List_node@IPAX@std@@@std@@@std@@YA$$QAV?$allocator@U?$_List_node@IPAX@std@@@0@AAV10@@Z 10003050 f i ClientSession.obj
 0001:00002050       ??$addressof@PAU?$_List_node@IPAX@std@@@std@@YAPAPAU?$_List_node@IPAX@0@AAPAU10@@Z 10003050 f i ClientSession.obj
 0001:00002050       ??$forward@AAPAVIClientSession@@@std@@YAAAPAVIClientSession@@AAPAV1@@Z 10003050 f i ClientSession.obj
 0001:00002050       ??$forward@I@std@@YA$$QAIAAI@Z 10003050 f i ClientSession.obj
 0001:00002050       ??$addressof@PAU?$_List_node@PAVIAccount@@PAX@std@@@std@@YAPAPAU?$_List_node@PAVIAccount@@PAX@0@AAPAU10@@Z 10003050 f i ClientSession.obj
 0001:00002050       ?_Left@?$_Tree_val@U?$_Tree_simple_types@U?$pair@$$CBIPAVIClientSession@@@std@@@std@@@std@@SAAAPAU?$_Tree_node@U?$pair@$$CBIPAVIClientSession@@@std@@PAX@2@PAU32@@Z 10003050 f i ClientSession.obj
 0001:00002050       ??$forward@AAPAD@std@@YAAAPADAAPAD@Z 10003050 f i ClientProtocolImpl.obj
 0001:00002050       ??$forward@AAPAU?$_Tree_node@U?$pair@$$CBIPAVIClientSession@@@std@@PAX@std@@@std@@YAAAPAU?$_Tree_node@U?$pair@$$CBIPAVIClientSession@@@std@@PAX@0@AAPAU10@@Z 10003050 f i ClientSession.obj
 0001:00002050       ??$forward@V?$tuple@ABI@std@@@std@@YA$$QAV?$tuple@ABI@0@AAV10@@Z 10003050 f i ClientSession.obj
 0001:00002050       ?_Nextnode@?$_List_val@U?$_List_simple_types@I@std@@@std@@SAAAPAU?$_List_node@IPAX@2@PAU32@@Z 10003050 f i ClientSession.obj
 0001:00002050       ??$move@AAU?$_Wrap_alloc@V?$allocator@D@std@@@std@@@std@@YA$$QAU?$_Wrap_alloc@V?$allocator@D@std@@@0@AAU10@@Z 10003050 f i ClientSession.obj
 0001:00002050       ??$forward@U?$_Wrap_alloc@V?$allocator@U?$_List_node@IPAX@std@@@std@@@std@@@std@@YA$$QAU?$_Wrap_alloc@V?$allocator@U?$_List_node@IPAX@std@@@std@@@0@AAU10@@Z 10003050 f i ClientSession.obj
 0001:00002050       ??$forward@AAPAU?$_List_node@IPAX@std@@@std@@YAAAPAU?$_List_node@IPAX@0@AAPAU10@@Z 10003050 f i ClientSession.obj
 0001:00002050       ??$move@AAU?$_Wrap_alloc@V?$allocator@U?$_List_node@IPAX@std@@@std@@@std@@@std@@YA$$QAU?$_Wrap_alloc@V?$allocator@U?$_List_node@IPAX@std@@@std@@@0@AAU10@@Z 10003050 f i ClientSession.obj
 0001:00002050       ??$forward@AAU?$pair@$$CBIPAVIClientSession@@@std@@@std@@YAAAU?$pair@$$CBIPAVIClientSession@@@0@AAU10@@Z 10003050 f i ClientSession.obj
 0001:00002050       ??$forward@V?$_Tree_iterator@V?$_Tree_val@U?$_Tree_simple_types@U?$pair@$$CBIPAVIClientSession@@@std@@@std@@@std@@@std@@@std@@YA$$QAV?$_Tree_iterator@V?$_Tree_val@U?$_Tree_simple_types@U?$pair@$$CBIPAVIClientSession@@@std@@@std@@@std@@@0@AAV10@@Z 10003050 f i ClientSession.obj
 0001:00002050       ??$addressof@PAU?$_Tree_node@U?$pair@$$CBV?$basic_string@DU?$char_traits@D@std@@V?$allocator@D@2@@std@@V?$list@IV?$allocator@I@std@@@2@@std@@PAX@std@@@std@@YAPAPAU?$_Tree_node@U?$pair@$$CBV?$basic_string@DU?$char_traits@D@std@@V?$allocator@D@2@@std@@V?$list@IV?$allocator@I@std@@@2@@std@@PAX@0@AAPAU10@@Z 10003050 f i ClientSession.obj
 0001:00002050       ??$addressof@PAVIAccount@@@std@@YAPAPAVIAccount@@AAPAV1@@Z 10003050 f i ClientSession.obj
 0001:00002050       ??$_Unfancy@D@std@@YAPADPAD@Z 10003050 f i ClientProtocolImpl.obj
 0001:00002050       ??$addressof@$$CBI@std@@YAPBIABI@Z 10003050 f i ClientSession.obj
 0001:00002050       ??$forward@AAPAU?$_List_node@PAVIAccount@@PAX@std@@@std@@YAAAPAU?$_List_node@PAVIAccount@@PAX@0@AAPAU10@@Z 10003050 f i ClientSession.obj
 0001:00002050       ?_Nextnode@?$_List_val@U?$_List_simple_types@PAVIAccount@@@std@@@std@@SAAAPAU?$_List_node@PAVIAccount@@PAX@2@PAU32@@Z 10003050 f i ClientSession.obj
 0001:00002050       ??$forward@ABI@std@@YAABIABI@Z 10003050 f i ClientSession.obj
 0001:00002050       ??$forward@U?$_Wrap_alloc@V?$allocator@D@std@@@std@@@std@@YA$$QAU?$_Wrap_alloc@V?$allocator@D@std@@@0@AAU10@@Z 10003050 f i ClientSession.obj
 0001:00002050       ??$forward@ABU?$less@V?$basic_string@DU?$char_traits@D@std@@V?$allocator@D@2@@std@@@std@@@std@@YAABU?$less@V?$basic_string@DU?$char_traits@D@std@@V?$allocator@D@2@@std@@@0@ABU10@@Z 10003050 f i ClientSession.obj
 0001:00002050       ??$move@AAV?$tuple@ABI@std@@@std@@YA$$QAV?$tuple@ABI@0@AAV10@@Z 10003050 f i ClientSession.obj
 0001:00002050       ??$forward@AAV?$list@IV?$allocator@I@std@@@std@@@std@@YAAAV?$list@IV?$allocator@I@std@@@0@AAV10@@Z 10003050 f i ClientSession.obj
 0001:00002050       ??$addressof@I@std@@YAPAIAAI@Z 10003050 f i ClientSession.obj
 0001:00002050       ??$forward@V?$_Tree_iterator@V?$_Tree_val@U?$_Tree_simple_types@U?$pair@$$CBV?$basic_string@DU?$char_traits@D@std@@V?$allocator@D@2@@std@@V?$list@IV?$allocator@I@std@@@2@@std@@@std@@@std@@@std@@@std@@YA$$QAV?$_Tree_iterator@V?$_Tree_val@U?$_Tree_simple_types@U?$pair@$$CBV?$basic_string@DU?$char_traits@D@std@@V?$allocator@D@2@@std@@V?$list@IV?$allocator@I@std@@@2@@std@@@std@@@std@@@0@AAV10@@Z 10003050 f i ClientSession.obj
 0001:00002050       ??$forward@AAU?$pair@$$CBV?$basic_string@DU?$char_traits@D@std@@V?$allocator@D@2@@std@@V?$list@IV?$allocator@I@std@@@2@@std@@@std@@YAAAU?$pair@$$CBV?$basic_string@DU?$char_traits@D@std@@V?$allocator@D@2@@std@@V?$list@IV?$allocator@I@std@@@2@@0@AAU10@@Z 10003050 f i ClientSession.obj
 0001:00002050       ??$forward@AAV?$_Tree_iterator@V?$_Tree_val@U?$_Tree_simple_types@U?$pair@$$CBV?$basic_string@DU?$char_traits@D@std@@V?$allocator@D@2@@std@@V?$list@IV?$allocator@I@std@@@2@@std@@@std@@@std@@@std@@@std@@YAAAV?$_Tree_iterator@V?$_Tree_val@U?$_Tree_simple_types@U?$pair@$$CBV?$basic_string@DU?$char_traits@D@std@@V?$allocator@D@2@@std@@V?$list@IV?$allocator@I@std@@@2@@std@@@std@@@std@@@0@AAV10@@Z 10003050 f i ClientSession.obj
 0001:00002050       ??$forward@AAPAU?$_Tree_node@U?$pair@$$CBV?$basic_string@DU?$char_traits@D@std@@V?$allocator@D@2@@std@@V?$list@IV?$allocator@I@std@@@2@@std@@PAX@std@@@std@@YAAAPAU?$_Tree_node@U?$pair@$$CBV?$basic_string@DU?$char_traits@D@std@@V?$allocator@D@2@@std@@V?$list@IV?$allocator@I@std@@@2@@std@@PAX@0@AAPAU10@@Z 10003050 f i ClientSession.obj
 0001:00002050       ??$_Kfn@$$CBIPAVIClientSession@@@?$_Tmap_traits@IPAVIClientSession@@U?$less@I@std@@V?$allocator@U?$pair@$$CBIPAVIClientSession@@@std@@@3@$0A@@std@@SAABIABU?$pair@$$CBIPAVIClientSession@@@1@@Z 10003050 f i ClientSession.obj
 0001:00002050       ??$_Kfn@$$CBV?$basic_string@DU?$char_traits@D@std@@V?$allocator@D@2@@std@@V?$list@IV?$allocator@I@std@@@2@@?$_Tmap_traits@V?$basic_string@DU?$char_traits@D@std@@V?$allocator@D@2@@std@@V?$list@IV?$allocator@I@std@@@2@U?$less@V?$basic_string@DU?$char_traits@D@std@@V?$allocator@D@2@@std@@@2@V?$allocator@U?$pair@$$CBV?$basic_string@DU?$char_traits@D@std@@V?$allocator@D@2@@std@@V?$list@IV?$allocator@I@std@@@2@@std@@@2@$0A@@std@@SAABV?$basic_string@DU?$char_traits@D@std@@V?$allocator@D@2@@1@ABU?$pair@$$CBV?$basic_string@DU?$char_traits@D@std@@V?$allocator@D@2@@std@@V?$list@IV?$allocator@I@std@@@2@@1@@Z 10003050 f i ClientSession.obj
 0001:00002050       ??$addressof@PAD@std@@YAPAPADAAPAD@Z 10003050 f i ClientProtocolImpl.obj
 0001:00002050       ??$forward@AAU?$pair@IPAVIClientSession@@@std@@@std@@YAAAU?$pair@IPAVIClientSession@@@0@AAU10@@Z 10003050 f i ClientSession.obj
 0001:00002050       ??$addressof@U?$pair@$$CBIPAVIClientSession@@@std@@@std@@YAPAU?$pair@$$CBIPAVIClientSession@@@0@AAU10@@Z 10003050 f i ClientSession.obj
 0001:00002050       ??$forward@AAU?$pair@V?$basic_string@DU?$char_traits@D@std@@V?$allocator@D@2@@std@@V?$list@IV?$allocator@I@std@@@2@@std@@@std@@YAAAU?$pair@V?$basic_string@DU?$char_traits@D@std@@V?$allocator@D@2@@std@@V?$list@IV?$allocator@I@std@@@2@@0@AAU10@@Z 10003050 f i ClientSession.obj
 0001:00002060       ??$destroy@PAU?$_Tree_node@U?$pair@$$CBV?$basic_string@DU?$char_traits@D@std@@V?$allocator@D@2@@std@@V?$list@IV?$allocator@I@std@@@2@@std@@PAX@std@@@?$_Wrap_alloc@V?$allocator@U?$_Tree_node@U?$pair@$$CBV?$basic_string@DU?$char_traits@D@std@@V?$allocator@D@2@@std@@V?$list@IV?$allocator@I@std@@@2@@std@@PAX@std@@@std@@@std@@QAEXPAPAU?$_Tree_node@U?$pair@$$CBV?$basic_string@DU?$char_traits@D@std@@V?$allocator@D@2@@std@@V?$list@IV?$allocator@I@std@@@2@@std@@PAX@1@@Z 10003060 f i ClientSession.obj
 0001:00002060       ??$destroy@PAU?$_List_node@IPAX@std@@@?$_Wrap_alloc@V?$allocator@U?$_List_node@IPAX@std@@@std@@@std@@QAEXPAPAU?$_List_node@IPAX@1@@Z 10003060 f i ClientSession.obj
 0001:00002060       ??$destroy@I@?$_Wrap_alloc@V?$allocator@U?$_List_node@IPAX@std@@@std@@@std@@QAEXPAI@Z 10003060 f i ClientSession.obj
 0001:00002060       ??$destroy@PAU?$_Tree_node@U?$pair@$$CBIPAVIClientSession@@@std@@PAX@std@@@?$_Wrap_alloc@V?$allocator@U?$_Tree_node@U?$pair@$$CBIPAVIClientSession@@@std@@PAX@std@@@std@@@std@@QAEXPAPAU?$_Tree_node@U?$pair@$$CBIPAVIClientSession@@@std@@PAX@1@@Z 10003060 f i ClientSession.obj
 0001:00002060       ??$destroy@PAD@?$_Wrap_alloc@V?$allocator@D@std@@@std@@QAEXPAPAD@Z 10003060 f i ClientProtocolImpl.obj
 0001:00002060       ??$destroy@PAVIAccount@@@?$_Wrap_alloc@V?$allocator@U?$_List_node@PAVIAccount@@PAX@std@@@std@@@std@@QAEXPAPAVIAccount@@@Z 10003060 f i ClientSession.obj
 0001:00002060       ??$destroy@U?$pair@$$CBIPAVIClientSession@@@std@@@?$_Wrap_alloc@V?$allocator@U?$_Tree_node@U?$pair@$$CBIPAVIClientSession@@@std@@PAX@std@@@std@@@std@@QAEXPAU?$pair@$$CBIPAVIClientSession@@@1@@Z 10003060 f i ClientSession.obj
 0001:00002060       ??$destroy@PAU?$_List_node@PAVIAccount@@PAX@std@@@?$_Wrap_alloc@V?$allocator@U?$_List_node@PAVIAccount@@PAX@std@@@std@@@std@@QAEXPAPAU?$_List_node@PAVIAccount@@PAX@1@@Z 10003060 f i ClientSession.obj
 0001:00002080       ??$construct@PAU?$_Tree_node@U?$pair@$$CBV?$basic_string@DU?$char_traits@D@std@@V?$allocator@D@2@@std@@V?$list@IV?$allocator@I@std@@@2@@std@@PAX@std@@AAPAU12@@?$_Wrap_alloc@V?$allocator@U?$_Tree_node@U?$pair@$$CBV?$basic_string@DU?$char_traits@D@std@@V?$allocator@D@2@@std@@V?$list@IV?$allocator@I@std@@@2@@std@@PAX@std@@@std@@@std@@QAEXPAPAU?$_Tree_node@U?$pair@$$CBV?$basic_string@DU?$char_traits@D@std@@V?$allocator@D@2@@std@@V?$list@IV?$allocator@I@std@@@2@@std@@PAX@1@AAPAU21@@Z 10003080 f i ClientSession.obj
 0001:00002080       ??$construct@PAVIAccount@@ABQAV1@@?$_Wrap_alloc@V?$allocator@U?$_List_node@PAVIAccount@@PAX@std@@@std@@@std@@QAEXPAPAVIAccount@@ABQAV2@@Z 10003080 f i ClientSession.obj
 0001:00002080       ??$construct@PAU?$_Tree_node@U?$pair@$$CBIPAVIClientSession@@@std@@PAX@std@@AAPAU12@@?$_Wrap_alloc@V?$allocator@U?$_Tree_node@U?$pair@$$CBIPAVIClientSession@@@std@@PAX@std@@@std@@@std@@QAEXPAPAU?$_Tree_node@U?$pair@$$CBIPAVIClientSession@@@std@@PAX@1@AAPAU21@@Z 10003080 f i ClientSession.obj
 0001:00002080       ??$construct@II@?$_Wrap_alloc@V?$allocator@U?$_List_node@IPAX@std@@@std@@@std@@QAEXPAI$$QAI@Z 10003080 f i ClientSession.obj
 0001:00002080       ??$construct@PAU?$_List_node@PAVIAccount@@PAX@std@@AAPAU12@@?$_Wrap_alloc@V?$allocator@U?$_List_node@PAVIAccount@@PAX@std@@@std@@@std@@QAEXPAPAU?$_List_node@PAVIAccount@@PAX@1@AAPAU21@@Z 10003080 f i ClientSession.obj
 0001:00002080       ??$construct@PAU?$_List_node@IPAX@std@@AAPAU12@@?$_Wrap_alloc@V?$allocator@U?$_List_node@IPAX@std@@@std@@@std@@QAEXPAPAU?$_List_node@IPAX@1@AAPAU21@@Z 10003080 f i ClientSession.obj
 0001:00002080       ??$construct@IABI@?$_Wrap_alloc@V?$allocator@U?$_List_node@IPAX@std@@@std@@@std@@QAEXPAIABI@Z 10003080 f i ClientSession.obj
 0001:00002080       ??$construct@PADAAPAD@?$_Wrap_alloc@V?$allocator@D@std@@@std@@QAEXPAPADAAPAD@Z 10003080 f i ClientProtocolImpl.obj
 0001:000020b0       ??0?$_String_val@U?$_Simple_types@D@std@@@std@@QAE@XZ 100030b0 f i ClientProtocolImpl.obj
 0001:000020e0       ??0?$_Wrap_alloc@V?$allocator@U?$_List_node@PAVIAccount@@PAX@std@@@std@@@std@@QAE@XZ 100030e0 f i ClientSession.obj
 0001:000020e0       ??0?$_Wrap_alloc@V?$allocator@D@std@@@std@@QAE@XZ 100030e0 f i ClientProtocolImpl.obj
 0001:000020e0       ??0?$_Wrap_alloc@V?$allocator@U?$_List_node@IPAX@std@@@std@@@std@@QAE@XZ 100030e0 f i ClientSession.obj
 0001:000020e0       ??0?$_Wrap_alloc@V?$allocator@U?$_Tree_node@U?$pair@$$CBIPAVIClientSession@@@std@@PAX@std@@@std@@@std@@QAE@XZ 100030e0 f i ClientSession.obj
 0001:000020e0       ??0?$_Wrap_alloc@V?$allocator@U?$_Tree_node@U?$pair@$$CBV?$basic_string@DU?$char_traits@D@std@@V?$allocator@D@2@@std@@V?$list@IV?$allocator@I@std@@@2@@std@@PAX@std@@@std@@@std@@QAE@XZ 100030e0 f i ClientSession.obj
 0001:00002100       ??$destroy@I@?$allocator_traits@V?$allocator@U?$_List_node@IPAX@std@@@std@@@std@@SAXAAV?$allocator@U?$_List_node@IPAX@std@@@1@PAI@Z 10003100 f i ClientSession.obj
 0001:00002100       ??$destroy@PAD@?$allocator_traits@V?$allocator@D@std@@@std@@SAXAAV?$allocator@D@1@PAPAD@Z 10003100 f i ClientProtocolImpl.obj
 0001:00002100       ??$destroy@U?$pair@$$CBIPAVIClientSession@@@std@@@?$allocator_traits@V?$allocator@U?$_Tree_node@U?$pair@$$CBIPAVIClientSession@@@std@@PAX@std@@@std@@@std@@SAXAAV?$allocator@U?$_Tree_node@U?$pair@$$CBIPAVIClientSession@@@std@@PAX@std@@@1@PAU?$pair@$$CBIPAVIClientSession@@@1@@Z 10003100 f i ClientSession.obj
 0001:00002100       ??$destroy@PAU?$_List_node@IPAX@std@@@?$allocator_traits@V?$allocator@U?$_List_node@IPAX@std@@@std@@@std@@SAXAAV?$allocator@U?$_List_node@IPAX@std@@@1@PAPAU?$_List_node@IPAX@1@@Z 10003100 f i ClientSession.obj
 0001:00002100       ??$destroy@PAVIAccount@@@?$allocator_traits@V?$allocator@U?$_List_node@PAVIAccount@@PAX@std@@@std@@@std@@SAXAAV?$allocator@U?$_List_node@PAVIAccount@@PAX@std@@@1@PAPAVIAccount@@@Z 10003100 f i ClientSession.obj
 0001:00002100       ??$destroy@PAU?$_List_node@PAVIAccount@@PAX@std@@@?$allocator_traits@V?$allocator@U?$_List_node@PAVIAccount@@PAX@std@@@std@@@std@@SAXAAV?$allocator@U?$_List_node@PAVIAccount@@PAX@std@@@1@PAPAU?$_List_node@PAVIAccount@@PAX@1@@Z 10003100 f i ClientSession.obj
 0001:00002100       ??$destroy@PAU?$_Tree_node@U?$pair@$$CBV?$basic_string@DU?$char_traits@D@std@@V?$allocator@D@2@@std@@V?$list@IV?$allocator@I@std@@@2@@std@@PAX@std@@@?$allocator_traits@V?$allocator@U?$_Tree_node@U?$pair@$$CBV?$basic_string@DU?$char_traits@D@std@@V?$allocator@D@2@@std@@V?$list@IV?$allocator@I@std@@@2@@std@@PAX@std@@@std@@@std@@SAXAAV?$allocator@U?$_Tree_node@U?$pair@$$CBV?$basic_string@DU?$char_traits@D@std@@V?$allocator@D@2@@std@@V?$list@IV?$allocator@I@std@@@2@@std@@PAX@std@@@1@PAPAU?$_Tree_node@U?$pair@$$CBV?$basic_string@DU?$char_traits@D@std@@V?$allocator@D@2@@std@@V?$list@IV?$allocator@I@std@@@2@@std@@PAX@1@@Z 10003100 f i ClientSession.obj
 0001:00002100       ??$destroy@PAU?$_Tree_node@U?$pair@$$CBIPAVIClientSession@@@std@@PAX@std@@@?$allocator_traits@V?$allocator@U?$_Tree_node@U?$pair@$$CBIPAVIClientSession@@@std@@PAX@std@@@std@@@std@@SAXAAV?$allocator@U?$_Tree_node@U?$pair@$$CBIPAVIClientSession@@@std@@PAX@std@@@1@PAPAU?$_Tree_node@U?$pair@$$CBIPAVIClientSession@@@std@@PAX@1@@Z 10003100 f i ClientSession.obj
 0001:00002120       ??$construct@II@?$allocator_traits@V?$allocator@U?$_List_node@IPAX@std@@@std@@@std@@SAXAAV?$allocator@U?$_List_node@IPAX@std@@@1@PAI$$QAI@Z 10003120 f i ClientSession.obj
 0001:00002120       ??$construct@PAU?$_Tree_node@U?$pair@$$CBV?$basic_string@DU?$char_traits@D@std@@V?$allocator@D@2@@std@@V?$list@IV?$allocator@I@std@@@2@@std@@PAX@std@@AAPAU12@@?$allocator_traits@V?$allocator@U?$_Tree_node@U?$pair@$$CBV?$basic_string@DU?$char_traits@D@std@@V?$allocator@D@2@@std@@V?$list@IV?$allocator@I@std@@@2@@std@@PAX@std@@@std@@@std@@SAXAAV?$allocator@U?$_Tree_node@U?$pair@$$CBV?$basic_string@DU?$char_traits@D@std@@V?$allocator@D@2@@std@@V?$list@IV?$allocator@I@std@@@2@@std@@PAX@std@@@1@PAPAU?$_Tree_node@U?$pair@$$CBV?$basic_string@DU?$char_traits@D@std@@V?$allocator@D@2@@std@@V?$list@IV?$allocator@I@std@@@2@@std@@PAX@1@AAPAU31@@Z 10003120 f i ClientSession.obj
 0001:00002120       ??$construct@PAU?$_List_node@IPAX@std@@AAPAU12@@?$allocator_traits@V?$allocator@U?$_List_node@IPAX@std@@@std@@@std@@SAXAAV?$allocator@U?$_List_node@IPAX@std@@@1@PAPAU?$_List_node@IPAX@1@AAPAU31@@Z 10003120 f i ClientSession.obj
 0001:00002120       ??$construct@PAU?$_Tree_node@U?$pair@$$CBIPAVIClientSession@@@std@@PAX@std@@AAPAU12@@?$allocator_traits@V?$allocator@U?$_Tree_node@U?$pair@$$CBIPAVIClientSession@@@std@@PAX@std@@@std@@@std@@SAXAAV?$allocator@U?$_Tree_node@U?$pair@$$CBIPAVIClientSession@@@std@@PAX@std@@@1@PAPAU?$_Tree_node@U?$pair@$$CBIPAVIClientSession@@@std@@PAX@1@AAPAU31@@Z 10003120 f i ClientSession.obj
 0001:00002120       ??$construct@PADAAPAD@?$allocator_traits@V?$allocator@D@std@@@std@@SAXAAV?$allocator@D@1@PAPADAAPAD@Z 10003120 f i ClientProtocolImpl.obj
 0001:00002120       ??$construct@PAU?$_List_node@PAVIAccount@@PAX@std@@AAPAU12@@?$allocator_traits@V?$allocator@U?$_List_node@PAVIAccount@@PAX@std@@@std@@@std@@SAXAAV?$allocator@U?$_List_node@PAVIAccount@@PAX@std@@@1@PAPAU?$_List_node@PAVIAccount@@PAX@1@AAPAU31@@Z 10003120 f i ClientSession.obj
 0001:00002120       ??$construct@PAVIAccount@@ABQAV1@@?$allocator_traits@V?$allocator@U?$_List_node@PAVIAccount@@PAX@std@@@std@@@std@@SAXAAV?$allocator@U?$_List_node@PAVIAccount@@PAX@std@@@1@PAPAVIAccount@@ABQAV3@@Z 10003120 f i ClientSession.obj
 0001:00002120       ??$construct@IABI@?$allocator_traits@V?$allocator@U?$_List_node@IPAX@std@@@std@@@std@@SAXAAV?$allocator@U?$_List_node@IPAX@std@@@1@PAIABI@Z 10003120 f i ClientSession.obj
 0001:00002140       ??$destroy@U?$pair@$$CBIPAVIClientSession@@@std@@@?$allocator@U?$_Tree_node@U?$pair@$$CBIPAVIClientSession@@@std@@PAX@std@@@std@@QAEXPAU?$pair@$$CBIPAVIClientSession@@@1@@Z 10003140 f i ClientSession.obj
 0001:00002140       ??$destroy@PAVIAccount@@@?$allocator@U?$_List_node@PAVIAccount@@PAX@std@@@std@@QAEXPAPAVIAccount@@@Z 10003140 f i ClientSession.obj
 0001:00002140       ??$destroy@PAU?$_Tree_node@U?$pair@$$CBIPAVIClientSession@@@std@@PAX@std@@@?$allocator@U?$_Tree_node@U?$pair@$$CBIPAVIClientSession@@@std@@PAX@std@@@std@@QAEXPAPAU?$_Tree_node@U?$pair@$$CBIPAVIClientSession@@@std@@PAX@1@@Z 10003140 f i ClientSession.obj
 0001:00002140       ??$destroy@I@?$allocator@U?$_List_node@IPAX@std@@@std@@QAEXPAI@Z 10003140 f i ClientSession.obj
 0001:00002140       ??$destroy@PAU?$_List_node@IPAX@std@@@?$allocator@U?$_List_node@IPAX@std@@@std@@QAEXPAPAU?$_List_node@IPAX@1@@Z 10003140 f i ClientSession.obj
 0001:00002140       ?_Adopt@_Iterator_base0@std@@QAEXPBX@Z 10003140 f i ClientSession.obj
 0001:00002140       ??$destroy@PAD@?$allocator@D@std@@QAEXPAPAD@Z 10003140 f i ClientProtocolImpl.obj
 0001:00002140       ??$destroy@PAU?$_List_node@PAVIAccount@@PAX@std@@@?$allocator@U?$_List_node@PAVIAccount@@PAX@std@@@std@@QAEXPAPAU?$_List_node@PAVIAccount@@PAX@1@@Z 10003140 f i ClientSession.obj
 0001:00002140       ??$destroy@PAU?$_Tree_node@U?$pair@$$CBV?$basic_string@DU?$char_traits@D@std@@V?$allocator@D@2@@std@@V?$list@IV?$allocator@I@std@@@2@@std@@PAX@std@@@?$allocator@U?$_Tree_node@U?$pair@$$CBV?$basic_string@DU?$char_traits@D@std@@V?$allocator@D@2@@std@@V?$list@IV?$allocator@I@std@@@2@@std@@PAX@std@@@std@@QAEXPAPAU?$_Tree_node@U?$pair@$$CBV?$basic_string@DU?$char_traits@D@std@@V?$allocator@D@2@@std@@V?$list@IV?$allocator@I@std@@@2@@std@@PAX@1@@Z 10003140 f i ClientSession.obj
 0001:00002150       ??$construct@PAU?$_Tree_node@U?$pair@$$CBIPAVIClientSession@@@std@@PAX@std@@AAPAU12@@?$allocator@U?$_Tree_node@U?$pair@$$CBIPAVIClientSession@@@std@@PAX@std@@@std@@QAEXPAPAU?$_Tree_node@U?$pair@$$CBIPAVIClientSession@@@std@@PAX@1@AAPAU21@@Z 10003150 f i ClientSession.obj
 0001:00002150       ??$construct@IABI@?$allocator@U?$_List_node@IPAX@std@@@std@@QAEXPAIABI@Z 10003150 f i ClientSession.obj
 0001:00002150       ??$construct@PADAAPAD@?$allocator@D@std@@QAEXPAPADAAPAD@Z 10003150 f i ClientProtocolImpl.obj
 0001:00002150       ??$construct@PAVIAccount@@ABQAV1@@?$allocator@U?$_List_node@PAVIAccount@@PAX@std@@@std@@QAEXPAPAVIAccount@@ABQAV2@@Z 10003150 f i ClientSession.obj
 0001:00002150       ??$construct@PAU?$_List_node@PAVIAccount@@PAX@std@@AAPAU12@@?$allocator@U?$_List_node@PAVIAccount@@PAX@std@@@std@@QAEXPAPAU?$_List_node@PAVIAccount@@PAX@1@AAPAU21@@Z 10003150 f i ClientSession.obj
 0001:00002150       ??$construct@PAU?$_Tree_node@U?$pair@$$CBV?$basic_string@DU?$char_traits@D@std@@V?$allocator@D@2@@std@@V?$list@IV?$allocator@I@std@@@2@@std@@PAX@std@@AAPAU12@@?$allocator@U?$_Tree_node@U?$pair@$$CBV?$basic_string@DU?$char_traits@D@std@@V?$allocator@D@2@@std@@V?$list@IV?$allocator@I@std@@@2@@std@@PAX@std@@@std@@QAEXPAPAU?$_Tree_node@U?$pair@$$CBV?$basic_string@DU?$char_traits@D@std@@V?$allocator@D@2@@std@@V?$list@IV?$allocator@I@std@@@2@@std@@PAX@1@AAPAU21@@Z 10003150 f i ClientSession.obj
 0001:00002150       ??$construct@II@?$allocator@U?$_List_node@IPAX@std@@@std@@QAEXPAI$$QAI@Z 10003150 f i ClientSession.obj
 0001:00002150       ??$construct@PAU?$_List_node@IPAX@std@@AAPAU12@@?$allocator@U?$_List_node@IPAX@std@@@std@@QAEXPAPAU?$_List_node@IPAX@1@AAPAU21@@Z 10003150 f i ClientSession.obj
 0001:000021a0       ??3@YAXPAX0@Z              100031a0 f i ClientSession.obj
 0001:000021b0       ?compare@?$char_traits@D@std@@SAHPBD0I@Z 100031b0 f i ClientSession.obj
 0001:000021f0       ?_Getcont@_Iterator_base0@std@@QBEPBU_Container_base0@2@XZ 100031f0 f i ClientSession.obj
 0001:00002200       ??$?0U_Exact_args_t@std@@$0A@@?$tuple@$$V@std@@QAE@U_Exact_args_t@1@@Z 10003200 f i ClientSession.obj
 0001:00002200       ??0?$allocator@U?$_List_node@IPAX@std@@@std@@QAE@ABV01@@Z 10003200 f i ClientSession.obj
 0001:00002200       ??0?$allocator@D@std@@QAE@ABV01@@Z 10003200 f i ClientSession.obj
 0001:00002200       ??0?$tuple@$$V@std@@QAE@ABV01@@Z 10003200 f i ClientSession.obj
 0001:00002210       ??1IClientSession@@UAE@XZ  10003210 f i ClientSession.obj
 0001:00002230       ??_GIClientSession@@UAEPAXI@Z 10003230 f i ClientSession.obj
 0001:00002230       ??_EIClientSession@@UAEPAXI@Z 10003230 f i * CIL library *:* CIL module *
 0001:00002260       ??1IClientSessionMgr@@UAE@XZ 10003260 f i ClientSession.obj
 0001:00002280       ??_GIClientSessionMgr@@UAEPAXI@Z 10003280 f i ClientSession.obj
 0001:00002280       ??_EIClientSessionMgr@@UAEPAXI@Z 10003280 f i * CIL library *:* CIL module *
 0001:000022b0       ?GetAccountList@ClientSession@@UAEAAV?$list@PAVIAccount@@V?$allocator@PAVIAccount@@@std@@@std@@XZ 100032b0 f i ClientSession.obj
 0001:000022d0       ??0ClientSession@@QAE@IPADG@Z 100032d0 f   ClientSession.obj
 0001:00002440       ??_EClientSession@@UAEPAXI@Z 10003440 f i * CIL library *:* CIL module *
 0001:00002440       ??_GClientSession@@UAEPAXI@Z 10003440 f i ClientSession.obj
 0001:00002480       ??0IClientSession@@QAE@XZ  10003480 f i ClientSession.obj
 0001:000024a0       ??1ClientSession@@UAE@XZ   100034a0 f   ClientSession.obj
 0001:00002510       ?GetClientId@ClientSession@@UAEIXZ 10003510 f   ClientSession.obj
 0001:00002530       ?GetClientIp@ClientSession@@UAEPADXZ 10003530 f   ClientSession.obj
 0001:00002550       ?GetclientPort@ClientSession@@UAEGXZ 10003550 f   ClientSession.obj
 0001:00002570       ?IsHandShakeDone@ClientSession@@UAE_NXZ 10003570 f   ClientSession.obj
 0001:00002590       ?HandleRecdBuffer@ClientSession@@UAEXPADIPAVIServerProtocolEvents@@0AAH@Z 10003590 f   ClientSession.obj
 0001:000025a0       ?CheckHeartbeat@ClientSession@@UAEHXZ 100035a0 f   ClientSession.obj
 0001:00002620       ?AddAccount@ClientSession@@UAEXPAVIAccount@@@Z 10003620 f   ClientSession.obj
 0001:00002660       ?RemoveAccount@ClientSession@@UAE?AV?$_List_iterator@V?$_List_val@U?$_List_simple_types@PAVIAccount@@@std@@@std@@@std@@PAVIAccount@@AAV23@@Z 10003660 f   ClientSession.obj
 0001:000026c0       ?SetUserName@ClientSession@@UAEXPAD@Z 100036c0 f   ClientSession.obj
 0001:000026e0       ?GetUserNameA@ClientSession@@UAEPBDXZ 100036e0 f   ClientSession.obj
 0001:00002700       ??0ClientSessionMgr@@QAE@PAVIServerProtocol@@@Z 10003700 f   ClientSession.obj
 0001:000027d0       ??_EClientSessionMgr@@UAEPAXI@Z 100037d0 f i * CIL library *:* CIL module *
 0001:000027d0       ??_GClientSessionMgr@@UAEPAXI@Z 100037d0 f i ClientSession.obj
 0001:00002800       ??0IClientSessionMgr@@QAE@XZ 10003800 f i ClientSession.obj
 0001:00002820       ??1?$map@IPAVIClientSession@@U?$less@I@std@@V?$allocator@U?$pair@$$CBIPAVIClientSession@@@std@@@3@@std@@QAE@XZ 10003820 f i ClientSession.obj
 0001:00002840       ??1?$map@V?$basic_string@DU?$char_traits@D@std@@V?$allocator@D@2@@std@@V?$list@IV?$allocator@I@std@@@2@U?$less@V?$basic_string@DU?$char_traits@D@std@@V?$allocator@D@2@@std@@@2@V?$allocator@U?$pair@$$CBV?$basic_string@DU?$char_traits@D@std@@V?$allocator@D@2@@std@@V?$list@IV?$allocator@I@std@@@2@@std@@@2@@std@@QAE@XZ 10003840 f i ClientSession.obj
 0001:00002860       ??1ClientSessionMgr@@UAE@XZ 10003860 f   ClientSession.obj
 0001:00002980       ?UpdateSendTime@ClientSessionMgr@@UAE_NI@Z 10003980 f   ClientSession.obj
 0001:00002a10       ?Add@ClientSessionMgr@@UAEXIPADG@Z 10003a10 f   ClientSession.obj
 0001:00002ae0       ?AcquireSessionLock@ClientSessionMgr@@UAEXXZ 10003ae0 f   ClientSession.obj
 0001:00002b10       ?ReleaseSessionLock@ClientSessionMgr@@UAEXXZ 10003b10 f   ClientSession.obj
 0001:00002b40       ?AddUserName@ClientSessionMgr@@UAEXIV?$basic_string@DU?$char_traits@D@std@@V?$allocator@D@2@@std@@@Z 10003b40 f   ClientSession.obj
 0001:00002cf0       ??1?$pair@$$CBV?$basic_string@DU?$char_traits@D@std@@V?$allocator@D@2@@std@@V?$list@IV?$allocator@I@std@@@2@@std@@QAE@XZ 10003cf0 f i ClientSession.obj
 0001:00002cf0       ??1?$pair@V?$basic_string@DU?$char_traits@D@std@@V?$allocator@D@2@@std@@V?$list@IV?$allocator@I@std@@@2@@std@@QAE@XZ 10003cf0 f i ClientSession.obj
 0001:00002d10       ?Remove@ClientSessionMgr@@UAEXI@Z 10003d10 f   ClientSession.obj
 0001:00002ed0       ?GetClientSessionList@ClientSessionMgr@@UAEPAV?$list@IV?$allocator@I@std@@@std@@V?$basic_string@DU?$char_traits@D@std@@V?$allocator@D@2@@3@@Z 10003ed0 f   ClientSession.obj
 0001:00002f70       ?GetClientSession@ClientSessionMgr@@UAEPAVIClientSession@@I@Z 10003f70 f   ClientSession.obj
 0001:00002ff0       ?DisconnectClient@ClientSessionMgr@@UAEXI@Z 10003ff0 f   ClientSession.obj
 0001:00003020       ?IsShutdown@ClientSessionMgr@@UAE_NXZ 10004020 f   ClientSession.obj
 0001:00003040       ?ConnectionReviewer@ClientSessionMgr@@SAKPAX@Z 10004040 f   ClientSession.obj
 0001:00003050       ?SetGroupID@ClientSession@@UAEXH@Z 10004050 f   ClientSession.obj
 0001:00003070       ?GetGroupID@ClientSession@@UAEHXZ 10004070 f   ClientSession.obj
 0001:00003090       ?WebsocketSend@ClientSession@@UAE_NPAXIPAVSocket@@@Z 10004090 f   ClientSession.obj
 0001:000030b0       ??D?$_Tree_iterator@V?$_Tree_val@U?$_Tree_simple_types@U?$pair@$$CBIPAVIClientSession@@@std@@@std@@@std@@@std@@QBEAAU?$pair@$$CBIPAVIClientSession@@@1@XZ 100040b0 f i ClientSession.obj
 0001:000030b0       ??D?$_Tree_iterator@V?$_Tree_val@U?$_Tree_simple_types@U?$pair@$$CBV?$basic_string@DU?$char_traits@D@std@@V?$allocator@D@2@@std@@V?$list@IV?$allocator@I@std@@@2@@std@@@std@@@std@@@std@@QBEAAU?$pair@$$CBV?$basic_string@DU?$char_traits@D@std@@V?$allocator@D@2@@std@@V?$list@IV?$allocator@I@std@@@2@@1@XZ 100040b0 f i ClientSession.obj
 0001:000030d0       ??9?$_List_const_iterator@V?$_List_val@U?$_List_simple_types@I@std@@@std@@@std@@QBE_NABV01@@Z 100040d0 f i ClientSession.obj
 0001:000030d0       ??9?$_Tree_const_iterator@V?$_Tree_val@U?$_Tree_simple_types@U?$pair@$$CBIPAVIClientSession@@@std@@@std@@@std@@@std@@QBE_NABV01@@Z 100040d0 f i ClientSession.obj
 0001:000030d0       ??9?$_Tree_const_iterator@V?$_Tree_val@U?$_Tree_simple_types@U?$pair@$$CBV?$basic_string@DU?$char_traits@D@std@@V?$allocator@D@2@@std@@V?$list@IV?$allocator@I@std@@@2@@std@@@std@@@std@@@std@@QBE_NABV01@@Z 100040d0 f i ClientSession.obj
 0001:00003110       ?find@?$_Tree@V?$_Tmap_traits@V?$basic_string@DU?$char_traits@D@std@@V?$allocator@D@2@@std@@V?$list@IV?$allocator@I@std@@@2@U?$less@V?$basic_string@DU?$char_traits@D@std@@V?$allocator@D@2@@std@@@2@V?$allocator@U?$pair@$$CBV?$basic_string@DU?$char_traits@D@std@@V?$allocator@D@2@@std@@V?$list@IV?$allocator@I@std@@@2@@std@@@2@$0A@@std@@@std@@QAE?AV?$_Tree_iterator@V?$_Tree_val@U?$_Tree_simple_types@U?$pair@$$CBV?$basic_string@DU?$char_traits@D@std@@V?$allocator@D@2@@std@@V?$list@IV?$allocator@I@std@@@2@@std@@@std@@@std@@@2@ABV?$basic_string@DU?$char_traits@D@std@@V?$allocator@D@2@@2@@Z 10004110 f i ClientSession.obj
 0001:000031b0       ?erase@?$_Tree@V?$_Tmap_traits@V?$basic_string@DU?$char_traits@D@std@@V?$allocator@D@2@@std@@V?$list@IV?$allocator@I@std@@@2@U?$less@V?$basic_string@DU?$char_traits@D@std@@V?$allocator@D@2@@std@@@2@V?$allocator@U?$pair@$$CBV?$basic_string@DU?$char_traits@D@std@@V?$allocator@D@2@@std@@V?$list@IV?$allocator@I@std@@@2@@std@@@2@$0A@@std@@@std@@QAE?AV?$_Tree_iterator@V?$_Tree_val@U?$_Tree_simple_types@U?$pair@$$CBV?$basic_string@DU?$char_traits@D@std@@V?$allocator@D@2@@std@@V?$list@IV?$allocator@I@std@@@2@@std@@@std@@@std@@@2@V?$_Tree_const_iterator@V?$_Tree_val@U?$_Tree_simple_types@U?$pair@$$CBV?$basic_string@DU?$char_traits@D@std@@V?$allocator@D@2@@std@@V?$list@IV?$allocator@I@std@@@2@@std@@@std@@@std@@@2@@Z 100041b0 f i ClientSession.obj
 0001:00003930       ?end@?$_Tree@V?$_Tmap_traits@V?$basic_string@DU?$char_traits@D@std@@V?$allocator@D@2@@std@@V?$list@IV?$allocator@I@std@@@2@U?$less@V?$basic_string@DU?$char_traits@D@std@@V?$allocator@D@2@@std@@@2@V?$allocator@U?$pair@$$CBV?$basic_string@DU?$char_traits@D@std@@V?$allocator@D@2@@std@@V?$list@IV?$allocator@I@std@@@2@@std@@@2@$0A@@std@@@std@@QAE?AV?$_Tree_iterator@V?$_Tree_val@U?$_Tree_simple_types@U?$pair@$$CBV?$basic_string@DU?$char_traits@D@std@@V?$allocator@D@2@@std@@V?$list@IV?$allocator@I@std@@@2@@std@@@std@@@std@@@2@XZ 10004930 f i ClientSession.obj
 0001:00003930       ?end@?$_Tree@V?$_Tmap_traits@IPAVIClientSession@@U?$less@I@std@@V?$allocator@U?$pair@$$CBIPAVIClientSession@@@std@@@3@$0A@@std@@@std@@QAE?AV?$_Tree_iterator@V?$_Tree_val@U?$_Tree_simple_types@U?$pair@$$CBIPAVIClientSession@@@std@@@std@@@std@@@2@XZ 10004930 f i ClientSession.obj
 0001:00003990       ??1?$_Tree@V?$_Tmap_traits@V?$basic_string@DU?$char_traits@D@std@@V?$allocator@D@2@@std@@V?$list@IV?$allocator@I@std@@@2@U?$less@V?$basic_string@DU?$char_traits@D@std@@V?$allocator@D@2@@std@@@2@V?$allocator@U?$pair@$$CBV?$basic_string@DU?$char_traits@D@std@@V?$allocator@D@2@@std@@V?$list@IV?$allocator@I@std@@@2@@std@@@2@$0A@@std@@@std@@QAE@XZ 10004990 f i ClientSession.obj
 0001:000039e0       ??0?$map@V?$basic_string@DU?$char_traits@D@std@@V?$allocator@D@2@@std@@V?$list@IV?$allocator@I@std@@@2@U?$less@V?$basic_string@DU?$char_traits@D@std@@V?$allocator@D@2@@std@@@2@V?$allocator@U?$pair@$$CBV?$basic_string@DU?$char_traits@D@std@@V?$allocator@D@2@@std@@V?$list@IV?$allocator@I@std@@@2@@std@@@2@@std@@QAE@XZ 100049e0 f i ClientSession.obj
 0001:00003a00       ??E?$_Tree_iterator@V?$_Tree_val@U?$_Tree_simple_types@U?$pair@$$CBIPAVIClientSession@@@std@@@std@@@std@@@std@@QAE?AV01@H@Z 10004a00 f i ClientSession.obj
 0001:00003a30       ??C?$_Tree_iterator@V?$_Tree_val@U?$_Tree_simple_types@U?$pair@$$CBIPAVIClientSession@@@std@@@std@@@std@@@std@@QBEPAU?$pair@$$CBIPAVIClientSession@@@1@XZ 10004a30 f i ClientSession.obj
 0001:00003a50       ??0?$_Tree_iterator@V?$_Tree_val@U?$_Tree_simple_types@U?$pair@$$CBIPAVIClientSession@@@std@@@std@@@std@@@std@@QAE@XZ 10004a50 f i ClientSession.obj
 0001:00003a70       ?find@?$_Tree@V?$_Tmap_traits@IPAVIClientSession@@U?$less@I@std@@V?$allocator@U?$pair@$$CBIPAVIClientSession@@@std@@@3@$0A@@std@@@std@@QAE?AV?$_Tree_iterator@V?$_Tree_val@U?$_Tree_simple_types@U?$pair@$$CBIPAVIClientSession@@@std@@@std@@@std@@@2@ABI@Z 10004a70 f i ClientSession.obj
 0001:00003b10       ?clear@?$_Tree@V?$_Tmap_traits@IPAVIClientSession@@U?$less@I@std@@V?$allocator@U?$pair@$$CBIPAVIClientSession@@@std@@@3@$0A@@std@@@std@@QAEXXZ 10004b10 f i ClientSession.obj
 0001:00003bb0       ?erase@?$_Tree@V?$_Tmap_traits@IPAVIClientSession@@U?$less@I@std@@V?$allocator@U?$pair@$$CBIPAVIClientSession@@@std@@@3@$0A@@std@@@std@@QAE?AV?$_Tree_iterator@V?$_Tree_val@U?$_Tree_simple_types@U?$pair@$$CBIPAVIClientSession@@@std@@@std@@@std@@@2@V?$_Tree_const_iterator@V?$_Tree_val@U?$_Tree_simple_types@U?$pair@$$CBIPAVIClientSession@@@std@@@std@@@std@@@2@@Z 10004bb0 f i ClientSession.obj
 0001:00004330       ?begin@?$_Tree@V?$_Tmap_traits@V?$basic_string@DU?$char_traits@D@std@@V?$allocator@D@2@@std@@V?$list@IV?$allocator@I@std@@@2@U?$less@V?$basic_string@DU?$char_traits@D@std@@V?$allocator@D@2@@std@@@2@V?$allocator@U?$pair@$$CBV?$basic_string@DU?$char_traits@D@std@@V?$allocator@D@2@@std@@V?$list@IV?$allocator@I@std@@@2@@std@@@2@$0A@@std@@@std@@QAE?AV?$_Tree_iterator@V?$_Tree_val@U?$_Tree_simple_types@U?$pair@$$CBV?$basic_string@DU?$char_traits@D@std@@V?$allocator@D@2@@std@@V?$list@IV?$allocator@I@std@@@2@@std@@@std@@@std@@@2@XZ 10005330 f i ClientSession.obj
 0001:00004330       ?begin@?$_Tree@V?$_Tmap_traits@IPAVIClientSession@@U?$less@I@std@@V?$allocator@U?$pair@$$CBIPAVIClientSession@@@std@@@3@$0A@@std@@@std@@QAE?AV?$_Tree_iterator@V?$_Tree_val@U?$_Tree_simple_types@U?$pair@$$CBIPAVIClientSession@@@std@@@std@@@std@@@2@XZ 10005330 f i ClientSession.obj
 0001:00004390       ??1?$_Tree@V?$_Tmap_traits@IPAVIClientSession@@U?$less@I@std@@V?$allocator@U?$pair@$$CBIPAVIClientSession@@@std@@@3@$0A@@std@@@std@@QAE@XZ 10005390 f i ClientSession.obj
 0001:000043e0       ??A?$map@IPAVIClientSession@@U?$less@I@std@@V?$allocator@U?$pair@$$CBIPAVIClientSession@@@std@@@3@@std@@QAEAAPAVIClientSession@@ABI@Z 100053e0 f i ClientSession.obj
 0001:00004410       ??0?$map@IPAVIClientSession@@U?$less@I@std@@V?$allocator@U?$pair@$$CBIPAVIClientSession@@@std@@@3@@std@@QAE@XZ 10005410 f i ClientSession.obj
 0001:00004430       ?remove@?$list@IV?$allocator@I@std@@@std@@QAEXABI@Z 10005430 f i ClientSession.obj
 0001:00004520       ?empty@?$list@IV?$allocator@I@std@@@std@@QBE_NXZ 10005520 f i ClientSession.obj
 0001:00004550       ??1?$list@IV?$allocator@I@std@@@std@@QAE@XZ 10005550 f i ClientSession.obj
 0001:00004550       ??1?$list@PAVIAccount@@V?$allocator@PAVIAccount@@@std@@@std@@QAE@XZ 10005550 f i ClientSession.obj
 0001:000045a0       ?push_back@?$list@IV?$allocator@I@std@@@std@@QAEX$$QAI@Z 100055a0 f i ClientSession.obj
 0001:000045e0       ??0?$list@IV?$allocator@I@std@@@std@@QAE@XZ 100055e0 f i ClientSession.obj
 0001:000045e0       ??0?$list@PAVIAccount@@V?$allocator@PAVIAccount@@@std@@@std@@QAE@XZ 100055e0 f i ClientSession.obj
 0001:00004600       ?erase@?$list@IV?$allocator@I@std@@@std@@QAE?AV?$_List_iterator@V?$_List_val@U?$_List_simple_types@I@std@@@std@@@2@V?$_List_const_iterator@V?$_List_val@U?$_List_simple_types@I@std@@@std@@@2@@Z 10005600 f i ClientSession.obj
 0001:00004600       ?erase@?$list@PAVIAccount@@V?$allocator@PAVIAccount@@@std@@@std@@QAE?AV?$_List_iterator@V?$_List_val@U?$_List_simple_types@PAVIAccount@@@std@@@std@@@2@V?$_List_const_iterator@V?$_List_val@U?$_List_simple_types@PAVIAccount@@@std@@@std@@@2@@Z 10005600 f i ClientSession.obj
 0001:00004650       ?push_back@?$list@PAVIAccount@@V?$allocator@PAVIAccount@@@std@@@std@@QAEXABQAVIAccount@@@Z 10005650 f i ClientSession.obj
 0001:00004680       ?compare@?$basic_string@DU?$char_traits@D@std@@V?$allocator@D@2@@std@@QBEHABV12@@Z 10005680 f i ClientSession.obj
 0001:000046f0       ?c_str@?$basic_string@DU?$char_traits@D@std@@V?$allocator@D@2@@std@@QBEPBDXZ 100056f0 f i ClientSession.obj
 0001:00004730       ??4?$basic_string@DU?$char_traits@D@std@@V?$allocator@D@2@@std@@QAEAAV01@PBD@Z 10005730 f i ClientSession.obj
 0001:00004750       ??0?$basic_string@DU?$char_traits@D@std@@V?$allocator@D@2@@std@@QAE@XZ 10005750 f i ClientSession.obj
 0001:000047a0       ??0?$basic_string@DU?$char_traits@D@std@@V?$allocator@D@2@@std@@QAE@ABV01@@Z 100057a0 f i ClientSession.obj
 0001:00004830       ??1?$_List_buy@IV?$allocator@I@std@@@std@@QAE@XZ 10005830 f i ClientSession.obj
 0001:00004830       ??1?$_List_buy@PAVIAccount@@V?$allocator@PAVIAccount@@@std@@@std@@QAE@XZ 10005830 f i ClientSession.obj
 0001:00004850       ?pointer_to@?$pointer_traits@PAU?$pair@$$CBIPAVIClientSession@@@std@@@std@@SAPAU?$pair@$$CBIPAVIClientSession@@@2@AAU32@@Z 10005850 f i ClientSession.obj
 0001:00004850       ?_Left@?$_Tree_comp_alloc@V?$_Tmap_traits@IPAVIClientSession@@U?$less@I@std@@V?$allocator@U?$pair@$$CBIPAVIClientSession@@@std@@@3@$0A@@std@@@std@@SAAAPAU?$_Tree_node@U?$pair@$$CBIPAVIClientSession@@@std@@PAX@2@PAU32@@Z 10005850 f i ClientSession.obj
 0001:00004850       ?_Nextnode@?$_List_alloc@U?$_List_base_types@IV?$allocator@I@std@@@std@@@std@@SAAAPAU?$_List_node@IPAX@2@PAU32@@Z 10005850 f i ClientSession.obj
 0001:00004850       ?_Nextnode@?$_List_alloc@U?$_List_base_types@PAVIAccount@@V?$allocator@PAVIAccount@@@std@@@std@@@std@@SAAAPAU?$_List_node@PAVIAccount@@PAX@2@PAU32@@Z 10005850 f i ClientSession.obj
 0001:00004850       ?_Left@?$_Tree_comp_alloc@V?$_Tmap_traits@V?$basic_string@DU?$char_traits@D@std@@V?$allocator@D@2@@std@@V?$list@IV?$allocator@I@std@@@2@U?$less@V?$basic_string@DU?$char_traits@D@std@@V?$allocator@D@2@@std@@@2@V?$allocator@U?$pair@$$CBV?$basic_string@DU?$char_traits@D@std@@V?$allocator@D@2@@std@@V?$list@IV?$allocator@I@std@@@2@@std@@@2@$0A@@std@@@std@@SAAAPAU?$_Tree_node@U?$pair@$$CBV?$basic_string@DU?$char_traits@D@std@@V?$allocator@D@2@@std@@V?$list@IV?$allocator@I@std@@@2@@std@@PAX@2@PAU32@@Z 10005850 f i ClientSession.obj
 0001:00004870       ??E?$_List_iterator@V?$_List_val@U?$_List_simple_types@I@std@@@std@@@std@@QAE?AV01@H@Z 10005870 f i ClientSession.obj
 0001:000048a0       ??E?$_List_iterator@V?$_List_val@U?$_List_simple_types@I@std@@@std@@@std@@QAEAAV01@XZ 100058a0 f i ClientSession.obj
 0001:000048c0       ??D?$_List_iterator@V?$_List_val@U?$_List_simple_types@I@std@@@std@@@std@@QBEAAIXZ 100058c0 f i ClientSession.obj
 0001:000048e0       ?_Mysize@?$_List_alloc@U?$_List_base_types@IV?$allocator@I@std@@@std@@@std@@QBEABIXZ 100058e0 f i ClientSession.obj
 0001:000048e0       ?_Mysize@?$_List_alloc@U?$_List_base_types@PAVIAccount@@V?$allocator@PAVIAccount@@@std@@@std@@@std@@QAEAAIXZ 100058e0 f i ClientSession.obj
 0001:000048e0       ?_Mysize@?$_List_alloc@U?$_List_base_types@IV?$allocator@I@std@@@std@@@std@@QAEAAIXZ 100058e0 f i ClientSession.obj
 0001:00004900       ??1?$_List_alloc@U?$_List_base_types@PAVIAccount@@V?$allocator@PAVIAccount@@@std@@@std@@@std@@QAE@XZ 10005900 f i ClientSession.obj
 0001:00004900       ??1?$_List_alloc@U?$_List_base_types@IV?$allocator@I@std@@@std@@@std@@QAE@XZ 10005900 f i ClientSession.obj
 0001:00004950       ??0?$_List_buy@IV?$allocator@I@std@@@std@@QAE@XZ 10005950 f i ClientSession.obj
 0001:00004950       ??0?$_List_buy@PAVIAccount@@V?$allocator@PAVIAccount@@@std@@@std@@QAE@XZ 10005950 f i ClientSession.obj
 0001:00004970       ?_Mynode@?$_List_unchecked_const_iterator@V?$_List_val@U?$_List_simple_types@PAVIAccount@@@std@@@std@@U_Iterator_base0@2@@std@@QBEPAU?$_List_node@PAVIAccount@@PAX@2@XZ 10005970 f i ClientSession.obj
 0001:00004970       ?_Mynode@?$_Tree_unchecked_const_iterator@V?$_Tree_val@U?$_Tree_simple_types@U?$pair@$$CBIPAVIClientSession@@@std@@@std@@@std@@U_Iterator_base0@2@@std@@QBEPAU?$_Tree_node@U?$pair@$$CBIPAVIClientSession@@@std@@PAX@2@XZ 10005970 f i ClientSession.obj
 0001:00004970       ?_Mynode@?$_List_unchecked_const_iterator@V?$_List_val@U?$_List_simple_types@I@std@@@std@@U_Iterator_base0@2@@std@@QBEPAU?$_List_node@IPAX@2@XZ 10005970 f i ClientSession.obj
 0001:00004970       ?_Mynode@?$_Tree_unchecked_const_iterator@V?$_Tree_val@U?$_Tree_simple_types@U?$pair@$$CBV?$basic_string@DU?$char_traits@D@std@@V?$allocator@D@2@@std@@V?$list@IV?$allocator@I@std@@@2@@std@@@std@@@std@@U_Iterator_base0@2@@std@@QBEPAU?$_Tree_node@U?$pair@$$CBV?$basic_string@DU?$char_traits@D@std@@V?$allocator@D@2@@std@@V?$list@IV?$allocator@I@std@@@2@@std@@PAX@2@XZ 10005970 f i ClientSession.obj
 0001:00004980       ??0?$_Tree_iterator@V?$_Tree_val@U?$_Tree_simple_types@U?$pair@$$CBIPAVIClientSession@@@std@@@std@@@std@@@std@@QAE@PAU?$_Tree_node@U?$pair@$$CBIPAVIClientSession@@@std@@PAX@1@PBV?$_Tree_val@U?$_Tree_simple_types@U?$pair@$$CBIPAVIClientSession@@@std@@@std@@@1@@Z 10005980 f i ClientSession.obj
 0001:00004980       ??0?$_List_iterator@V?$_List_val@U?$_List_simple_types@PAVIAccount@@@std@@@std@@@std@@QAE@PAU?$_List_node@PAVIAccount@@PAX@1@PBV?$_List_val@U?$_List_simple_types@PAVIAccount@@@std@@@1@@Z 10005980 f i ClientSession.obj
 0001:00004980       ??0?$_Tree_iterator@V?$_Tree_val@U?$_Tree_simple_types@U?$pair@$$CBV?$basic_string@DU?$char_traits@D@std@@V?$allocator@D@2@@std@@V?$list@IV?$allocator@I@std@@@2@@std@@@std@@@std@@@std@@QAE@PAU?$_Tree_node@U?$pair@$$CBV?$basic_string@DU?$char_traits@D@std@@V?$allocator@D@2@@std@@V?$list@IV?$allocator@I@std@@@2@@std@@PAX@1@PBV?$_Tree_val@U?$_Tree_simple_types@U?$pair@$$CBV?$basic_string@DU?$char_traits@D@std@@V?$allocator@D@2@@std@@V?$list@IV?$allocator@I@std@@@2@@std@@@std@@@1@@Z 10005980 f i ClientSession.obj
 0001:00004980       ??0?$_List_iterator@V?$_List_val@U?$_List_simple_types@I@std@@@std@@@std@@QAE@PAU?$_List_node@IPAX@1@PBV?$_List_val@U?$_List_simple_types@I@std@@@1@@Z 10005980 f i ClientSession.obj
 0001:000049a0       ??8?$_Tree_const_iterator@V?$_Tree_val@U?$_Tree_simple_types@U?$pair@$$CBV?$basic_string@DU?$char_traits@D@std@@V?$allocator@D@2@@std@@V?$list@IV?$allocator@I@std@@@2@@std@@@std@@@std@@@std@@QBE_NABV01@@Z 100059a0 f i ClientSession.obj
 0001:000049a0       ??8?$_List_const_iterator@V?$_List_val@U?$_List_simple_types@I@std@@@std@@@std@@QBE_NABV01@@Z 100059a0 f i ClientSession.obj
 0001:000049a0       ??8?$_Tree_const_iterator@V?$_Tree_val@U?$_Tree_simple_types@U?$pair@$$CBIPAVIClientSession@@@std@@@std@@@std@@@std@@QBE_NABV01@@Z 100059a0 f i ClientSession.obj
 0001:000049d0       ??E?$_Tree_const_iterator@V?$_Tree_val@U?$_Tree_simple_types@U?$pair@$$CBIPAVIClientSession@@@std@@@std@@@std@@@std@@QAEAAV01@XZ 100059d0 f i ClientSession.obj
 0001:000049d0       ??E?$_Tree_const_iterator@V?$_Tree_val@U?$_Tree_simple_types@U?$pair@$$CBV?$basic_string@DU?$char_traits@D@std@@V?$allocator@D@2@@std@@V?$list@IV?$allocator@I@std@@@2@@std@@@std@@@std@@@std@@QAEAAV01@XZ 100059d0 f i ClientSession.obj
 0001:000049f0       ??D?$_Tree_const_iterator@V?$_Tree_val@U?$_Tree_simple_types@U?$pair@$$CBIPAVIClientSession@@@std@@@std@@@std@@@std@@QBEABU?$pair@$$CBIPAVIClientSession@@@1@XZ 100059f0 f i ClientSession.obj
 0001:000049f0       ??D?$_Tree_const_iterator@V?$_Tree_val@U?$_Tree_simple_types@U?$pair@$$CBV?$basic_string@DU?$char_traits@D@std@@V?$allocator@D@2@@std@@V?$list@IV?$allocator@I@std@@@2@@std@@@std@@@std@@@std@@QBEABU?$pair@$$CBV?$basic_string@DU?$char_traits@D@std@@V?$allocator@D@2@@std@@V?$list@IV?$allocator@I@std@@@2@@1@XZ 100059f0 f i ClientSession.obj
 0001:00004a10       ?deallocate@?$_Wrap_alloc@V?$allocator@U?$_Tree_node@U?$pair@$$CBV?$basic_string@DU?$char_traits@D@std@@V?$allocator@D@2@@std@@V?$list@IV?$allocator@I@std@@@2@@std@@PAX@std@@@std@@@std@@QAEXPAU?$_Tree_node@U?$pair@$$CBV?$basic_string@DU?$char_traits@D@std@@V?$allocator@D@2@@std@@V?$list@IV?$allocator@I@std@@@2@@std@@PAX@2@I@Z 10005a10 f i ClientSession.obj
 0001:00004a30       ?_Mysize@?$_Tree_comp_alloc@V?$_Tmap_traits@V?$basic_string@DU?$char_traits@D@std@@V?$allocator@D@2@@std@@V?$list@IV?$allocator@I@std@@@2@U?$less@V?$basic_string@DU?$char_traits@D@std@@V?$allocator@D@2@@std@@@2@V?$allocator@U?$pair@$$CBV?$basic_string@DU?$char_traits@D@std@@V?$allocator@D@2@@std@@V?$list@IV?$allocator@I@std@@@2@@std@@@2@$0A@@std@@@std@@QAEAAIXZ 10005a30 f i ClientSession.obj
 0001:00004a30       ?_Mysize@?$_Tree_comp_alloc@V?$_Tmap_traits@IPAVIClientSession@@U?$less@I@std@@V?$allocator@U?$pair@$$CBIPAVIClientSession@@@std@@@3@$0A@@std@@@std@@QBEABIXZ 10005a30 f i ClientSession.obj
 0001:00004a30       ?_Mysize@?$_Tree_comp_alloc@V?$_Tmap_traits@IPAVIClientSession@@U?$less@I@std@@V?$allocator@U?$pair@$$CBIPAVIClientSession@@@std@@@3@$0A@@std@@@std@@QAEAAIXZ 10005a30 f i ClientSession.obj
 0001:00004a50       ?_Myhead@?$_Tree_comp_alloc@V?$_Tmap_traits@V?$basic_string@DU?$char_traits@D@std@@V?$allocator@D@2@@std@@V?$list@IV?$allocator@I@std@@@2@U?$less@V?$basic_string@DU?$char_traits@D@std@@V?$allocator@D@2@@std@@@2@V?$allocator@U?$pair@$$CBV?$basic_string@DU?$char_traits@D@std@@V?$allocator@D@2@@std@@V?$list@IV?$allocator@I@std@@@2@@std@@@2@$0A@@std@@@std@@QBEABQAU?$_Tree_node@U?$pair@$$CBV?$basic_string@DU?$char_traits@D@std@@V?$allocator@D@2@@std@@V?$list@IV?$allocator@I@std@@@2@@std@@PAX@2@XZ 10005a50 f i ClientSession.obj
 0001:00004a50       ?_Myhead@?$_Tree_comp_alloc@V?$_Tmap_traits@IPAVIClientSession@@U?$less@I@std@@V?$allocator@U?$pair@$$CBIPAVIClientSession@@@std@@@3@$0A@@std@@@std@@QBEABQAU?$_Tree_node@U?$pair@$$CBIPAVIClientSession@@@std@@PAX@2@XZ 10005a50 f i ClientSession.obj
 0001:00004a50       ?_Myhead@?$_Tree_comp_alloc@V?$_Tmap_traits@V?$basic_string@DU?$char_traits@D@std@@V?$allocator@D@2@@std@@V?$list@IV?$allocator@I@std@@@2@U?$less@V?$basic_string@DU?$char_traits@D@std@@V?$allocator@D@2@@std@@@2@V?$allocator@U?$pair@$$CBV?$basic_string@DU?$char_traits@D@std@@V?$allocator@D@2@@std@@V?$list@IV?$allocator@I@std@@@2@@std@@@2@$0A@@std@@@std@@QAEAAPAU?$_Tree_node@U?$pair@$$CBV?$basic_string@DU?$char_traits@D@std@@V?$allocator@D@2@@std@@V?$list@IV?$allocator@I@std@@@2@@std@@PAX@2@XZ 10005a50 f i ClientSession.obj
 0001:00004a50       ?_Myhead@?$_Tree_comp_alloc@V?$_Tmap_traits@IPAVIClientSession@@U?$less@I@std@@V?$allocator@U?$pair@$$CBIPAVIClientSession@@@std@@@3@$0A@@std@@@std@@QAEAAPAU?$_Tree_node@U?$pair@$$CBIPAVIClientSession@@@std@@PAX@2@XZ 10005a50 f i ClientSession.obj
 0001:00004a70       ?_Getal@?$_Tree_comp_alloc@V?$_Tmap_traits@V?$basic_string@DU?$char_traits@D@std@@V?$allocator@D@2@@std@@V?$list@IV?$allocator@I@std@@@2@U?$less@V?$basic_string@DU?$char_traits@D@std@@V?$allocator@D@2@@std@@@2@V?$allocator@U?$pair@$$CBV?$basic_string@DU?$char_traits@D@std@@V?$allocator@D@2@@std@@V?$list@IV?$allocator@I@std@@@2@@std@@@2@$0A@@std@@@std@@QBEABU?$_Wrap_alloc@V?$allocator@U?$_Tree_node@U?$pair@$$CBV?$basic_string@DU?$char_traits@D@std@@V?$allocator@D@2@@std@@V?$list@IV?$allocator@I@std@@@2@@std@@PAX@std@@@std@@@2@XZ 10005a70 f i ClientSession.obj
 0001:00004a70       ?_Get_data@?$_Tree_comp_alloc@V?$_Tmap_traits@V?$basic_string@DU?$char_traits@D@std@@V?$allocator@D@2@@std@@V?$list@IV?$allocator@I@std@@@2@U?$less@V?$basic_string@DU?$char_traits@D@std@@V?$allocator@D@2@@std@@@2@V?$allocator@U?$pair@$$CBV?$basic_string@DU?$char_traits@D@std@@V?$allocator@D@2@@std@@V?$list@IV?$allocator@I@std@@@2@@std@@@2@$0A@@std@@@std@@QAEAAV?$_Tree_val@U?$_Tree_simple_types@U?$pair@$$CBV?$basic_string@DU?$char_traits@D@std@@V?$allocator@D@2@@std@@V?$list@IV?$allocator@I@std@@@2@@std@@@std@@@2@XZ 10005a70 f i ClientSession.obj
 0001:00004a70       ?_Get_data@?$_Tree_comp_alloc@V?$_Tmap_traits@IPAVIClientSession@@U?$less@I@std@@V?$allocator@U?$pair@$$CBIPAVIClientSession@@@std@@@3@$0A@@std@@@std@@QAEAAV?$_Tree_val@U?$_Tree_simple_types@U?$pair@$$CBIPAVIClientSession@@@std@@@std@@@2@XZ 10005a70 f i ClientSession.obj
 0001:00004a70       ?_Getal@?$_Tree_comp_alloc@V?$_Tmap_traits@V?$basic_string@DU?$char_traits@D@std@@V?$allocator@D@2@@std@@V?$list@IV?$allocator@I@std@@@2@U?$less@V?$basic_string@DU?$char_traits@D@std@@V?$allocator@D@2@@std@@@2@V?$allocator@U?$pair@$$CBV?$basic_string@DU?$char_traits@D@std@@V?$allocator@D@2@@std@@V?$list@IV?$allocator@I@std@@@2@@std@@@2@$0A@@std@@@std@@QAEAAU?$_Wrap_alloc@V?$allocator@U?$_Tree_node@U?$pair@$$CBV?$basic_string@DU?$char_traits@D@std@@V?$allocator@D@2@@std@@V?$list@IV?$allocator@I@std@@@2@@std@@PAX@std@@@std@@@2@XZ 10005a70 f i ClientSession.obj
[...]
 0002:00001c24       __tryblocktable$??$_Insert_nohint@AAU?$pair@$$CBV?$basic_string@DU?$char_traits@D@std@@V?$allocator@D@2@@std@@V?$list@IV?$allocator@I@std@@@2@@std@@PAU?$_Tree_node@U?$pair@$$CBV?$basic_string@DU?$char_traits@D@std@@V?$allocator@D@2@@std@@V?$list@IV?$allocator@I@std@@@2@@std@@PAX@2@@?$_Tree@V?$_Tmap_traits@V?$basic_string@DU?$char_traits@D@std@@V?$allocator@D@2@@std@@V?$list@IV?$allocator@I@std@@@2@U?$less@V?$basic_string@DU?$char_traits@D@std@@V?$allocator@D@2@@std@@@2@V?$allocator@U?$pair@$$CBV?$basic_string@DU?$char_traits@D@std@@V?$allocator@D@2@@std@@V?$list@IV?$allocator@I@std@@@2@@std@@@2@$0A@@std@@@std@@IAE?AU?$pair@V?$_Tree_iterator@V?$_Tree_val@U?$_Tree_simple_types@U?$pair@$$CBV?$basic_string@DU?$char_traits@D@std@@V?$allocator@D@2@@std@@V?$list@IV?$allocator@I@std@@@2@@std@@@std@@@std@@@std@@_N@1@_NAAU?$pair@$$CBV?$basic_string@DU?$char_traits@D@std@@V?$allocator@D@2@@std@@V?$list@IV?$allocator@I@std@@@2@@1@PAU?$_Tree_node@U?$pair@$$CBV?$basic_string@DU?$char_traits@D@std@@V?$allocator@D@2@@std@@V?$list@IV?$allocator@I@std@@@2@@std@@PAX@1@@Z 1000ec24     ClientSession.obj
 0002:00001c38       __catchsym$??$_Insert_nohint@AAU?$pair@$$CBV?$basic_string@DU?$char_traits@D@std@@V?$allocator@D@2@@std@@V?$list@IV?$allocator@I@std@@@2@@std@@PAU?$_Tree_node@U?$pair@$$CBV?$basic_string@DU?$char_traits@D@std@@V?$allocator@D@2@@std@@V?$list@IV?$allocator@I@std@@@2@@std@@PAX@2@@?$_Tree@V?$_Tmap_traits@V?$basic_string@DU?$char_traits@D@std@@V?$allocator@D@2@@std@@V?$list@IV?$allocator@I@std@@@2@U?$less@V?$basic_string@DU?$char_traits@D@std@@V?$allocator@D@2@@std@@@2@V?$allocator@U?$pair@$$CBV?$basic_string@DU?$char_traits@D@std@@V?$allocator@D@2@@std@@V?$list@IV?$allocator@I@std@@@2@@std@@@2@$0A@@std@@@std@@IAE?AU?$pair@V?$_Tree_iterator@V?$_Tree_val@U?$_Tree_simple_types@U?$pair@$$CBV?$basic_string@DU?$char_traits@D@std@@V?$allocator@D@2@@std@@V?$list@IV?$allocator@I@std@@@2@@std@@@std@@@std@@@std@@_N@1@_NAAU?$pair@$$CBV?$basic_string@DU?$char_traits@D@std@@V?$allocator@D@2@@std@@V?$list@IV?$allocator@I@std@@@2@@1@PAU?$_Tree_node@U?$pair@$$CBV?$basic_string@DU?$char_traits@D@std@@V?$allocator@D@2@@std@@V?$list@IV?$allocator@I@std@@@2@@std@@PAX@1@@Z$2 1000ec38     ClientSession.obj
 0002:00001c48       __ehfuncinfo$??$_Insert_range@V?$_List_const_iterator@V?$_List_val@U?$_List_simple_types@I@std@@@std@@@std@@@?$list@IV?$allocator@I@std@@@std@@QAEXV?$_List_unchecked_const_iterator@V?$_List_val@U?$_List_simple_types@I@std@@@std@@U_Iterator_base0@2@@1@V?$_List_const_iterator@V?$_List_val@U?$_List_simple_types@I@std@@@std@@@1@1Uforward_iterator_tag@1@@Z 1000ec48     ClientSession.obj
 0002:00001c6c       __unwindtable$??$_Insert_range@V?$_List_const_iterator@V?$_List_val@U?$_List_simple_types@I@std@@@std@@@std@@@?$list@IV?$allocator@I@std@@@std@@QAEXV?$_List_unchecked_const_iterator@V?$_List_val@U?$_List_simple_types@I@std@@@std@@U_Iterator_base0@2@@1@V?$_List_const_iterator@V?$_List_val@U?$_List_simple_types@I@std@@@std@@@1@1Uforward_iterator_tag@1@@Z 1000ec6c     ClientSession.obj
 0002:00001c7c       __tryblocktable$??$_Insert_range@V?$_List_const_iterator@V?$_List_val@U?$_List_simple_types@I@std@@@std@@@std@@@?$list@IV?$allocator@I@std@@@std@@QAEXV?$_List_unchecked_const_iterator@V?$_List_val@U?$_List_simple_types@I@std@@@std@@U_Iterator_base0@2@@1@V?$_List_const_iterator@V?$_List_val@U?$_List_simple_types@I@std@@@std@@@1@1Uforward_iterator_tag@1@@Z 1000ec7c     ClientSession.obj
 0002:00001c90       __catchsym$??$_Insert_range@V?$_List_const_iterator@V?$_List_val@U?$_List_simple_types@I@std@@@std@@@std@@@?$list@IV?$allocator@I@std@@@std@@QAEXV?$_List_unchecked_const_iterator@V?$_List_val@U?$_List_simple_types@I@std@@@std@@U_Iterator_base0@2@@1@V?$_List_const_iterator@V?$_List_val@U?$_List_simple_types@I@std@@@std@@@1@1Uforward_iterator_tag@1@@Z$2 1000ec90     ClientSession.obj
 0002:00001ca0       __ehfuncinfo$?_Buynode0@?$_Tree_comp_alloc@V?$_Tmap_traits@V?$basic_string@DU?$char_traits@D@std@@V?$allocator@D@2@@std@@V?$list@IV?$allocator@I@std@@@2@U?$less@V?$basic_string@DU?$char_traits@D@std@@V?$allocator@D@2@@std@@@2@V?$allocator@U?$pair@$$CBV?$basic_string@DU?$char_traits@D@std@@V?$allocator@D@2@@std@@V?$list@IV?$allocator@I@std@@@2@@std@@@2@$0A@@std@@@std@@QAEPAU?$_Tree_node@U?$pair@$$CBV?$basic_string@DU?$char_traits@D@std@@V?$allocator@D@2@@std@@V?$list@IV?$allocator@I@std@@@2@@std@@PAX@2@XZ 1000eca0     ClientSession.obj
 0002:00001cc4       __unwindtable$?_Buynode0@?$_Tree_comp_alloc@V?$_Tmap_traits@V?$basic_string@DU?$char_traits@D@std@@V?$allocator@D@2@@std@@V?$list@IV?$allocator@I@std@@@2@U?$less@V?$basic_string@DU?$char_traits@D@std@@V?$allocator@D@2@@std@@@2@V?$allocator@U?$pair@$$CBV?$basic_string@DU?$char_traits@D@std@@V?$allocator@D@2@@std@@V?$list@IV?$allocator@I@std@@@2@@std@@@2@$0A@@std@@@std@@QAEPAU?$_Tree_node@U?$pair@$$CBV?$basic_string@DU?$char_traits@D@std@@V?$allocator@D@2@@std@@V?$list@IV?$allocator@I@std@@@2@@std@@PAX@2@XZ 1000ecc4     ClientSession.obj
 0002:00001cd4       __tryblocktable$?_Buynode0@?$_Tree_comp_alloc@V?$_Tmap_traits@V?$basic_string@DU?$char_traits@D@std@@V?$allocator@D@2@@std@@V?$list@IV?$allocator@I@std@@@2@U?$less@V?$basic_string@DU?$char_traits@D@std@@V?$allocator@D@2@@std@@@2@V?$allocator@U?$pair@$$CBV?$basic_string@DU?$char_traits@D@std@@V?$allocator@D@2@@std@@V?$list@IV?$allocator@I@std@@@2@@std@@@2@$0A@@std@@@std@@QAEPAU?$_Tree_node@U?$pair@$$CBV?$basic_string@DU?$char_traits@D@std@@V?$allocator@D@2@@std@@V?$list@IV?$allocator@I@std@@@2@@std@@PAX@2@XZ 1000ecd4     ClientSession.obj
 0002:00001ce8       __catchsym$?_Buynode0@?$_Tree_comp_alloc@V?$_Tmap_traits@V?$basic_string@DU?$char_traits@D@std@@V?$allocator@D@2@@std@@V?$list@IV?$allocator@I@std@@@2@U?$less@V?$basic_string@DU?$char_traits@D@std@@V?$allocator@D@2@@std@@@2@V?$allocator@U?$pair@$$CBV?$basic_string@DU?$char_traits@D@std@@V?$allocator@D@2@@std@@V?$list@IV?$allocator@I@std@@@2@@std@@@2@$0A@@std@@@std@@QAEPAU?$_Tree_node@U?$pair@$$CBV?$basic_string@DU?$char_traits@D@std@@V?$allocator@D@2@@std@@V?$list@IV?$allocator@I@std@@@2@@std@@PAX@2@XZ$2 1000ece8     ClientSession.obj
 0002:00001cf8       __ehfuncinfo$?_Buynode0@?$_Tree_comp_alloc@V?$_Tmap_traits@IPAVIClientSession@@U?$less@I@std@@V?$allocator@U?$pair@$$CBIPAVIClientSession@@@std@@@3@$0A@@std@@@std@@QAEPAU?$_Tree_node@U?$pair@$$CBIPAVIClientSession@@@std@@PAX@2@XZ 1000ecf8     ClientSession.obj
 0002:00001d1c       __unwindtable$?_Buynode0@?$_Tree_comp_alloc@V?$_Tmap_traits@IPAVIClientSession@@U?$less@I@std@@V?$allocator@U?$pair@$$CBIPAVIClientSession@@@std@@@3@$0A@@std@@@std@@QAEPAU?$_Tree_node@U?$pair@$$CBIPAVIClientSession@@@std@@PAX@2@XZ 1000ed1c     ClientSession.obj
 0002:00001d2c       __tryblocktable$?_Buynode0@?$_Tree_comp_alloc@V?$_Tmap_traits@IPAVIClientSession@@U?$less@I@std@@V?$allocator@U?$pair@$$CBIPAVIClientSession@@@std@@@3@$0A@@std@@@std@@QAEPAU?$_Tree_node@U?$pair@$$CBIPAVIClientSession@@@std@@PAX@2@XZ 1000ed2c     ClientSession.obj
 0002:00001d40       __catchsym$?_Buynode0@?$_Tree_comp_alloc@V?$_Tmap_traits@IPAVIClientSession@@U?$less@I@std@@V?$allocator@U?$pair@$$CBIPAVIClientSession@@@std@@@3@$0A@@std@@@std@@QAEPAU?$_Tree_node@U?$pair@$$CBIPAVIClientSession@@@std@@PAX@2@XZ$2 1000ed40     ClientSession.obj
 0002:00001d50       __ehfuncinfo$??$_Buynode@ABUpiecewise_construct_t@std@@V?$tuple@ABI@2@V?$tuple@$$V@2@@?$_Tree_comp_alloc@V?$_Tmap_traits@IPAVIClientSession@@U?$less@I@std@@V?$allocator@U?$pair@$$CBIPAVIClientSession@@@std@@@3@$0A@@std@@@std@@QAEPAU?$_Tree_node@U?$pair@$$CBIPAVIClientSession@@@std@@PAX@1@ABUpiecewise_construct_t@1@$$QAV?$tuple@ABI@1@$$QAV?$tuple@$$V@1@@Z 1000ed50     ClientSession.obj
 0002:00001d74       __unwindtable$??$_Buynode@ABUpiecewise_construct_t@std@@V?$tuple@ABI@2@V?$tuple@$$V@2@@?$_Tree_comp_alloc@V?$_Tmap_traits@IPAVIClientSession@@U?$less@I@std@@V?$allocator@U?$pair@$$CBIPAVIClientSession@@@std@@@3@$0A@@std@@@std@@QAEPAU?$_Tree_node@U?$pair@$$CBIPAVIClientSession@@@std@@PAX@1@ABUpiecewise_construct_t@1@$$QAV?$tuple@ABI@1@$$QAV?$tuple@$$V@1@@Z 1000ed74     ClientSession.obj
 0002:00001d84       __tryblocktable$??$_Buynode@ABUpiecewise_construct_t@std@@V?$tuple@ABI@2@V?$tuple@$$V@2@@?$_Tree_comp_alloc@V?$_Tmap_traits@IPAVIClientSession@@U?$less@I@std@@V?$allocator@U?$pair@$$CBIPAVIClientSession@@@std@@@3@$0A@@std@@@std@@QAEPAU?$_Tree_node@U?$pair@$$CBIPAVIClientSession@@@std@@PAX@1@ABUpiecewise_construct_t@1@$$QAV?$tuple@ABI@1@$$QAV?$tuple@$$V@1@@Z 1000ed84     ClientSession.obj
 0002:00001d98       __catchsym$??$_Buynode@ABUpiecewise_construct_t@std@@V?$tuple@ABI@2@V?$tuple@$$V@2@@?$_Tree_comp_alloc@V?$_Tmap_traits@IPAVIClientSession@@U?$less@I@std@@V?$allocator@U?$pair@$$CBIPAVIClientSession@@@std@@@3@$0A@@std@@@std@@QAEPAU?$_Tree_node@U?$pair@$$CBIPAVIClientSession@@@std@@PAX@1@ABUpiecewise_construct_t@1@$$QAV?$tuple@ABI@1@$$QAV?$tuple@$$V@1@@Z$2 1000ed98     ClientSession.obj
 0002:00001da8       __ehfuncinfo$??$_Insert_hint@AAU?$pair@$$CBIPAVIClientSession@@@std@@PAU?$_Tree_node@U?$pair@$$CBIPAVIClientSession@@@std@@PAX@2@@?$_Tree@V?$_Tmap_traits@IPAVIClientSession@@U?$less@I@std@@V?$allocator@U?$pair@$$CBIPAVIClientSession@@@std@@@3@$0A@@std@@@std@@IAE?AV?$_Tree_iterator@V?$_Tree_val@U?$_Tree_simple_types@U?$pair@$$CBIPAVIClientSession@@@std@@@std@@@std@@@1@V?$_Tree_const_iterator@V?$_Tree_val@U?$_Tree_simple_types@U?$pair@$$CBIPAVIClientSession@@@std@@@std@@@std@@@1@AAU?$pair@$$CBIPAVIClientSession@@@1@PAU?$_Tree_node@U?$pair@$$CBIPAVIClientSession@@@std@@PAX@1@@Z 1000eda8     ClientSession.obj
 0002:00001dcc       __unwindtable$??$_Insert_hint@AAU?$pair@$$CBIPAVIClientSession@@@std@@PAU?$_Tree_node@U?$pair@$$CBIPAVIClientSession@@@std@@PAX@2@@?$_Tree@V?$_Tmap_traits@IPAVIClientSession@@U?$less@I@std@@V?$allocator@U?$pair@$$CBIPAVIClientSession@@@std@@@3@$0A@@std@@@std@@IAE?AV?$_Tree_iterator@V?$_Tree_val@U?$_Tree_simple_types@U?$pair@$$CBIPAVIClientSession@@@std@@@std@@@std@@@1@V?$_Tree_const_iterator@V?$_Tree_val@U?$_Tree_simple_types@U?$pair@$$CBIPAVIClientSession@@@std@@@std@@@std@@@1@AAU?$pair@$$CBIPAVIClientSession@@@1@PAU?$_Tree_node@U?$pair@$$CBIPAVIClientSession@@@std@@PAX@1@@Z 1000edcc     ClientSession.obj
 0002:00001ddc       __tryblocktable$??$_Insert_hint@AAU?$pair@$$CBIPAVIClientSession@@@std@@PAU?$_Tree_node@U?$pair@$$CBIPAVIClientSession@@@std@@PAX@2@@?$_Tree@V?$_Tmap_traits@IPAVIClientSession@@U?$less@I@std@@V?$allocator@U?$pair@$$CBIPAVIClientSession@@@std@@@3@$0A@@std@@@std@@IAE?AV?$_Tree_iterator@V?$_Tree_val@U?$_Tree_simple_types@U?$pair@$$CBIPAVIClientSession@@@std@@@std@@@std@@@1@V?$_Tree_const_iterator@V?$_Tree_val@U?$_Tree_simple_types@U?$pair@$$CBIPAVIClientSession@@@std@@@std@@@std@@@1@AAU?$pair@$$CBIPAVIClientSession@@@1@PAU?$_Tree_node@U?$pair@$$CBIPAVIClientSession@@@std@@PAX@1@@Z 1000eddc     ClientSession.obj
 0002:00001df0       __catchsym$??$_Insert_hint@AAU?$pair@$$CBIPAVIClientSession@@@std@@PAU?$_Tree_node@U?$pair@$$CBIPAVIClientSession@@@std@@PAX@2@@?$_Tree@V?$_Tmap_traits@IPAVIClientSession@@U?$less@I@std@@V?$allocator@U?$pair@$$CBIPAVIClientSession@@@std@@@3@$0A@@std@@@std@@IAE?AV?$_Tree_iterator@V?$_Tree_val@U?$_Tree_simple_types@U?$pair@$$CBIPAVIClientSession@@@std@@@std@@@std@@@1@V?$_Tree_const_iterator@V?$_Tree_val@U?$_Tree_simple_types@U?$pair@$$CBIPAVIClientSession@@@std@@@std@@@std@@@1@AAU?$pair@$$CBIPAVIClientSession@@@1@PAU?$_Tree_node@U?$pair@$$CBIPAVIClientSession@@@std@@PAX@1@@Z$2 1000edf0     ClientSession.obj
 0002:00001e00       __ehfuncinfo$??$construct@U?$pair@$$CBV?$basic_string@DU?$char_traits@D@std@@V?$allocator@D@2@@std@@V?$list@IV?$allocator@I@std@@@2@@std@@AAU?$pair@V?$basic_string@DU?$char_traits@D@std@@V?$allocator@D@2@@std@@V?$list@IV?$allocator@I@std@@@2@@2@@?$allocator@U?$_Tree_node@U?$pair@$$CBV?$basic_string@DU?$char_traits@D@std@@V?$allocator@D@2@@std@@V?$list@IV?$allocator@I@std@@@2@@std@@PAX@std@@@std@@QAEXPAU?$pair@$$CBV?$basic_string@DU?$char_traits@D@std@@V?$allocator@D@2@@std@@V?$list@IV?$allocator@I@std@@@2@@1@AAU?$pair@V?$basic_string@DU?$char_traits@D@std@@V?$allocator@D@2@@std@@V?$list@IV?$allocator@I@std@@@2@@1@@Z 1000ee00     ClientSession.obj
 0002:00001e00       __ehfuncinfo$??$construct@U?$pair@$$CBIPAVIClientSession@@@std@@AAU?$pair@IPAVIClientSession@@@2@@?$allocator@U?$_Tree_node@U?$pair@$$CBIPAVIClientSession@@@std@@PAX@std@@@std@@QAEXPAU?$pair@$$CBIPAVIClientSession@@@1@AAU?$pair@IPAVIClientSession@@@1@@Z 1000ee00     ClientSession.obj
 0002:00001e24       __unwindtable$??$construct@U?$pair@$$CBIPAVIClientSession@@@std@@AAU?$pair@IPAVIClientSession@@@2@@?$allocator@U?$_Tree_node@U?$pair@$$CBIPAVIClientSession@@@std@@PAX@std@@@std@@QAEXPAU?$pair@$$CBIPAVIClientSession@@@1@AAU?$pair@IPAVIClientSession@@@1@@Z 1000ee24     ClientSession.obj
 0002:00001e24       __unwindtable$??$construct@U?$pair@$$CBV?$basic_string@DU?$char_traits@D@std@@V?$allocator@D@2@@std@@V?$list@IV?$allocator@I@std@@@2@@std@@AAU?$pair@V?$basic_string@DU?$char_traits@D@std@@V?$allocator@D@2@@std@@V?$list@IV?$allocator@I@std@@@2@@2@@?$allocator@U?$_Tree_node@U?$pair@$$CBV?$basic_string@DU?$char_traits@D@std@@V?$allocator@D@2@@std@@V?$list@IV?$allocator@I@std@@@2@@std@@PAX@std@@@std@@QAEXPAU?$pair@$$CBV?$basic_string@DU?$char_traits@D@std@@V?$allocator@D@2@@std@@V?$list@IV?$allocator@I@std@@@2@@1@AAU?$pair@V?$basic_string@DU?$char_traits@D@std@@V?$allocator@D@2@@std@@V?$list@IV?$allocator@I@std@@@2@@1@@Z 1000ee24     ClientSession.obj
 0002:00001e2c       __ehfuncinfo$??$construct@U?$pair@$$CBIPAVIClientSession@@@std@@ABUpiecewise_construct_t@2@V?$tuple@ABI@2@V?$tuple@$$V@2@@?$allocator@U?$_Tree_node@U?$pair@$$CBIPAVIClientSession@@@std@@PAX@std@@@std@@QAEXPAU?$pair@$$CBIPAVIClientSession@@@1@ABUpiecewise_construct_t@1@$$QAV?$tuple@ABI@1@$$QAV?$tuple@$$V@1@@Z 1000ee2c     ClientSession.obj
 0002:00001e50       __unwindtable$??$construct@U?$pair@$$CBIPAVIClientSession@@@std@@ABUpiecewise_construct_t@2@V?$tuple@ABI@2@V?$tuple@$$V@2@@?$allocator@U?$_Tree_node@U?$pair@$$CBIPAVIClientSession@@@std@@PAX@std@@@std@@QAEXPAU?$pair@$$CBIPAVIClientSession@@@1@ABUpiecewise_construct_t@1@$$QAV?$tuple@ABI@1@$$QAV?$tuple@$$V@1@@Z 1000ee50     ClientSession.obj
 0002:00001e58       __ehfuncinfo$??0ServerProtocol@@QAE@XZ 1000ee58     ServerProtocolImpl.obj
 0002:00001e7c       __unwindtable$??0ServerProtocol@@QAE@XZ 1000ee7c     ServerProtocolImpl.obj
 0002:00001e8c       __ehfuncinfo$?CreateServerProtocol@@YGPAVIServerProtocol@@XZ 1000ee8c     ServerProtocolImpl.obj
 0002:00001eb0       __unwindtable$?CreateServerProtocol@@YGPAVIServerProtocol@@XZ 1000eeb0     ServerProtocolImpl.obj
 0002:00001eb8       __sehtable$___scrt_is_nonwritable_in_current_image 1000eeb8     MSVCRT:utility.obj
 0002:00001ed8       __sehtable$?dllmain_crt_process_attach@@YAHQAUHINSTANCE__@@QAX@Z 1000eed8     MSVCRT:dll_dllmain.obj
 0002:00001ef8       __sehtable$?dllmain_crt_process_detach@@YAH_N@Z 1000eef8     MSVCRT:dll_dllmain.obj
 0002:00001f18       __sehtable$?dllmain_dispatch@@YAHQAUHINSTANCE__@@KQAX@Z 1000ef18     MSVCRT:dll_dllmain.obj
 0002:00001fe0       .edata                     1000efe0     protocollibold.exp
 0002:00002008       rgpv                       1000f008     protocollibold.exp
 0002:00002018       rgszName                   1000f018     protocollibold.exp
 0002:00002028       rgwOrd                     1000f028     protocollibold.exp
 0002:00002030       szName                     1000f030     protocollibold.exp
 0002:00002043       $N00001                    1000f043     protocollibold.exp
 0002:00002073       $N00002                    1000f073     protocollibold.exp
 0002:000020a3       $N00003                    1000f0a3     protocollibold.exp
 0002:000020d5       $N00004                    1000f0d5     protocollibold.exp
 0002:00002378       .idata$6                   1000f378     Socketold:socketold.dll
 0002:000023e6       .idata$6                   1000f3e6     Utilities:Utilities.dll
 0002:000024b4       .idata$6                   1000f4b4     kernel32:KERNEL32.dll
 0002:0000251c       .idata$6                   1000f51c     msvcprt:MSVCP140.dll
 0002:000025f2       .idata$6                   1000f5f2     vcruntime:VCRUNTIME140.dll
 0002:0000272c       .idata$6                   1000f72c     ucrt:api-ms-win-crt-runtime-l1-1-0.dll
 0002:0000274e       .idata$6                   1000f74e     ucrt:api-ms-win-crt-time-l1-1-0.dll
 0002:0000276e       .idata$6                   1000f76e     ucrt:api-ms-win-crt-heap-l1-1-0.dll
 0003:00000204       ?_Tss_mutex@@3U_RTL_CRITICAL_SECTION@@A 10010204     MSVCRT:thread_safe_statics.obj
 0003:0000021c       ?_Tss_cv@@3U_RTL_CONDITION_VARIABLE@@A 1001021c     MSVCRT:thread_safe_statics.obj
 0003:00000220       ?_Tss_event@@3PAXA         10010220     MSVCRT:thread_safe_statics.obj
 0003:00000224       ?encoded_sleep_condition_variable_cs@@3P6GHPAU_RTL_CONDITION_VARIABLE@@PAU_RTL_CRITICAL_SECTION@@K@ZA 10010224     MSVCRT:thread_safe_statics.obj
 0003:00000228       ?encoded_wake_all_condition_variable@@3P6GXPAU_RTL_CONDITION_VARIABLE@@@ZA 10010228     MSVCRT:thread_safe_statics.obj
 0003:00000234       ?module_local_atexit_table@@3U_onexit_table_t@@A 10010234     MSVCRT:utility.obj
 0003:00000240       ?module_local_at_quick_exit_table@@3U_onexit_table_t@@A 10010240     MSVCRT:utility.obj
 0003:0000024c       ?is_initialized_as_dll@@3_NA 1001024c     MSVCRT:utility.obj
 0003:00000250       ?__proc_attached@@3HA      10010250     MSVCRT:dll_dllmain.obj
 0003:00000258       _GS_ExceptionRecord        10010258     MSVCRT:gs_report.obj
 0003:000002a8       _GS_ContextRecord          100102a8     MSVCRT:gs_report.obj
 0003:000005a0       ?count@?1??GetMessageObject@@YAPAXI@Z@4HA 100105a0     ClientProtocolImpl.obj
 0005:00000000       __guard_fids__             10012000     MSVCRT:thread_safe_statics.obj
 0005:00000004       __guard_fids_?__scrt_initialize_thread_safe_statics@@YAHXZ 10012004     MSVCRT:thread_safe_statics.obj
 0005:00000008       __guard_fids__             10012008     MSVCRT:std_type_info_static.obj
 0005:0000000c       __guard_fids_?dllmain_crt_process_attach@@YAHQAUHINSTANCE__@@QAX@Z 1001200c     MSVCRT:dll_dllmain.obj
 0005:00000014       __guard_fids_?dllmain_dispatch@@YAHQAUHINSTANCE__@@KQAX@Z 10012014     MSVCRT:dll_dllmain.obj
 0005:00000018       __guard_fids__             10012018     MSVCRT:throw_bad_alloc.obj
 0005:00000020       __guard_fids__             10012020     MSVCRT:throw_bad_alloc.obj
 0005:00000028       __guard_fids__             10012028     MSVCRT:throw_bad_alloc.obj
 0005:00000030       __guard_fids__             10012030     MSVCRT:throw_bad_alloc.obj
 0005:00000034       __guard_fids__             10012034     MSVCRT:throw_bad_alloc.obj
 0005:00000038       __guard_fids__             10012038     MSVCRT:throw_bad_alloc.obj
 0005:0000003c       __guard_fids__             1001203c     MSVCRT:throw_bad_alloc.obj
 0005:00000040       __guard_fids___except_handler4 10012040     MSVCRT:_chandler4gs_.obj
 0005:00000044       __guard_fids__             10012044     MSVCRT:guard_support.obj
 0006:000000a0       $R000000                   100130a0     ProtocolLib1.res
 0006:000003c8       $R000328                   100133c8     ProtocolLib1.res
