 ProtocolLib

 Timestamp is 59636ed6 (Mon Jul 10 17:41:02 2017)

 Preferred load address is 10000000

 Start         Length     Name                   Class
 0001:00000000 00000020H .text$di                CODE
 0001:00000020 0000b5a0H .text$mn                CODE
 0001:0000b5c0 000005c0H .text$x                 CODE
 0001:0000bb80 0000000aH .text$yd                CODE
 0002:00000000 00000120H .idata$5                DATA
 0002:00000120 00000004H .00cfg                  DATA
 0002:00000124 00000004H .CRT$XCA                DATA
 0002:00000128 00000004H .CRT$XCL                DATA
 0002:0000012c 00000000H .CRT$XCU                DATA
 0002:0000012c 00000004H .CRT$XCZ                DATA
 0002:00000130 00000004H .CRT$XIA                DATA
 0002:00000134 00000004H .CRT$XIC                DATA
 0002:00000138 00000004H .CRT$XIZ                DATA
 0002:0000013c 00000004H .CRT$XLA                DATA
 0002:00000140 00000004H .CRT$XLZ                DATA
 0002:00000144 00000004H .CRT$XPA                DATA
 0002:00000148 00000004H .CRT$XPZ                DATA
 0002:0000014c 00000004H .CRT$XTA                DATA
 0002:00000150 00000010H .CRT$XTZ                DATA
 0002:00000160 00000cccH .rdata                  DATA
 0002:00000e2c 00000018H .rdata$T                DATA
 0002:00000e44 0000042cH .rdata$r                DATA
 0002:00001270 00000094H .rdata$sxdata           DATA
 0002:00001304 00000398H .rdata$zzzdbg           DATA
 0002:0000169c 00000004H .rtc$IAA                DATA
 0002:000016a0 00000004H .rtc$IZZ                DATA
 0002:000016a4 00000004H .rtc$TAA                DATA
 0002:000016a8 00000008H .rtc$TZZ                DATA
 0002:000016b0 000009a0H .xdata$x                DATA
 0002:00002044 00000000H ATL$__a                 DATA
 0002:00002044 00000000H ATL$__z                 DATA
 0002:00002050 00000124H .edata                  DATA
 0002:00002174 000000b4H .idata$2                DATA
 0002:00002228 00000014H .idata$3                DATA
 0002:0000223c 00000120H .idata$4                DATA
 0002:0000235c 0000066eH .idata$6                DATA
 0003:00000000 00000034H .data                   DATA
 0003:00000034 00000194H .data$r                 DATA
 0003:000001c8 000003e8H .bss                    DATA
 0004:00000000 00000004H .tls                    DATA
 0004:00000004 00000004H .tls$                   DATA
 0004:00000008 00000001H .tls$ZZZ                DATA
 0005:00000000 00000048H .gfids$y                DATA
 0006:00000000 000000a0H .rsrc$01                DATA
 0006:000000a0 000004a8H .rsrc$02                DATA

  Address         Publics by Value              Rva+Base       Lib:Object

 0000:00000000       ___guard_iat_count         00000000     <absolute>
 0000:00000000       ___guard_longjmp_table     00000000     <absolute>
 0000:00000000       ___guard_fids_table        00000000     <absolute>
 0000:00000000       ___guard_longjmp_count     00000000     <absolute>
 0000:00000000       ___guard_iat_table         00000000     <absolute>
 0000:00000000       ___dynamic_value_reloc_table 00000000     <absolute>
 0000:00000000       ___guard_fids_count        00000000     <absolute>
 0000:00000025       ___safe_se_handler_count   00000025     <absolute>
 0000:0000002c       __tls_array                0000002c     <absolute>
 0000:00000100       ___guard_flags             00000100     <absolute>
 0000:00000000       ___ImageBase               10000000     <linker-defined>
 0001:00000020       _HRESULT_FROM_WIN32        10001020 f i ClientProtocolImpl.obj
 0001:00000060       ??0exception@std@@QAE@QBD@Z 10001060 f i ClientProtocolImpl.obj
 0001:000000b0       ??0exception@std@@QAE@ABV01@@Z 100010b0 f i ClientProtocolImpl.obj
 0001:000000f0       ??1exception@std@@UAE@XZ   100010f0 f i ClientProtocolImpl.obj
 0001:00000120       ?what@exception@std@@UBEPBDXZ 10001120 f i ClientProtocolImpl.obj
 0001:00000150       ??_Gexception@std@@UAEPAXI@Z 10001150 f i ClientProtocolImpl.obj
 0001:00000150       ??_Eexception@std@@UAEPAXI@Z 10001150 f i * CIL library *:* CIL module *
 0001:00000180       ??2@YAPAXIPAX@Z            10001180 f i ClientProtocolImpl.obj
 0001:00000190       ?length@?$char_traits@D@std@@SAIPBD@Z 10001190 f i ClientProtocolImpl.obj
 0001:000001e0       ?copy@?$char_traits@D@std@@SAPADPADPBDI@Z 100011e0 f i ClientProtocolImpl.obj
 0001:00000210       ?move@?$char_traits@D@std@@SAPADPADPBDI@Z 10001210 f i ClientProtocolImpl.obj
 0001:00000250       ?assign@?$char_traits@D@std@@SAXAADABD@Z 10001250 f i ClientProtocolImpl.obj
 0001:00000260       ?_Allocate@std@@YAPAXII_N@Z 10001260 f i ClientProtocolImpl.obj
 0001:00000320       ?_Deallocate@std@@YAXPAXII@Z 10001320 f i ClientProtocolImpl.obj
 0001:000003c0       ??1IClientProtocol@@UAE@XZ 100013c0 f i ClientProtocolImpl.obj
 0001:000003e0       ??_GIClientProtocol@@UAEPAXI@Z 100013e0 f i ClientProtocolImpl.obj
 0001:000003e0       ??_EIClientProtocol@@UAEPAXI@Z 100013e0 f i * CIL library *:* CIL module *
 0001:00000410       ?_AtlInitializeCriticalSectionEx@ATL@@YAHPAU_RTL_CRITICAL_SECTION@@KK@Z 10001410 f i ClientProtocolImpl.obj
 0001:00000430       ?Init@CComCriticalSection@ATL@@QAEJXZ 10001430 f i ClientProtocolImpl.obj
 0001:00000470       ??0CTime@ATL@@QAE@_J@Z     10001470 f i ClientProtocolImpl.obj
 0001:00000470       ??0CTimeSpan@ATL@@QAE@_J@Z 10001470 f i ClientProtocolImpl.obj
 0001:00000490       ?GetTotalSeconds@CTimeSpan@ATL@@QBE_JXZ 10001490 f i ClientProtocolImpl.obj
 0001:000004b0       ?GetTickCount@CTime@ATL@@SG?AV12@XZ 100014b0 f i ClientProtocolImpl.obj
 0001:000004d0       ??0CTime@ATL@@QAE@XZ       100014d0 f i ClientProtocolImpl.obj
 0001:000004f0       ??GCTime@ATL@@QBE?AVCTimeSpan@1@V01@@Z 100014f0 f i ClientProtocolImpl.obj
 0001:00000980       ??0ClientProtocol@@QAE@XZ  10001980 f   ClientProtocolImpl.obj
 0001:00000ac0       ??_EClientProtocol@@UAEPAXI@Z 10001ac0 f i * CIL library *:* CIL module *
 0001:00000ac0       ??_GClientProtocol@@UAEPAXI@Z 10001ac0 f i ClientProtocolImpl.obj
 0001:00000b00       ??0IClientProtocol@@QAE@XZ 10001b00 f i ClientProtocolImpl.obj
 0001:00000b20       ??0ISocketEvents@@QAE@XZ   10001b20 f i ClientProtocolImpl.obj
 0001:00000b40       ??1ClientProtocol@@UAE@XZ  10001b40 f   ClientProtocolImpl.obj
 0001:00000bd0       ?Connect@ClientProtocol@@UAE_NPADGI@Z 10001bd0 f   ClientProtocolImpl.obj
 0001:00000d00       ?Send@ClientProtocol@@UAE_NIPAXI@Z 10001d00 f   ClientProtocolImpl.obj
 0001:00000d90       ?HeartbeatToBeSent@ClientProtocol@@UAEHXZ 10001d90 f   ClientProtocolImpl.obj
 0001:00000e00       ?RegisterClient@ClientProtocol@@UAEXPAVIClientProtocolEvents@@@Z 10001e00 f   ClientProtocolImpl.obj
 0001:00000e00       ?RegisterServerEvents@ServerProtocol@@UAEXPAVIServerProtocolEvents@@@Z 10001e00 f   ServerProtocolImpl.obj
 0001:00000e20       ?Disconnect@ClientProtocol@@UAE_NXZ 10001e20 f   ClientProtocolImpl.obj
 0001:00000e70       ?OnConnect@ClientProtocol@@UAEXI_NPADG@Z 10001e70 f   ClientProtocolImpl.obj
 0001:00000f20       ?OnReceive@ClientProtocol@@UAEXIPADI@Z 10001f20 f   ClientProtocolImpl.obj
 0001:00001440       ?OnSend@ClientProtocol@@UAEXIIW4SocketError@@@Z 10002440 f   ClientProtocolImpl.obj
 0001:00001490       ?CreateClientProtocol@@YGPAVIClientProtocol@@XZ 10002490 f   ClientProtocolImpl.obj
 0001:00001500       ?ReleaseClientProtocol@@YGXPAVIClientProtocol@@@Z 10002500 f   ClientProtocolImpl.obj
 0001:00001540       ?IsShutdown@ClientProtocol@@UAE_NXZ 10002540 f   ClientProtocolImpl.obj
 0001:00001560       ?CheckConnectionStatus@ClientProtocol@@UAE_NXZ 10002560 f   ClientProtocolImpl.obj
 0001:000015a0       ?Connect@ClientProtocol@@UAE_NXZ 100025a0 f   ClientProtocolImpl.obj
 0001:000015e0       ?GetClientSessionManager@ServerProtocol@@UAEPAVIClientSessionMgr@@XZ 100025e0 f   ServerProtocolImpl.obj
 0001:000015e0       ?GetConnectionStatus@ClientProtocol@@UAEHXZ 100025e0 f   ClientProtocolImpl.obj
 0001:00001600       ?ConnectionMonitor@ClientProtocol@@SAKPAX@Z 10002600 f   ClientProtocolImpl.obj
 0001:000016e0       ??1?$basic_string@DU?$char_traits@D@std@@V?$allocator@D@2@@std@@QAE@XZ 100026e0 f i ClientProtocolImpl.obj
 0001:00001730       ??0?$basic_string@DU?$char_traits@D@std@@V?$allocator@D@2@@std@@QAE@PBD@Z 10002730 f i ClientProtocolImpl.obj
 0001:000017a0       ??1?$_String_alloc@U?$_String_base_types@DV?$allocator@D@std@@@std@@@std@@QAE@XZ 100027a0 f i ClientProtocolImpl.obj
 0001:000017c0       ??1?$_Compressed_pair@U?$_Wrap_alloc@V?$allocator@D@std@@@std@@V?$_String_val@U?$_Simple_types@D@std@@@2@$00@std@@QAE@XZ 100027c0 f i ClientProtocolImpl.obj
 0001:000017e0       ??1?$_String_val@U?$_Simple_types@D@std@@@std@@QAE@XZ 100027e0 f i ClientProtocolImpl.obj
 0001:00001800       ??1_Bxty@?$_String_val@U?$_Simple_types@D@std@@@std@@QAE@XZ 10002800 f i ClientProtocolImpl.obj
 0001:00001810       ?_Mysize@?$_String_alloc@U?$_String_base_types@DV?$allocator@D@std@@@std@@@std@@QBEABIXZ 10002810 f i ClientProtocolImpl.obj
 0001:00001810       ?_Mysize@?$_String_alloc@U?$_String_base_types@DV?$allocator@D@std@@@std@@@std@@QAEAAIXZ 10002810 f i ClientProtocolImpl.obj
 0001:00001830       ?_Getcomp@?$_Tree_comp_alloc@V?$_Tmap_traits@IPAVIClientSession@@U?$less@I@std@@V?$allocator@U?$pair@$$CBIPAVIClientSession@@@std@@@3@$0A@@std@@@std@@QAEAAU?$less@I@2@XZ 10002830 f i ClientSession.obj
 0001:00001830       ?_Getal@?$_String_alloc@U?$_String_base_types@DV?$allocator@D@std@@@std@@@std@@QAEAAU?$_Wrap_alloc@V?$allocator@D@std@@@2@XZ 10002830 f i ClientProtocolImpl.obj
 0001:00001830       ?_Getal@?$_String_alloc@U?$_String_base_types@DV?$allocator@D@std@@@std@@@std@@QBEABU?$_Wrap_alloc@V?$allocator@D@std@@@2@XZ 10002830 f i ClientProtocolImpl.obj
 0001:00001830       ?_Get_data@?$_List_alloc@U?$_List_base_types@PAVIAccount@@V?$allocator@PAVIAccount@@@std@@@std@@@std@@QBEABV?$_List_val@U?$_List_simple_types@PAVIAccount@@@std@@@2@XZ 10002830 f i ClientSession.obj
 0001:00001830       ?_Getal@?$_List_alloc@U?$_List_base_types@PAVIAccount@@V?$allocator@PAVIAccount@@@std@@@std@@@std@@QBEABU?$_Wrap_alloc@V?$allocator@U?$_List_node@PAVIAccount@@PAX@std@@@std@@@2@XZ 10002830 f i ClientSession.obj
 0001:00001830       ?_Get_data@?$_String_alloc@U?$_String_base_types@DV?$allocator@D@std@@@std@@@std@@QAEAAV?$_String_val@U?$_Simple_types@D@std@@@2@XZ 10002830 f i ClientProtocolImpl.obj
 0001:00001830       ?_Get_data@?$_List_alloc@U?$_List_base_types@PAVIAccount@@V?$allocator@PAVIAccount@@@std@@@std@@@std@@QAEAAV?$_List_val@U?$_List_simple_types@PAVIAccount@@@std@@@2@XZ 10002830 f i ClientSession.obj
 0001:00001830       ?_Get_data@?$_String_alloc@U?$_String_base_types@DV?$allocator@D@std@@@std@@@std@@QBEABV?$_String_val@U?$_Simple_types@D@std@@@2@XZ 10002830 f i ClientProtocolImpl.obj
 0001:00001830       ?_Getcomp@?$_Tree_comp_alloc@V?$_Tmap_traits@V?$basic_string@DU?$char_traits@D@std@@V?$allocator@D@2@@std@@V?$list@IV?$allocator@I@std@@@2@U?$less@V?$basic_string@DU?$char_traits@D@std@@V?$allocator@D@2@@std@@@2@V?$allocator@U?$pair@$$CBV?$basic_string@DU?$char_traits@D@std@@V?$allocator@D@2@@std@@V?$list@IV?$allocator@I@std@@@2@@std@@@2@$0A@@std@@@std@@QBEABU?$less@V?$basic_string@DU?$char_traits@D@std@@V?$allocator@D@2@@std@@@2@XZ 10002830 f i ClientSession.obj
 0001:00001830       ?_Getal@?$_List_alloc@U?$_List_base_types@IV?$allocator@I@std@@@std@@@std@@QBEABU?$_Wrap_alloc@V?$allocator@U?$_List_node@IPAX@std@@@std@@@2@XZ 10002830 f i ClientSession.obj
 0001:00001830       ?_Getcomp@?$_Tree_comp_alloc@V?$_Tmap_traits@IPAVIClientSession@@U?$less@I@std@@V?$allocator@U?$pair@$$CBIPAVIClientSession@@@std@@@3@$0A@@std@@@std@@QBEABU?$less@I@2@XZ 10002830 f i ClientSession.obj
 0001:00001830       ?_Get_data@?$_List_alloc@U?$_List_base_types@IV?$allocator@I@std@@@std@@@std@@QBEABV?$_List_val@U?$_List_simple_types@I@std@@@2@XZ 10002830 f i ClientSession.obj
 0001:00001830       ?_Get_data@?$_List_alloc@U?$_List_base_types@IV?$allocator@I@std@@@std@@@std@@QAEAAV?$_List_val@U?$_List_simple_types@I@std@@@2@XZ 10002830 f i ClientSession.obj
 0001:00001830       ?_Getcomp@?$_Tree_comp_alloc@V?$_Tmap_traits@V?$basic_string@DU?$char_traits@D@std@@V?$allocator@D@2@@std@@V?$list@IV?$allocator@I@std@@@2@U?$less@V?$basic_string@DU?$char_traits@D@std@@V?$allocator@D@2@@std@@@2@V?$allocator@U?$pair@$$CBV?$basic_string@DU?$char_traits@D@std@@V?$allocator@D@2@@std@@V?$list@IV?$allocator@I@std@@@2@@std@@@2@$0A@@std@@@std@@QAEAAU?$less@V?$basic_string@DU?$char_traits@D@std@@V?$allocator@D@2@@std@@@2@XZ 10002830 f i ClientSession.obj
 0001:00001830       ?_Getal@?$_List_alloc@U?$_List_base_types@IV?$allocator@I@std@@@std@@@std@@QAEAAU?$_Wrap_alloc@V?$allocator@U?$_List_node@IPAX@std@@@std@@@2@XZ 10002830 f i ClientSession.obj
 0001:00001830       ?_Getal@?$_List_alloc@U?$_List_base_types@PAVIAccount@@V?$allocator@PAVIAccount@@@std@@@std@@@std@@QAEAAU?$_Wrap_alloc@V?$allocator@U?$_List_node@PAVIAccount@@PAX@std@@@std@@@2@XZ 10002830 f i ClientSession.obj
 0001:00001850       ??0?$_String_alloc@U?$_String_base_types@DV?$allocator@D@std@@@std@@@std@@QAE@XZ 10002850 f i ClientProtocolImpl.obj
 0001:00001870       ?_Myptr@?$_String_alloc@U?$_String_base_types@DV?$allocator@D@std@@@std@@@std@@QBEPBDXZ 10002870 f i ClientProtocolImpl.obj
 0001:00001870       ?_Myptr@?$_String_alloc@U?$_String_base_types@DV?$allocator@D@std@@@std@@@std@@QAEPADXZ 10002870 f i ClientProtocolImpl.obj
 0001:00001890       ?_Xlen@?$basic_string@DU?$char_traits@D@std@@V?$allocator@D@2@@std@@QBEXXZ 10002890 f i ClientProtocolImpl.obj
 0001:000018b0       ?_Tidy@?$basic_string@DU?$char_traits@D@std@@V?$allocator@D@2@@std@@QAEX_NI@Z 100028b0 f i ClientProtocolImpl.obj
 0001:00001970       ?_Grow@?$basic_string@DU?$char_traits@D@std@@V?$allocator@D@2@@std@@QAE_NI_N@Z 10002970 f i ClientProtocolImpl.obj
 0001:00001a30       ?_Eos@?$basic_string@DU?$char_traits@D@std@@V?$allocator@D@2@@std@@QAEXI@Z 10002a30 f i ClientProtocolImpl.obj
 0001:00001a70       ?assign@?$basic_string@DU?$char_traits@D@std@@V?$allocator@D@2@@std@@QAEAAV12@PBD@Z 10002a70 f i ClientProtocolImpl.obj
 0001:00001aa0       ?assign@?$basic_string@DU?$char_traits@D@std@@V?$allocator@D@2@@std@@QAEAAV12@PBDI@Z 10002aa0 f i ClientProtocolImpl.obj
 0001:00001b20       ?assign@?$basic_string@DU?$char_traits@D@std@@V?$allocator@D@2@@std@@QAEAAV12@ABV12@II@Z 10002b20 f i ClientProtocolImpl.obj
 0001:00001bc0       ?_Get_second@?$_Compressed_pair@U?$_Wrap_alloc@V?$allocator@U?$_List_node@PAVIAccount@@PAX@std@@@std@@@std@@V?$_List_val@U?$_List_simple_types@PAVIAccount@@@std@@@2@$00@std@@QAEAAV?$_List_val@U?$_List_simple_types@PAVIAccount@@@std@@@2@XZ 10002bc0 f i ClientSession.obj
 0001:00001bc0       ??0?$allocator@U?$_Tree_node@U?$pair@$$CBV?$basic_string@DU?$char_traits@D@std@@V?$allocator@D@2@@std@@V?$list@IV?$allocator@I@std@@@2@@std@@PAX@std@@@std@@QAE@XZ 10002bc0 f i ClientSession.obj
 0001:00001bc0       ?_Get_first@?$_Compressed_pair@U?$_Wrap_alloc@V?$allocator@U?$_Tree_node@U?$pair@$$CBIPAVIClientSession@@@std@@PAX@std@@@std@@@std@@V?$_Tree_val@U?$_Tree_simple_types@U?$pair@$$CBIPAVIClientSession@@@std@@@std@@@2@$00@std@@QBEABU?$_Wrap_alloc@V?$allocator@U?$_Tree_node@U?$pair@$$CBIPAVIClientSession@@@std@@PAX@std@@@std@@@2@XZ 10002bc0 f i ClientSession.obj
 0001:00001bc0       ?_Get_first@?$_Compressed_pair@U?$_Wrap_alloc@V?$allocator@U?$_List_node@PAVIAccount@@PAX@std@@@std@@@std@@V?$_List_val@U?$_List_simple_types@PAVIAccount@@@std@@@2@$00@std@@QAEAAU?$_Wrap_alloc@V?$allocator@U?$_List_node@PAVIAccount@@PAX@std@@@std@@@2@XZ 10002bc0 f i ClientSession.obj
 0001:00001bc0       ?_Get_first@?$_Compressed_pair@U?$_Wrap_alloc@V?$allocator@D@std@@@std@@V?$_String_val@U?$_Simple_types@D@std@@@2@$00@std@@QAEAAU?$_Wrap_alloc@V?$allocator@D@std@@@2@XZ 10002bc0 f i ClientProtocolImpl.obj
 0001:00001bc0       ?_Get_second@?$_Compressed_pair@U?$_Wrap_alloc@V?$allocator@D@std@@@std@@V?$_String_val@U?$_Simple_types@D@std@@@2@$00@std@@QAEAAV?$_String_val@U?$_Simple_types@D@std@@@2@XZ 10002bc0 f i ClientProtocolImpl.obj
 0001:00001bc0       ??0?$tuple@$$V@std@@QAE@XZ 10002bc0 f i ClientSession.obj
 0001:00001bc0       ?_Get_second@?$_Compressed_pair@U?$less@I@std@@V?$_Compressed_pair@U?$_Wrap_alloc@V?$allocator@U?$_Tree_node@U?$pair@$$CBIPAVIClientSession@@@std@@PAX@std@@@std@@@std@@V?$_Tree_val@U?$_Tree_simple_types@U?$pair@$$CBIPAVIClientSession@@@std@@@std@@@2@$00@2@$00@std@@QBEABV?$_Compressed_pair@U?$_Wrap_alloc@V?$allocator@U?$_Tree_node@U?$pair@$$CBIPAVIClientSession@@@std@@PAX@std@@@std@@@std@@V?$_Tree_val@U?$_Tree_simple_types@U?$pair@$$CBIPAVIClientSession@@@std@@@std@@@2@$00@2@XZ 10002bc0 f i ClientSession.obj
 0001:00001bc0       ?_Get_second@?$_Compressed_pair@U?$_Wrap_alloc@V?$allocator@U?$_List_node@IPAX@std@@@std@@@std@@V?$_List_val@U?$_List_simple_types@I@std@@@2@$00@std@@QAEAAV?$_List_val@U?$_List_simple_types@I@std@@@2@XZ 10002bc0 f i ClientSession.obj
 0001:00001bc0       ??0?$allocator@U?$_List_node@PAVIAccount@@PAX@std@@@std@@QAE@XZ 10002bc0 f i ClientSession.obj
 0001:00001bc0       ?_Get_first@?$_Compressed_pair@U?$_Wrap_alloc@V?$allocator@U?$_Tree_node@U?$pair@$$CBV?$basic_string@DU?$char_traits@D@std@@V?$allocator@D@2@@std@@V?$list@IV?$allocator@I@std@@@2@@std@@PAX@std@@@std@@@std@@V?$_Tree_val@U?$_Tree_simple_types@U?$pair@$$CBV?$basic_string@DU?$char_traits@D@std@@V?$allocator@D@2@@std@@V?$list@IV?$allocator@I@std@@@2@@std@@@std@@@2@$00@std@@QBEABU?$_Wrap_alloc@V?$allocator@U?$_Tree_node@U?$pair@$$CBV?$basic_string@DU?$char_traits@D@std@@V?$allocator@D@2@@std@@V?$list@IV?$allocator@I@std@@@2@@std@@PAX@std@@@std@@@2@XZ 10002bc0 f i ClientSession.obj
 0001:00001bc0       ?_Get_first@?$_Compressed_pair@U?$_Wrap_alloc@V?$allocator@U?$_List_node@IPAX@std@@@std@@@std@@V?$_List_val@U?$_List_simple_types@I@std@@@2@$00@std@@QBEABU?$_Wrap_alloc@V?$allocator@U?$_List_node@IPAX@std@@@std@@@2@XZ 10002bc0 f i ClientSession.obj
 0001:00001bc0       ?_Get_first@?$_Compressed_pair@U?$_Wrap_alloc@V?$allocator@U?$_Tree_node@U?$pair@$$CBIPAVIClientSession@@@std@@PAX@std@@@std@@@std@@V?$_Tree_val@U?$_Tree_simple_types@U?$pair@$$CBIPAVIClientSession@@@std@@@std@@@2@$00@std@@QAEAAU?$_Wrap_alloc@V?$allocator@U?$_Tree_node@U?$pair@$$CBIPAVIClientSession@@@std@@PAX@std@@@std@@@2@XZ 10002bc0 f i ClientSession.obj
 0001:00001bc0       ?_Get_second@?$_Compressed_pair@U?$_Wrap_alloc@V?$allocator@U?$_Tree_node@U?$pair@$$CBIPAVIClientSession@@@std@@PAX@std@@@std@@@std@@V?$_Tree_val@U?$_Tree_simple_types@U?$pair@$$CBIPAVIClientSession@@@std@@@std@@@2@$00@std@@QBEABV?$_Tree_val@U?$_Tree_simple_types@U?$pair@$$CBIPAVIClientSession@@@std@@@std@@@2@XZ 10002bc0 f i ClientSession.obj
 0001:00001bc0       ?_Get_second@?$_Compressed_pair@U?$_Wrap_alloc@V?$allocator@U?$_List_node@IPAX@std@@@std@@@std@@V?$_List_val@U?$_List_simple_types@I@std@@@2@$00@std@@QBEABV?$_List_val@U?$_List_simple_types@I@std@@@2@XZ 10002bc0 f i ClientSession.obj
 0001:00001bc0       ?_Get_first@?$_Compressed_pair@U?$_Wrap_alloc@V?$allocator@U?$_List_node@IPAX@std@@@std@@@std@@V?$_List_val@U?$_List_simple_types@I@std@@@2@$00@std@@QAEAAU?$_Wrap_alloc@V?$allocator@U?$_List_node@IPAX@std@@@std@@@2@XZ 10002bc0 f i ClientSession.obj
 0001:00001bc0       ?_Get_second@?$_Compressed_pair@U?$_Wrap_alloc@V?$allocator@U?$_Tree_node@U?$pair@$$CBIPAVIClientSession@@@std@@PAX@std@@@std@@@std@@V?$_Tree_val@U?$_Tree_simple_types@U?$pair@$$CBIPAVIClientSession@@@std@@@std@@@2@$00@std@@QAEAAV?$_Tree_val@U?$_Tree_simple_types@U?$pair@$$CBIPAVIClientSession@@@std@@@std@@@2@XZ 10002bc0 f i ClientSession.obj
 0001:00001bc0       ??0?$allocator@U?$_List_node@IPAX@std@@@std@@QAE@XZ 10002bc0 f i ClientSession.obj
 0001:00001bc0       ??0?$allocator@D@std@@QAE@XZ 10002bc0 f i ClientProtocolImpl.obj
 0001:00001bc0       ??0_Bxty@?$_String_val@U?$_Simple_types@D@std@@@std@@QAE@XZ 10002bc0 f i ClientProtocolImpl.obj
 0001:00001bc0       ?_Get_first@?$_Compressed_pair@U?$_Wrap_alloc@V?$allocator@U?$_List_node@PAVIAccount@@PAX@std@@@std@@@std@@V?$_List_val@U?$_List_simple_types@PAVIAccount@@@std@@@2@$00@std@@QBEABU?$_Wrap_alloc@V?$allocator@U?$_List_node@PAVIAccount@@PAX@std@@@std@@@2@XZ 10002bc0 f i ClientSession.obj
 0001:00001bc0       ?_Get_first@?$_Compressed_pair@U?$less@I@std@@V?$_Compressed_pair@U?$_Wrap_alloc@V?$allocator@U?$_Tree_node@U?$pair@$$CBIPAVIClientSession@@@std@@PAX@std@@@std@@@std@@V?$_Tree_val@U?$_Tree_simple_types@U?$pair@$$CBIPAVIClientSession@@@std@@@std@@@2@$00@2@$00@std@@QBEABU?$less@I@2@XZ 10002bc0 f i ClientSession.obj
 0001:00001bc0       ?_Get_second@?$_Compressed_pair@U?$_Wrap_alloc@V?$allocator@D@std@@@std@@V?$_String_val@U?$_Simple_types@D@std@@@2@$00@std@@QBEABV?$_String_val@U?$_Simple_types@D@std@@@2@XZ 10002bc0 f i ClientProtocolImpl.obj
 0001:00001bc0       ?_Get_second@?$_Compressed_pair@U?$less@I@std@@V?$_Compressed_pair@U?$_Wrap_alloc@V?$allocator@U?$_Tree_node@U?$pair@$$CBIPAVIClientSession@@@std@@PAX@std@@@std@@@std@@V?$_Tree_val@U?$_Tree_simple_types@U?$pair@$$CBIPAVIClientSession@@@std@@@std@@@2@$00@2@$00@std@@QAEAAV?$_Compressed_pair@U?$_Wrap_alloc@V?$allocator@U?$_Tree_node@U?$pair@$$CBIPAVIClientSession@@@std@@PAX@std@@@std@@@std@@V?$_Tree_val@U?$_Tree_simple_types@U?$pair@$$CBIPAVIClientSession@@@std@@@std@@@2@$00@2@XZ 10002bc0 f i ClientSession.obj
 0001:00001bc0       ?_Get_first@?$_Compressed_pair@U?$less@V?$basic_string@DU?$char_traits@D@std@@V?$allocator@D@2@@std@@@std@@V?$_Compressed_pair@U?$_Wrap_alloc@V?$allocator@U?$_Tree_node@U?$pair@$$CBV?$basic_string@DU?$char_traits@D@std@@V?$allocator@D@2@@std@@V?$list@IV?$allocator@I@std@@@2@@std@@PAX@std@@@std@@@std@@V?$_Tree_val@U?$_Tree_simple_types@U?$pair@$$CBV?$basic_string@DU?$char_traits@D@std@@V?$allocator@D@2@@std@@V?$list@IV?$allocator@I@std@@@2@@std@@@std@@@2@$00@2@$00@std@@QAEAAU?$less@V?$basic_string@DU?$char_traits@D@std@@V?$allocator@D@2@@std@@@2@XZ 10002bc0 f i ClientSession.obj
 0001:00001bc0       ?_Get_first@?$_Compressed_pair@U?$less@V?$basic_string@DU?$char_traits@D@std@@V?$allocator@D@2@@std@@@std@@V?$_Compressed_pair@U?$_Wrap_alloc@V?$allocator@U?$_Tree_node@U?$pair@$$CBV?$basic_string@DU?$char_traits@D@std@@V?$allocator@D@2@@std@@V?$list@IV?$allocator@I@std@@@2@@std@@PAX@std@@@std@@@std@@V?$_Tree_val@U?$_Tree_simple_types@U?$pair@$$CBV?$basic_string@DU?$char_traits@D@std@@V?$allocator@D@2@@std@@V?$list@IV?$allocator@I@std@@@2@@std@@@std@@@2@$00@2@$00@std@@QBEABU?$less@V?$basic_string@DU?$char_traits@D@std@@V?$allocator@D@2@@std@@@2@XZ 10002bc0 f i ClientSession.obj
 0001:00001bc0       ??0?$allocator@U?$_Tree_node@U?$pair@$$CBIPAVIClientSession@@@std@@PAX@std@@@std@@QAE@XZ 10002bc0 f i ClientSession.obj
 0001:00001bc0       ?_Get_second@?$_Compressed_pair@U?$_Wrap_alloc@V?$allocator@U?$_List_node@PAVIAccount@@PAX@std@@@std@@@std@@V?$_List_val@U?$_List_simple_types@PAVIAccount@@@std@@@2@$00@std@@QBEABV?$_List_val@U?$_List_simple_types@PAVIAccount@@@std@@@2@XZ 10002bc0 f i ClientSession.obj
 0001:00001bc0       ?_Get_second@?$_Compressed_pair@U?$less@V?$basic_string@DU?$char_traits@D@std@@V?$allocator@D@2@@std@@@std@@V?$_Compressed_pair@U?$_Wrap_alloc@V?$allocator@U?$_Tree_node@U?$pair@$$CBV?$basic_string@DU?$char_traits@D@std@@V?$allocator@D@2@@std@@V?$list@IV?$allocator@I@std@@@2@@std@@PAX@std@@@std@@@std@@V?$_Tree_val@U?$_Tree_simple_types@U?$pair@$$CBV?$basic_string@DU?$char_traits@D@std@@V?$allocator@D@2@@std@@V?$list@IV?$allocator@I@std@@@2@@std@@@std@@@2@$00@2@$00@std@@QAEAAV?$_Compressed_pair@U?$_Wrap_alloc@V?$allocator@U?$_Tree_node@U?$pair@$$CBV?$basic_string@DU?$char_traits@D@std@@V?$allocator@D@2@@std@@V?$list@IV?$allocator@I@std@@@2@@std@@PAX@std@@@std@@@std@@V?$_Tree_val@U?$_Tree_simple_types@U?$pair@$$CBV?$basic_string@DU?$char_traits@D@std@@V?$allocator@D@2@@std@@V?$list@IV?$allocator@I@std@@@2@@std@@@std@@@2@$00@2@XZ 10002bc0 f i ClientSession.obj
 0001:00001bc0       ?_Get_second@?$_Compressed_pair@U?$_Wrap_alloc@V?$allocator@U?$_Tree_node@U?$pair@$$CBV?$basic_string@DU?$char_traits@D@std@@V?$allocator@D@2@@std@@V?$list@IV?$allocator@I@std@@@2@@std@@PAX@std@@@std@@@std@@V?$_Tree_val@U?$_Tree_simple_types@U?$pair@$$CBV?$basic_string@DU?$char_traits@D@std@@V?$allocator@D@2@@std@@V?$list@IV?$allocator@I@std@@@2@@std@@@std@@@2@$00@std@@QBEABV?$_Tree_val@U?$_Tree_simple_types@U?$pair@$$CBV?$basic_string@DU?$char_traits@D@std@@V?$allocator@D@2@@std@@V?$list@IV?$allocator@I@std@@@2@@std@@@std@@@2@XZ 10002bc0 f i ClientSession.obj
 0001:00001bc0       ?_Get_first@?$_Compressed_pair@U?$_Wrap_alloc@V?$allocator@U?$_Tree_node@U?$pair@$$CBV?$basic_string@DU?$char_traits@D@std@@V?$allocator@D@2@@std@@V?$list@IV?$allocator@I@std@@@2@@std@@PAX@std@@@std@@@std@@V?$_Tree_val@U?$_Tree_simple_types@U?$pair@$$CBV?$basic_string@DU?$char_traits@D@std@@V?$allocator@D@2@@std@@V?$list@IV?$allocator@I@std@@@2@@std@@@std@@@2@$00@std@@QAEAAU?$_Wrap_alloc@V?$allocator@U?$_Tree_node@U?$pair@$$CBV?$basic_string@DU?$char_traits@D@std@@V?$allocator@D@2@@std@@V?$list@IV?$allocator@I@std@@@2@@std@@PAX@std@@@std@@@2@XZ 10002bc0 f i ClientSession.obj
 0001:00001bc0       ?_Get_second@?$_Compressed_pair@U?$_Wrap_alloc@V?$allocator@U?$_Tree_node@U?$pair@$$CBV?$basic_string@DU?$char_traits@D@std@@V?$allocator@D@2@@std@@V?$list@IV?$allocator@I@std@@@2@@std@@PAX@std@@@std@@@std@@V?$_Tree_val@U?$_Tree_simple_types@U?$pair@$$CBV?$basic_string@DU?$char_traits@D@std@@V?$allocator@D@2@@std@@V?$list@IV?$allocator@I@std@@@2@@std@@@std@@@2@$00@std@@QAEAAV?$_Tree_val@U?$_Tree_simple_types@U?$pair@$$CBV?$basic_string@DU?$char_traits@D@std@@V?$allocator@D@2@@std@@V?$list@IV?$allocator@I@std@@@2@@std@@@std@@@2@XZ 10002bc0 f i ClientSession.obj
 0001:00001bc0       ?_Get_first@?$_Compressed_pair@U?$_Wrap_alloc@V?$allocator@D@std@@@std@@V?$_String_val@U?$_Simple_types@D@std@@@2@$00@std@@QBEABU?$_Wrap_alloc@V?$allocator@D@std@@@2@XZ 10002bc0 f i ClientProtocolImpl.obj
 0001:00001bc0       ?_Get_second@?$_Compressed_pair@U?$less@V?$basic_string@DU?$char_traits@D@std@@V?$allocator@D@2@@std@@@std@@V?$_Compressed_pair@U?$_Wrap_alloc@V?$allocator@U?$_Tree_node@U?$pair@$$CBV?$basic_string@DU?$char_traits@D@std@@V?$allocator@D@2@@std@@V?$list@IV?$allocator@I@std@@@2@@std@@PAX@std@@@std@@@std@@V?$_Tree_val@U?$_Tree_simple_types@U?$pair@$$CBV?$basic_string@DU?$char_traits@D@std@@V?$allocator@D@2@@std@@V?$list@IV?$allocator@I@std@@@2@@std@@@std@@@2@$00@2@$00@std@@QBEABV?$_Compressed_pair@U?$_Wrap_alloc@V?$allocator@U?$_Tree_node@U?$pair@$$CBV?$basic_string@DU?$char_traits@D@std@@V?$allocator@D@2@@std@@V?$list@IV?$allocator@I@std@@@2@@std@@PAX@std@@@std@@@std@@V?$_Tree_val@U?$_Tree_simple_types@U?$pair@$$CBV?$basic_string@DU?$char_traits@D@std@@V?$allocator@D@2@@std@@V?$list@IV?$allocator@I@std@@@2@@std@@@std@@@2@$00@2@XZ 10002bc0 f i ClientSession.obj
 0001:00001bc0       ?_Get_first@?$_Compressed_pair@U?$less@I@std@@V?$_Compressed_pair@U?$_Wrap_alloc@V?$allocator@U?$_Tree_node@U?$pair@$$CBIPAVIClientSession@@@std@@PAX@std@@@std@@@std@@V?$_Tree_val@U?$_Tree_simple_types@U?$pair@$$CBIPAVIClientSession@@@std@@@std@@@2@$00@2@$00@std@@QAEAAU?$less@I@2@XZ 10002bc0 f i ClientSession.obj
 0001:00001bd0       ?_Myptr@?$_String_val@U?$_Simple_types@D@std@@@std@@QAEPADXZ 10002bd0 f i ClientProtocolImpl.obj
 0001:00001bd0       ?_Myptr@?$_String_val@U?$_Simple_types@D@std@@@std@@QBEPBDXZ 10002bd0 f i ClientProtocolImpl.obj
 0001:00001c10       ?deallocate@?$_Wrap_alloc@V?$allocator@D@std@@@std@@QAEXPADI@Z 10002c10 f i ClientProtocolImpl.obj
 0001:00001c30       ?_Myres@?$_String_alloc@U?$_String_base_types@DV?$allocator@D@std@@@std@@@std@@QAEAAIXZ 10002c30 f i ClientProtocolImpl.obj
 0001:00001c50       ?_Myhead@?$_List_alloc@U?$_List_base_types@IV?$allocator@I@std@@@std@@@std@@QAEAAPAU?$_List_node@IPAX@2@XZ 10002c50 f i ClientSession.obj
 0001:00001c50       ?_Bx@?$_String_alloc@U?$_String_base_types@DV?$allocator@D@std@@@std@@@std@@QAEAAT_Bxty@?$_String_val@U?$_Simple_types@D@std@@@2@XZ 10002c50 f i ClientProtocolImpl.obj
 0001:00001c50       ?_Myhead@?$_List_alloc@U?$_List_base_types@IV?$allocator@I@std@@@std@@@std@@QBEABQAU?$_List_node@IPAX@2@XZ 10002c50 f i ClientSession.obj
 0001:00001c50       ?_Myhead@?$_List_alloc@U?$_List_base_types@PAVIAccount@@V?$allocator@PAVIAccount@@@std@@@std@@@std@@QAEAAPAU?$_List_node@PAVIAccount@@PAX@2@XZ 10002c50 f i ClientSession.obj
 0001:00001c70       ?_Xran@?$basic_string@DU?$char_traits@D@std@@V?$allocator@D@2@@std@@QBEXXZ 10002c70 f i ClientProtocolImpl.obj
 0001:00001c90       ?_Check_offset@?$basic_string@DU?$char_traits@D@std@@V?$allocator@D@2@@std@@QBEXI@Z 10002c90 f i ClientProtocolImpl.obj
 0001:00001cc0       ?_Inside@?$basic_string@DU?$char_traits@D@std@@V?$allocator@D@2@@std@@QAE_NPBD@Z 10002cc0 f i ClientProtocolImpl.obj
 0001:00001d10       ?_Copy@?$basic_string@DU?$char_traits@D@std@@V?$allocator@D@2@@std@@QAEXII@Z 10002d10 f i ClientProtocolImpl.obj
 0001:00001ef0       ?_Clamp_suffix_size@?$basic_string@DU?$char_traits@D@std@@V?$allocator@D@2@@std@@QBEIII@Z 10002ef0 f i ClientProtocolImpl.obj
 0001:00001f30       ?max_size@?$basic_string@DU?$char_traits@D@std@@V?$allocator@D@2@@std@@QBEIXZ 10002f30 f i ClientProtocolImpl.obj
 0001:00001f70       ?erase@?$basic_string@DU?$char_traits@D@std@@V?$allocator@D@2@@std@@QAEAAV12@II@Z 10002f70 f i ClientProtocolImpl.obj
 0001:00002000       ?erase@?$basic_string@DU?$char_traits@D@std@@V?$allocator@D@2@@std@@QAEAAV12@I@Z 10003000 f i ClientProtocolImpl.obj
 0001:00002030       ?max_size@?$_Wrap_alloc@V?$allocator@D@std@@@std@@QBEIU_Nil@2@@Z 10003030 f i ClientProtocolImpl.obj
 0001:00002050       ?allocate@?$_Wrap_alloc@V?$allocator@D@std@@@std@@QAEPADI@Z 10003050 f i ClientProtocolImpl.obj
 0001:00002070       ?deallocate@?$allocator@D@std@@QAEXPADI@Z 10003070 f i ClientProtocolImpl.obj
 0001:00002090       ?max_size@?$allocator_traits@V?$allocator@D@std@@@std@@SAIABV?$allocator@D@2@@Z 10003090 f i ClientProtocolImpl.obj
 0001:000020a0       ?allocate@?$allocator@D@std@@QAEPADI@Z 100030a0 f i ClientProtocolImpl.obj
 0001:000020c0       ?max_size@?$allocator@D@std@@QBEIXZ 100030c0 f i ClientProtocolImpl.obj
 0001:000020d0       ??$?0$$V@?$_Compressed_pair@U?$_Wrap_alloc@V?$allocator@D@std@@@std@@V?$_String_val@U?$_Simple_types@D@std@@@2@$00@std@@QAE@U_Zero_then_variadic_args_t@1@@Z 100030d0 f i ClientProtocolImpl.obj
 0001:000020f0       ??$forward@V?$allocator@U?$_List_node@IPAX@std@@@std@@@std@@YA$$QAV?$allocator@U?$_List_node@IPAX@std@@@0@AAV10@@Z 100030f0 f i ClientSession.obj
 0001:000020f0       ??$forward@_N@std@@YA$$QA_NAA_N@Z 100030f0 f i ClientSession.obj
 0001:000020f0       ??$forward@AAV?$basic_string@DU?$char_traits@D@std@@V?$allocator@D@2@@std@@@std@@YAAAV?$basic_string@DU?$char_traits@D@std@@V?$allocator@D@2@@0@AAV10@@Z 100030f0 f i ClientSession.obj
 0001:000020f0       ??$forward@ABQAVIAccount@@@std@@YAABQAVIAccount@@ABQAV1@@Z 100030f0 f i ClientSession.obj
 0001:000020f0       ??$move@AAV?$tuple@ABI@std@@@std@@YA$$QAV?$tuple@ABI@0@AAV10@@Z 100030f0 f i ClientSession.obj
 0001:000020f0       ??$forward@AAV?$list@IV?$allocator@I@std@@@std@@@std@@YAAAV?$list@IV?$allocator@I@std@@@0@AAV10@@Z 100030f0 f i ClientSession.obj
 0001:000020f0       ??$forward@AAV?$_Tree_iterator@V?$_Tree_val@U?$_Tree_simple_types@U?$pair@$$CBV?$basic_string@DU?$char_traits@D@std@@V?$allocator@D@2@@std@@V?$list@IV?$allocator@I@std@@@2@@std@@@std@@@std@@@std@@@std@@YAAAV?$_Tree_iterator@V?$_Tree_val@U?$_Tree_simple_types@U?$pair@$$CBV?$basic_string@DU?$char_traits@D@std@@V?$allocator@D@2@@std@@V?$list@IV?$allocator@I@std@@@2@@std@@@std@@@std@@@0@AAV10@@Z 100030f0 f i ClientSession.obj
 0001:000020f0       ??$forward@V?$_Tree_iterator@V?$_Tree_val@U?$_Tree_simple_types@U?$pair@$$CBV?$basic_string@DU?$char_traits@D@std@@V?$allocator@D@2@@std@@V?$list@IV?$allocator@I@std@@@2@@std@@@std@@@std@@@std@@@std@@YA$$QAV?$_Tree_iterator@V?$_Tree_val@U?$_Tree_simple_types@U?$pair@$$CBV?$basic_string@DU?$char_traits@D@std@@V?$allocator@D@2@@std@@V?$list@IV?$allocator@I@std@@@2@@std@@@std@@@std@@@0@AAV10@@Z 100030f0 f i ClientSession.obj
 0001:000020f0       ??$forward@AAPAU?$_Tree_node@U?$pair@$$CBV?$basic_string@DU?$char_traits@D@std@@V?$allocator@D@2@@std@@V?$list@IV?$allocator@I@std@@@2@@std@@PAX@std@@@std@@YAAAPAU?$_Tree_node@U?$pair@$$CBV?$basic_string@DU?$char_traits@D@std@@V?$allocator@D@2@@std@@V?$list@IV?$allocator@I@std@@@2@@std@@PAX@0@AAPAU10@@Z 100030f0 f i ClientSession.obj
 0001:000020f0       ??$forward@ABU?$less@I@std@@@std@@YAABU?$less@I@0@ABU10@@Z 100030f0 f i ClientSession.obj
 0001:000020f0       ?_Left@?$_Tree_val@U?$_Tree_simple_types@U?$pair@$$CBV?$basic_string@DU?$char_traits@D@std@@V?$allocator@D@2@@std@@V?$list@IV?$allocator@I@std@@@2@@std@@@std@@@std@@SAAAPAU?$_Tree_node@U?$pair@$$CBV?$basic_string@DU?$char_traits@D@std@@V?$allocator@D@2@@std@@V?$list@IV?$allocator@I@std@@@2@@std@@PAX@2@PAU32@@Z 100030f0 f i ClientSession.obj
 0001:000020f0       ??$forward@AAU?$pair@IPAVIClientSession@@@std@@@std@@YAAAU?$pair@IPAVIClientSession@@@0@AAU10@@Z 100030f0 f i ClientSession.obj
 0001:000020f0       ?_Left@?$_Tree_val@U?$_Tree_simple_types@U?$pair@$$CBIPAVIClientSession@@@std@@@std@@@std@@SAAAPAU?$_Tree_node@U?$pair@$$CBIPAVIClientSession@@@std@@PAX@2@PAU32@@Z 100030f0 f i ClientSession.obj
 0001:000020f0       ??$forward@V?$_Tree_iterator@V?$_Tree_val@U?$_Tree_simple_types@U?$pair@$$CBIPAVIClientSession@@@std@@@std@@@std@@@std@@@std@@YA$$QAV?$_Tree_iterator@V?$_Tree_val@U?$_Tree_simple_types@U?$pair@$$CBIPAVIClientSession@@@std@@@std@@@std@@@0@AAV10@@Z 100030f0 f i ClientSession.obj
 0001:000020f0       ??$forward@AAPAU?$_Tree_node@U?$pair@$$CBIPAVIClientSession@@@std@@PAX@std@@@std@@YAAAPAU?$_Tree_node@U?$pair@$$CBIPAVIClientSession@@@std@@PAX@0@AAPAU10@@Z 100030f0 f i ClientSession.obj
 0001:000020f0       ??$forward@AAPAD@std@@YAAAPADAAPAD@Z 100030f0 f i ClientProtocolImpl.obj
 0001:000020f0       ??$addressof@$$CBI@std@@YAPBIABI@Z 100030f0 f i ClientSession.obj
 0001:000020f0       ??$forward@AAPAU?$_List_node@PAVIAccount@@PAX@std@@@std@@YAAAPAU?$_List_node@PAVIAccount@@PAX@0@AAPAU10@@Z 100030f0 f i ClientSession.obj
 0001:000020f0       ??$forward@V?$tuple@$$V@std@@@std@@YA$$QAV?$tuple@$$V@0@AAV10@@Z 100030f0 f i ClientSession.obj
 0001:000020f0       ??$addressof@PAD@std@@YAPAPADAAPAD@Z 100030f0 f i ClientProtocolImpl.obj
 0001:000020f0       ??$_Kfn@$$CBIPAVIClientSession@@@?$_Tmap_traits@IPAVIClientSession@@U?$less@I@std@@V?$allocator@U?$pair@$$CBIPAVIClientSession@@@std@@@3@$0A@@std@@SAABIABU?$pair@$$CBIPAVIClientSession@@@1@@Z 100030f0 f i ClientSession.obj
 0001:000020f0       ??$_Unfancy@D@std@@YAPADPAD@Z 100030f0 f i ClientProtocolImpl.obj
 0001:000020f0       ??$forward@U?$_Wrap_alloc@V?$allocator@U?$_List_node@IPAX@std@@@std@@@std@@@std@@YA$$QAU?$_Wrap_alloc@V?$allocator@U?$_List_node@IPAX@std@@@std@@@0@AAU10@@Z 100030f0 f i ClientSession.obj
 0001:000020f0       ??$forward@AAV?$_Tree_iterator@V?$_Tree_val@U?$_Tree_simple_types@U?$pair@$$CBIPAVIClientSession@@@std@@@std@@@std@@@std@@@std@@YAAAV?$_Tree_iterator@V?$_Tree_val@U?$_Tree_simple_types@U?$pair@$$CBIPAVIClientSession@@@std@@@std@@@std@@@0@AAV10@@Z 100030f0 f i ClientSession.obj
 0001:000020f0       ??$addressof@PAU?$_Tree_node@U?$pair@$$CBV?$basic_string@DU?$char_traits@D@std@@V?$allocator@D@2@@std@@V?$list@IV?$allocator@I@std@@@2@@std@@PAX@std@@@std@@YAPAPAU?$_Tree_node@U?$pair@$$CBV?$basic_string@DU?$char_traits@D@std@@V?$allocator@D@2@@std@@V?$list@IV?$allocator@I@std@@@2@@std@@PAX@0@AAPAU10@@Z 100030f0 f i ClientSession.obj
 0001:000020f0       ??$addressof@PAVIAccount@@@std@@YAPAPAVIAccount@@AAPAV1@@Z 100030f0 f i ClientSession.obj
 0001:000020f0       ??$forward@AAU?$pair@$$CBIPAVIClientSession@@@std@@@std@@YAAAU?$pair@$$CBIPAVIClientSession@@@0@AAU10@@Z 100030f0 f i ClientSession.obj
 0001:000020f0       ??$_Kfn@$$CBV?$basic_string@DU?$char_traits@D@std@@V?$allocator@D@2@@std@@V?$list@IV?$allocator@I@std@@@2@@?$_Tmap_traits@V?$basic_string@DU?$char_traits@D@std@@V?$allocator@D@2@@std@@V?$list@IV?$allocator@I@std@@@2@U?$less@V?$basic_string@DU?$char_traits@D@std@@V?$allocator@D@2@@std@@@2@V?$allocator@U?$pair@$$CBV?$basic_string@DU?$char_traits@D@std@@V?$allocator@D@2@@std@@V?$list@IV?$allocator@I@std@@@2@@std@@@2@$0A@@std@@SAABV?$basic_string@DU?$char_traits@D@std@@V?$allocator@D@2@@1@ABU?$pair@$$CBV?$basic_string@DU?$char_traits@D@std@@V?$allocator@D@2@@std@@V?$list@IV?$allocator@I@std@@@2@@1@@Z 100030f0 f i ClientSession.obj
 0001:000020f0       ??$forward@ABU?$less@V?$basic_string@DU?$char_traits@D@std@@V?$allocator@D@2@@std@@@std@@@std@@YAABU?$less@V?$basic_string@DU?$char_traits@D@std@@V?$allocator@D@2@@std@@@0@ABU10@@Z 100030f0 f i ClientSession.obj
 0001:000020f0       ??$forward@AAPAVIClientSession@@@std@@YAAAPAVIClientSession@@AAPAV1@@Z 100030f0 f i ClientSession.obj
 0001:000020f0       ??$addressof@U?$pair@$$CBIPAVIClientSession@@@std@@@std@@YAPAU?$pair@$$CBIPAVIClientSession@@@0@AAU10@@Z 100030f0 f i ClientSession.obj
 0001:000020f0       ??$move@AAD@std@@YA$$QADAAD@Z 100030f0 f i ClientSession.obj
 0001:000020f0       ??$forward@U_Zero_then_variadic_args_t@std@@@std@@YA$$QAU_Zero_then_variadic_args_t@0@AAU10@@Z 100030f0 f i ClientSession.obj
 0001:000020f0       ??$forward@I@std@@YA$$QAIAAI@Z 100030f0 f i ClientSession.obj
 0001:000020f0       ??$forward@U?$_Wrap_alloc@V?$allocator@D@std@@@std@@@std@@YA$$QAU?$_Wrap_alloc@V?$allocator@D@std@@@0@AAU10@@Z 100030f0 f i ClientSession.obj
 0001:000020f0       ??$forward@ABI@std@@YAABIABI@Z 100030f0 f i ClientSession.obj
 0001:000020f0       ??$move@AAU?$_Wrap_alloc@V?$allocator@D@std@@@std@@@std@@YA$$QAU?$_Wrap_alloc@V?$allocator@D@std@@@0@AAU10@@Z 100030f0 f i ClientSession.obj
 0001:000020f0       ??$forward@AAU?$pair@$$CBV?$basic_string@DU?$char_traits@D@std@@V?$allocator@D@2@@std@@V?$list@IV?$allocator@I@std@@@2@@std@@@std@@YAAAU?$pair@$$CBV?$basic_string@DU?$char_traits@D@std@@V?$allocator@D@2@@std@@V?$list@IV?$allocator@I@std@@@2@@0@AAU10@@Z 100030f0 f i ClientSession.obj
 0001:000020f0       ?_Nextnode@?$_List_val@U?$_List_simple_types@I@std@@@std@@SAAAPAU?$_List_node@IPAX@2@PAU32@@Z 100030f0 f i ClientSession.obj
 0001:000020f0       ??$addressof@PAU?$_List_node@IPAX@std@@@std@@YAPAPAU?$_List_node@IPAX@0@AAPAU10@@Z 100030f0 f i ClientSession.obj
 0001:000020f0       ?_Nextnode@?$_List_val@U?$_List_simple_types@PAVIAccount@@@std@@@std@@SAAAPAU?$_List_node@PAVIAccount@@PAX@2@PAU32@@Z 100030f0 f i ClientSession.obj
 0001:000020f0       ??$forward@V?$allocator@D@std@@@std@@YA$$QAV?$allocator@D@0@AAV10@@Z 100030f0 f i ClientSession.obj
 0001:000020f0       ??$forward@AAPAU?$_List_node@IPAX@std@@@std@@YAAAPAU?$_List_node@IPAX@0@AAPAU10@@Z 100030f0 f i ClientSession.obj
 0001:000020f0       ??$move@AAU?$_Wrap_alloc@V?$allocator@U?$_List_node@IPAX@std@@@std@@@std@@@std@@YA$$QAU?$_Wrap_alloc@V?$allocator@U?$_List_node@IPAX@std@@@std@@@0@AAU10@@Z 100030f0 f i ClientSession.obj
 0001:000020f0       ??$forward@ABUpiecewise_construct_t@std@@@std@@YAABUpiecewise_construct_t@0@ABU10@@Z 100030f0 f i ClientSession.obj
 0001:000020f0       ??$addressof@I@std@@YAPAIAAI@Z 100030f0 f i ClientSession.obj
 0001:000020f0       ??$addressof@PAU?$_List_node@PAVIAccount@@PAX@std@@@std@@YAPAPAU?$_List_node@PAVIAccount@@PAX@0@AAPAU10@@Z 100030f0 f i ClientSession.obj
 0001:000020f0       ??$addressof@U?$pair@$$CBV?$basic_string@DU?$char_traits@D@std@@V?$allocator@D@2@@std@@V?$list@IV?$allocator@I@std@@@2@@std@@@std@@YAPAU?$pair@$$CBV?$basic_string@DU?$char_traits@D@std@@V?$allocator@D@2@@std@@V?$list@IV?$allocator@I@std@@@2@@0@AAU10@@Z 100030f0 f i ClientSession.obj
 0001:000020f0       ??$addressof@PAU?$_Tree_node@U?$pair@$$CBIPAVIClientSession@@@std@@PAX@std@@@std@@YAPAPAU?$_Tree_node@U?$pair@$$CBIPAVIClientSession@@@std@@PAX@0@AAPAU10@@Z 100030f0 f i ClientSession.obj
 0001:000020f0       ??$forward@V?$tuple@ABI@std@@@std@@YA$$QAV?$tuple@ABI@0@AAV10@@Z 100030f0 f i ClientSession.obj
 0001:000020f0       ??$forward@AAU?$pair@V?$basic_string@DU?$char_traits@D@std@@V?$allocator@D@2@@std@@V?$list@IV?$allocator@I@std@@@2@@std@@@std@@YAAAU?$pair@V?$basic_string@DU?$char_traits@D@std@@V?$allocator@D@2@@std@@V?$list@IV?$allocator@I@std@@@2@@0@AAU10@@Z 100030f0 f i ClientSession.obj
 0001:00002100       ??$destroy@PAU?$_List_node@IPAX@std@@@?$_Wrap_alloc@V?$allocator@U?$_List_node@IPAX@std@@@std@@@std@@QAEXPAPAU?$_List_node@IPAX@1@@Z 10003100 f i ClientSession.obj
 0001:00002100       ??$destroy@PAU?$_Tree_node@U?$pair@$$CBIPAVIClientSession@@@std@@PAX@std@@@?$_Wrap_alloc@V?$allocator@U?$_Tree_node@U?$pair@$$CBIPAVIClientSession@@@std@@PAX@std@@@std@@@std@@QAEXPAPAU?$_Tree_node@U?$pair@$$CBIPAVIClientSession@@@std@@PAX@1@@Z 10003100 f i ClientSession.obj
 0001:00002100       ??$destroy@PAVIAccount@@@?$_Wrap_alloc@V?$allocator@U?$_List_node@PAVIAccount@@PAX@std@@@std@@@std@@QAEXPAPAVIAccount@@@Z 10003100 f i ClientSession.obj
 0001:00002100       ??$destroy@PAD@?$_Wrap_alloc@V?$allocator@D@std@@@std@@QAEXPAPAD@Z 10003100 f i ClientProtocolImpl.obj
 0001:00002100       ??$destroy@U?$pair@$$CBIPAVIClientSession@@@std@@@?$_Wrap_alloc@V?$allocator@U?$_Tree_node@U?$pair@$$CBIPAVIClientSession@@@std@@PAX@std@@@std@@@std@@QAEXPAU?$pair@$$CBIPAVIClientSession@@@1@@Z 10003100 f i ClientSession.obj
 0001:00002100       ??$destroy@PAU?$_List_node@PAVIAccount@@PAX@std@@@?$_Wrap_alloc@V?$allocator@U?$_List_node@PAVIAccount@@PAX@std@@@std@@@std@@QAEXPAPAU?$_List_node@PAVIAccount@@PAX@1@@Z 10003100 f i ClientSession.obj
 0001:00002100       ??$destroy@I@?$_Wrap_alloc@V?$allocator@U?$_List_node@IPAX@std@@@std@@@std@@QAEXPAI@Z 10003100 f i ClientSession.obj
 0001:00002100       ??$destroy@PAU?$_Tree_node@U?$pair@$$CBV?$basic_string@DU?$char_traits@D@std@@V?$allocator@D@2@@std@@V?$list@IV?$allocator@I@std@@@2@@std@@PAX@std@@@?$_Wrap_alloc@V?$allocator@U?$_Tree_node@U?$pair@$$CBV?$basic_string@DU?$char_traits@D@std@@V?$allocator@D@2@@std@@V?$list@IV?$allocator@I@std@@@2@@std@@PAX@std@@@std@@@std@@QAEXPAPAU?$_Tree_node@U?$pair@$$CBV?$basic_string@DU?$char_traits@D@std@@V?$allocator@D@2@@std@@V?$list@IV?$allocator@I@std@@@2@@std@@PAX@1@@Z 10003100 f i ClientSession.obj
 0001:00002120       ??$construct@PAU?$_Tree_node@U?$pair@$$CBV?$basic_string@DU?$char_traits@D@std@@V?$allocator@D@2@@std@@V?$list@IV?$allocator@I@std@@@2@@std@@PAX@std@@AAPAU12@@?$_Wrap_alloc@V?$allocator@U?$_Tree_node@U?$pair@$$CBV?$basic_string@DU?$char_traits@D@std@@V?$allocator@D@2@@std@@V?$list@IV?$allocator@I@std@@@2@@std@@PAX@std@@@std@@@std@@QAEXPAPAU?$_Tree_node@U?$pair@$$CBV?$basic_string@DU?$char_traits@D@std@@V?$allocator@D@2@@std@@V?$list@IV?$allocator@I@std@@@2@@std@@PAX@1@AAPAU21@@Z 10003120 f i ClientSession.obj
 0001:00002120       ??$construct@PAU?$_List_node@IPAX@std@@AAPAU12@@?$_Wrap_alloc@V?$allocator@U?$_List_node@IPAX@std@@@std@@@std@@QAEXPAPAU?$_List_node@IPAX@1@AAPAU21@@Z 10003120 f i ClientSession.obj
 0001:00002120       ??$construct@IABI@?$_Wrap_alloc@V?$allocator@U?$_List_node@IPAX@std@@@std@@@std@@QAEXPAIABI@Z 10003120 f i ClientSession.obj
 0001:00002120       ??$construct@II@?$_Wrap_alloc@V?$allocator@U?$_List_node@IPAX@std@@@std@@@std@@QAEXPAI$$QAI@Z 10003120 f i ClientSession.obj
 0001:00002120       ??$construct@PADAAPAD@?$_Wrap_alloc@V?$allocator@D@std@@@std@@QAEXPAPADAAPAD@Z 10003120 f i ClientProtocolImpl.obj
 0001:00002120       ??$construct@PAVIAccount@@ABQAV1@@?$_Wrap_alloc@V?$allocator@U?$_List_node@PAVIAccount@@PAX@std@@@std@@@std@@QAEXPAPAVIAccount@@ABQAV2@@Z 10003120 f i ClientSession.obj
 0001:00002120       ??$construct@PAU?$_List_node@PAVIAccount@@PAX@std@@AAPAU12@@?$_Wrap_alloc@V?$allocator@U?$_List_node@PAVIAccount@@PAX@std@@@std@@@std@@QAEXPAPAU?$_List_node@PAVIAccount@@PAX@1@AAPAU21@@Z 10003120 f i ClientSession.obj
 0001:00002120       ??$construct@PAU?$_Tree_node@U?$pair@$$CBIPAVIClientSession@@@std@@PAX@std@@AAPAU12@@?$_Wrap_alloc@V?$allocator@U?$_Tree_node@U?$pair@$$CBIPAVIClientSession@@@std@@PAX@std@@@std@@@std@@QAEXPAPAU?$_Tree_node@U?$pair@$$CBIPAVIClientSession@@@std@@PAX@1@AAPAU21@@Z 10003120 f i ClientSession.obj
 0001:00002150       ??0?$_String_val@U?$_Simple_types@D@std@@@std@@QAE@XZ 10003150 f i ClientProtocolImpl.obj
 0001:00002180       ??0?$_Wrap_alloc@V?$allocator@U?$_List_node@PAVIAccount@@PAX@std@@@std@@@std@@QAE@XZ 10003180 f i ClientSession.obj
 0001:00002180       ??0?$_Wrap_alloc@V?$allocator@U?$_Tree_node@U?$pair@$$CBV?$basic_string@DU?$char_traits@D@std@@V?$allocator@D@2@@std@@V?$list@IV?$allocator@I@std@@@2@@std@@PAX@std@@@std@@@std@@QAE@XZ 10003180 f i ClientSession.obj
 0001:00002180       ??0?$_Wrap_alloc@V?$allocator@U?$_Tree_node@U?$pair@$$CBIPAVIClientSession@@@std@@PAX@std@@@std@@@std@@QAE@XZ 10003180 f i ClientSession.obj
 0001:00002180       ??0?$_Wrap_alloc@V?$allocator@U?$_List_node@IPAX@std@@@std@@@std@@QAE@XZ 10003180 f i ClientSession.obj
 0001:00002180       ??0?$_Wrap_alloc@V?$allocator@D@std@@@std@@QAE@XZ 10003180 f i ClientProtocolImpl.obj
 0001:000021a0       ??$destroy@PAU?$_Tree_node@U?$pair@$$CBIPAVIClientSession@@@std@@PAX@std@@@?$allocator_traits@V?$allocator@U?$_Tree_node@U?$pair@$$CBIPAVIClientSession@@@std@@PAX@std@@@std@@@std@@SAXAAV?$allocator@U?$_Tree_node@U?$pair@$$CBIPAVIClientSession@@@std@@PAX@std@@@1@PAPAU?$_Tree_node@U?$pair@$$CBIPAVIClientSession@@@std@@PAX@1@@Z 100031a0 f i ClientSession.obj
 0001:000021a0       ??$destroy@I@?$allocator_traits@V?$allocator@U?$_List_node@IPAX@std@@@std@@@std@@SAXAAV?$allocator@U?$_List_node@IPAX@std@@@1@PAI@Z 100031a0 f i ClientSession.obj
 0001:000021a0       ??$destroy@PAU?$_Tree_node@U?$pair@$$CBV?$basic_string@DU?$char_traits@D@std@@V?$allocator@D@2@@std@@V?$list@IV?$allocator@I@std@@@2@@std@@PAX@std@@@?$allocator_traits@V?$allocator@U?$_Tree_node@U?$pair@$$CBV?$basic_string@DU?$char_traits@D@std@@V?$allocator@D@2@@std@@V?$list@IV?$allocator@I@std@@@2@@std@@PAX@std@@@std@@@std@@SAXAAV?$allocator@U?$_Tree_node@U?$pair@$$CBV?$basic_string@DU?$char_traits@D@std@@V?$allocator@D@2@@std@@V?$list@IV?$allocator@I@std@@@2@@std@@PAX@std@@@1@PAPAU?$_Tree_node@U?$pair@$$CBV?$basic_string@DU?$char_traits@D@std@@V?$allocator@D@2@@std@@V?$list@IV?$allocator@I@std@@@2@@std@@PAX@1@@Z 100031a0 f i ClientSession.obj
 0001:000021a0       ??$destroy@PAU?$_List_node@IPAX@std@@@?$allocator_traits@V?$allocator@U?$_List_node@IPAX@std@@@std@@@std@@SAXAAV?$allocator@U?$_List_node@IPAX@std@@@1@PAPAU?$_List_node@IPAX@1@@Z 100031a0 f i ClientSession.obj
 0001:000021a0       ??$destroy@PAD@?$allocator_traits@V?$allocator@D@std@@@std@@SAXAAV?$allocator@D@1@PAPAD@Z 100031a0 f i ClientProtocolImpl.obj
 0001:000021a0       ??$destroy@PAU?$_List_node@PAVIAccount@@PAX@std@@@?$allocator_traits@V?$allocator@U?$_List_node@PAVIAccount@@PAX@std@@@std@@@std@@SAXAAV?$allocator@U?$_List_node@PAVIAccount@@PAX@std@@@1@PAPAU?$_List_node@PAVIAccount@@PAX@1@@Z 100031a0 f i ClientSession.obj
 0001:000021a0       ??$destroy@PAVIAccount@@@?$allocator_traits@V?$allocator@U?$_List_node@PAVIAccount@@PAX@std@@@std@@@std@@SAXAAV?$allocator@U?$_List_node@PAVIAccount@@PAX@std@@@1@PAPAVIAccount@@@Z 100031a0 f i ClientSession.obj
 0001:000021a0       ??$destroy@U?$pair@$$CBIPAVIClientSession@@@std@@@?$allocator_traits@V?$allocator@U?$_Tree_node@U?$pair@$$CBIPAVIClientSession@@@std@@PAX@std@@@std@@@std@@SAXAAV?$allocator@U?$_Tree_node@U?$pair@$$CBIPAVIClientSession@@@std@@PAX@std@@@1@PAU?$pair@$$CBIPAVIClientSession@@@1@@Z 100031a0 f i ClientSession.obj
 0001:000021c0       ??$construct@II@?$allocator_traits@V?$allocator@U?$_List_node@IPAX@std@@@std@@@std@@SAXAAV?$allocator@U?$_List_node@IPAX@std@@@1@PAI$$QAI@Z 100031c0 f i ClientSession.obj
 0001:000021c0       ??$construct@PAU?$_Tree_node@U?$pair@$$CBV?$basic_string@DU?$char_traits@D@std@@V?$allocator@D@2@@std@@V?$list@IV?$allocator@I@std@@@2@@std@@PAX@std@@AAPAU12@@?$allocator_traits@V?$allocator@U?$_Tree_node@U?$pair@$$CBV?$basic_string@DU?$char_traits@D@std@@V?$allocator@D@2@@std@@V?$list@IV?$allocator@I@std@@@2@@std@@PAX@std@@@std@@@std@@SAXAAV?$allocator@U?$_Tree_node@U?$pair@$$CBV?$basic_string@DU?$char_traits@D@std@@V?$allocator@D@2@@std@@V?$list@IV?$allocator@I@std@@@2@@std@@PAX@std@@@1@PAPAU?$_Tree_node@U?$pair@$$CBV?$basic_string@DU?$char_traits@D@std@@V?$allocator@D@2@@std@@V?$list@IV?$allocator@I@std@@@2@@std@@PAX@1@AAPAU31@@Z 100031c0 f i ClientSession.obj
 0001:000021c0       ??$construct@PAU?$_List_node@PAVIAccount@@PAX@std@@AAPAU12@@?$allocator_traits@V?$allocator@U?$_List_node@PAVIAccount@@PAX@std@@@std@@@std@@SAXAAV?$allocator@U?$_List_node@PAVIAccount@@PAX@std@@@1@PAPAU?$_List_node@PAVIAccount@@PAX@1@AAPAU31@@Z 100031c0 f i ClientSession.obj
 0001:000021c0       ??$construct@PADAAPAD@?$allocator_traits@V?$allocator@D@std@@@std@@SAXAAV?$allocator@D@1@PAPADAAPAD@Z 100031c0 f i ClientProtocolImpl.obj
 0001:000021c0       ??$construct@IABI@?$allocator_traits@V?$allocator@U?$_List_node@IPAX@std@@@std@@@std@@SAXAAV?$allocator@U?$_List_node@IPAX@std@@@1@PAIABI@Z 100031c0 f i ClientSession.obj
 0001:000021c0       ??$construct@PAU?$_List_node@IPAX@std@@AAPAU12@@?$allocator_traits@V?$allocator@U?$_List_node@IPAX@std@@@std@@@std@@SAXAAV?$allocator@U?$_List_node@IPAX@std@@@1@PAPAU?$_List_node@IPAX@1@AAPAU31@@Z 100031c0 f i ClientSession.obj
 0001:000021c0       ??$construct@PAU?$_Tree_node@U?$pair@$$CBIPAVIClientSession@@@std@@PAX@std@@AAPAU12@@?$allocator_traits@V?$allocator@U?$_Tree_node@U?$pair@$$CBIPAVIClientSession@@@std@@PAX@std@@@std@@@std@@SAXAAV?$allocator@U?$_Tree_node@U?$pair@$$CBIPAVIClientSession@@@std@@PAX@std@@@1@PAPAU?$_Tree_node@U?$pair@$$CBIPAVIClientSession@@@std@@PAX@1@AAPAU31@@Z 100031c0 f i ClientSession.obj
 0001:000021c0       ??$construct@PAVIAccount@@ABQAV1@@?$allocator_traits@V?$allocator@U?$_List_node@PAVIAccount@@PAX@std@@@std@@@std@@SAXAAV?$allocator@U?$_List_node@PAVIAccount@@PAX@std@@@1@PAPAVIAccount@@ABQAV3@@Z 100031c0 f i ClientSession.obj
 0001:000021e0       ??$destroy@PAU?$_List_node@IPAX@std@@@?$allocator@U?$_List_node@IPAX@std@@@std@@QAEXPAPAU?$_List_node@IPAX@1@@Z 100031e0 f i ClientSession.obj
 0001:000021e0       ??$destroy@I@?$allocator@U?$_List_node@IPAX@std@@@std@@QAEXPAI@Z 100031e0 f i ClientSession.obj
 0001:000021e0       ??$destroy@PAD@?$allocator@D@std@@QAEXPAPAD@Z 100031e0 f i ClientProtocolImpl.obj
 0001:000021e0       ??$destroy@U?$pair@$$CBIPAVIClientSession@@@std@@@?$allocator@U?$_Tree_node@U?$pair@$$CBIPAVIClientSession@@@std@@PAX@std@@@std@@QAEXPAU?$pair@$$CBIPAVIClientSession@@@1@@Z 100031e0 f i ClientSession.obj
 0001:000021e0       ??$destroy@PAU?$_Tree_node@U?$pair@$$CBV?$basic_string@DU?$char_traits@D@std@@V?$allocator@D@2@@std@@V?$list@IV?$allocator@I@std@@@2@@std@@PAX@std@@@?$allocator@U?$_Tree_node@U?$pair@$$CBV?$basic_string@DU?$char_traits@D@std@@V?$allocator@D@2@@std@@V?$list@IV?$allocator@I@std@@@2@@std@@PAX@std@@@std@@QAEXPAPAU?$_Tree_node@U?$pair@$$CBV?$basic_string@DU?$char_traits@D@std@@V?$allocator@D@2@@std@@V?$list@IV?$allocator@I@std@@@2@@std@@PAX@1@@Z 100031e0 f i ClientSession.obj
 0001:000021e0       ?_Adopt@_Iterator_base0@std@@QAEXPBX@Z 100031e0 f i ClientSession.obj
 0001:000021e0       ??$destroy@PAU?$_List_node@PAVIAccount@@PAX@std@@@?$allocator@U?$_List_node@PAVIAccount@@PAX@std@@@std@@QAEXPAPAU?$_List_node@PAVIAccount@@PAX@1@@Z 100031e0 f i ClientSession.obj
 0001:000021e0       ??$destroy@PAVIAccount@@@?$allocator@U?$_List_node@PAVIAccount@@PAX@std@@@std@@QAEXPAPAVIAccount@@@Z 100031e0 f i ClientSession.obj
 0001:000021e0       ??$destroy@PAU?$_Tree_node@U?$pair@$$CBIPAVIClientSession@@@std@@PAX@std@@@?$allocator@U?$_Tree_node@U?$pair@$$CBIPAVIClientSession@@@std@@PAX@std@@@std@@QAEXPAPAU?$_Tree_node@U?$pair@$$CBIPAVIClientSession@@@std@@PAX@1@@Z 100031e0 f i ClientSession.obj
 0001:000021f0       ??$construct@PADAAPAD@?$allocator@D@std@@QAEXPAPADAAPAD@Z 100031f0 f i ClientProtocolImpl.obj
 0001:000021f0       ??$construct@PAU?$_List_node@IPAX@std@@AAPAU12@@?$allocator@U?$_List_node@IPAX@std@@@std@@QAEXPAPAU?$_List_node@IPAX@1@AAPAU21@@Z 100031f0 f i ClientSession.obj
 0001:000021f0       ??$construct@IABI@?$allocator@U?$_List_node@IPAX@std@@@std@@QAEXPAIABI@Z 100031f0 f i ClientSession.obj
 0001:000021f0       ??$construct@PAVIAccount@@ABQAV1@@?$allocator@U?$_List_node@PAVIAccount@@PAX@std@@@std@@QAEXPAPAVIAccount@@ABQAV2@@Z 100031f0 f i ClientSession.obj
 0001:000021f0       ??$construct@PAU?$_List_node@PAVIAccount@@PAX@std@@AAPAU12@@?$allocator@U?$_List_node@PAVIAccount@@PAX@std@@@std@@QAEXPAPAU?$_List_node@PAVIAccount@@PAX@1@AAPAU21@@Z 100031f0 f i ClientSession.obj
 0001:000021f0       ??$construct@PAU?$_Tree_node@U?$pair@$$CBV?$basic_string@DU?$char_traits@D@std@@V?$allocator@D@2@@std@@V?$list@IV?$allocator@I@std@@@2@@std@@PAX@std@@AAPAU12@@?$allocator@U?$_Tree_node@U?$pair@$$CBV?$basic_string@DU?$char_traits@D@std@@V?$allocator@D@2@@std@@V?$list@IV?$allocator@I@std@@@2@@std@@PAX@std@@@std@@QAEXPAPAU?$_Tree_node@U?$pair@$$CBV?$basic_string@DU?$char_traits@D@std@@V?$allocator@D@2@@std@@V?$list@IV?$allocator@I@std@@@2@@std@@PAX@1@AAPAU21@@Z 100031f0 f i ClientSession.obj
 0001:000021f0       ??$construct@PAU?$_Tree_node@U?$pair@$$CBIPAVIClientSession@@@std@@PAX@std@@AAPAU12@@?$allocator@U?$_Tree_node@U?$pair@$$CBIPAVIClientSession@@@std@@PAX@std@@@std@@QAEXPAPAU?$_Tree_node@U?$pair@$$CBIPAVIClientSession@@@std@@PAX@1@AAPAU21@@Z 100031f0 f i ClientSession.obj
 0001:000021f0       ??$construct@II@?$allocator@U?$_List_node@IPAX@std@@@std@@QAEXPAI$$QAI@Z 100031f0 f i ClientSession.obj
 0001:00002240       ??3@YAXPAX0@Z              10003240 f i ClientSession.obj
 0001:00002250       ?compare@?$char_traits@D@std@@SAHPBD0I@Z 10003250 f i ClientSession.obj
 0001:00002290       ?_Getcont@_Iterator_base0@std@@QBEPBU_Container_base0@2@XZ 10003290 f i ClientSession.obj
 0001:000022a0       ??0?$allocator@D@std@@QAE@ABV01@@Z 100032a0 f i ClientSession.obj
 0001:000022a0       ??$?0U_Exact_args_t@std@@$0A@@?$tuple@$$V@std@@QAE@U_Exact_args_t@1@@Z 100032a0 f i ClientSession.obj
 0001:000022a0       ??0?$tuple@$$V@std@@QAE@ABV01@@Z 100032a0 f i ClientSession.obj
 0001:000022a0       ??0?$allocator@U?$_List_node@IPAX@std@@@std@@QAE@ABV01@@Z 100032a0 f i ClientSession.obj
 0001:00002710       ??1IClientSession@@UAE@XZ  10003710 f i ClientSession.obj
 0001:00002730       ??_GIClientSession@@UAEPAXI@Z 10003730 f i ClientSession.obj
 0001:00002730       ??_EIClientSession@@UAEPAXI@Z 10003730 f i * CIL library *:* CIL module *
 0001:00002760       ??1IClientSessionMgr@@UAE@XZ 10003760 f i ClientSession.obj
 0001:00002780       ??_EIClientSessionMgr@@UAEPAXI@Z 10003780 f i * CIL library *:* CIL module *
 0001:00002780       ??_GIClientSessionMgr@@UAEPAXI@Z 10003780 f i ClientSession.obj
 0001:000027b0       ?GetAccountList@ClientSession@@UAEAAV?$list@PAVIAccount@@V?$allocator@PAVIAccount@@@std@@@std@@XZ 100037b0 f i ClientSession.obj
 0001:000027d0       ??0ClientSession@@QAE@IPADG@Z 100037d0 f   ClientSession.obj
 0001:00002930       ??_GClientSession@@UAEPAXI@Z 10003930 f i ClientSession.obj
 0001:00002930       ??_EClientSession@@UAEPAXI@Z 10003930 f i * CIL library *:* CIL module *
 0001:00002970       ??0IClientSession@@QAE@XZ  10003970 f i ClientSession.obj
 0001:00002990       ??1ClientSession@@UAE@XZ   10003990 f   ClientSession.obj
 0001:000029f0       ?GetClientId@ClientSession@@UAEIXZ 100039f0 f   ClientSession.obj
 0001:00002a10       ?GetClientIp@ClientSession@@UAEPADXZ 10003a10 f   ClientSession.obj
 0001:00002a30       ?GetclientPort@ClientSession@@UAEGXZ 10003a30 f   ClientSession.obj
 0001:00002a50       ?HandleRecdBuffer@ClientSession@@UAEXPADIPAVIServerProtocolEvents@@@Z 10003a50 f   ClientSession.obj
 0001:00002f70       ?AddAccount@ClientSession@@UAEXPAVIAccount@@@Z 10003f70 f   ClientSession.obj
 0001:00002fb0       ?RemoveAccount@ClientSession@@UAE?AV?$_List_iterator@V?$_List_val@U?$_List_simple_types@PAVIAccount@@@std@@@std@@@std@@PAVIAccount@@AAV23@@Z 10003fb0 f   ClientSession.obj
 0001:00003010       ?SetUserName@ClientSession@@UAEXPAD@Z 10004010 f   ClientSession.obj
 0001:00003030       ?GetUserNameA@ClientSession@@UAEPBDXZ 10004030 f   ClientSession.obj
 0001:00003050       ??0ClientSessionMgr@@QAE@PAVIServerProtocol@@@Z 10004050 f   ClientSession.obj
 0001:00003120       ??_EClientSessionMgr@@UAEPAXI@Z 10004120 f i * CIL library *:* CIL module *
 0001:00003120       ??_GClientSessionMgr@@UAEPAXI@Z 10004120 f i ClientSession.obj
 0001:00003150       ??0IClientSessionMgr@@QAE@XZ 10004150 f i ClientSession.obj
 0001:00003170       ??1?$map@IPAVIClientSession@@U?$less@I@std@@V?$allocator@U?$pair@$$CBIPAVIClientSession@@@std@@@3@@std@@QAE@XZ 10004170 f i ClientSession.obj
 0001:00003190       ??1?$map@V?$basic_string@DU?$char_traits@D@std@@V?$allocator@D@2@@std@@V?$list@IV?$allocator@I@std@@@2@U?$less@V?$basic_string@DU?$char_traits@D@std@@V?$allocator@D@2@@std@@@2@V?$allocator@U?$pair@$$CBV?$basic_string@DU?$char_traits@D@std@@V?$allocator@D@2@@std@@V?$list@IV?$allocator@I@std@@@2@@std@@@2@@std@@QAE@XZ 10004190 f i ClientSession.obj
 0001:000031b0       ??1ClientSessionMgr@@UAE@XZ 100041b0 f   ClientSession.obj
 0001:000032d0       ?UpdateSendTime@ClientSessionMgr@@UAE_NI@Z 100042d0 f   ClientSession.obj
 0001:00003360       ?Add@ClientSessionMgr@@UAEXIPADG@Z 10004360 f   ClientSession.obj
 0001:00003430       ?AcquireSessionLock@ClientSessionMgr@@UAEXXZ 10004430 f   ClientSession.obj
 0001:00003460       ?ReleaseSessionLock@ClientSessionMgr@@UAEXXZ 10004460 f   ClientSession.obj
 0001:00003490       ?AddUserName@ClientSessionMgr@@UAEXIV?$basic_string@DU?$char_traits@D@std@@V?$allocator@D@2@@std@@@Z 10004490 f   ClientSession.obj
 0001:00003640       ??1?$pair@$$CBV?$basic_string@DU?$char_traits@D@std@@V?$allocator@D@2@@std@@V?$list@IV?$allocator@I@std@@@2@@std@@QAE@XZ 10004640 f i ClientSession.obj
 0001:00003640       ??1?$pair@V?$basic_string@DU?$char_traits@D@std@@V?$allocator@D@2@@std@@V?$list@IV?$allocator@I@std@@@2@@std@@QAE@XZ 10004640 f i ClientSession.obj
 0001:00003660       ?Remove@ClientSessionMgr@@UAEXI@Z 10004660 f   ClientSession.obj
 0001:000037f0       ?GetClientSessionList@ClientSessionMgr@@UAEPAV?$list@IV?$allocator@I@std@@@std@@V?$basic_string@DU?$char_traits@D@std@@V?$allocator@D@2@@3@@Z 100047f0 f   ClientSession.obj
 0001:00003890       ?GetClientSession@ClientSessionMgr@@UAEPAVIClientSession@@I@Z 10004890 f   ClientSession.obj
 0001:00003910       ?DisconnectClient@ClientSessionMgr@@UAEXI@Z 10004910 f   ClientSession.obj
 0001:00003940       ?IsShutdown@ClientSessionMgr@@UAE_NXZ 10004940 f   ClientSession.obj
 0001:00003960       ?ConnectionReviewer@ClientSessionMgr@@SAKPAX@Z 10004960 f   ClientSession.obj
 0001:00003970       ?SetGroupID@ClientSession@@UAEXH@Z 10004970 f   ClientSession.obj
 0001:00003990       ?GetGroupID@ClientSession@@UAEHXZ 10004990 f   ClientSession.obj
 0001:000039b0       ??D?$_Tree_iterator@V?$_Tree_val@U?$_Tree_simple_types@U?$pair@$$CBIPAVIClientSession@@@std@@@std@@@std@@@std@@QBEAAU?$pair@$$CBIPAVIClientSession@@@1@XZ 100049b0 f i ClientSession.obj
 0001:000039b0       ??D?$_Tree_iterator@V?$_Tree_val@U?$_Tree_simple_types@U?$pair@$$CBV?$basic_string@DU?$char_traits@D@std@@V?$allocator@D@2@@std@@V?$list@IV?$allocator@I@std@@@2@@std@@@std@@@std@@@std@@QBEAAU?$pair@$$CBV?$basic_string@DU?$char_traits@D@std@@V?$allocator@D@2@@std@@V?$list@IV?$allocator@I@std@@@2@@1@XZ 100049b0 f i ClientSession.obj
 0001:000039d0       ??9?$_Tree_const_iterator@V?$_Tree_val@U?$_Tree_simple_types@U?$pair@$$CBIPAVIClientSession@@@std@@@std@@@std@@@std@@QBE_NABV01@@Z 100049d0 f i ClientSession.obj
 0001:000039d0       ??9?$_Tree_const_iterator@V?$_Tree_val@U?$_Tree_simple_types@U?$pair@$$CBV?$basic_string@DU?$char_traits@D@std@@V?$allocator@D@2@@std@@V?$list@IV?$allocator@I@std@@@2@@std@@@std@@@std@@@std@@QBE_NABV01@@Z 100049d0 f i ClientSession.obj
 0001:000039d0       ??9?$_List_const_iterator@V?$_List_val@U?$_List_simple_types@I@std@@@std@@@std@@QBE_NABV01@@Z 100049d0 f i ClientSession.obj
 0001:00003a10       ?find@?$_Tree@V?$_Tmap_traits@V?$basic_string@DU?$char_traits@D@std@@V?$allocator@D@2@@std@@V?$list@IV?$allocator@I@std@@@2@U?$less@V?$basic_string@DU?$char_traits@D@std@@V?$allocator@D@2@@std@@@2@V?$allocator@U?$pair@$$CBV?$basic_string@DU?$char_traits@D@std@@V?$allocator@D@2@@std@@V?$list@IV?$allocator@I@std@@@2@@std@@@2@$0A@@std@@@std@@QAE?AV?$_Tree_iterator@V?$_Tree_val@U?$_Tree_simple_types@U?$pair@$$CBV?$basic_string@DU?$char_traits@D@std@@V?$allocator@D@2@@std@@V?$list@IV?$allocator@I@std@@@2@@std@@@std@@@std@@@2@ABV?$basic_string@DU?$char_traits@D@std@@V?$allocator@D@2@@2@@Z 10004a10 f i ClientSession.obj
 0001:00003ab0       ?erase@?$_Tree@V?$_Tmap_traits@V?$basic_string@DU?$char_traits@D@std@@V?$allocator@D@2@@std@@V?$list@IV?$allocator@I@std@@@2@U?$less@V?$basic_string@DU?$char_traits@D@std@@V?$allocator@D@2@@std@@@2@V?$allocator@U?$pair@$$CBV?$basic_string@DU?$char_traits@D@std@@V?$allocator@D@2@@std@@V?$list@IV?$allocator@I@std@@@2@@std@@@2@$0A@@std@@@std@@QAE?AV?$_Tree_iterator@V?$_Tree_val@U?$_Tree_simple_types@U?$pair@$$CBV?$basic_string@DU?$char_traits@D@std@@V?$allocator@D@2@@std@@V?$list@IV?$allocator@I@std@@@2@@std@@@std@@@std@@@2@V?$_Tree_const_iterator@V?$_Tree_val@U?$_Tree_simple_types@U?$pair@$$CBV?$basic_string@DU?$char_traits@D@std@@V?$allocator@D@2@@std@@V?$list@IV?$allocator@I@std@@@2@@std@@@std@@@std@@@2@@Z 10004ab0 f i ClientSession.obj
 0001:00004230       ?end@?$_Tree@V?$_Tmap_traits@IPAVIClientSession@@U?$less@I@std@@V?$allocator@U?$pair@$$CBIPAVIClientSession@@@std@@@3@$0A@@std@@@std@@QAE?AV?$_Tree_iterator@V?$_Tree_val@U?$_Tree_simple_types@U?$pair@$$CBIPAVIClientSession@@@std@@@std@@@std@@@2@XZ 10005230 f i ClientSession.obj
 0001:00004230       ?end@?$_Tree@V?$_Tmap_traits@V?$basic_string@DU?$char_traits@D@std@@V?$allocator@D@2@@std@@V?$list@IV?$allocator@I@std@@@2@U?$less@V?$basic_string@DU?$char_traits@D@std@@V?$allocator@D@2@@std@@@2@V?$allocator@U?$pair@$$CBV?$basic_string@DU?$char_traits@D@std@@V?$allocator@D@2@@std@@V?$list@IV?$allocator@I@std@@@2@@std@@@2@$0A@@std@@@std@@QAE?AV?$_Tree_iterator@V?$_Tree_val@U?$_Tree_simple_types@U?$pair@$$CBV?$basic_string@DU?$char_traits@D@std@@V?$allocator@D@2@@std@@V?$list@IV?$allocator@I@std@@@2@@std@@@std@@@std@@@2@XZ 10005230 f i ClientSession.obj
 0001:00004290       ??1?$_Tree@V?$_Tmap_traits@V?$basic_string@DU?$char_traits@D@std@@V?$allocator@D@2@@std@@V?$list@IV?$allocator@I@std@@@2@U?$less@V?$basic_string@DU?$char_traits@D@std@@V?$allocator@D@2@@std@@@2@V?$allocator@U?$pair@$$CBV?$basic_string@DU?$char_traits@D@std@@V?$allocator@D@2@@std@@V?$list@IV?$allocator@I@std@@@2@@std@@@2@$0A@@std@@@std@@QAE@XZ 10005290 f i ClientSession.obj
 0001:000042e0       ??0?$map@V?$basic_string@DU?$char_traits@D@std@@V?$allocator@D@2@@std@@V?$list@IV?$allocator@I@std@@@2@U?$less@V?$basic_string@DU?$char_traits@D@std@@V?$allocator@D@2@@std@@@2@V?$allocator@U?$pair@$$CBV?$basic_string@DU?$char_traits@D@std@@V?$allocator@D@2@@std@@V?$list@IV?$allocator@I@std@@@2@@std@@@2@@std@@QAE@XZ 100052e0 f i ClientSession.obj
 0001:00004300       ??E?$_Tree_iterator@V?$_Tree_val@U?$_Tree_simple_types@U?$pair@$$CBIPAVIClientSession@@@std@@@std@@@std@@@std@@QAE?AV01@H@Z 10005300 f i ClientSession.obj
 0001:00004330       ??C?$_Tree_iterator@V?$_Tree_val@U?$_Tree_simple_types@U?$pair@$$CBIPAVIClientSession@@@std@@@std@@@std@@@std@@QBEPAU?$pair@$$CBIPAVIClientSession@@@1@XZ 10005330 f i ClientSession.obj
 0001:00004350       ??0?$_Tree_iterator@V?$_Tree_val@U?$_Tree_simple_types@U?$pair@$$CBIPAVIClientSession@@@std@@@std@@@std@@@std@@QAE@XZ 10005350 f i ClientSession.obj
 0001:00004370       ?find@?$_Tree@V?$_Tmap_traits@IPAVIClientSession@@U?$less@I@std@@V?$allocator@U?$pair@$$CBIPAVIClientSession@@@std@@@3@$0A@@std@@@std@@QAE?AV?$_Tree_iterator@V?$_Tree_val@U?$_Tree_simple_types@U?$pair@$$CBIPAVIClientSession@@@std@@@std@@@std@@@2@ABI@Z 10005370 f i ClientSession.obj
 0001:00004410       ?clear@?$_Tree@V?$_Tmap_traits@IPAVIClientSession@@U?$less@I@std@@V?$allocator@U?$pair@$$CBIPAVIClientSession@@@std@@@3@$0A@@std@@@std@@QAEXXZ 10005410 f i ClientSession.obj
 0001:000044b0       ?erase@?$_Tree@V?$_Tmap_traits@IPAVIClientSession@@U?$less@I@std@@V?$allocator@U?$pair@$$CBIPAVIClientSession@@@std@@@3@$0A@@std@@@std@@QAE?AV?$_Tree_iterator@V?$_Tree_val@U?$_Tree_simple_types@U?$pair@$$CBIPAVIClientSession@@@std@@@std@@@std@@@2@V?$_Tree_const_iterator@V?$_Tree_val@U?$_Tree_simple_types@U?$pair@$$CBIPAVIClientSession@@@std@@@std@@@std@@@2@@Z 100054b0 f i ClientSession.obj
 0001:00004c30       ?begin@?$_Tree@V?$_Tmap_traits@V?$basic_string@DU?$char_traits@D@std@@V?$allocator@D@2@@std@@V?$list@IV?$allocator@I@std@@@2@U?$less@V?$basic_string@DU?$char_traits@D@std@@V?$allocator@D@2@@std@@@2@V?$allocator@U?$pair@$$CBV?$basic_string@DU?$char_traits@D@std@@V?$allocator@D@2@@std@@V?$list@IV?$allocator@I@std@@@2@@std@@@2@$0A@@std@@@std@@QAE?AV?$_Tree_iterator@V?$_Tree_val@U?$_Tree_simple_types@U?$pair@$$CBV?$basic_string@DU?$char_traits@D@std@@V?$allocator@D@2@@std@@V?$list@IV?$allocator@I@std@@@2@@std@@@std@@@std@@@2@XZ 10005c30 f i ClientSession.obj
 0001:00004c30       ?begin@?$_Tree@V?$_Tmap_traits@IPAVIClientSession@@U?$less@I@std@@V?$allocator@U?$pair@$$CBIPAVIClientSession@@@std@@@3@$0A@@std@@@std@@QAE?AV?$_Tree_iterator@V?$_Tree_val@U?$_Tree_simple_types@U?$pair@$$CBIPAVIClientSession@@@std@@@std@@@std@@@2@XZ 10005c30 f i ClientSession.obj
 0001:00004c90       ??1?$_Tree@V?$_Tmap_traits@IPAVIClientSession@@U?$less@I@std@@V?$allocator@U?$pair@$$CBIPAVIClientSession@@@std@@@3@$0A@@std@@@std@@QAE@XZ 10005c90 f i ClientSession.obj
 0001:00004ce0       ??A?$map@IPAVIClientSession@@U?$less@I@std@@V?$allocator@U?$pair@$$CBIPAVIClientSession@@@std@@@3@@std@@QAEAAPAVIClientSession@@ABI@Z 10005ce0 f i ClientSession.obj
 0001:00004d10       ??0?$map@IPAVIClientSession@@U?$less@I@std@@V?$allocator@U?$pair@$$CBIPAVIClientSession@@@std@@@3@@std@@QAE@XZ 10005d10 f i ClientSession.obj
 0001:00004d30       ?remove@?$list@IV?$allocator@I@std@@@std@@QAEXABI@Z 10005d30 f i ClientSession.obj
 0001:00004e20       ?empty@?$list@IV?$allocator@I@std@@@std@@QBE_NXZ 10005e20 f i ClientSession.obj
 0001:00004e50       ??1?$list@PAVIAccount@@V?$allocator@PAVIAccount@@@std@@@std@@QAE@XZ 10005e50 f i ClientSession.obj
 0001:00004e50       ??1?$list@IV?$allocator@I@std@@@std@@QAE@XZ 10005e50 f i ClientSession.obj
 0001:00004ea0       ?push_back@?$list@IV?$allocator@I@std@@@std@@QAEX$$QAI@Z 10005ea0 f i ClientSession.obj
 0001:00004ee0       ??0?$list@IV?$allocator@I@std@@@std@@QAE@XZ 10005ee0 f i ClientSession.obj
 0001:00004ee0       ??0?$list@PAVIAccount@@V?$allocator@PAVIAccount@@@std@@@std@@QAE@XZ 10005ee0 f i ClientSession.obj
 0001:00004f00       ?erase@?$list@PAVIAccount@@V?$allocator@PAVIAccount@@@std@@@std@@QAE?AV?$_List_iterator@V?$_List_val@U?$_List_simple_types@PAVIAccount@@@std@@@std@@@2@V?$_List_const_iterator@V?$_List_val@U?$_List_simple_types@PAVIAccount@@@std@@@std@@@2@@Z 10005f00 f i ClientSession.obj
 0001:00004f00       ?erase@?$list@IV?$allocator@I@std@@@std@@QAE?AV?$_List_iterator@V?$_List_val@U?$_List_simple_types@I@std@@@std@@@2@V?$_List_const_iterator@V?$_List_val@U?$_List_simple_types@I@std@@@std@@@2@@Z 10005f00 f i ClientSession.obj
 0001:00004f50       ?push_back@?$list@PAVIAccount@@V?$allocator@PAVIAccount@@@std@@@std@@QAEXABQAVIAccount@@@Z 10005f50 f i ClientSession.obj
 0001:00004f80       ?compare@?$basic_string@DU?$char_traits@D@std@@V?$allocator@D@2@@std@@QBEHABV12@@Z 10005f80 f i ClientSession.obj
 0001:00004ff0       ?c_str@?$basic_string@DU?$char_traits@D@std@@V?$allocator@D@2@@std@@QBEPBDXZ 10005ff0 f i ClientSession.obj
 0001:00005030       ??4?$basic_string@DU?$char_traits@D@std@@V?$allocator@D@2@@std@@QAEAAV01@PBD@Z 10006030 f i ClientSession.obj
 0001:00005050       ??0?$basic_string@DU?$char_traits@D@std@@V?$allocator@D@2@@std@@QAE@XZ 10006050 f i ClientSession.obj
 0001:000050a0       ??0?$basic_string@DU?$char_traits@D@std@@V?$allocator@D@2@@std@@QAE@ABV01@@Z 100060a0 f i ClientSession.obj
 0001:00005130       ??1?$_List_buy@IV?$allocator@I@std@@@std@@QAE@XZ 10006130 f i ClientSession.obj
 0001:00005130       ??1?$_List_buy@PAVIAccount@@V?$allocator@PAVIAccount@@@std@@@std@@QAE@XZ 10006130 f i ClientSession.obj
 0001:00005150       ?_Nextnode@?$_List_alloc@U?$_List_base_types@IV?$allocator@I@std@@@std@@@std@@SAAAPAU?$_List_node@IPAX@2@PAU32@@Z 10006150 f i ClientSession.obj
 0001:00005150       ?_Left@?$_Tree_comp_alloc@V?$_Tmap_traits@V?$basic_string@DU?$char_traits@D@std@@V?$allocator@D@2@@std@@V?$list@IV?$allocator@I@std@@@2@U?$less@V?$basic_string@DU?$char_traits@D@std@@V?$allocator@D@2@@std@@@2@V?$allocator@U?$pair@$$CBV?$basic_string@DU?$char_traits@D@std@@V?$allocator@D@2@@std@@V?$list@IV?$allocator@I@std@@@2@@std@@@2@$0A@@std@@@std@@SAAAPAU?$_Tree_node@U?$pair@$$CBV?$basic_string@DU?$char_traits@D@std@@V?$allocator@D@2@@std@@V?$list@IV?$allocator@I@std@@@2@@std@@PAX@2@PAU32@@Z 10006150 f i ClientSession.obj
 0001:00005150       ?_Nextnode@?$_List_alloc@U?$_List_base_types@PAVIAccount@@V?$allocator@PAVIAccount@@@std@@@std@@@std@@SAAAPAU?$_List_node@PAVIAccount@@PAX@2@PAU32@@Z 10006150 f i ClientSession.obj
 0001:00005150       ?_Left@?$_Tree_comp_alloc@V?$_Tmap_traits@IPAVIClientSession@@U?$less@I@std@@V?$allocator@U?$pair@$$CBIPAVIClientSession@@@std@@@3@$0A@@std@@@std@@SAAAPAU?$_Tree_node@U?$pair@$$CBIPAVIClientSession@@@std@@PAX@2@PAU32@@Z 10006150 f i ClientSession.obj
 0001:00005150       ?pointer_to@?$pointer_traits@PAU?$pair@$$CBIPAVIClientSession@@@std@@@std@@SAPAU?$pair@$$CBIPAVIClientSession@@@2@AAU32@@Z 10006150 f i ClientSession.obj
 0001:00005170       ??E?$_List_iterator@V?$_List_val@U?$_List_simple_types@I@std@@@std@@@std@@QAE?AV01@H@Z 10006170 f i ClientSession.obj
 0001:000051a0       ??E?$_List_iterator@V?$_List_val@U?$_List_simple_types@I@std@@@std@@@std@@QAEAAV01@XZ 100061a0 f i ClientSession.obj
 0001:000051c0       ??D?$_List_iterator@V?$_List_val@U?$_List_simple_types@I@std@@@std@@@std@@QBEAAIXZ 100061c0 f i ClientSession.obj
 0001:000051e0       ?_Mysize@?$_List_alloc@U?$_List_base_types@PAVIAccount@@V?$allocator@PAVIAccount@@@std@@@std@@@std@@QAEAAIXZ 100061e0 f i ClientSession.obj
 0001:000051e0       ?_Mysize@?$_List_alloc@U?$_List_base_types@IV?$allocator@I@std@@@std@@@std@@QAEAAIXZ 100061e0 f i ClientSession.obj
 0001:000051e0       ?_Mysize@?$_List_alloc@U?$_List_base_types@IV?$allocator@I@std@@@std@@@std@@QBEABIXZ 100061e0 f i ClientSession.obj
 0001:00005200       ??1?$_List_alloc@U?$_List_base_types@PAVIAccount@@V?$allocator@PAVIAccount@@@std@@@std@@@std@@QAE@XZ 10006200 f i ClientSession.obj
 0001:00005200       ??1?$_List_alloc@U?$_List_base_types@IV?$allocator@I@std@@@std@@@std@@QAE@XZ 10006200 f i ClientSession.obj
 0001:00005250       ??0?$_List_buy@PAVIAccount@@V?$allocator@PAVIAccount@@@std@@@std@@QAE@XZ 10006250 f i ClientSession.obj
 0001:00005250       ??0?$_List_buy@IV?$allocator@I@std@@@std@@QAE@XZ 10006250 f i ClientSession.obj
 0001:00005270       ?_Mynode@?$_List_unchecked_const_iterator@V?$_List_val@U?$_List_simple_types@PAVIAccount@@@std@@@std@@U_Iterator_base0@2@@std@@QBEPAU?$_List_node@PAVIAccount@@PAX@2@XZ 10006270 f i ClientSession.obj
 0001:00005270       ?_Mynode@?$_List_unchecked_const_iterator@V?$_List_val@U?$_List_simple_types@I@std@@@std@@U_Iterator_base0@2@@std@@QBEPAU?$_List_node@IPAX@2@XZ 10006270 f i ClientSession.obj
 0001:00005270       ?_Mynode@?$_Tree_unchecked_const_iterator@V?$_Tree_val@U?$_Tree_simple_types@U?$pair@$$CBIPAVIClientSession@@@std@@@std@@@std@@U_Iterator_base0@2@@std@@QBEPAU?$_Tree_node@U?$pair@$$CBIPAVIClientSession@@@std@@PAX@2@XZ 10006270 f i ClientSession.obj
 0001:00005270       ?_Mynode@?$_Tree_unchecked_const_iterator@V?$_Tree_val@U?$_Tree_simple_types@U?$pair@$$CBV?$basic_string@DU?$char_traits@D@std@@V?$allocator@D@2@@std@@V?$list@IV?$allocator@I@std@@@2@@std@@@std@@@std@@U_Iterator_base0@2@@std@@QBEPAU?$_Tree_node@U?$pair@$$CBV?$basic_string@DU?$char_traits@D@std@@V?$allocator@D@2@@std@@V?$list@IV?$allocator@I@std@@@2@@std@@PAX@2@XZ 10006270 f i ClientSession.obj
 0001:00005280       ??0?$_List_iterator@V?$_List_val@U?$_List_simple_types@PAVIAccount@@@std@@@std@@@std@@QAE@PAU?$_List_node@PAVIAccount@@PAX@1@PBV?$_List_val@U?$_List_simple_types@PAVIAccount@@@std@@@1@@Z 10006280 f i ClientSession.obj
 0001:00005280       ??0?$_List_iterator@V?$_List_val@U?$_List_simple_types@I@std@@@std@@@std@@QAE@PAU?$_List_node@IPAX@1@PBV?$_List_val@U?$_List_simple_types@I@std@@@1@@Z 10006280 f i ClientSession.obj
 0001:00005280       ??0?$_Tree_iterator@V?$_Tree_val@U?$_Tree_simple_types@U?$pair@$$CBV?$basic_string@DU?$char_traits@D@std@@V?$allocator@D@2@@std@@V?$list@IV?$allocator@I@std@@@2@@std@@@std@@@std@@@std@@QAE@PAU?$_Tree_node@U?$pair@$$CBV?$basic_string@DU?$char_traits@D@std@@V?$allocator@D@2@@std@@V?$list@IV?$allocator@I@std@@@2@@std@@PAX@1@PBV?$_Tree_val@U?$_Tree_simple_types@U?$pair@$$CBV?$basic_string@DU?$char_traits@D@std@@V?$allocator@D@2@@std@@V?$list@IV?$allocator@I@std@@@2@@std@@@std@@@1@@Z 10006280 f i ClientSession.obj
 0001:00005280       ??0?$_Tree_iterator@V?$_Tree_val@U?$_Tree_simple_types@U?$pair@$$CBIPAVIClientSession@@@std@@@std@@@std@@@std@@QAE@PAU?$_Tree_node@U?$pair@$$CBIPAVIClientSession@@@std@@PAX@1@PBV?$_Tree_val@U?$_Tree_simple_types@U?$pair@$$CBIPAVIClientSession@@@std@@@std@@@1@@Z 10006280 f i ClientSession.obj
 0001:000052a0       ??8?$_Tree_const_iterator@V?$_Tree_val@U?$_Tree_simple_types@U?$pair@$$CBIPAVIClientSession@@@std@@@std@@@std@@@std@@QBE_NABV01@@Z 100062a0 f i ClientSession.obj
 0001:000052a0       ??8?$_Tree_const_iterator@V?$_Tree_val@U?$_Tree_simple_types@U?$pair@$$CBV?$basic_string@DU?$char_traits@D@std@@V?$allocator@D@2@@std@@V?$list@IV?$allocator@I@std@@@2@@std@@@std@@@std@@@std@@QBE_NABV01@@Z 100062a0 f i ClientSession.obj
 0001:000052a0       ??8?$_List_const_iterator@V?$_List_val@U?$_List_simple_types@I@std@@@std@@@std@@QBE_NABV01@@Z 100062a0 f i ClientSession.obj
 0001:000052d0       ??E?$_Tree_const_iterator@V?$_Tree_val@U?$_Tree_simple_types@U?$pair@$$CBIPAVIClientSession@@@std@@@std@@@std@@@std@@QAEAAV01@XZ 100062d0 f i ClientSession.obj
 0001:000052d0       ??E?$_Tree_const_iterator@V?$_Tree_val@U?$_Tree_simple_types@U?$pair@$$CBV?$basic_string@DU?$char_traits@D@std@@V?$allocator@D@2@@std@@V?$list@IV?$allocator@I@std@@@2@@std@@@std@@@std@@@std@@QAEAAV01@XZ 100062d0 f i ClientSession.obj
 0001:000052f0       ??D?$_Tree_const_iterator@V?$_Tree_val@U?$_Tree_simple_types@U?$pair@$$CBIPAVIClientSession@@@std@@@std@@@std@@@std@@QBEABU?$pair@$$CBIPAVIClientSession@@@1@XZ 100062f0 f i ClientSession.obj
 0001:000052f0       ??D?$_Tree_const_iterator@V?$_Tree_val@U?$_Tree_simple_types@U?$pair@$$CBV?$basic_string@DU?$char_traits@D@std@@V?$allocator@D@2@@std@@V?$list@IV?$allocator@I@std@@@2@@std@@@std@@@std@@@std@@QBEABU?$pair@$$CBV?$basic_string@DU?$char_traits@D@std@@V?$allocator@D@2@@std@@V?$list@IV?$allocator@I@std@@@2@@1@XZ 100062f0 f i ClientSession.obj
 0001:00005310       ?deallocate@?$_Wrap_alloc@V?$allocator@U?$_Tree_node@U?$pair@$$CBV?$basic_string@DU?$char_traits@D@std@@V?$allocator@D@2@@std@@V?$list@IV?$allocator@I@std@@@2@@std@@PAX@std@@@std@@@std@@QAEXPAU?$_Tree_node@U?$pair@$$CBV?$basic_string@DU?$char_traits@D@std@@V?$allocator@D@2@@std@@V?$list@IV?$allocator@I@std@@@2@@std@@PAX@2@I@Z 10006310 f i ClientSession.obj
 0001:00005330       ?_Mysize@?$_Tree_comp_alloc@V?$_Tmap_traits@IPAVIClientSession@@U?$less@I@std@@V?$allocator@U?$pair@$$CBIPAVIClientSession@@@std@@@3@$0A@@std@@@std@@QAEAAIXZ 10006330 f i ClientSession.obj
 0001:00005330       ?_Mysize@?$_Tree_comp_alloc@V?$_Tmap_traits@IPAVIClientSession@@U?$less@I@std@@V?$allocator@U?$pair@$$CBIPAVIClientSession@@@std@@@3@$0A@@std@@@std@@QBEABIXZ 10006330 f i ClientSession.obj
 0001:00005330       ?_Mysize@?$_Tree_comp_alloc@V?$_Tmap_traits@V?$basic_string@DU?$char_traits@D@std@@V?$allocator@D@2@@std@@V?$list@IV?$allocator@I@std@@@2@U?$less@V?$basic_string@DU?$char_traits@D@std@@V?$allocator@D@2@@std@@@2@V?$allocator@U?$pair@$$CBV?$basic_string@DU?$char_traits@D@std@@V?$allocator@D@2@@std@@V?$list@IV?$allocator@I@std@@@2@@std@@@2@$0A@@std@@@std@@QAEAAIXZ 10006330 f i ClientSession.obj
 0001:00005350       ?_Myhead@?$_Tree_comp_alloc@V?$_Tmap_traits@IPAVIClientSession@@U?$less@I@std@@V?$allocator@U?$pair@$$CBIPAVIClientSession@@@std@@@3@$0A@@std@@@std@@QBEABQAU?$_Tree_node@U?$pair@$$CBIPAVIClientSession@@@std@@PAX@2@XZ 10006350 f i ClientSession.obj
 0001:00005350       ?_Myhead@?$_Tree_comp_alloc@V?$_Tmap_traits@V?$basic_string@DU?$char_traits@D@std@@V?$allocator@D@2@@std@@V?$list@IV?$allocator@I@std@@@2@U?$less@V?$basic_string@DU?$char_traits@D@std@@V?$allocator@D@2@@std@@@2@V?$allocator@U?$pair@$$CBV?$basic_string@DU?$char_traits@D@std@@V?$allocator@D@2@@std@@V?$list@IV?$allocator@I@std@@@2@@std@@@2@$0A@@std@@@std@@QAEAAPAU?$_Tree_node@U?$pair@$$CBV?$basic_string@DU?$char_traits@D@std@@V?$allocator@D@2@@std@@V?$list@IV?$allocator@I@std@@@2@@std@@PAX@2@XZ 10006350 f i ClientSession.obj
 0001:00005350       ?_Myhead@?$_Tree_comp_alloc@V?$_Tmap_traits@V?$basic_string@DU?$char_traits@D@std@@V?$allocator@D@2@@std@@V?$list@IV?$allocator@I@std@@@2@U?$less@V?$basic_string@DU?$char_traits@D@std@@V?$allocator@D@2@@std@@@2@V?$allocator@U?$pair@$$CBV?$basic_string@DU?$char_traits@D@std@@V?$allocator@D@2@@std@@V?$list@IV?$allocator@I@std@@@2@@std@@@2@$0A@@std@@@std@@QBEABQAU?$_Tree_node@U?$pair@$$CBV?$basic_string@DU?$char_traits@D@std@@V?$allocator@D@2@@std@@V?$list@IV?$allocator@I@std@@@2@@std@@PAX@2@XZ 10006350 f i ClientSession.obj
 0001:00005350       ?_Myhead@?$_Tree_comp_alloc@V?$_Tmap_traits@IPAVIClientSession@@U?$less@I@std@@V?$allocator@U?$pair@$$CBIPAVIClientSession@@@std@@@3@$0A@@std@@@std@@QAEAAPAU?$_Tree_node@U?$pair@$$CBIPAVIClientSession@@@std@@PAX@2@XZ 10006350 f i ClientSession.obj
 0001:00005370       ?_Getal@?$_Tree_comp_alloc@V?$_Tmap_traits@IPAVIClientSession@@U?$less@I@std@@V?$allocator@U?$pair@$$CBIPAVIClientSession@@@std@@@3@$0A@@std@@@std@@QBEABU?$_Wrap_alloc@V?$allocator@U?$_Tree_node@U?$pair@$$CBIPAVIClientSession@@@std@@PAX@std@@@std@@@2@XZ 10006370 f i ClientSession.obj
 0001:00005370       ?_Get_data@?$_Tree_comp_alloc@V?$_Tmap_traits@V?$basic_string@DU?$char_traits@D@std@@V?$allocator@D@2@@std@@V?$list@IV?$allocator@I@std@@@2@U?$less@V?$basic_string@DU?$char_traits@D@std@@V?$allocator@D@2@@std@@@2@V?$allocator@U?$pair@$$CBV?$basic_string@DU?$char_traits@D@std@@V?$allocator@D@2@@std@@V?$list@IV?$allocator@I@std@@@2@@std@@@2@$0A@@std@@@std@@QAEAAV?$_Tree_val@U?$_Tree_simple_types@U?$pair@$$CBV?$basic_string@DU?$char_traits@D@std@@V?$allocator@D@2@@std@@V?$list@IV?$allocator@I@std@@@2@@std@@@std@@@2@XZ 10006370 f i ClientSession.obj
 0001:00005370       ?_Get_data@?$_Tree_comp_alloc@V?$_Tmap_traits@V?$basic_string@DU?$char_traits@D@std@@V?$allocator@D@2@@std@@V?$list@IV?$allocator@I@std@@@2@U?$less@V?$basic_string@DU?$char_traits@D@std@@V?$allocator@D@2@@std@@@2@V?$allocator@U?$pair@$$CBV?$basic_string@DU?$char_traits@D@std@@V?$allocator@D@2@@std@@V?$list@IV?$allocator@I@std@@@2@@std@@@2@$0A@@std@@@std@@QBEABV?$_Tree_val@U?$_Tree_simple_types@U?$pair@$$CBV?$basic_string@DU?$char_traits@D@std@@V?$allocator@D@2@@std@@V?$list@IV?$allocator@I@std@@@2@@std@@@std@@@2@XZ 10006370 f i ClientSession.obj
 0001:00005370       ?_Getal@?$_Tree_comp_alloc@V?$_Tmap_traits@V?$basic_string@DU?$char_traits@D@std@@V?$allocator@D@2@@std@@V?$list@IV?$allocator@I@std@@@2@U?$less@V?$basic_string@DU?$char_traits@D@std@@V?$allocator@D@2@@std@@@2@V?$allocator@U?$pair@$$CBV?$basic_string@DU?$char_traits@D@std@@V?$allocator@D@2@@std@@V?$list@IV?$allocator@I@std@@@2@@std@@@2@$0A@@std@@@std@@QAEAAU?$_Wrap_alloc@V?$allocator@U?$_Tree_node@U?$pair@$$CBV?$basic_string@DU?$char_traits@D@std@@V?$allocator@D@2@@std@@V?$list@IV?$allocator@I@std@@@2@@std@@PAX@std@@@std@@@2@XZ 10006370 f i ClientSession.obj
 0001:00005370       ?_Get_data@?$_Tree_comp_alloc@V?$_Tmap_traits@IPAVIClientSession@@U?$less@I@std@@V?$allocator@U?$pair@$$CBIPAVIClientSession@@@std@@@3@$0A@@std@@@std@@QAEAAV?$_Tree_val@U?$_Tree_simple_types@U?$pair@$$CBIPAVIClientSession@@@std@@@std@@@2@XZ 10006370 f i ClientSession.obj
[...]
 0002:00001c8c       __tryblocktable$??$_Insert_nohint@AAU?$pair@$$CBV?$basic_string@DU?$char_traits@D@std@@V?$allocator@D@2@@std@@V?$list@IV?$allocator@I@std@@@2@@std@@PAU?$_Tree_node@U?$pair@$$CBV?$basic_string@DU?$char_traits@D@std@@V?$allocator@D@2@@std@@V?$list@IV?$allocator@I@std@@@2@@std@@PAX@2@@?$_Tree@V?$_Tmap_traits@V?$basic_string@DU?$char_traits@D@std@@V?$allocator@D@2@@std@@V?$list@IV?$allocator@I@std@@@2@U?$less@V?$basic_string@DU?$char_traits@D@std@@V?$allocator@D@2@@std@@@2@V?$allocator@U?$pair@$$CBV?$basic_string@DU?$char_traits@D@std@@V?$allocator@D@2@@std@@V?$list@IV?$allocator@I@std@@@2@@std@@@2@$0A@@std@@@std@@IAE?AU?$pair@V?$_Tree_iterator@V?$_Tree_val@U?$_Tree_simple_types@U?$pair@$$CBV?$basic_string@DU?$char_traits@D@std@@V?$allocator@D@2@@std@@V?$list@IV?$allocator@I@std@@@2@@std@@@std@@@std@@@std@@_N@1@_NAAU?$pair@$$CBV?$basic_string@DU?$char_traits@D@std@@V?$allocator@D@2@@std@@V?$list@IV?$allocator@I@std@@@2@@1@PAU?$_Tree_node@U?$pair@$$CBV?$basic_string@DU?$char_traits@D@std@@V?$allocator@D@2@@std@@V?$list@IV?$allocator@I@std@@@2@@std@@PAX@1@@Z 1000ec8c     ClientSession.obj
 0002:00001ca0       __catchsym$??$_Insert_nohint@AAU?$pair@$$CBV?$basic_string@DU?$char_traits@D@std@@V?$allocator@D@2@@std@@V?$list@IV?$allocator@I@std@@@2@@std@@PAU?$_Tree_node@U?$pair@$$CBV?$basic_string@DU?$char_traits@D@std@@V?$allocator@D@2@@std@@V?$list@IV?$allocator@I@std@@@2@@std@@PAX@2@@?$_Tree@V?$_Tmap_traits@V?$basic_string@DU?$char_traits@D@std@@V?$allocator@D@2@@std@@V?$list@IV?$allocator@I@std@@@2@U?$less@V?$basic_string@DU?$char_traits@D@std@@V?$allocator@D@2@@std@@@2@V?$allocator@U?$pair@$$CBV?$basic_string@DU?$char_traits@D@std@@V?$allocator@D@2@@std@@V?$list@IV?$allocator@I@std@@@2@@std@@@2@$0A@@std@@@std@@IAE?AU?$pair@V?$_Tree_iterator@V?$_Tree_val@U?$_Tree_simple_types@U?$pair@$$CBV?$basic_string@DU?$char_traits@D@std@@V?$allocator@D@2@@std@@V?$list@IV?$allocator@I@std@@@2@@std@@@std@@@std@@@std@@_N@1@_NAAU?$pair@$$CBV?$basic_string@DU?$char_traits@D@std@@V?$allocator@D@2@@std@@V?$list@IV?$allocator@I@std@@@2@@1@PAU?$_Tree_node@U?$pair@$$CBV?$basic_string@DU?$char_traits@D@std@@V?$allocator@D@2@@std@@V?$list@IV?$allocator@I@std@@@2@@std@@PAX@1@@Z$2 1000eca0     ClientSession.obj
 0002:00001cb0       __ehfuncinfo$??$_Insert_range@V?$_List_const_iterator@V?$_List_val@U?$_List_simple_types@I@std@@@std@@@std@@@?$list@IV?$allocator@I@std@@@std@@QAEXV?$_List_unchecked_const_iterator@V?$_List_val@U?$_List_simple_types@I@std@@@std@@U_Iterator_base0@2@@1@V?$_List_const_iterator@V?$_List_val@U?$_List_simple_types@I@std@@@std@@@1@1Uforward_iterator_tag@1@@Z 1000ecb0     ClientSession.obj
 0002:00001cd4       __unwindtable$??$_Insert_range@V?$_List_const_iterator@V?$_List_val@U?$_List_simple_types@I@std@@@std@@@std@@@?$list@IV?$allocator@I@std@@@std@@QAEXV?$_List_unchecked_const_iterator@V?$_List_val@U?$_List_simple_types@I@std@@@std@@U_Iterator_base0@2@@1@V?$_List_const_iterator@V?$_List_val@U?$_List_simple_types@I@std@@@std@@@1@1Uforward_iterator_tag@1@@Z 1000ecd4     ClientSession.obj
 0002:00001ce4       __tryblocktable$??$_Insert_range@V?$_List_const_iterator@V?$_List_val@U?$_List_simple_types@I@std@@@std@@@std@@@?$list@IV?$allocator@I@std@@@std@@QAEXV?$_List_unchecked_const_iterator@V?$_List_val@U?$_List_simple_types@I@std@@@std@@U_Iterator_base0@2@@1@V?$_List_const_iterator@V?$_List_val@U?$_List_simple_types@I@std@@@std@@@1@1Uforward_iterator_tag@1@@Z 1000ece4     ClientSession.obj
 0002:00001cf8       __catchsym$??$_Insert_range@V?$_List_const_iterator@V?$_List_val@U?$_List_simple_types@I@std@@@std@@@std@@@?$list@IV?$allocator@I@std@@@std@@QAEXV?$_List_unchecked_const_iterator@V?$_List_val@U?$_List_simple_types@I@std@@@std@@U_Iterator_base0@2@@1@V?$_List_const_iterator@V?$_List_val@U?$_List_simple_types@I@std@@@std@@@1@1Uforward_iterator_tag@1@@Z$2 1000ecf8     ClientSession.obj
 0002:00001d08       __ehfuncinfo$?_Buynode0@?$_Tree_comp_alloc@V?$_Tmap_traits@V?$basic_string@DU?$char_traits@D@std@@V?$allocator@D@2@@std@@V?$list@IV?$allocator@I@std@@@2@U?$less@V?$basic_string@DU?$char_traits@D@std@@V?$allocator@D@2@@std@@@2@V?$allocator@U?$pair@$$CBV?$basic_string@DU?$char_traits@D@std@@V?$allocator@D@2@@std@@V?$list@IV?$allocator@I@std@@@2@@std@@@2@$0A@@std@@@std@@QAEPAU?$_Tree_node@U?$pair@$$CBV?$basic_string@DU?$char_traits@D@std@@V?$allocator@D@2@@std@@V?$list@IV?$allocator@I@std@@@2@@std@@PAX@2@XZ 1000ed08     ClientSession.obj
 0002:00001d2c       __unwindtable$?_Buynode0@?$_Tree_comp_alloc@V?$_Tmap_traits@V?$basic_string@DU?$char_traits@D@std@@V?$allocator@D@2@@std@@V?$list@IV?$allocator@I@std@@@2@U?$less@V?$basic_string@DU?$char_traits@D@std@@V?$allocator@D@2@@std@@@2@V?$allocator@U?$pair@$$CBV?$basic_string@DU?$char_traits@D@std@@V?$allocator@D@2@@std@@V?$list@IV?$allocator@I@std@@@2@@std@@@2@$0A@@std@@@std@@QAEPAU?$_Tree_node@U?$pair@$$CBV?$basic_string@DU?$char_traits@D@std@@V?$allocator@D@2@@std@@V?$list@IV?$allocator@I@std@@@2@@std@@PAX@2@XZ 1000ed2c     ClientSession.obj
 0002:00001d3c       __tryblocktable$?_Buynode0@?$_Tree_comp_alloc@V?$_Tmap_traits@V?$basic_string@DU?$char_traits@D@std@@V?$allocator@D@2@@std@@V?$list@IV?$allocator@I@std@@@2@U?$less@V?$basic_string@DU?$char_traits@D@std@@V?$allocator@D@2@@std@@@2@V?$allocator@U?$pair@$$CBV?$basic_string@DU?$char_traits@D@std@@V?$allocator@D@2@@std@@V?$list@IV?$allocator@I@std@@@2@@std@@@2@$0A@@std@@@std@@QAEPAU?$_Tree_node@U?$pair@$$CBV?$basic_string@DU?$char_traits@D@std@@V?$allocator@D@2@@std@@V?$list@IV?$allocator@I@std@@@2@@std@@PAX@2@XZ 1000ed3c     ClientSession.obj
 0002:00001d50       __catchsym$?_Buynode0@?$_Tree_comp_alloc@V?$_Tmap_traits@V?$basic_string@DU?$char_traits@D@std@@V?$allocator@D@2@@std@@V?$list@IV?$allocator@I@std@@@2@U?$less@V?$basic_string@DU?$char_traits@D@std@@V?$allocator@D@2@@std@@@2@V?$allocator@U?$pair@$$CBV?$basic_string@DU?$char_traits@D@std@@V?$allocator@D@2@@std@@V?$list@IV?$allocator@I@std@@@2@@std@@@2@$0A@@std@@@std@@QAEPAU?$_Tree_node@U?$pair@$$CBV?$basic_string@DU?$char_traits@D@std@@V?$allocator@D@2@@std@@V?$list@IV?$allocator@I@std@@@2@@std@@PAX@2@XZ$2 1000ed50     ClientSession.obj
 0002:00001d60       __ehfuncinfo$?_Buynode0@?$_Tree_comp_alloc@V?$_Tmap_traits@IPAVIClientSession@@U?$less@I@std@@V?$allocator@U?$pair@$$CBIPAVIClientSession@@@std@@@3@$0A@@std@@@std@@QAEPAU?$_Tree_node@U?$pair@$$CBIPAVIClientSession@@@std@@PAX@2@XZ 1000ed60     ClientSession.obj
 0002:00001d84       __unwindtable$?_Buynode0@?$_Tree_comp_alloc@V?$_Tmap_traits@IPAVIClientSession@@U?$less@I@std@@V?$allocator@U?$pair@$$CBIPAVIClientSession@@@std@@@3@$0A@@std@@@std@@QAEPAU?$_Tree_node@U?$pair@$$CBIPAVIClientSession@@@std@@PAX@2@XZ 1000ed84     ClientSession.obj
 0002:00001d94       __tryblocktable$?_Buynode0@?$_Tree_comp_alloc@V?$_Tmap_traits@IPAVIClientSession@@U?$less@I@std@@V?$allocator@U?$pair@$$CBIPAVIClientSession@@@std@@@3@$0A@@std@@@std@@QAEPAU?$_Tree_node@U?$pair@$$CBIPAVIClientSession@@@std@@PAX@2@XZ 1000ed94     ClientSession.obj
 0002:00001da8       __catchsym$?_Buynode0@?$_Tree_comp_alloc@V?$_Tmap_traits@IPAVIClientSession@@U?$less@I@std@@V?$allocator@U?$pair@$$CBIPAVIClientSession@@@std@@@3@$0A@@std@@@std@@QAEPAU?$_Tree_node@U?$pair@$$CBIPAVIClientSession@@@std@@PAX@2@XZ$2 1000eda8     ClientSession.obj
 0002:00001db8       __ehfuncinfo$??$_Buynode@ABUpiecewise_construct_t@std@@V?$tuple@ABI@2@V?$tuple@$$V@2@@?$_Tree_comp_alloc@V?$_Tmap_traits@IPAVIClientSession@@U?$less@I@std@@V?$allocator@U?$pair@$$CBIPAVIClientSession@@@std@@@3@$0A@@std@@@std@@QAEPAU?$_Tree_node@U?$pair@$$CBIPAVIClientSession@@@std@@PAX@1@ABUpiecewise_construct_t@1@$$QAV?$tuple@ABI@1@$$QAV?$tuple@$$V@1@@Z 1000edb8     ClientSession.obj
 0002:00001ddc       __unwindtable$??$_Buynode@ABUpiecewise_construct_t@std@@V?$tuple@ABI@2@V?$tuple@$$V@2@@?$_Tree_comp_alloc@V?$_Tmap_traits@IPAVIClientSession@@U?$less@I@std@@V?$allocator@U?$pair@$$CBIPAVIClientSession@@@std@@@3@$0A@@std@@@std@@QAEPAU?$_Tree_node@U?$pair@$$CBIPAVIClientSession@@@std@@PAX@1@ABUpiecewise_construct_t@1@$$QAV?$tuple@ABI@1@$$QAV?$tuple@$$V@1@@Z 1000eddc     ClientSession.obj
 0002:00001dec       __tryblocktable$??$_Buynode@ABUpiecewise_construct_t@std@@V?$tuple@ABI@2@V?$tuple@$$V@2@@?$_Tree_comp_alloc@V?$_Tmap_traits@IPAVIClientSession@@U?$less@I@std@@V?$allocator@U?$pair@$$CBIPAVIClientSession@@@std@@@3@$0A@@std@@@std@@QAEPAU?$_Tree_node@U?$pair@$$CBIPAVIClientSession@@@std@@PAX@1@ABUpiecewise_construct_t@1@$$QAV?$tuple@ABI@1@$$QAV?$tuple@$$V@1@@Z 1000edec     ClientSession.obj
 0002:00001e00       __catchsym$??$_Buynode@ABUpiecewise_construct_t@std@@V?$tuple@ABI@2@V?$tuple@$$V@2@@?$_Tree_comp_alloc@V?$_Tmap_traits@IPAVIClientSession@@U?$less@I@std@@V?$allocator@U?$pair@$$CBIPAVIClientSession@@@std@@@3@$0A@@std@@@std@@QAEPAU?$_Tree_node@U?$pair@$$CBIPAVIClientSession@@@std@@PAX@1@ABUpiecewise_construct_t@1@$$QAV?$tuple@ABI@1@$$QAV?$tuple@$$V@1@@Z$2 1000ee00     ClientSession.obj
 0002:00001e10       __ehfuncinfo$??$_Insert_hint@AAU?$pair@$$CBIPAVIClientSession@@@std@@PAU?$_Tree_node@U?$pair@$$CBIPAVIClientSession@@@std@@PAX@2@@?$_Tree@V?$_Tmap_traits@IPAVIClientSession@@U?$less@I@std@@V?$allocator@U?$pair@$$CBIPAVIClientSession@@@std@@@3@$0A@@std@@@std@@IAE?AV?$_Tree_iterator@V?$_Tree_val@U?$_Tree_simple_types@U?$pair@$$CBIPAVIClientSession@@@std@@@std@@@std@@@1@V?$_Tree_const_iterator@V?$_Tree_val@U?$_Tree_simple_types@U?$pair@$$CBIPAVIClientSession@@@std@@@std@@@std@@@1@AAU?$pair@$$CBIPAVIClientSession@@@1@PAU?$_Tree_node@U?$pair@$$CBIPAVIClientSession@@@std@@PAX@1@@Z 1000ee10     ClientSession.obj
 0002:00001e34       __unwindtable$??$_Insert_hint@AAU?$pair@$$CBIPAVIClientSession@@@std@@PAU?$_Tree_node@U?$pair@$$CBIPAVIClientSession@@@std@@PAX@2@@?$_Tree@V?$_Tmap_traits@IPAVIClientSession@@U?$less@I@std@@V?$allocator@U?$pair@$$CBIPAVIClientSession@@@std@@@3@$0A@@std@@@std@@IAE?AV?$_Tree_iterator@V?$_Tree_val@U?$_Tree_simple_types@U?$pair@$$CBIPAVIClientSession@@@std@@@std@@@std@@@1@V?$_Tree_const_iterator@V?$_Tree_val@U?$_Tree_simple_types@U?$pair@$$CBIPAVIClientSession@@@std@@@std@@@std@@@1@AAU?$pair@$$CBIPAVIClientSession@@@1@PAU?$_Tree_node@U?$pair@$$CBIPAVIClientSession@@@std@@PAX@1@@Z 1000ee34     ClientSession.obj
 0002:00001e44       __tryblocktable$??$_Insert_hint@AAU?$pair@$$CBIPAVIClientSession@@@std@@PAU?$_Tree_node@U?$pair@$$CBIPAVIClientSession@@@std@@PAX@2@@?$_Tree@V?$_Tmap_traits@IPAVIClientSession@@U?$less@I@std@@V?$allocator@U?$pair@$$CBIPAVIClientSession@@@std@@@3@$0A@@std@@@std@@IAE?AV?$_Tree_iterator@V?$_Tree_val@U?$_Tree_simple_types@U?$pair@$$CBIPAVIClientSession@@@std@@@std@@@std@@@1@V?$_Tree_const_iterator@V?$_Tree_val@U?$_Tree_simple_types@U?$pair@$$CBIPAVIClientSession@@@std@@@std@@@std@@@1@AAU?$pair@$$CBIPAVIClientSession@@@1@PAU?$_Tree_node@U?$pair@$$CBIPAVIClientSession@@@std@@PAX@1@@Z 1000ee44     ClientSession.obj
 0002:00001e58       __catchsym$??$_Insert_hint@AAU?$pair@$$CBIPAVIClientSession@@@std@@PAU?$_Tree_node@U?$pair@$$CBIPAVIClientSession@@@std@@PAX@2@@?$_Tree@V?$_Tmap_traits@IPAVIClientSession@@U?$less@I@std@@V?$allocator@U?$pair@$$CBIPAVIClientSession@@@std@@@3@$0A@@std@@@std@@IAE?AV?$_Tree_iterator@V?$_Tree_val@U?$_Tree_simple_types@U?$pair@$$CBIPAVIClientSession@@@std@@@std@@@std@@@1@V?$_Tree_const_iterator@V?$_Tree_val@U?$_Tree_simple_types@U?$pair@$$CBIPAVIClientSession@@@std@@@std@@@std@@@1@AAU?$pair@$$CBIPAVIClientSession@@@1@PAU?$_Tree_node@U?$pair@$$CBIPAVIClientSession@@@std@@PAX@1@@Z$2 1000ee58     ClientSession.obj
 0002:00001e68       __ehfuncinfo$??$construct@U?$pair@$$CBV?$basic_string@DU?$char_traits@D@std@@V?$allocator@D@2@@std@@V?$list@IV?$allocator@I@std@@@2@@std@@AAU?$pair@V?$basic_string@DU?$char_traits@D@std@@V?$allocator@D@2@@std@@V?$list@IV?$allocator@I@std@@@2@@2@@?$allocator@U?$_Tree_node@U?$pair@$$CBV?$basic_string@DU?$char_traits@D@std@@V?$allocator@D@2@@std@@V?$list@IV?$allocator@I@std@@@2@@std@@PAX@std@@@std@@QAEXPAU?$pair@$$CBV?$basic_string@DU?$char_traits@D@std@@V?$allocator@D@2@@std@@V?$list@IV?$allocator@I@std@@@2@@1@AAU?$pair@V?$basic_string@DU?$char_traits@D@std@@V?$allocator@D@2@@std@@V?$list@IV?$allocator@I@std@@@2@@1@@Z 1000ee68     ClientSession.obj
 0002:00001e68       __ehfuncinfo$??$construct@U?$pair@$$CBIPAVIClientSession@@@std@@AAU?$pair@IPAVIClientSession@@@2@@?$allocator@U?$_Tree_node@U?$pair@$$CBIPAVIClientSession@@@std@@PAX@std@@@std@@QAEXPAU?$pair@$$CBIPAVIClientSession@@@1@AAU?$pair@IPAVIClientSession@@@1@@Z 1000ee68     ClientSession.obj
 0002:00001e8c       __unwindtable$??$construct@U?$pair@$$CBIPAVIClientSession@@@std@@AAU?$pair@IPAVIClientSession@@@2@@?$allocator@U?$_Tree_node@U?$pair@$$CBIPAVIClientSession@@@std@@PAX@std@@@std@@QAEXPAU?$pair@$$CBIPAVIClientSession@@@1@AAU?$pair@IPAVIClientSession@@@1@@Z 1000ee8c     ClientSession.obj
 0002:00001e8c       __unwindtable$??$construct@U?$pair@$$CBV?$basic_string@DU?$char_traits@D@std@@V?$allocator@D@2@@std@@V?$list@IV?$allocator@I@std@@@2@@std@@AAU?$pair@V?$basic_string@DU?$char_traits@D@std@@V?$allocator@D@2@@std@@V?$list@IV?$allocator@I@std@@@2@@2@@?$allocator@U?$_Tree_node@U?$pair@$$CBV?$basic_string@DU?$char_traits@D@std@@V?$allocator@D@2@@std@@V?$list@IV?$allocator@I@std@@@2@@std@@PAX@std@@@std@@QAEXPAU?$pair@$$CBV?$basic_string@DU?$char_traits@D@std@@V?$allocator@D@2@@std@@V?$list@IV?$allocator@I@std@@@2@@1@AAU?$pair@V?$basic_string@DU?$char_traits@D@std@@V?$allocator@D@2@@std@@V?$list@IV?$allocator@I@std@@@2@@1@@Z 1000ee8c     ClientSession.obj
 0002:00001e94       __ehfuncinfo$??$construct@U?$pair@$$CBIPAVIClientSession@@@std@@ABUpiecewise_construct_t@2@V?$tuple@ABI@2@V?$tuple@$$V@2@@?$allocator@U?$_Tree_node@U?$pair@$$CBIPAVIClientSession@@@std@@PAX@std@@@std@@QAEXPAU?$pair@$$CBIPAVIClientSession@@@1@ABUpiecewise_construct_t@1@$$QAV?$tuple@ABI@1@$$QAV?$tuple@$$V@1@@Z 1000ee94     ClientSession.obj
 0002:00001eb8       __unwindtable$??$construct@U?$pair@$$CBIPAVIClientSession@@@std@@ABUpiecewise_construct_t@2@V?$tuple@ABI@2@V?$tuple@$$V@2@@?$allocator@U?$_Tree_node@U?$pair@$$CBIPAVIClientSession@@@std@@PAX@std@@@std@@QAEXPAU?$pair@$$CBIPAVIClientSession@@@1@ABUpiecewise_construct_t@1@$$QAV?$tuple@ABI@1@$$QAV?$tuple@$$V@1@@Z 1000eeb8     ClientSession.obj
 0002:00001ec0       __ehfuncinfo$??0ServerProtocol@@QAE@XZ 1000eec0     ServerProtocolImpl.obj
 0002:00001ee4       __unwindtable$??0ServerProtocol@@QAE@XZ 1000eee4     ServerProtocolImpl.obj
 0002:00001ef4       __ehfuncinfo$?CreateServerProtocol@@YGPAVIServerProtocol@@XZ 1000eef4     ServerProtocolImpl.obj
 0002:00001f18       __unwindtable$?CreateServerProtocol@@YGPAVIServerProtocol@@XZ 1000ef18     ServerProtocolImpl.obj
 0002:00001f20       __sehtable$___scrt_is_nonwritable_in_current_image 1000ef20     MSVCRT:utility.obj
 0002:00001f40       __sehtable$?dllmain_crt_process_attach@@YAHQAUHINSTANCE__@@QAX@Z 1000ef40     MSVCRT:dll_dllmain.obj
 0002:00001f60       __sehtable$?dllmain_crt_process_detach@@YAH_N@Z 1000ef60     MSVCRT:dll_dllmain.obj
 0002:00001f80       __sehtable$?dllmain_dispatch@@YAHQAUHINSTANCE__@@KQAX@Z 1000ef80     MSVCRT:dll_dllmain.obj
 0002:00002050       .edata                     1000f050     ProtocolLib.exp
 0002:00002078       rgpv                       1000f078     ProtocolLib.exp
 0002:00002088       rgszName                   1000f088     ProtocolLib.exp
 0002:00002098       rgwOrd                     1000f098     ProtocolLib.exp
 0002:000020a0       szName                     1000f0a0     ProtocolLib.exp
 0002:000020b0       $N00001                    1000f0b0     ProtocolLib.exp
 0002:000020e0       $N00002                    1000f0e0     ProtocolLib.exp
 0002:00002110       $N00003                    1000f110     ProtocolLib.exp
 0002:00002142       $N00004                    1000f142     ProtocolLib.exp
 0002:00002400       .idata$6                   1000f400     Socket:Socket.dll
 0002:0000242a       .idata$6                   1000f42a     xlogger:xLogger.dll
 0002:00002496       .idata$6                   1000f496     Utilities:Utilities.dll
 0002:00002564       .idata$6                   1000f564     kernel32:KERNEL32.dll
 0002:000025cc       .idata$6                   1000f5cc     msvcprt:MSVCP140.dll
 0002:000026a2       .idata$6                   1000f6a2     vcruntime:VCRUNTIME140.dll
 0002:000027dc       .idata$6                   1000f7dc     ucrt:api-ms-win-crt-runtime-l1-1-0.dll
 0002:000027fe       .idata$6                   1000f7fe     ucrt:api-ms-win-crt-time-l1-1-0.dll
 0002:0000281e       .idata$6                   1000f81e     ucrt:api-ms-win-crt-heap-l1-1-0.dll
 0003:00000204       ?_Tss_mutex@@3U_RTL_CRITICAL_SECTION@@A 10010204     MSVCRT:thread_safe_statics.obj
 0003:0000021c       ?_Tss_cv@@3U_RTL_CONDITION_VARIABLE@@A 1001021c     MSVCRT:thread_safe_statics.obj
 0003:00000220       ?_Tss_event@@3PAXA         10010220     MSVCRT:thread_safe_statics.obj
 0003:00000224       ?encoded_sleep_condition_variable_cs@@3P6GHPAU_RTL_CONDITION_VARIABLE@@PAU_RTL_CRITICAL_SECTION@@K@ZA 10010224     MSVCRT:thread_safe_statics.obj
 0003:00000228       ?encoded_wake_all_condition_variable@@3P6GXPAU_RTL_CONDITION_VARIABLE@@@ZA 10010228     MSVCRT:thread_safe_statics.obj
 0003:00000234       ?module_local_atexit_table@@3U_onexit_table_t@@A 10010234     MSVCRT:utility.obj
 0003:00000240       ?module_local_at_quick_exit_table@@3U_onexit_table_t@@A 10010240     MSVCRT:utility.obj
 0003:0000024c       ?is_initialized_as_dll@@3_NA 1001024c     MSVCRT:utility.obj
 0003:00000250       ?__proc_attached@@3HA      10010250     MSVCRT:dll_dllmain.obj
 0003:00000258       _GS_ExceptionRecord        10010258     MSVCRT:gs_report.obj
 0003:000002a8       _GS_ContextRecord          100102a8     MSVCRT:gs_report.obj
 0003:000005a0       ?count@?1??GetMessageObject@@YAPAXI@Z@4HA 100105a0     ClientProtocolImpl.obj
 0003:000005a8       ?count@?1??GetMessageObject@@YAPAXI@Z@4HA 100105a8     ClientSession.obj
 0005:00000000       __guard_fids__             10012000     MSVCRT:thread_safe_statics.obj
 0005:00000004       __guard_fids_?__scrt_initialize_thread_safe_statics@@YAHXZ 10012004     MSVCRT:thread_safe_statics.obj
 0005:00000008       __guard_fids__             10012008     MSVCRT:std_type_info_static.obj
 0005:0000000c       __guard_fids_?dllmain_crt_process_attach@@YAHQAUHINSTANCE__@@QAX@Z 1001200c     MSVCRT:dll_dllmain.obj
 0005:00000014       __guard_fids_?dllmain_dispatch@@YAHQAUHINSTANCE__@@KQAX@Z 10012014     MSVCRT:dll_dllmain.obj
 0005:00000018       __guard_fids__             10012018     MSVCRT:throw_bad_alloc.obj
 0005:00000020       __guard_fids__             10012020     MSVCRT:throw_bad_alloc.obj
 0005:00000028       __guard_fids__             10012028     MSVCRT:throw_bad_alloc.obj
 0005:00000030       __guard_fids__             10012030     MSVCRT:throw_bad_alloc.obj
 0005:00000034       __guard_fids__             10012034     MSVCRT:throw_bad_alloc.obj
 0005:00000038       __guard_fids__             10012038     MSVCRT:throw_bad_alloc.obj
 0005:0000003c       __guard_fids__             1001203c     MSVCRT:throw_bad_alloc.obj
 0005:00000040       __guard_fids___except_handler4 10012040     MSVCRT:_chandler4gs_.obj
 0005:00000044       __guard_fids__             10012044     MSVCRT:guard_support.obj
 0006:000000a0       $R000000                   100130a0     ProtocolLib1.res
 0006:000003c8       $R000328                   100133c8     ProtocolLib1.res
