 Database

 Timestamp is 58f8864d (Thu Apr 20 15:28:37 2017)

 Preferred load address is 10000000

 Start         Length     Name                   Class
 0001:00000000 00000050H .text$di                CODE
 0001:00000050 00011970H .text$mn                CODE
 0001:000119c0 00001010H .text$x                 CODE
 0001:000129d0 00000026H .text$yd                CODE
 0002:00000000 00000160H .idata$5                DATA
 0002:00000160 00000004H .00cfg                  DATA
 0002:00000164 00000004H .CRT$XCA                DATA
 0002:00000168 00000004H .CRT$XCL                DATA
 0002:0000016c 00000008H .CRT$XCU                DATA
 0002:00000174 00000004H .CRT$XCZ                DATA
 0002:00000178 00000004H .CRT$XIA                DATA
 0002:0000017c 00000004H .CRT$XIC                DATA
 0002:00000180 00000004H .CRT$XIZ                DATA
 0002:00000184 00000004H .CRT$XLA                DATA
 0002:00000188 00000004H .CRT$XLZ                DATA
 0002:0000018c 00000004H .CRT$XPA                DATA
 0002:00000190 00000004H .CRT$XPZ                DATA
 0002:00000194 00000004H .CRT$XTA                DATA
 0002:00000198 00000008H .CRT$XTZ                DATA
 0002:000001a0 0000180cH .rdata                  DATA
 0002:000019ac 00000018H .rdata$T                DATA
 0002:000019c4 0000045cH .rdata$r                DATA
 0002:00001e20 000000e4H .rdata$sxdata           DATA
 0002:00001f04 000003a0H .rdata$zzzdbg           DATA
 0002:000022a4 00000004H .rtc$IAA                DATA
 0002:000022a8 00000004H .rtc$IZZ                DATA
 0002:000022ac 00000004H .rtc$TAA                DATA
 0002:000022b0 00000008H .rtc$TZZ                DATA
 0002:000022b8 000016e8H .xdata$x                DATA
 0002:00003994 00000000H ATL$__a                 DATA
 0002:00003994 00000000H ATL$__z                 DATA
 0002:000039a0 00000148H .edata                  DATA
 0002:00003ae8 000000dcH .idata$2                DATA
 0002:00003bc4 00000014H .idata$3                DATA
 0002:00003bd8 00000160H .idata$4                DATA
 0002:00003d38 00000696H .idata$6                DATA
 0003:00000000 00000034H .data                   DATA
 0003:00000034 000001b4H .data$r                 DATA
 0003:000001e8 000003f4H .bss                    DATA
 0004:00000000 00000064H .gfids$y                DATA
 0005:00000000 00000004H .tls                    DATA
 0005:00000004 00000004H .tls$                   DATA
 0005:00000008 00000001H .tls$ZZZ                DATA
 0006:00000000 000000a0H .rsrc$01                DATA
 0006:000000a0 000004a8H .rsrc$02                DATA

  Address         Publics by Value              Rva+Base       Lib:Object

 0000:00000000       ___guard_fids_count        00000000     <absolute>
 0000:00000000       ___guard_longjmp_table     00000000     <absolute>
 0000:00000000       ___guard_iat_table         00000000     <absolute>
 0000:00000000       ___guard_iat_count         00000000     <absolute>
 0000:00000000       ___dynamic_value_reloc_table 00000000     <absolute>
 0000:00000000       ___guard_fids_table        00000000     <absolute>
 0000:00000000       ___guard_longjmp_count     00000000     <absolute>
 0000:0000002c       __tls_array                0000002c     <absolute>
 0000:00000039       ___safe_se_handler_count   00000039     <absolute>
 0000:00000100       ___guard_flags             00000100     <absolute>
 0000:00000000       ___ImageBase               10000000     <linker-defined>
 0001:00000160       _IsEqualGUID               10001160 f i DatabaseImpl.obj
 0001:000001a0       _==                        100011a0 f i DatabaseImpl.obj
 0001:000001d0       _HRESULT_FROM_WIN32        100011d0 f i DatabaseImpl.obj
 0001:00000210       ___local_stdio_printf_options 10001210 f i DatabaseImpl.obj
 0001:00000220       __vsnprintf_l              10001220 f i DatabaseImpl.obj
 0001:00000280       __vsnprintf                10001280 f i DatabaseImpl.obj
 0001:000002a0       __vsprintf_s_l             100012a0 f i DatabaseImpl.obj
 0001:000002f0       _sprintf_s                 100012f0 f i DatabaseImpl.obj
 0001:00000330       __snprintf                 10001330 f i DatabaseImpl.obj
 0001:00000370       ?CheckError@_com_util@@YAXJ@Z 10001370 f i DatabaseImpl.obj
 0001:00000400       ??0?$_String_const_iterator@V?$_String_val@U?$_Simple_types@D@std@@@std@@@std@@QAE@XZ 10001400 f i DatabaseImpl.obj
 0001:00000400       ??0_bstr_t@@QAE@XZ         10001400 f i DatabaseImpl.obj
 0001:00000400       ??0?$_com_ptr_t@V?$_com_IIID@U_Connection@@$1?_GUID_00001550_0000_0010_8000_00aa006d2ea4@@3U__s_GUID@@B@@@@QAE@XZ 10001400 f i DatabaseImpl.obj
 0001:00000400       ??0?$_com_ptr_t@V?$_com_IIID@U_Command@@$1?_GUID_986761e8_7269_4890_aa65_ad7c03697a6d@@3U__s_GUID@@B@@@@QAE@XZ 10001400 f i DatabaseImpl.obj
 0001:00000400       ??0?$_com_ptr_t@V?$_com_IIID@U_Recordset@@$1?_GUID_00001556_0000_0010_8000_00aa006d2ea4@@3U__s_GUID@@B@@@@QAE@XZ 10001400 f i DatabaseImpl.obj
 0001:00000400       ??0?$_Tree_unchecked_const_iterator@V?$_Tree_val@U?$_Tree_simple_types@U?$pair@$$CBV?$basic_string@DU?$char_traits@D@std@@V?$allocator@D@2@@std@@P6AXPADPAH@Z@std@@@std@@@std@@U_Iterator_base0@2@@std@@QAE@XZ 10001400 f i DatabaseImpl.obj
 0001:00000420       ??0_bstr_t@@QAE@ABV0@@Z    10001420 f i DatabaseImpl.obj
 0001:00000450       ??0_bstr_t@@QAE@PBD@Z      10001450 f i DatabaseImpl.obj
 0001:000004f0       ??0_bstr_t@@QAE@PB_W@Z     100014f0 f i DatabaseImpl.obj
 0001:00000590       ??0_bstr_t@@QAE@PA_W_N@Z   10001590 f i DatabaseImpl.obj
 0001:00000630       ??1_bstr_t@@QAE@XZ         10001630 f i DatabaseImpl.obj
 0001:00000650       ??4_bstr_t@@QAEAAV0@PB_W@Z 10001650 f i DatabaseImpl.obj
 0001:00000700       ??Y_bstr_t@@QAEAAV0@ABV0@@Z 10001700 f i DatabaseImpl.obj
 0001:000007b0       ??H_bstr_t@@QBE?AV0@ABV0@@Z 100017b0 f i DatabaseImpl.obj
 0001:00000840       ??B_bstr_t@@QBEPA_WXZ      10001840 f i DatabaseImpl.obj
 0001:00000840       ??B_bstr_t@@QBEPB_WXZ      10001840 f i DatabaseImpl.obj
 0001:00000870       ??B_bstr_t@@QBEPADXZ       10001870 f i DatabaseImpl.obj
 0001:00000870       ??B_bstr_t@@QBEPBDXZ       10001870 f i DatabaseImpl.obj
 0001:000008a0       ?length@_bstr_t@@QBEIXZ    100018a0 f i DatabaseImpl.obj
 0001:000008d0       ?_AddRef@_bstr_t@@AAEXXZ   100018d0 f i DatabaseImpl.obj
 0001:000008f0       ?_Free@_bstr_t@@AAEXXZ     100018f0 f i DatabaseImpl.obj
 0001:00000920       ??0Data_t@_bstr_t@@QAE@PBD@Z 10001920 f i DatabaseImpl.obj
 0001:00000960       ??0Data_t@_bstr_t@@QAE@PB_W@Z 10001960 f i DatabaseImpl.obj
 0001:000009b0       ??0Data_t@_bstr_t@@QAE@PA_W_N@Z 100019b0 f i DatabaseImpl.obj
 0001:00000a20       ??0Data_t@_bstr_t@@QAE@ABV1@0@Z 10001a20 f i DatabaseImpl.obj
 0001:00000b40       ?AddRef@Data_t@_bstr_t@@QAEKXZ 10001b40 f i DatabaseImpl.obj
 0001:00000b60       ?Release@Data_t@_bstr_t@@QAEKXZ 10001b60 f i DatabaseImpl.obj
 0001:00000bb0       ??_GData_t@_bstr_t@@AAEPAXI@Z 10001bb0 f i DatabaseImpl.obj
 0001:00000be0       ?_Get_second@?$_Compressed_pair@U?$_Wrap_alloc@V?$allocator@U?$_Tree_node@U?$pair@$$CBV?$basic_string@DU?$char_traits@D@std@@V?$allocator@D@2@@std@@P6AXPADPAH@Z@std@@PAX@std@@@std@@@std@@V?$_Tree_val@U?$_Tree_simple_types@U?$pair@$$CBV?$basic_string@DU?$char_traits@D@std@@V?$allocator@D@2@@std@@P6AXPADPAH@Z@std@@@std@@@2@$00@std@@QAEAAV?$_Tree_val@U?$_Tree_simple_types@U?$pair@$$CBV?$basic_string@DU?$char_traits@D@std@@V?$allocator@D@2@@std@@P6AXPADPAH@Z@std@@@std@@@2@XZ 10001be0 f i DatabaseImpl.obj
 0001:00000be0       ?_Get_first@?$_Compressed_pair@U?$less@V?$basic_string@DU?$char_traits@D@std@@V?$allocator@D@2@@std@@@std@@V?$_Compressed_pair@U?$_Wrap_alloc@V?$allocator@U?$_Tree_node@U?$pair@$$CBV?$basic_string@DU?$char_traits@D@std@@V?$allocator@D@2@@std@@P6AXPADPAH@Z@std@@PAX@std@@@std@@@std@@V?$_Tree_val@U?$_Tree_simple_types@U?$pair@$$CBV?$basic_string@DU?$char_traits@D@std@@V?$allocator@D@2@@std@@P6AXPADPAH@Z@std@@@std@@@2@$00@2@$00@std@@QBEABU?$less@V?$basic_string@DU?$char_traits@D@std@@V?$allocator@D@2@@std@@@2@XZ 10001be0 f i DatabaseImpl.obj
 0001:00000be0       ?_Get_second@?$_Compressed_pair@U?$_Wrap_alloc@V?$allocator@UPARAM@Parameter@@@std@@@std@@V?$_Vector_val@U?$_Simple_types@UPARAM@Parameter@@@std@@@2@$00@std@@QBEABV?$_Vector_val@U?$_Simple_types@UPARAM@Parameter@@@std@@@2@XZ 10001be0 f i DatabaseImpl.obj
 0001:00000be0       ?_Get_first@?$_Compressed_pair@U?$_Wrap_alloc@V?$allocator@UPARAM@Parameter@@@std@@@std@@V?$_Vector_val@U?$_Simple_types@UPARAM@Parameter@@@std@@@2@$00@std@@QBEABU?$_Wrap_alloc@V?$allocator@UPARAM@Parameter@@@std@@@2@XZ 10001be0 f i DatabaseImpl.obj
 0001:00000be0       ?_Get_first@?$_Compressed_pair@U?$_Wrap_alloc@V?$allocator@D@std@@@std@@V?$_String_val@U?$_Simple_types@D@std@@@2@$00@std@@QAEAAU?$_Wrap_alloc@V?$allocator@D@std@@@2@XZ 10001be0 f i DatabaseImpl.obj
 0001:00000be0       ?_Get_second@?$_Compressed_pair@U?$_Wrap_alloc@V?$allocator@UPARAM@Parameter@@@std@@@std@@V?$_Vector_val@U?$_Simple_types@UPARAM@Parameter@@@std@@@2@$00@std@@QAEAAV?$_Vector_val@U?$_Simple_types@UPARAM@Parameter@@@std@@@2@XZ 10001be0 f i DatabaseImpl.obj
 0001:00000be0       ?_Get_second@?$_Compressed_pair@U?$less@V?$basic_string@DU?$char_traits@D@std@@V?$allocator@D@2@@std@@@std@@V?$_Compressed_pair@U?$_Wrap_alloc@V?$allocator@U?$_Tree_node@U?$pair@$$CBV?$basic_string@DU?$char_traits@D@std@@V?$allocator@D@2@@std@@P6AXPADPAH@Z@std@@PAX@std@@@std@@@std@@V?$_Tree_val@U?$_Tree_simple_types@U?$pair@$$CBV?$basic_string@DU?$char_traits@D@std@@V?$allocator@D@2@@std@@P6AXPADPAH@Z@std@@@std@@@2@$00@2@$00@std@@QBEABV?$_Compressed_pair@U?$_Wrap_alloc@V?$allocator@U?$_Tree_node@U?$pair@$$CBV?$basic_string@DU?$char_traits@D@std@@V?$allocator@D@2@@std@@P6AXPADPAH@Z@std@@PAX@std@@@std@@@std@@V?$_Tree_val@U?$_Tree_simple_types@U?$pair@$$CBV?$basic_string@DU?$char_traits@D@std@@V?$allocator@D@2@@std@@P6AXPADPAH@Z@std@@@std@@@2@$00@2@XZ 10001be0 f i DatabaseImpl.obj
 0001:00000be0       ?_Get_first@?$_Compressed_pair@U?$_Wrap_alloc@V?$allocator@UPARAM@Parameter@@@std@@@std@@V?$_Vector_val@U?$_Simple_types@UPARAM@Parameter@@@std@@@2@$00@std@@QAEAAU?$_Wrap_alloc@V?$allocator@UPARAM@Parameter@@@std@@@2@XZ 10001be0 f i DatabaseImpl.obj
 0001:00000be0       ??0?$allocator@U?$_Tree_node@U?$pair@$$CBV?$basic_string@DU?$char_traits@D@std@@V?$allocator@D@2@@std@@P6AXPADPAH@Z@std@@PAX@std@@@std@@QAE@XZ 10001be0 f i DatabaseImpl.obj
 0001:00000be0       ?_Get_second@?$_Compressed_pair@U?$_Wrap_alloc@V?$allocator@D@std@@@std@@V?$_String_val@U?$_Simple_types@D@std@@@2@$00@std@@QBEABV?$_String_val@U?$_Simple_types@D@std@@@2@XZ 10001be0 f i DatabaseImpl.obj
 0001:00000be0       ?_Get_first@?$_Compressed_pair@U?$_Wrap_alloc@V?$allocator@D@std@@@std@@V?$_String_val@U?$_Simple_types@D@std@@@2@$00@std@@QBEABU?$_Wrap_alloc@V?$allocator@D@std@@@2@XZ 10001be0 f i DatabaseImpl.obj
 0001:00000be0       ?_Get_first@?$_Compressed_pair@U?$less@V?$basic_string@DU?$char_traits@D@std@@V?$allocator@D@2@@std@@@std@@V?$_Compressed_pair@U?$_Wrap_alloc@V?$allocator@U?$_Tree_node@U?$pair@$$CBV?$basic_string@DU?$char_traits@D@std@@V?$allocator@D@2@@std@@P6AXPADPAH@Z@std@@PAX@std@@@std@@@std@@V?$_Tree_val@U?$_Tree_simple_types@U?$pair@$$CBV?$basic_string@DU?$char_traits@D@std@@V?$allocator@D@2@@std@@P6AXPADPAH@Z@std@@@std@@@2@$00@2@$00@std@@QAEAAU?$less@V?$basic_string@DU?$char_traits@D@std@@V?$allocator@D@2@@std@@@2@XZ 10001be0 f i DatabaseImpl.obj
 0001:00000be0       ??0IUnknown@@QAE@XZ        10001be0 f i DatabaseImpl.obj
 0001:00000be0       ??0?$tuple@$$V@std@@QAE@XZ 10001be0 f i DatabaseImpl.obj
 0001:00000be0       ??0?$allocator@UPARAM@Parameter@@@std@@QAE@XZ 10001be0 f i DatabaseImpl.obj
 0001:00000be0       ??0_Bxty@?$_String_val@U?$_Simple_types@D@std@@@std@@QAE@XZ 10001be0 f i DatabaseImpl.obj
 0001:00000be0       ?_Get_second@?$_Compressed_pair@U?$_Wrap_alloc@V?$allocator@D@std@@@std@@V?$_String_val@U?$_Simple_types@D@std@@@2@$00@std@@QAEAAV?$_String_val@U?$_Simple_types@D@std@@@2@XZ 10001be0 f i DatabaseImpl.obj
 0001:00000be0       ??0?$allocator@D@std@@QAE@XZ 10001be0 f i DatabaseImpl.obj
 0001:00000be0       ?_Get_first@?$_Compressed_pair@U?$_Wrap_alloc@V?$allocator@U?$_Tree_node@U?$pair@$$CBV?$basic_string@DU?$char_traits@D@std@@V?$allocator@D@2@@std@@P6AXPADPAH@Z@std@@PAX@std@@@std@@@std@@V?$_Tree_val@U?$_Tree_simple_types@U?$pair@$$CBV?$basic_string@DU?$char_traits@D@std@@V?$allocator@D@2@@std@@P6AXPADPAH@Z@std@@@std@@@2@$00@std@@QBEABU?$_Wrap_alloc@V?$allocator@U?$_Tree_node@U?$pair@$$CBV?$basic_string@DU?$char_traits@D@std@@V?$allocator@D@2@@std@@P6AXPADPAH@Z@std@@PAX@std@@@std@@@2@XZ 10001be0 f i DatabaseImpl.obj
 0001:00000be0       ?_Get_first@?$_Compressed_pair@U?$_Wrap_alloc@V?$allocator@U?$_Tree_node@U?$pair@$$CBV?$basic_string@DU?$char_traits@D@std@@V?$allocator@D@2@@std@@P6AXPADPAH@Z@std@@PAX@std@@@std@@@std@@V?$_Tree_val@U?$_Tree_simple_types@U?$pair@$$CBV?$basic_string@DU?$char_traits@D@std@@V?$allocator@D@2@@std@@P6AXPADPAH@Z@std@@@std@@@2@$00@std@@QAEAAU?$_Wrap_alloc@V?$allocator@U?$_Tree_node@U?$pair@$$CBV?$basic_string@DU?$char_traits@D@std@@V?$allocator@D@2@@std@@P6AXPADPAH@Z@std@@PAX@std@@@std@@@2@XZ 10001be0 f i DatabaseImpl.obj
 0001:00000be0       ?_Get_second@?$_Compressed_pair@U?$less@V?$basic_string@DU?$char_traits@D@std@@V?$allocator@D@2@@std@@@std@@V?$_Compressed_pair@U?$_Wrap_alloc@V?$allocator@U?$_Tree_node@U?$pair@$$CBV?$basic_string@DU?$char_traits@D@std@@V?$allocator@D@2@@std@@P6AXPADPAH@Z@std@@PAX@std@@@std@@@std@@V?$_Tree_val@U?$_Tree_simple_types@U?$pair@$$CBV?$basic_string@DU?$char_traits@D@std@@V?$allocator@D@2@@std@@P6AXPADPAH@Z@std@@@std@@@2@$00@2@$00@std@@QAEAAV?$_Compressed_pair@U?$_Wrap_alloc@V?$allocator@U?$_Tree_node@U?$pair@$$CBV?$basic_string@DU?$char_traits@D@std@@V?$allocator@D@2@@std@@P6AXPADPAH@Z@std@@PAX@std@@@std@@@std@@V?$_Tree_val@U?$_Tree_simple_types@U?$pair@$$CBV?$basic_string@DU?$char_traits@D@std@@V?$allocator@D@2@@std@@P6AXPADPAH@Z@std@@@std@@@2@$00@2@XZ 10001be0 f i DatabaseImpl.obj
 0001:00000be0       ?GetWString@Data_t@_bstr_t@@QAEAAPA_WXZ 10001be0 f i DatabaseImpl.obj
 0001:00000be0       ?_Get_second@?$_Compressed_pair@U?$_Wrap_alloc@V?$allocator@U?$_Tree_node@U?$pair@$$CBV?$basic_string@DU?$char_traits@D@std@@V?$allocator@D@2@@std@@P6AXPADPAH@Z@std@@PAX@std@@@std@@@std@@V?$_Tree_val@U?$_Tree_simple_types@U?$pair@$$CBV?$basic_string@DU?$char_traits@D@std@@V?$allocator@D@2@@std@@P6AXPADPAH@Z@std@@@std@@@2@$00@std@@QBEABV?$_Tree_val@U?$_Tree_simple_types@U?$pair@$$CBV?$basic_string@DU?$char_traits@D@std@@V?$allocator@D@2@@std@@P6AXPADPAH@Z@std@@@std@@@2@XZ 10001be0 f i DatabaseImpl.obj
 0001:00000bf0       ?GetString@Data_t@_bstr_t@@QBEPBDXZ 10001bf0 f i DatabaseImpl.obj
 0001:00000c20       ?Length@Data_t@_bstr_t@@QBEIXZ 10001c20 f i DatabaseImpl.obj
 0001:00000c50       ??2Data_t@_bstr_t@@SAPAXI@Z 10001c50 f i DatabaseImpl.obj
 0001:00000c70       ??1Data_t@_bstr_t@@AAE@XZ  10001c70 f i DatabaseImpl.obj
 0001:00000c90       ?_Free@Data_t@_bstr_t@@AAEXXZ 10001c90 f i DatabaseImpl.obj
 0001:00000cf0       ??0_variant_t@@QAE@XZ      10001cf0 f i DatabaseImpl.obj
 0001:00000d10       ??0_variant_t@@QAE@AAUtagVARIANT@@_N@Z 10001d10 f i DatabaseImpl.obj
 0001:00000d70       ??0_variant_t@@QAE@M@Z     10001d70 f i DatabaseImpl.obj
 0001:00000da0       ??0_variant_t@@QAE@NG@Z    10001da0 f i DatabaseImpl.obj
 0001:00000e10       ??0_variant_t@@QAE@ABV_bstr_t@@@Z 10001e10 f i DatabaseImpl.obj
 0001:00000e80       ??0_variant_t@@QAE@PBD@Z   10001e80 f i DatabaseImpl.obj
 0001:00000eb0       ??0_variant_t@@QAE@PAUIDispatch@@_N@Z 10001eb0 f i DatabaseImpl.obj
 0001:00000f00       ??0_variant_t@@QAE@ABUtagDEC@@@Z 10001f00 f i DatabaseImpl.obj
 0001:00000f40       ??0_variant_t@@QAE@D@Z     10001f40 f i DatabaseImpl.obj
 0001:00000f70       ??0_variant_t@@QAE@K@Z     10001f70 f i DatabaseImpl.obj
 0001:00000fa0       ??0_variant_t@@QAE@H@Z     10001fa0 f i DatabaseImpl.obj
 0001:00000fd0       ??0_variant_t@@QAE@I@Z     10001fd0 f i DatabaseImpl.obj
 0001:00001000       ??B_variant_t@@QBENXZ      10002000 f i DatabaseImpl.obj
 0001:00001090       ??4_variant_t@@QAEAAV0@ABV0@@Z 10002090 f i DatabaseImpl.obj
 0001:000010c0       ?ChangeType@_variant_t@@QAEXGPBV1@@Z 100020c0 f i DatabaseImpl.obj
 0001:00001110       ??1_variant_t@@QAE@XZ      10002110 f i DatabaseImpl.obj
 0001:00001130       ?Error@_com_error@@QBEJXZ  10002130 f i DatabaseImpl.obj
 0001:00001150       ?WCode@_com_error@@QBEGXZ  10002150 f i DatabaseImpl.obj
 0001:00001170       ?Description@_com_error@@QBE?AV_bstr_t@@XZ 10002170 f i DatabaseImpl.obj
 0001:000011e0       ?Source@_com_error@@QBE?AV_bstr_t@@XZ 100021e0 f i DatabaseImpl.obj
 0001:00001250       ?ErrorMessage@_com_error@@QBEPBDXZ 10002250 f i DatabaseImpl.obj
 0001:00001390       ?HRESULTToWCode@_com_error@@SAGJ@Z 10002390 f i DatabaseImpl.obj
 0001:000013d0       ??2@YAPAXIPAX@Z            100023d0 f i DatabaseImpl.obj
 0001:000013e0       ??$__vcrt_va_start_verify_argument_type@QBD@@YAXXZ 100023e0 f i DatabaseImpl.obj
 0001:000013e0       ??$_Destroy_range1@V?$allocator@UPARAM@Parameter@@@std@@PAUPARAM@Parameter@@@std@@YAXPAUPARAM@Parameter@@0AAU?$_Wrap_alloc@V?$allocator@UPARAM@Parameter@@@std@@@0@U?$integral_constant@_N$00@0@@Z 100023e0 f i DatabaseImpl.obj
 0001:000013e0       ??3@YAXPAX0@Z              100023e0 f i DatabaseImpl.obj
 0001:000013e0       ??$_Pocca@U?$_Wrap_alloc@V?$allocator@D@std@@@std@@@std@@YAXAAU?$_Wrap_alloc@V?$allocator@D@std@@@0@ABU10@U?$integral_constant@_N$0A@@0@@Z 100023e0 f i DatabaseImpl.obj
 0001:000013f0       ??1exception@std@@UAE@XZ   100023f0 f i DatabaseImpl.obj
 0001:00001420       ?what@exception@std@@UBEPBDXZ 10002420 f i DatabaseImpl.obj
 0001:00001450       ??_Eexception@std@@UAEPAXI@Z 10002450 f i * CIL library *:* CIL module *
 0001:00001450       ??_Gexception@std@@UAEPAXI@Z 10002450 f i DatabaseImpl.obj
 0001:00001480       ?compare@?$char_traits@D@std@@SAHPBD0I@Z 10002480 f i DatabaseImpl.obj
 0001:000014c0       ?length@?$char_traits@D@std@@SAIPBD@Z 100024c0 f i DatabaseImpl.obj
 0001:00001510       ?copy@?$char_traits@D@std@@SAPADPADPBDI@Z 10002510 f i DatabaseImpl.obj
 0001:00001540       ?move@?$char_traits@D@std@@SAPADPADPBDI@Z 10002540 f i DatabaseImpl.obj
 0001:00001580       ?assign@?$char_traits@D@std@@SAXAADABD@Z 10002580 f i DatabaseImpl.obj
 0001:00001590       ??1_Bxty@?$_String_val@U?$_Simple_types@D@std@@@std@@QAE@XZ 10002590 f i DatabaseImpl.obj
 0001:00001590       ?_Orphan_all@_Container_base0@std@@QAEXXZ 10002590 f i DatabaseImpl.obj
 0001:000015a0       ?_Compat@?$_String_const_iterator@V?$_String_val@U?$_Simple_types@D@std@@@std@@@std@@QBEXABV12@@Z 100025a0 f i DatabaseImpl.obj
 0001:000015a0       ?_Compat@?$_Vector_const_iterator@V?$_Vector_val@U?$_Simple_types@UPARAM@Parameter@@@std@@@std@@@std@@QBEXABV12@@Z 100025a0 f i DatabaseImpl.obj
 0001:000015a0       ??$destroy@PAD@?$allocator@D@std@@QAEXPAPAD@Z 100025a0 f i DatabaseImpl.obj
 0001:000015a0       ??$destroy@PAU?$_Tree_node@U?$pair@$$CBV?$basic_string@DU?$char_traits@D@std@@V?$allocator@D@2@@std@@P6AXPADPAH@Z@std@@PAX@std@@@?$allocator@U?$_Tree_node@U?$pair@$$CBV?$basic_string@DU?$char_traits@D@std@@V?$allocator@D@2@@std@@P6AXPADPAH@Z@std@@PAX@std@@@std@@QAEXPAPAU?$_Tree_node@U?$pair@$$CBV?$basic_string@DU?$char_traits@D@std@@V?$allocator@D@2@@std@@P6AXPADPAH@Z@std@@PAX@1@@Z 100025a0 f i DatabaseImpl.obj
 0001:000015a0       ?_Adopt@_Iterator_base0@std@@QAEXPBX@Z 100025a0 f i DatabaseImpl.obj
 0001:000015b0       ?_Allocate@std@@YAPAXII_N@Z 100025b0 f i DatabaseImpl.obj
 0001:00001670       ?_Deallocate@std@@YAXPAXII@Z 10002670 f i DatabaseImpl.obj
 0001:00001710       ??1IParameter@@UAE@XZ      10002710 f i DatabaseImpl.obj
 0001:00001730       ??_EIParameter@@UAEPAXI@Z  10002730 f i * CIL library *:* CIL module *
 0001:00001730       ??_GIParameter@@UAEPAXI@Z  10002730 f i DatabaseImpl.obj
 0001:00001760       ??1ITable@@UAE@XZ          10002760 f i DatabaseImpl.obj
 0001:00001780       ??_EITable@@UAEPAXI@Z      10002780 f i * CIL library *:* CIL module *
 0001:00001780       ??_GITable@@UAEPAXI@Z      10002780 f i DatabaseImpl.obj
 0001:000017b0       ??1IDatabase@@UAE@XZ       100027b0 f i DatabaseImpl.obj
 0001:000017d0       ??_GIDatabase@@UAEPAXI@Z   100027d0 f i DatabaseImpl.obj
 0001:000017d0       ??_EIDatabase@@UAEPAXI@Z   100027d0 f i * CIL library *:* CIL module *
 0001:00001800       ?_AtlInitializeCriticalSectionEx@ATL@@YAHPAU_RTL_CRITICAL_SECTION@@KK@Z 10002800 f i DatabaseImpl.obj
 0001:00001820       ?Init@CComCriticalSection@ATL@@QAEJXZ 10002820 f i DatabaseImpl.obj
 0001:00001860       ??0COleDateTime@ATL@@QAE@ABUtagVARIANT@@@Z 10002860 f i DatabaseImpl.obj
 0001:00001890       ??0COleDateTime@ATL@@QAE@N@Z 10002890 f i DatabaseImpl.obj
 0001:000018c0       ??4COleDateTime@ATL@@QAEAAV01@ABUtagVARIANT@@@Z 100028c0 f i DatabaseImpl.obj
 0001:00001940       ??BCOleDateTime@ATL@@QBENXZ 10002940 f i DatabaseImpl.obj
 0001:00001960       ??0?$tuple@$$V@std@@QAE@ABV01@@Z 10002960 f i DatabaseImpl.obj
 0001:00001960       ??0?$allocator@D@std@@QAE@ABV01@@Z 10002960 f i DatabaseImpl.obj
 0001:00001960       ??$?0U_Exact_args_t@std@@$0A@@?$tuple@$$V@std@@QAE@U_Exact_args_t@1@@Z 10002960 f i DatabaseImpl.obj
 0001:00001970       ?Append@_DynaCollection@@QAEJPAUIDispatch@@@Z 10002970 f i DatabaseImpl.obj
 0001:000019b0       ?GetValue@Field20@@QAE?AV_variant_t@@XZ 100029b0 f i DatabaseImpl.obj
 0001:00001a20       ?GetItem@Fields15@@QAE?AV?$_com_ptr_t@V?$_com_IIID@UField@@$1?_GUID_00001569_0000_0010_8000_00aa006d2ea4@@3U__s_GUID@@B@@@@ABV_variant_t@@@Z 10002a20 f i DatabaseImpl.obj
 0001:00001ac0       ?PutPrecision@_Parameter@@QAEXE@Z 10002ac0 f i DatabaseImpl.obj
 0001:00001b00       ?PutNumericScale@_Parameter@@QAEXE@Z 10002b00 f i DatabaseImpl.obj
 0001:00001b40       ?PutRefActiveConnection@Command15@@QAEXPAU_Connection@@@Z 10002b40 f i DatabaseImpl.obj
 0001:00001b80       ?PutCommandText@Command15@@QAEXV_bstr_t@@@Z 10002b80 f i DatabaseImpl.obj
 0001:00001c10       ?Execute@Command15@@QAE?AV?$_com_ptr_t@V?$_com_IIID@U_Recordset@@$1?_GUID_00001556_0000_0010_8000_00aa006d2ea4@@3U__s_GUID@@B@@@@PAUtagVARIANT@@0J@Z 10002c10 f i DatabaseImpl.obj
 0001:00001c80       ?CreateParameter@Command15@@QAE?AV?$_com_ptr_t@V?$_com_IIID@U_Parameter@@$1?_GUID_0000150c_0000_0010_8000_00aa006d2ea4@@3U__s_GUID@@B@@@@V_bstr_t@@W4DataTypeEnum@@W4ParameterDirectionEnum@@JABV_variant_t@@@Z 10002c80 f i DatabaseImpl.obj
 0001:00001d70       ?GetParameters@Command15@@QAE?AV?$_com_ptr_t@V?$_com_IIID@UParameters@@$1?_GUID_0000150d_0000_0010_8000_00aa006d2ea4@@3U__s_GUID@@B@@@@XZ 10002d70 f i DatabaseImpl.obj
 0001:00001de0       ?PutCommandType@Command15@@QAEXW4CommandTypeEnum@@@Z 10002de0 f i DatabaseImpl.obj
 0001:00001e20       ?Close@Connection15@@QAEJXZ 10002e20 f i DatabaseImpl.obj
 0001:00001e60       ?BeginTrans@Connection15@@QAEJXZ 10002e60 f i DatabaseImpl.obj
 0001:00001eb0       ?CommitTrans@Connection15@@QAEJXZ 10002eb0 f i DatabaseImpl.obj
 0001:00001ef0       ?RollbackTrans@Connection15@@QAEJXZ 10002ef0 f i DatabaseImpl.obj
 0001:00001f30       ?Open@Connection15@@QAEJV_bstr_t@@00J@Z 10002f30 f i DatabaseImpl.obj
 0001:00001ff0       ?GetEndOfFile@Recordset15@@QAEFXZ 10002ff0 f i DatabaseImpl.obj
 0001:00002040       ?GetFields@Recordset15@@QAE?AV?$_com_ptr_t@V?$_com_IIID@UFields@@$1?_GUID_00001564_0000_0010_8000_00aa006d2ea4@@3U__s_GUID@@B@@@@XZ 10003040 f i DatabaseImpl.obj
 0001:000020b0       ?MoveNext@Recordset15@@QAEJXZ 100030b0 f i DatabaseImpl.obj
 0001:000020f0       ?MovePrevious@Recordset15@@QAEJXZ 100030f0 f i DatabaseImpl.obj
 0001:00002130       ?MoveFirst@Recordset15@@QAEJXZ 10003130 f i DatabaseImpl.obj
 0001:00002170       ?MoveLast@Recordset15@@QAEJXZ 10003170 f i DatabaseImpl.obj
 0001:000021b0       ?Open@Recordset15@@QAEJABV_variant_t@@0W4CursorTypeEnum@@W4LockTypeEnum@@J@Z 100031b0 f i DatabaseImpl.obj
 0001:00002270       ?NextRecordset@Recordset15@@QAE?AV?$_com_ptr_t@V?$_com_IIID@U_Recordset@@$1?_GUID_00001556_0000_0010_8000_00aa006d2ea4@@3U__s_GUID@@B@@@@PAUtagVARIANT@@@Z 10003270 f i DatabaseImpl.obj
 0001:000022e0       ??_GParameter@@UAEPAXI@Z   100032e0 f i DatabaseImpl.obj
 0001:000022e0       ??_EParameter@@UAEPAXI@Z   100032e0 f i * CIL library *:* CIL module *
 0001:00002310       ??0IParameter@@QAE@XZ      10003310 f i DatabaseImpl.obj
 0001:00002330       ??1Table@@UAE@XZ           10003330 f i DatabaseImpl.obj
 0001:00002360       ??_GTable@@UAEPAXI@Z       10003360 f i DatabaseImpl.obj
 0001:00002360       ??_ETable@@UAEPAXI@Z       10003360 f i * CIL library *:* CIL module *
 0001:000023a0       ??0ITable@@QAE@XZ          100033a0 f i DatabaseImpl.obj
 0001:000023c0       ??1Database@@UAE@XZ        100033c0 f i DatabaseImpl.obj
 0001:00002430       ??_EDatabase@@UAEPAXI@Z    10003430 f i * CIL library *:* CIL module *
 0001:00002430       ??_GDatabase@@UAEPAXI@Z    10003430 f i DatabaseImpl.obj
 0001:00002470       ??0IDatabase@@QAE@XZ       10003470 f i DatabaseImpl.obj
 0001:00002490       ??1?$map@V?$basic_string@DU?$char_traits@D@std@@V?$allocator@D@2@@std@@P6AXPADPAH@ZU?$less@V?$basic_string@DU?$char_traits@D@std@@V?$allocator@D@2@@std@@@2@V?$allocator@U?$pair@$$CBV?$basic_string@DU?$char_traits@D@std@@V?$allocator@D@2@@std@@P6AXPADPAH@Z@std@@@2@@std@@QAE@XZ 10003490 f i DatabaseImpl.obj
 0001:000024b0       ??0CConnEvent@@QAE@XZ      100034b0 f i DatabaseImpl.obj
 0001:000024e0       ??1CConnEvent@@QAE@XZ      100034e0 f i DatabaseImpl.obj
 0001:00002500       ??0ConnectionEventsVt@@QAE@XZ 10003500 f i DatabaseImpl.obj
 0001:00002520       ??0CRstEvent@@QAE@XZ       10003520 f i DatabaseImpl.obj
 0001:00002550       ??1CRstEvent@@QAE@XZ       10003550 f i DatabaseImpl.obj
 0001:00002570       ??0RecordsetEventsVt@@QAE@XZ 10003570 f i DatabaseImpl.obj
 0001:00002590       ?callback_Db_Conn_close@@YAXPAXPADPAHP6AX12@Z@Z 10003590 f   DatabaseImpl.obj
 0001:000025b0       ?ErrorHandler@@YAXAAV_com_error@@PAD@Z 100035b0 f   DatabaseImpl.obj
 0001:00002850       ?set_p_mDatabase@CRstEvent@@QAEXPAVDatabase@@@Z 10003850 f   DatabaseImpl.obj
 0001:00002850       ?set_p_mDatabase@CConnEvent@@QAEXPAVDatabase@@@Z 10003850 f   DatabaseImpl.obj
 0001:00002870       ?raw_InfoMessage@CConnEvent@@UAGJPAUError@@PAW4EventStatusEnum@@PAU_Connection@@@Z 10003870 f   DatabaseImpl.obj
 0001:00002a40       ?raw_BeginTransComplete@CConnEvent@@UAGJJPAUError@@PAW4EventStatusEnum@@PAU_Connection@@@Z 10003a40 f   DatabaseImpl.obj
 0001:00002bf0       ?raw_CommitTransComplete@CConnEvent@@UAGJPAUError@@PAW4EventStatusEnum@@PAU_Connection@@@Z 10003bf0 f   DatabaseImpl.obj
 0001:00002da0       ?raw_RollbackTransComplete@CConnEvent@@UAGJPAUError@@PAW4EventStatusEnum@@PAU_Connection@@@Z 10003da0 f   DatabaseImpl.obj
 0001:00002f50       ?raw_WillExecute@CConnEvent@@UAGJPAPA_WPAW4CursorTypeEnum@@PAW4LockTypeEnum@@PAJPAW4EventStatusEnum@@PAU_Command@@PAU_Recordset@@PAU_Connection@@@Z 10003f50 f   DatabaseImpl.obj
 0001:00003090       ?raw_ExecuteComplete@CConnEvent@@UAGJJPAUError@@PAW4EventStatusEnum@@PAU_Command@@PAU_Recordset@@PAU_Connection@@@Z 10004090 f   DatabaseImpl.obj
 0001:00003240       ?raw_WillConnect@CConnEvent@@UAGJPAPA_W00PAJPAW4EventStatusEnum@@PAU_Connection@@@Z 10004240 f   DatabaseImpl.obj
 0001:00003380       ?raw_ConnectComplete@CConnEvent@@UAGJPAUError@@PAW4EventStatusEnum@@PAU_Connection@@@Z 10004380 f   DatabaseImpl.obj
 0001:00003530       ?raw_Disconnect@CConnEvent@@UAGJPAW4EventStatusEnum@@PAU_Connection@@@Z 10004530 f   DatabaseImpl.obj
 0001:00003670       ?raw_WillChangeField@CRstEvent@@UAGJJUtagVARIANT@@PAW4EventStatusEnum@@PAU_Recordset@@@Z 10004670 f   DatabaseImpl.obj
 0001:000037b0       ?raw_FieldChangeComplete@CRstEvent@@UAGJJUtagVARIANT@@PAUError@@PAW4EventStatusEnum@@PAU_Recordset@@@Z 100047b0 f   DatabaseImpl.obj
 0001:00003960       ?raw_WillChangeRecord@CRstEvent@@UAGJW4EventReasonEnum@@JPAW4EventStatusEnum@@PAU_Recordset@@@Z 10004960 f   DatabaseImpl.obj
 0001:00003aa0       ?raw_RecordChangeComplete@CRstEvent@@UAGJW4EventReasonEnum@@JPAUError@@PAW4EventStatusEnum@@PAU_Recordset@@@Z 10004aa0 f   DatabaseImpl.obj
 0001:00003c50       ?raw_WillChangeRecordset@CRstEvent@@UAGJW4EventReasonEnum@@PAW4EventStatusEnum@@PAU_Recordset@@@Z 10004c50 f   DatabaseImpl.obj
 0001:00003d90       ?raw_RecordsetChangeComplete@CRstEvent@@UAGJW4EventReasonEnum@@PAUError@@PAW4EventStatusEnum@@PAU_Recordset@@@Z 10004d90 f   DatabaseImpl.obj
 0001:00003f40       ?raw_WillMove@CRstEvent@@UAGJW4EventReasonEnum@@PAW4EventStatusEnum@@PAU_Recordset@@@Z 10004f40 f   DatabaseImpl.obj
 0001:00004080       ?raw_MoveComplete@CRstEvent@@UAGJW4EventReasonEnum@@PAUError@@PAW4EventStatusEnum@@PAU_Recordset@@@Z 10005080 f   DatabaseImpl.obj
 0001:00004230       ?raw_EndOfRecordset@CRstEvent@@UAGJPAFPAW4EventStatusEnum@@PAU_Recordset@@@Z 10005230 f   DatabaseImpl.obj
 0001:00004370       ?raw_FetchProgress@CRstEvent@@UAGJJJPAW4EventStatusEnum@@PAU_Recordset@@@Z 10005370 f   DatabaseImpl.obj
 0001:000044b0       ?raw_FetchComplete@CRstEvent@@UAGJPAUError@@PAW4EventStatusEnum@@PAU_Recordset@@@Z 100054b0 f   DatabaseImpl.obj
 0001:00004660       ?QueryInterface@CRstEvent@@UAGJABU_GUID@@PAPAX@Z 10005660 f   DatabaseImpl.obj
 0001:000046d0       ?AddRef@CRstEvent@@UAGKXZ  100056d0 f   DatabaseImpl.obj
 0001:000046d0       ?AddRef@CConnEvent@@UAGKXZ 100056d0 f   DatabaseImpl.obj
 0001:00004700       ?Release@CRstEvent@@UAGKXZ 10005700 f   DatabaseImpl.obj
 0001:00004760       ??_GCRstEvent@@QAEPAXI@Z   10005760 f i DatabaseImpl.obj
 0001:00004790       ?QueryInterface@CConnEvent@@UAGJABU_GUID@@PAPAX@Z 10005790 f   DatabaseImpl.obj
 0001:00004800       ?Release@CConnEvent@@UAGKXZ 10005800 f   DatabaseImpl.obj
 0001:00004860       ??_GCConnEvent@@QAEPAXI@Z  10005860 f i DatabaseImpl.obj
 0001:00004890       ??0Database@@QAE@XZ        10005890 f   DatabaseImpl.obj
 0001:00004990       ?GetErrorErrStr@Database@@UAEXPADI@Z 10005990 f   DatabaseImpl.obj
 0001:000049e0       ?GetErrorErrStr@Table@@UAEXPADI@Z 100059e0 f   DatabaseImpl.obj
 0001:00004a30       ?Open@Database@@UAE_NPBD00@Z 10005a30 f   DatabaseImpl.obj
 0001:00004df0       ?ExitDataBaseLib@Database@@UAEXXZ 10005df0 f   DatabaseImpl.obj
 0001:00004e10       ?CloseDBConnection@Database@@UAEXXZ 10005e10 f   DatabaseImpl.obj
 0001:00004ec0       ?fnc_Event_Status@Database@@UAEXV?$basic_string@DU?$char_traits@D@std@@V?$allocator@D@2@@std@@H@Z 10005ec0 f   DatabaseImpl.obj
 0001:00005030       ?callback@Database@@UAEXPAXP6AXPADPAH@Z1@Z 10006030 f   DatabaseImpl.obj
 0001:000050b0       ?fnc_BeginTransaction@Database@@UAE_NXZ 100060b0 f   DatabaseImpl.obj
 0001:00005170       ?fnc_CommitTransaction@Database@@UAE_NXZ 10006170 f   DatabaseImpl.obj
 0001:00005230       ?fnc_RollBackTransaction@Database@@UAE_NXZ 10006230 f   DatabaseImpl.obj
 0001:000052f0       ?OpenTable@Database@@UAE_NPADAAVITable@@@Z 100062f0 f   DatabaseImpl.obj
 0001:000054f0       ?ReConnect@Database@@UAE_NXZ 100064f0 f   DatabaseImpl.obj
 0001:000055e0       ?Execute@Database@@UAE_NPADAAVITable@@AAVIParameter@@@Z 100065e0 f   DatabaseImpl.obj
 0001:00005660       ?ExecuteIn@Database@@QAEHPADAAVITable@@AAVIParameter@@@Z 10006660 f   DatabaseImpl.obj
 0001:00006a60       ?Execute@Database@@UAE_NPADAAVITable@@AAVIParameter@@H@Z 10007a60 f   DatabaseImpl.obj
 0001:00008590       ??0Table@@QAE@XZ           10009590 f   DatabaseImpl.obj
 0001:00008610       ??4Table@@QAEXV?$_com_ptr_t@V?$_com_IIID@U_Recordset@@$1?_GUID_00001556_0000_0010_8000_00aa006d2ea4@@3U__s_GUID@@B@@@@@Z 10009610 f   DatabaseImpl.obj
 0001:00008640       ?IsEOF@Table@@UAE_NXZ      10009640 f   DatabaseImpl.obj
 0001:00008750       ?Get@Table@@UAE_NPADPAV?$basic_string@DU?$char_traits@D@std@@V?$allocator@D@2@@std@@@Z 10009750 f   DatabaseImpl.obj
 0001:00008b90       ?Get@Table@@UAE_NPAD0I@Z   10009b90 f   DatabaseImpl.obj
 0001:00008da0       ?Get@Table@@UAE_NPADAAI@Z  10009da0 f   DatabaseImpl.obj
 0001:00008f70       ?Get@Table@@UAE_NPADAA_N@Z 10009f70 f   DatabaseImpl.obj
 0001:00009150       ?Get@Table@@UAE_NPADAA_K@Z 1000a150 f   DatabaseImpl.obj
 0001:00009320       ?GetDateTime@Table@@UAE_NPADAAN@Z 1000a320 f   DatabaseImpl.obj
 0001:000094f0       ?Get@Table@@UAE_NPADAAH@Z  1000a4f0 f   DatabaseImpl.obj
 0001:000096c0       ?Get@Table@@UAE_NPADAAM@Z  1000a6c0 f   DatabaseImpl.obj
 0001:00009890       ?Get@Table@@UAE_NPADAAN@Z  1000a890 f   DatabaseImpl.obj
 0001:00009a70       ?Get@Table@@UAE_NPADAAK@Z  1000aa70 f   DatabaseImpl.obj
 0001:00009c40       ?Get@Table@@UAE_NPADAAD@Z  1000ac40 f   DatabaseImpl.obj
 0001:00009e00       ?MoveNext@Table@@UAE_NXZ   1000ae00 f   DatabaseImpl.obj
 0001:00009ec0       ?MovePrev@Table@@UAE_NXZ   1000aec0 f   DatabaseImpl.obj
 0001:00009f80       ?MoveFirst@Table@@UAE_NXZ  1000af80 f   DatabaseImpl.obj
 0001:0000a040       ?MoveLast@Table@@UAE_NXZ   1000b040 f   DatabaseImpl.obj
 0001:0000a100       ?MoveNextRecord@Table@@UAE_NXZ 1000b100 f   DatabaseImpl.obj
 0001:0000a1d0       ??0Parameter@@QAE@XZ       1000b1d0 f   DatabaseImpl.obj
 0001:0000a200       ??1Parameter@@UAE@XZ       1000b200 f   DatabaseImpl.obj
 0001:0000a2e0       ?CopyFieldName@Parameter@@AAEXPADPAPAD@Z 1000b2e0 f   DatabaseImpl.obj
 0001:0000a3b0       ?CopyCharString@Parameter@@AAEXPADPAPADI@Z 1000b3b0 f   DatabaseImpl.obj
 0001:0000a400       ?AddParam@Parameter@@UAEXPADK@Z 1000b400 f   DatabaseImpl.obj
 0001:0000a440       ?AddParam@Parameter@@UAEXPADD@Z 1000b440 f   DatabaseImpl.obj
 0001:0000a490       ?AddParam@Parameter@@UAEXPADI@Z 1000b490 f   DatabaseImpl.obj
 0001:0000a4d0       ?AddParam@Parameter@@UAEXPADH@Z 1000b4d0 f   DatabaseImpl.obj
 0001:0000a510       ?AddParam@Parameter@@UAEXPAD_K@Z 1000b510 f   DatabaseImpl.obj
 0001:0000a560       ?AddParam@Parameter@@UAEXPADM@Z 1000b560 f   DatabaseImpl.obj
 0001:0000a5a0       ?AddParam@Parameter@@UAEXPADN@Z 1000b5a0 f   DatabaseImpl.obj
 0001:0000a5e0       ?AddParam@Parameter@@UAEXPAD0I@Z 1000b5e0 f   DatabaseImpl.obj
 0001:0000a680       ?AddParam@Parameter@@UAEXPADDH@Z 1000b680 f   DatabaseImpl.obj
 0001:0000a6d0       ?AddParam@Parameter@@UAEXPADIH@Z 1000b6d0 f   DatabaseImpl.obj
 0001:0000a720       ?AddParam@Parameter@@UAEXPADHH@Z 1000b720 f   DatabaseImpl.obj
 0001:0000a770       ?AddParam@Parameter@@UAEXPAD_KH@Z 1000b770 f   DatabaseImpl.obj
 0001:0000a7c0       ?AddParam@Parameter@@UAEXPADMH@Z 1000b7c0 f   DatabaseImpl.obj
 0001:0000a810       ?AddParam@Parameter@@UAEXPADNH@Z 1000b810 f   DatabaseImpl.obj
 0001:0000a860       ?AddParam@Parameter@@UAEXPAD0IH@Z 1000b860 f   DatabaseImpl.obj
 0001:0000a910       ?AddDateTimeParam@Parameter@@UAEXPADN@Z 1000b910 f   DatabaseImpl.obj
 0001:0000a950       ?CreateDatabase@@YAPAVIDatabase@@XZ 1000b950 f   DatabaseImpl.obj
 0001:0000a9c0       ?ReleaseParameter@@YAXPAVIParameter@@@Z 1000b9c0 f   DatabaseImpl.obj
 0001:0000a9c0       ?ReleaseTable@@YAXPAVITable@@@Z 1000b9c0 f   DatabaseImpl.obj
 0001:0000a9c0       ?ReleaseDatabase@@YAXPAVIDatabase@@@Z 1000b9c0 f   DatabaseImpl.obj
 0001:0000aa00       ?CreateTable@@YAPAVITable@@XZ 1000ba00 f   DatabaseImpl.obj
 0001:0000aa70       ?CreateParameter@@YAPAVIParameter@@XZ 1000ba70 f   DatabaseImpl.obj
 0001:0000aae0       ??C?$_Tree_iterator@V?$_Tree_val@U?$_Tree_simple_types@U?$pair@$$CBV?$basic_string@DU?$char_traits@D@std@@V?$allocator@D@2@@std@@P6AXPADPAH@Z@std@@@std@@@std@@@std@@QBEPAU?$pair@$$CBV?$basic_string@DU?$char_traits@D@std@@V?$allocator@D@2@@std@@P6AXPADPAH@Z@1@XZ 1000bae0 f i DatabaseImpl.obj
 0001:0000ab00       ??0?$_Tree_iterator@V?$_Tree_val@U?$_Tree_simple_types@U?$pair@$$CBV?$basic_string@DU?$char_traits@D@std@@V?$allocator@D@2@@std@@P6AXPADPAH@Z@std@@@std@@@std@@@std@@QAE@XZ 1000bb00 f i DatabaseImpl.obj
 0001:0000ab20       ??9?$_Tree_const_iterator@V?$_Tree_val@U?$_Tree_simple_types@U?$pair@$$CBV?$basic_string@DU?$char_traits@D@std@@V?$allocator@D@2@@std@@P6AXPADPAH@Z@std@@@std@@@std@@@std@@QBE_NABV01@@Z 1000bb20 f i DatabaseImpl.obj
 0001:0000ab60       ?find@?$_Tree@V?$_Tmap_traits@V?$basic_string@DU?$char_traits@D@std@@V?$allocator@D@2@@std@@P6AXPADPAH@ZU?$less@V?$basic_string@DU?$char_traits@D@std@@V?$allocator@D@2@@std@@@2@V?$allocator@U?$pair@$$CBV?$basic_string@DU?$char_traits@D@std@@V?$allocator@D@2@@std@@P6AXPADPAH@Z@std@@@2@$0A@@std@@@std@@QAE?AV?$_Tree_iterator@V?$_Tree_val@U?$_Tree_simple_types@U?$pair@$$CBV?$basic_string@DU?$char_traits@D@std@@V?$allocator@D@2@@std@@P6AXPADPAH@Z@std@@@std@@@std@@@2@ABV?$basic_string@DU?$char_traits@D@std@@V?$allocator@D@2@@2@@Z 1000bb60 f i DatabaseImpl.obj
 0001:0000ac00       ?size@?$_Tree@V?$_Tmap_traits@V?$basic_string@DU?$char_traits@D@std@@V?$allocator@D@2@@std@@P6AXPADPAH@ZU?$less@V?$basic_string@DU?$char_traits@D@std@@V?$allocator@D@2@@std@@@2@V?$allocator@U?$pair@$$CBV?$basic_string@DU?$char_traits@D@std@@V?$allocator@D@2@@std@@P6AXPADPAH@Z@std@@@2@$0A@@std@@@std@@QBEIXZ 1000bc00 f i DatabaseImpl.obj
 0001:0000ac20       ?end@?$_Tree@V?$_Tmap_traits@V?$basic_string@DU?$char_traits@D@std@@V?$allocator@D@2@@std@@P6AXPADPAH@ZU?$less@V?$basic_string@DU?$char_traits@D@std@@V?$allocator@D@2@@std@@@2@V?$allocator@U?$pair@$$CBV?$basic_string@DU?$char_traits@D@std@@V?$allocator@D@2@@std@@P6AXPADPAH@Z@std@@@2@$0A@@std@@@std@@QAE?AV?$_Tree_iterator@V?$_Tree_val@U?$_Tree_simple_types@U?$pair@$$CBV?$basic_string@DU?$char_traits@D@std@@V?$allocator@D@2@@std@@P6AXPADPAH@Z@std@@@std@@@std@@@2@XZ 1000bc20 f i DatabaseImpl.obj
 0001:0000ac80       ??1?$_Tree@V?$_Tmap_traits@V?$basic_string@DU?$char_traits@D@std@@V?$allocator@D@2@@std@@P6AXPADPAH@ZU?$less@V?$basic_string@DU?$char_traits@D@std@@V?$allocator@D@2@@std@@@2@V?$allocator@U?$pair@$$CBV?$basic_string@DU?$char_traits@D@std@@V?$allocator@D@2@@std@@P6AXPADPAH@Z@std@@@2@$0A@@std@@@std@@QAE@XZ 1000bc80 f i DatabaseImpl.obj
 0001:0000acd0       ??A?$map@V?$basic_string@DU?$char_traits@D@std@@V?$allocator@D@2@@std@@P6AXPADPAH@ZU?$less@V?$basic_string@DU?$char_traits@D@std@@V?$allocator@D@2@@std@@@2@V?$allocator@U?$pair@$$CBV?$basic_string@DU?$char_traits@D@std@@V?$allocator@D@2@@std@@P6AXPADPAH@Z@std@@@2@@std@@QAEAAP6AXPADPAH@Z$$QAV?$basic_string@DU?$char_traits@D@std@@V?$allocator@D@2@@1@@Z 1000bcd0 f i DatabaseImpl.obj
 0001:0000ad10       ??0?$map@V?$basic_string@DU?$char_traits@D@std@@V?$allocator@D@2@@std@@P6AXPADPAH@ZU?$less@V?$basic_string@DU?$char_traits@D@std@@V?$allocator@D@2@@std@@@2@V?$allocator@U?$pair@$$CBV?$basic_string@DU?$char_traits@D@std@@V?$allocator@D@2@@std@@P6AXPADPAH@Z@std@@@2@@std@@QAE@XZ 1000bd10 f i DatabaseImpl.obj
 0001:0000ad30       ??9?$_String_const_iterator@V?$_String_val@U?$_Simple_types@D@std@@@std@@@std@@QBE_NABV01@@Z 1000bd30 f i DatabaseImpl.obj
 0001:0000ad30       ??9?$_Vector_const_iterator@V?$_Vector_val@U?$_Simple_types@UPARAM@Parameter@@@std@@@std@@@std@@QBE_NABV01@@Z 1000bd30 f i DatabaseImpl.obj
 0001:0000ad70       ??E?$_Vector_iterator@V?$_Vector_val@U?$_Simple_types@UPARAM@Parameter@@@std@@@std@@@std@@QAE?AV01@H@Z 1000bd70 f i DatabaseImpl.obj
 0001:0000ada0       ??C?$_Vector_iterator@V?$_Vector_val@U?$_Simple_types@UPARAM@Parameter@@@std@@@std@@@std@@QBEPAUPARAM@Parameter@@XZ 1000bda0 f i DatabaseImpl.obj
 0001:0000adc0       ?clear@?$vector@UPARAM@Parameter@@V?$allocator@UPARAM@Parameter@@@std@@@std@@QAEXXZ 1000bdc0 f i DatabaseImpl.obj
 0001:0000ae40       ?push_back@?$vector@UPARAM@Parameter@@V?$allocator@UPARAM@Parameter@@@std@@@std@@QAEXABUPARAM@Parameter@@@Z 1000be40 f i DatabaseImpl.obj
 0001:0000afb0       ?end@?$vector@UPARAM@Parameter@@V?$allocator@UPARAM@Parameter@@@std@@@std@@QAE?AV?$_Vector_iterator@V?$_Vector_val@U?$_Simple_types@UPARAM@Parameter@@@std@@@std@@@2@XZ 1000bfb0 f i DatabaseImpl.obj
 0001:0000b010       ?begin@?$vector@UPARAM@Parameter@@V?$allocator@UPARAM@Parameter@@@std@@@std@@QAE?AV?$_Vector_iterator@V?$_Vector_val@U?$_Simple_types@UPARAM@Parameter@@@std@@@std@@@2@XZ 1000c010 f i DatabaseImpl.obj
 0001:0000b070       ??1?$vector@UPARAM@Parameter@@V?$allocator@UPARAM@Parameter@@@std@@@std@@QAE@XZ 1000c070 f i DatabaseImpl.obj
 0001:0000b0b0       ??0?$vector@UPARAM@Parameter@@V?$allocator@UPARAM@Parameter@@@std@@@std@@QAE@XZ 1000c0b0 f i DatabaseImpl.obj
 0001:0000b0f0       ?CreateInstance@?$_com_ptr_t@V?$_com_IIID@U_Recordset@@$1?_GUID_00001556_0000_0010_8000_00aa006d2ea4@@3U__s_GUID@@B@@@@QAEJABU_GUID@@PAUIUnknown@@K@Z 1000c0f0 f i DatabaseImpl.obj
 0001:0000b1b0       ??8?$_com_ptr_t@V?$_com_IIID@U_Recordset@@$1?_GUID_00001556_0000_0010_8000_00aa006d2ea4@@3U__s_GUID@@B@@@@QBE_NH@Z 1000c1b0 f i DatabaseImpl.obj
 0001:0000b1b0       ??8?$_com_ptr_t@V?$_com_IIID@U_Connection@@$1?_GUID_00001550_0000_0010_8000_00aa006d2ea4@@3U__s_GUID@@B@@@@QBE_NH@Z 1000c1b0 f i DatabaseImpl.obj
 0001:0000b1f0       ??C?$_com_ptr_t@V?$_com_IIID@U_Connection@@$1?_GUID_00001550_0000_0010_8000_00aa006d2ea4@@3U__s_GUID@@B@@@@QBEPAU_Connection@@XZ 1000c1f0 f i DatabaseImpl.obj
 0001:0000b1f0       ??C?$_com_ptr_t@V?$_com_IIID@UFields@@$1?_GUID_00001564_0000_0010_8000_00aa006d2ea4@@3U__s_GUID@@B@@@@QBEPAUFields@@XZ 1000c1f0 f i DatabaseImpl.obj
 0001:0000b1f0       ??C?$_com_ptr_t@V?$_com_IIID@UField@@$1?_GUID_00001569_0000_0010_8000_00aa006d2ea4@@3U__s_GUID@@B@@@@QBEPAUField@@XZ 1000c1f0 f i DatabaseImpl.obj
 0001:0000b1f0       ??C?$_com_ptr_t@V?$_com_IIID@U_Command@@$1?_GUID_986761e8_7269_4890_aa65_ad7c03697a6d@@3U__s_GUID@@B@@@@QBEPAU_Command@@XZ 1000c1f0 f i DatabaseImpl.obj
 0001:0000b1f0       ??C?$_com_ptr_t@V?$_com_IIID@UParameters@@$1?_GUID_0000150d_0000_0010_8000_00aa006d2ea4@@3U__s_GUID@@B@@@@QBEPAUParameters@@XZ 1000c1f0 f i DatabaseImpl.obj
 0001:0000b1f0       ??C?$_com_ptr_t@V?$_com_IIID@U_Recordset@@$1?_GUID_00001556_0000_0010_8000_00aa006d2ea4@@3U__s_GUID@@B@@@@QBEPAU_Recordset@@XZ 1000c1f0 f i DatabaseImpl.obj
 0001:0000b1f0       ??C?$_com_ptr_t@V?$_com_IIID@U_Parameter@@$1?_GUID_0000150c_0000_0010_8000_00aa006d2ea4@@3U__s_GUID@@B@@@@QBEPAU_Parameter@@XZ 1000c1f0 f i DatabaseImpl.obj
 0001:0000b220       ??1?$_com_ptr_t@V?$_com_IIID@U_Command@@$1?_GUID_986761e8_7269_4890_aa65_ad7c03697a6d@@3U__s_GUID@@B@@@@QAE@XZ 1000c220 f i DatabaseImpl.obj
 0001:0000b220       ??1?$_com_ptr_t@V?$_com_IIID@U_Parameter@@$1?_GUID_0000150c_0000_0010_8000_00aa006d2ea4@@3U__s_GUID@@B@@@@QAE@XZ 1000c220 f i DatabaseImpl.obj
 0001:0000b220       ??1?$_com_ptr_t@V?$_com_IIID@U_Connection@@$1?_GUID_00001550_0000_0010_8000_00aa006d2ea4@@3U__s_GUID@@B@@@@QAE@XZ 1000c220 f i DatabaseImpl.obj
 0001:0000b220       ??1?$_com_ptr_t@V?$_com_IIID@UParameters@@$1?_GUID_0000150d_0000_0010_8000_00aa006d2ea4@@3U__s_GUID@@B@@@@QAE@XZ 1000c220 f i DatabaseImpl.obj
 0001:0000b220       ??1?$_com_ptr_t@V?$_com_IIID@U_Recordset@@$1?_GUID_00001556_0000_0010_8000_00aa006d2ea4@@3U__s_GUID@@B@@@@QAE@XZ 1000c220 f i DatabaseImpl.obj
 0001:0000b220       ??1?$_com_ptr_t@V?$_com_IIID@UFields@@$1?_GUID_00001564_0000_0010_8000_00aa006d2ea4@@3U__s_GUID@@B@@@@QAE@XZ 1000c220 f i DatabaseImpl.obj
 0001:0000b220       ??1?$_com_ptr_t@V?$_com_IIID@UField@@$1?_GUID_00001569_0000_0010_8000_00aa006d2ea4@@3U__s_GUID@@B@@@@QAE@XZ 1000c220 f i DatabaseImpl.obj
 0001:0000b240       ??4?$_com_ptr_t@V?$_com_IIID@U_Recordset@@$1?_GUID_00001556_0000_0010_8000_00aa006d2ea4@@3U__s_GUID@@B@@@@QAEAAV0@H@Z 1000c240 f i DatabaseImpl.obj
 0001:0000b240       ??4?$_com_ptr_t@V?$_com_IIID@U_Connection@@$1?_GUID_00001550_0000_0010_8000_00aa006d2ea4@@3U__s_GUID@@B@@@@QAEAAV0@H@Z 1000c240 f i DatabaseImpl.obj
 0001:0000b270       ??4?$_com_ptr_t@V?$_com_IIID@U_Recordset@@$1?_GUID_00001556_0000_0010_8000_00aa006d2ea4@@3U__s_GUID@@B@@@@QAEAAV0@$$QAV0@@Z 1000c270 f i DatabaseImpl.obj
 0001:0000b2c0       ??4?$_com_ptr_t@V?$_com_IIID@U_Recordset@@$1?_GUID_00001556_0000_0010_8000_00aa006d2ea4@@3U__s_GUID@@B@@@@QAEAAV0@ABV0@@Z 1000c2c0 f i DatabaseImpl.obj
 0001:0000b2e0       ??0?$_com_ptr_t@V?$_com_IIID@UParameters@@$1?_GUID_0000150d_0000_0010_8000_00aa006d2ea4@@3U__s_GUID@@B@@@@QAE@PAUParameters@@_N@Z 1000c2e0 f i DatabaseImpl.obj
 0001:0000b2e0       ??0?$_com_ptr_t@V?$_com_IIID@UFields@@$1?_GUID_00001564_0000_0010_8000_00aa006d2ea4@@3U__s_GUID@@B@@@@QAE@PAUFields@@_N@Z 1000c2e0 f i DatabaseImpl.obj
 0001:0000b2e0       ??0?$_com_ptr_t@V?$_com_IIID@U_Parameter@@$1?_GUID_0000150c_0000_0010_8000_00aa006d2ea4@@3U__s_GUID@@B@@@@QAE@PAU_Parameter@@_N@Z 1000c2e0 f i DatabaseImpl.obj
 0001:0000b2e0       ??0?$_com_ptr_t@V?$_com_IIID@UField@@$1?_GUID_00001569_0000_0010_8000_00aa006d2ea4@@3U__s_GUID@@B@@@@QAE@PAUField@@_N@Z 1000c2e0 f i DatabaseImpl.obj
 0001:0000b2e0       ??0?$_com_ptr_t@V?$_com_IIID@U_Recordset@@$1?_GUID_00001556_0000_0010_8000_00aa006d2ea4@@3U__s_GUID@@B@@@@QAE@PAU_Recordset@@_N@Z 1000c2e0 f i DatabaseImpl.obj
 0001:0000b310       ??0?$_com_ptr_t@V?$_com_IIID@U_Recordset@@$1?_GUID_00001556_0000_0010_8000_00aa006d2ea4@@3U__s_GUID@@B@@@@QAE@ABV0@@Z 1000c310 f i DatabaseImpl.obj
 0001:0000b340       ??0?$_com_ptr_t@V?$_com_IIID@U_Parameter@@$1?_GUID_0000150c_0000_0010_8000_00aa006d2ea4@@3U__s_GUID@@B@@@@QAE@H@Z 1000c340 f i DatabaseImpl.obj
 0001:0000b340       ??0?$_com_ptr_t@V?$_com_IIID@U_Recordset@@$1?_GUID_00001556_0000_0010_8000_00aa006d2ea4@@3U__s_GUID@@B@@@@QAE@H@Z 1000c340 f i DatabaseImpl.obj
 0001:0000b370       ?CreateInstance@?$_com_ptr_t@V?$_com_IIID@U_Connection@@$1?_GUID_00001550_0000_0010_8000_00aa006d2ea4@@3U__s_GUID@@B@@@@QAEJABU_GUID@@PAUIUnknown@@K@Z 1000c370 f i DatabaseImpl.obj
 0001:0000b430       ??B?$_com_ptr_t@V?$_com_IIID@U_Connection@@$1?_GUID_00001550_0000_0010_8000_00aa006d2ea4@@3U__s_GUID@@B@@@@QBE_NXZ 1000c430 f i DatabaseImpl.obj
 0001:0000b430       ??B?$_com_ptr_t@V?$_com_IIID@U_Command@@$1?_GUID_986761e8_7269_4890_aa65_ad7c03697a6d@@3U__s_GUID@@B@@@@QBE_NXZ 1000c430 f i DatabaseImpl.obj
 0001:0000b460       ??B?$_com_ptr_t@V?$_com_IIID@U_Parameter@@$1?_GUID_0000150c_0000_0010_8000_00aa006d2ea4@@3U__s_GUID@@B@@@@QBEPAU_Parameter@@XZ 1000c460 f i DatabaseImpl.obj
 0001:0000b460       ??B?$_com_ptr_t@V?$_com_IIID@U_Connection@@$1?_GUID_00001550_0000_0010_8000_00aa006d2ea4@@3U__s_GUID@@B@@@@QBEPAU_Connection@@XZ 1000c460 f i DatabaseImpl.obj
 0001:0000b460       ??D?$_String_const_iterator@V?$_String_val@U?$_Simple_types@D@std@@@std@@@std@@QBEABDXZ 1000c460 f i DatabaseImpl.obj
 0001:0000b460       ?_Mynode@?$_Tree_unchecked_const_iterator@V?$_Tree_val@U?$_Tree_simple_types@U?$pair@$$CBV?$basic_string@DU?$char_traits@D@std@@V?$allocator@D@2@@std@@P6AXPADPAH@Z@std@@@std@@@std@@U_Iterator_base0@2@@std@@QBEPAU?$_Tree_node@U?$pair@$$CBV?$basic_string@DU?$char_traits@D@std@@V?$allocator@D@2@@std@@P6AXPADPAH@Z@std@@PAX@2@XZ 1000c460 f i DatabaseImpl.obj
 0001:0000b460       ??D?$_Vector_const_iterator@V?$_Vector_val@U?$_Simple_types@UPARAM@Parameter@@@std@@@std@@@std@@QBEABUPARAM@Parameter@@XZ 1000c460 f i DatabaseImpl.obj
 0001:0000b470       ?CreateInstance@?$_com_ptr_t@V?$_com_IIID@U_Command@@$1?_GUID_986761e8_7269_4890_aa65_ad7c03697a6d@@3U__s_GUID@@B@@@@QAEJABU_GUID@@PAUIUnknown@@K@Z 1000c470 f i DatabaseImpl.obj
 0001:0000b530       ??8?$_Vector_const_iterator@V?$_Vector_val@U?$_Simple_types@UPARAM@Parameter@@@std@@@std@@@std@@QBE_NABV01@@Z 1000c530 f i DatabaseImpl.obj
 0001:0000b530       ??8?$_String_const_iterator@V?$_String_val@U?$_Simple_types@D@std@@@std@@@std@@QBE_NABV01@@Z 1000c530 f i DatabaseImpl.obj
 0001:0000b570       ??G?$_String_iterator@V?$_String_val@U?$_Simple_types@D@std@@@std@@@std@@QBE?AV01@H@Z 1000c570 f i DatabaseImpl.obj
 0001:0000b5a0       ??H?$_String_iterator@V?$_String_val@U?$_Simple_types@D@std@@@std@@@std@@QBE?AV01@H@Z 1000c5a0 f i DatabaseImpl.obj
 0001:0000b5d0       ??F?$_String_iterator@V?$_String_val@U?$_Simple_types@D@std@@@std@@@std@@QAE?AV01@H@Z 1000c5d0 f i DatabaseImpl.obj
 0001:0000b600       ??E?$_String_iterator@V?$_String_val@U?$_Simple_types@D@std@@@std@@@std@@QAE?AV01@H@Z 1000c600 f i DatabaseImpl.obj
 0001:0000b630       ??D?$_String_iterator@V?$_String_val@U?$_Simple_types@D@std@@@std@@@std@@QBEAADXZ 1000c630 f i DatabaseImpl.obj
 0001:0000b630       ??D?$_Vector_iterator@V?$_Vector_val@U?$_Simple_types@UPARAM@Parameter@@@std@@@std@@@std@@QBEAAUPARAM@Parameter@@XZ 1000c630 f i DatabaseImpl.obj
 0001:0000b650       ??0?$_String_iterator@V?$_String_val@U?$_Simple_types@D@std@@@std@@@std@@QAE@XZ 1000c650 f i DatabaseImpl.obj
 0001:0000b650       ??0?$_Tree_const_iterator@V?$_Tree_val@U?$_Tree_simple_types@U?$pair@$$CBV?$basic_string@DU?$char_traits@D@std@@V?$allocator@D@2@@std@@P6AXPADPAH@Z@std@@@std@@@std@@@std@@QAE@XZ 1000c650 f i DatabaseImpl.obj
 0001:0000b670       ?compare@?$basic_string@DU?$char_traits@D@std@@V?$allocator@D@2@@std@@QBEHABV12@@Z 1000c670 f i DatabaseImpl.obj
 0001:0000b6e0       ?c_str@?$basic_string@DU?$char_traits@D@std@@V?$allocator@D@2@@std@@QBEPBDXZ 1000c6e0 f i DatabaseImpl.obj
 0001:0000b720       ?end@?$basic_string@DU?$char_traits@D@std@@V?$allocator@D@2@@std@@QAE?AV?$_String_iterator@V?$_String_val@U?$_Simple_types@D@std@@@std@@@2@XZ 1000c720 f i DatabaseImpl.obj
 0001:0000b7a0       ?begin@?$basic_string@DU?$char_traits@D@std@@V?$allocator@D@2@@std@@QAE?AV?$_String_iterator@V?$_String_val@U?$_Simple_types@D@std@@@std@@@2@XZ 1000c7a0 f i DatabaseImpl.obj
 0001:0000b810       ?clear@?$basic_string@DU?$char_traits@D@std@@V?$allocator@D@2@@std@@QAEXXZ 1000c810 f i DatabaseImpl.obj
 0001:0000b850       ?erase@?$basic_string@DU?$char_traits@D@std@@V?$allocator@D@2@@std@@QAE?AV?$_String_iterator@V?$_String_val@U?$_Simple_types@D@std@@@std@@@2@V?$_String_const_iterator@V?$_String_val@U?$_Simple_types@D@std@@@std@@@2@0@Z 1000c850 f i DatabaseImpl.obj
 0001:0000b8b0       ??4?$basic_string@DU?$char_traits@D@std@@V?$allocator@D@2@@std@@QAEAAV01@PBD@Z 1000c8b0 f i DatabaseImpl.obj
 0001:0000b8d0       ??4?$basic_string@DU?$char_traits@D@std@@V?$allocator@D@2@@std@@QAEAAV01@ABV01@@Z 1000c8d0 f i DatabaseImpl.obj
 0001:0000b940       ??1?$basic_string@DU?$char_traits@D@std@@V?$allocator@D@2@@std@@QAE@XZ 1000c940 f i DatabaseImpl.obj
 0001:0000b990       ??0?$basic_string@DU?$char_traits@D@std@@V?$allocator@D@2@@std@@QAE@$$QAV01@@Z 1000c990 f i DatabaseImpl.obj
 0001:0000ba10       ??0?$basic_string@DU?$char_traits@D@std@@V?$allocator@D@2@@std@@QAE@PBD@Z 1000ca10 f i DatabaseImpl.obj
 0001:0000ba80       ??0?$basic_string@DU?$char_traits@D@std@@V?$allocator@D@2@@std@@QAE@XZ 1000ca80 f i DatabaseImpl.obj
 0001:0000bad0       ??1?$_String_alloc@U?$_String_base_types@DV?$allocator@D@std@@@std@@@std@@QAE@XZ 1000cad0 f i DatabaseImpl.obj
 0001:0000baf0       ??1?$_Compressed_pair@U?$_Wrap_alloc@V?$allocator@D@std@@@std@@V?$_String_val@U?$_Simple_types@D@std@@@2@$00@std@@QAE@XZ 1000caf0 f i DatabaseImpl.obj
 0001:0000bb10       ??1?$_String_val@U?$_Simple_types@D@std@@@std@@QAE@XZ 1000cb10 f i DatabaseImpl.obj
 0001:0000bb30       ?pointer_to@?$pointer_traits@PAUPARAM@Parameter@@@std@@SAPAUPARAM@Parameter@@AAU34@@Z 1000cb30 f i DatabaseImpl.obj
 0001:0000bb30       ?pointer_to@?$pointer_traits@PAD@std@@SAPADAAD@Z 1000cb30 f i DatabaseImpl.obj
 0001:0000bb30       ?pointer_to@?$pointer_traits@PAU?$pair@$$CBV?$basic_string@DU?$char_traits@D@std@@V?$allocator@D@2@@std@@P6AXPADPAH@Z@std@@@std@@SAPAU?$pair@$$CBV?$basic_string@DU?$char_traits@D@std@@V?$allocator@D@2@@std@@P6AXPADPAH@Z@2@AAU32@@Z 1000cb30 f i DatabaseImpl.obj
 0001:0000bb30       ?_Left@?$_Tree_comp_alloc@V?$_Tmap_traits@V?$basic_string@DU?$char_traits@D@std@@V?$allocator@D@2@@std@@P6AXPADPAH@ZU?$less@V?$basic_string@DU?$char_traits@D@std@@V?$allocator@D@2@@std@@@2@V?$allocator@U?$pair@$$CBV?$basic_string@DU?$char_traits@D@std@@V?$allocator@D@2@@std@@P6AXPADPAH@Z@std@@@2@$0A@@std@@@std@@SAAAPAU?$_Tree_node@U?$pair@$$CBV?$basic_string@DU?$char_traits@D@std@@V?$allocator@D@2@@std@@P6AXPADPAH@Z@std@@PAX@2@PAU32@@Z 1000cb30 f i DatabaseImpl.obj
 0001:0000bb50       ??D?$_Tree_iterator@V?$_Tree_val@U?$_Tree_simple_types@U?$pair@$$CBV?$basic_string@DU?$char_traits@D@std@@V?$allocator@D@2@@std@@P6AXPADPAH@Z@std@@@std@@@std@@@std@@QBEAAU?$pair@$$CBV?$basic_string@DU?$char_traits@D@std@@V?$allocator@D@2@@std@@P6AXPADPAH@Z@1@XZ 1000cb50 f i DatabaseImpl.obj
 0001:0000bb70       ??0?$_Tree_iterator@V?$_Tree_val@U?$_Tree_simple_types@U?$pair@$$CBV?$basic_string@DU?$char_traits@D@std@@V?$allocator@D@2@@std@@P6AXPADPAH@Z@std@@@std@@@std@@@std@@QAE@PAU?$_Tree_node@U?$pair@$$CBV?$basic_string@DU?$char_traits@D@std@@V?$allocator@D@2@@std@@P6AXPADPAH@Z@std@@PAX@1@PBV?$_Tree_val@U?$_Tree_simple_types@U?$pair@$$CBV?$basic_string@DU?$char_traits@D@std@@V?$allocator@D@2@@std@@P6AXPADPAH@Z@std@@@std@@@1@@Z 1000cb70 f i DatabaseImpl.obj
 0001:0000bb90       ??8?$_Tree_const_iterator@V?$_Tree_val@U?$_Tree_simple_types@U?$pair@$$CBV?$basic_string@DU?$char_traits@D@std@@V?$allocator@D@2@@std@@P6AXPADPAH@Z@std@@@std@@@std@@@std@@QBE_NABV01@@Z 1000cb90 f i DatabaseImpl.obj
 0001:0000bbc0       ?_Mysize@?$_Tree_comp_alloc@V?$_Tmap_traits@V?$basic_string@DU?$char_traits@D@std@@V?$allocator@D@2@@std@@P6AXPADPAH@ZU?$less@V?$basic_string@DU?$char_traits@D@std@@V?$allocator@D@2@@std@@@2@V?$allocator@U?$pair@$$CBV?$basic_string@DU?$char_traits@D@std@@V?$allocator@D@2@@std@@P6AXPADPAH@Z@std@@@2@$0A@@std@@@std@@QBEABIXZ 1000cbc0 f i DatabaseImpl.obj
 0001:0000bbc0       ?_Mysize@?$_Tree_comp_alloc@V?$_Tmap_traits@V?$basic_string@DU?$char_traits@D@std@@V?$allocator@D@2@@std@@P6AXPADPAH@ZU?$less@V?$basic_string@DU?$char_traits@D@std@@V?$allocator@D@2@@std@@@2@V?$allocator@U?$pair@$$CBV?$basic_string@DU?$char_traits@D@std@@V?$allocator@D@2@@std@@P6AXPADPAH@Z@std@@@2@$0A@@std@@@std@@QAEAAIXZ 1000cbc0 f i DatabaseImpl.obj
 0001:0000bbe0       ?_Myhead@?$_Tree_comp_alloc@V?$_Tmap_traits@V?$basic_string@DU?$char_traits@D@std@@V?$allocator@D@2@@std@@P6AXPADPAH@ZU?$less@V?$basic_string@DU?$char_traits@D@std@@V?$allocator@D@2@@std@@@2@V?$allocator@U?$pair@$$CBV?$basic_string@DU?$char_traits@D@std@@V?$allocator@D@2@@std@@P6AXPADPAH@Z@std@@@2@$0A@@std@@@std@@QBEABQAU?$_Tree_node@U?$pair@$$CBV?$basic_string@DU?$char_traits@D@std@@V?$allocator@D@2@@std@@P6AXPADPAH@Z@std@@PAX@2@XZ 1000cbe0 f i DatabaseImpl.obj
 0001:0000bbe0       ?_Myhead@?$_Tree_comp_alloc@V?$_Tmap_traits@V?$basic_string@DU?$char_traits@D@std@@V?$allocator@D@2@@std@@P6AXPADPAH@ZU?$less@V?$basic_string@DU?$char_traits@D@std@@V?$allocator@D@2@@std@@@2@V?$allocator@U?$pair@$$CBV?$basic_string@DU?$char_traits@D@std@@V?$allocator@D@2@@std@@P6AXPADPAH@Z@std@@@2@$0A@@std@@@std@@QAEAAPAU?$_Tree_node@U?$pair@$$CBV?$basic_string@DU?$char_traits@D@std@@V?$allocator@D@2@@std@@P6AXPADPAH@Z@std@@PAX@2@XZ 1000cbe0 f i DatabaseImpl.obj
 0001:0000bc00       ?_Get_data@?$_Tree_comp_alloc@V?$_Tmap_traits@V?$basic_string@DU?$char_traits@D@std@@V?$allocator@D@2@@std@@P6AXPADPAH@ZU?$less@V?$basic_string@DU?$char_traits@D@std@@V?$allocator@D@2@@std@@@2@V?$allocator@U?$pair@$$CBV?$basic_string@DU?$char_traits@D@std@@V?$allocator@D@2@@std@@P6AXPADPAH@Z@std@@@2@$0A@@std@@@std@@QBEABV?$_Tree_val@U?$_Tree_simple_types@U?$pair@$$CBV?$basic_string@DU?$char_traits@D@std@@V?$allocator@D@2@@std@@P6AXPADPAH@Z@std@@@std@@@2@XZ 1000cc00 f i DatabaseImpl.obj
 0001:0000bc00       ?_Getal@?$_Tree_comp_alloc@V?$_Tmap_traits@V?$basic_string@DU?$char_traits@D@std@@V?$allocator@D@2@@std@@P6AXPADPAH@ZU?$less@V?$basic_string@DU?$char_traits@D@std@@V?$allocator@D@2@@std@@@2@V?$allocator@U?$pair@$$CBV?$basic_string@DU?$char_traits@D@std@@V?$allocator@D@2@@std@@P6AXPADPAH@Z@std@@@2@$0A@@std@@@std@@QAEAAU?$_Wrap_alloc@V?$allocator@U?$_Tree_node@U?$pair@$$CBV?$basic_string@DU?$char_traits@D@std@@V?$allocator@D@2@@std@@P6AXPADPAH@Z@std@@PAX@std@@@std@@@2@XZ 1000cc00 f i DatabaseImpl.obj
 0001:0000bc00       ?_Get_data@?$_Tree_comp_alloc@V?$_Tmap_traits@V?$basic_string@DU?$char_traits@D@std@@V?$allocator@D@2@@std@@P6AXPADPAH@ZU?$less@V?$basic_string@DU?$char_traits@D@std@@V?$allocator@D@2@@std@@@2@V?$allocator@U?$pair@$$CBV?$basic_string@DU?$char_traits@D@std@@V?$allocator@D@2@@std@@P6AXPADPAH@Z@std@@@2@$0A@@std@@@std@@QAEAAV?$_Tree_val@U?$_Tree_simple_types@U?$pair@$$CBV?$basic_string@DU?$char_traits@D@std@@V?$allocator@D@2@@std@@P6AXPADPAH@Z@std@@@std@@@2@XZ 1000cc00 f i DatabaseImpl.obj
 0001:0000bc00       ?_Getal@?$_Tree_comp_alloc@V?$_Tmap_traits@V?$basic_string@DU?$char_traits@D@std@@V?$allocator@D@2@@std@@P6AXPADPAH@ZU?$less@V?$basic_string@DU?$char_traits@D@std@@V?$allocator@D@2@@std@@@2@V?$allocator@U?$pair@$$CBV?$basic_string@DU?$char_traits@D@std@@V?$allocator@D@2@@std@@P6AXPADPAH@Z@std@@@2@$0A@@std@@@std@@QBEABU?$_Wrap_alloc@V?$allocator@U?$_Tree_node@U?$pair@$$CBV?$basic_string@DU?$char_traits@D@std@@V?$allocator@D@2@@std@@P6AXPADPAH@Z@std@@PAX@std@@@std@@@2@XZ 1000cc00 f i DatabaseImpl.obj
 0001:0000bc20       ?_Getcomp@?$_Tree_comp_alloc@V?$_Tmap_traits@V?$basic_string@DU?$char_traits@D@std@@V?$allocator@D@2@@std@@P6AXPADPAH@ZU?$less@V?$basic_string@DU?$char_traits@D@std@@V?$allocator@D@2@@std@@@2@V?$allocator@U?$pair@$$CBV?$basic_string@DU?$char_traits@D@std@@V?$allocator@D@2@@std@@P6AXPADPAH@Z@std@@@2@$0A@@std@@@std@@QAEAAU?$less@V?$basic_string@DU?$char_traits@D@std@@V?$allocator@D@2@@std@@@2@XZ 1000cc20 f i DatabaseImpl.obj
 0001:0000bc20       ?_Getal@?$_Vector_alloc@U?$_Vec_base_types@UPARAM@Parameter@@V?$allocator@UPARAM@Parameter@@@std@@@std@@@std@@QBEABU?$_Wrap_alloc@V?$allocator@UPARAM@Parameter@@@std@@@2@XZ 1000cc20 f i DatabaseImpl.obj
 0001:0000bc20       ?_Get_data@?$_String_alloc@U?$_String_base_types@DV?$allocator@D@std@@@std@@@std@@QAEAAV?$_String_val@U?$_Simple_types@D@std@@@2@XZ 1000cc20 f i DatabaseImpl.obj
 0001:0000bc20       ?_Getal@?$_String_alloc@U?$_String_base_types@DV?$allocator@D@std@@@std@@@std@@QBEABU?$_Wrap_alloc@V?$allocator@D@std@@@2@XZ 1000cc20 f i DatabaseImpl.obj
 0001:0000bc20       ?_Getal@?$_Vector_alloc@U?$_Vec_base_types@UPARAM@Parameter@@V?$allocator@UPARAM@Parameter@@@std@@@std@@@std@@QAEAAU?$_Wrap_alloc@V?$allocator@UPARAM@Parameter@@@std@@@2@XZ 1000cc20 f i DatabaseImpl.obj
 0001:0000bc20       ?_Getal@?$_String_alloc@U?$_String_base_types@DV?$allocator@D@std@@@std@@@std@@QAEAAU?$_Wrap_alloc@V?$allocator@D@std@@@2@XZ 1000cc20 f i DatabaseImpl.obj
 0001:0000bc20       ?_Getcomp@?$_Tree_comp_alloc@V?$_Tmap_traits@V?$basic_string@DU?$char_traits@D@std@@V?$allocator@D@2@@std@@P6AXPADPAH@ZU?$less@V?$basic_string@DU?$char_traits@D@std@@V?$allocator@D@2@@std@@@2@V?$allocator@U?$pair@$$CBV?$basic_string@DU?$char_traits@D@std@@V?$allocator@D@2@@std@@P6AXPADPAH@Z@std@@@2@$0A@@std@@@std@@QBEABU?$less@V?$basic_string@DU?$char_traits@D@std@@V?$allocator@D@2@@std@@@2@XZ 1000cc20 f i DatabaseImpl.obj
 0001:0000bc20       ?_Get_data@?$_Vector_alloc@U?$_Vec_base_types@UPARAM@Parameter@@V?$allocator@UPARAM@Parameter@@@std@@@std@@@std@@QAEAAV?$_Vector_val@U?$_Simple_types@UPARAM@Parameter@@@std@@@2@XZ 1000cc20 f i DatabaseImpl.obj
 0001:0000bc20       ?_Get_data@?$_String_alloc@U?$_String_base_types@DV?$allocator@D@std@@@std@@@std@@QBEABV?$_String_val@U?$_Simple_types@D@std@@@2@XZ 1000cc20 f i DatabaseImpl.obj
 0001:0000bc20       ?_Get_data@?$_Vector_alloc@U?$_Vec_base_types@UPARAM@Parameter@@V?$allocator@UPARAM@Parameter@@@std@@@std@@@std@@QBEABV?$_Vector_val@U?$_Simple_types@UPARAM@Parameter@@@std@@@2@XZ 1000cc20 f i DatabaseImpl.obj
 0001:0000bc40       ??1?$_Tree_comp_alloc@V?$_Tmap_traits@V?$basic_string@DU?$char_traits@D@std@@V?$allocator@D@2@@std@@P6AXPADPAH@ZU?$less@V?$basic_string@DU?$char_traits@D@std@@V?$allocator@D@2@@std@@@2@V?$allocator@U?$pair@$$CBV?$basic_string@DU?$char_traits@D@std@@V?$allocator@D@2@@std@@P6AXPADPAH@Z@std@@@2@$0A@@std@@@std@@QAE@XZ 1000cc40 f i DatabaseImpl.obj
 0001:0000bc90       ?_Key@?$_Tree@V?$_Tmap_traits@V?$basic_string@DU?$char_traits@D@std@@V?$allocator@D@2@@std@@P6AXPADPAH@ZU?$less@V?$basic_string@DU?$char_traits@D@std@@V?$allocator@D@2@@std@@@2@V?$allocator@U?$pair@$$CBV?$basic_string@DU?$char_traits@D@std@@V?$allocator@D@2@@std@@P6AXPADPAH@Z@std@@@2@$0A@@std@@@std@@IBEABV?$basic_string@DU?$char_traits@D@std@@V?$allocator@D@2@@2@PAU?$_Tree_node@U?$pair@$$CBV?$basic_string@DU?$char_traits@D@std@@V?$allocator@D@2@@std@@P6AXPADPAH@Z@std@@PAX@2@@Z 1000cc90 f i DatabaseImpl.obj
 0001:0000bcc0       ?_Tidy@?$_Tree@V?$_Tmap_traits@V?$basic_string@DU?$char_traits@D@std@@V?$allocator@D@2@@std@@P6AXPADPAH@ZU?$less@V?$basic_string@DU?$char_traits@D@std@@V?$allocator@D@2@@std@@@2@V?$allocator@U?$pair@$$CBV?$basic_string@DU?$char_traits@D@std@@V?$allocator@D@2@@std@@P6AXPADPAH@Z@std@@@2@$0A@@std@@@std@@IAEXXZ 1000ccc0 f i DatabaseImpl.obj
 0001:0000bd10       ?lower_bound@?$_Tree@V?$_Tmap_traits@V?$basic_string@DU?$char_traits@D@std@@V?$allocator@D@2@@std@@P6AXPADPAH@ZU?$less@V?$basic_string@DU?$char_traits@D@std@@V?$allocator@D@2@@std@@@2@V?$allocator@U?$pair@$$CBV?$basic_string@DU?$char_traits@D@std@@V?$allocator@D@2@@std@@P6AXPADPAH@Z@std@@@2@$0A@@std@@@std@@QAE?AV?$_Tree_iterator@V?$_Tree_val@U?$_Tree_simple_types@U?$pair@$$CBV?$basic_string@DU?$char_traits@D@std@@V?$allocator@D@2@@std@@P6AXPADPAH@Z@std@@@std@@@std@@@2@ABV?$basic_string@DU?$char_traits@D@std@@V?$allocator@D@2@@2@@Z 1000cd10 f i DatabaseImpl.obj
 0001:0000bd40       ??0?$_Tree@V?$_Tmap_traits@V?$basic_string@DU?$char_traits@D@std@@V?$allocator@D@2@@std@@P6AXPADPAH@ZU?$less@V?$basic_string@DU?$char_traits@D@std@@V?$allocator@D@2@@std@@@2@V?$allocator@U?$pair@$$CBV?$basic_string@DU?$char_traits@D@std@@V?$allocator@D@2@@std@@P6AXPADPAH@Z@std@@@2@$0A@@std@@@std@@QAE@ABU?$less@V?$basic_string@DU?$char_traits@D@std@@V?$allocator@D@2@@std@@@1@@Z 1000cd40 f i DatabaseImpl.obj
 0001:0000bd60       ??R?$less@V?$basic_string@DU?$char_traits@D@std@@V?$allocator@D@2@@std@@@std@@QBE_NABV?$basic_string@DU?$char_traits@D@std@@V?$allocator@D@2@@1@0@Z 1000cd60 f i DatabaseImpl.obj
 0001:0000bd80       ??E?$_Vector_iterator@V?$_Vector_val@U?$_Simple_types@UPARAM@Parameter@@@std@@@std@@@std@@QAEAAV01@XZ 1000cd80 f i DatabaseImpl.obj
 0001:0000bda0       ??0?$_Tree_const_iterator@V?$_Tree_val@U?$_Tree_simple_types@U?$pair@$$CBV?$basic_string@DU?$char_traits@D@std@@V?$allocator@D@2@@std@@P6AXPADPAH@Z@std@@@std@@@std@@@std@@QAE@PAU?$_Tree_node@U?$pair@$$CBV?$basic_string@DU?$char_traits@D@std@@V?$allocator@D@2@@std@@P6AXPADPAH@Z@std@@PAX@1@PBV?$_Tree_val@U?$_Tree_simple_types@U?$pair@$$CBV?$basic_string@DU?$char_traits@D@std@@V?$allocator@D@2@@std@@P6AXPADPAH@Z@std@@@std@@@1@@Z 1000cda0 f i DatabaseImpl.obj
 0001:0000bda0       ??0?$_Vector_iterator@V?$_Vector_val@U?$_Simple_types@UPARAM@Parameter@@@std@@@std@@@std@@QAE@PAUPARAM@Parameter@@PBU_Container_base0@1@@Z 1000cda0 f i DatabaseImpl.obj
 0001:0000bda0       ??0?$_String_iterator@V?$_String_val@U?$_Simple_types@D@std@@@std@@@std@@QAE@PADPBU_Container_base0@1@@Z 1000cda0 f i DatabaseImpl.obj
 0001:0000bdc0       ?_Myend@?$_Vector_alloc@U?$_Vec_base_types@UPARAM@Parameter@@V?$allocator@UPARAM@Parameter@@@std@@@std@@@std@@QAEAAPAUPARAM@Parameter@@XZ 1000cdc0 f i DatabaseImpl.obj
 0001:0000bdc0       ?_Myend@?$_Vector_alloc@U?$_Vec_base_types@UPARAM@Parameter@@V?$allocator@UPARAM@Parameter@@@std@@@std@@@std@@QBEABQAUPARAM@Parameter@@XZ 1000cdc0 f i DatabaseImpl.obj
 0001:0000bde0       ?_Mylast@?$_Vector_alloc@U?$_Vec_base_types@UPARAM@Parameter@@V?$allocator@UPARAM@Parameter@@@std@@@std@@@std@@QBEABQAUPARAM@Parameter@@XZ 1000cde0 f i DatabaseImpl.obj
 0001:0000bde0       ?_Mylast@?$_Vector_alloc@U?$_Vec_base_types@UPARAM@Parameter@@V?$allocator@UPARAM@Parameter@@@std@@@std@@@std@@QAEAAPAUPARAM@Parameter@@XZ 1000cde0 f i DatabaseImpl.obj
 0001:0000be00       ?_Myfirst@?$_Vector_alloc@U?$_Vec_base_types@UPARAM@Parameter@@V?$allocator@UPARAM@Parameter@@@std@@@std@@@std@@QAEAAPAUPARAM@Parameter@@XZ 1000ce00 f i DatabaseImpl.obj
 0001:0000be00       ?_Bx@?$_String_alloc@U?$_String_base_types@DV?$allocator@D@std@@@std@@@std@@QAEAAT_Bxty@?$_String_val@U?$_Simple_types@D@std@@@2@XZ 1000ce00 f i DatabaseImpl.obj
 0001:0000be00       ?_Myfirst@?$_Vector_alloc@U?$_Vec_base_types@UPARAM@Parameter@@V?$allocator@UPARAM@Parameter@@@std@@@std@@@std@@QBEABQAUPARAM@Parameter@@XZ 1000ce00 f i DatabaseImpl.obj
 0001:0000be20       ?_Orphan_all@?$_Vector_alloc@U?$_Vec_base_types@UPARAM@Parameter@@V?$allocator@UPARAM@Parameter@@@std@@@std@@@std@@QAEXXZ 1000ce20 f i DatabaseImpl.obj
 0001:0000be40       ??0?$_Vector_alloc@U?$_Vec_base_types@UPARAM@Parameter@@V?$allocator@UPARAM@Parameter@@@std@@@std@@@std@@QAE@XZ 1000ce40 f i DatabaseImpl.obj
 0001:0000be60       ?_Orphan_range@?$vector@UPARAM@Parameter@@V?$allocator@UPARAM@Parameter@@@std@@@std@@IBEXPAUPARAM@Parameter@@0@Z 1000ce60 f i DatabaseImpl.obj
 0001:0000be70       ?_Tidy@?$vector@UPARAM@Parameter@@V?$allocator@UPARAM@Parameter@@@std@@@std@@IAEXXZ 1000ce70 f i DatabaseImpl.obj
 0001:0000bf20       ?_Reserve@?$vector@UPARAM@Parameter@@V?$allocator@UPARAM@Parameter@@@std@@@std@@IAEXI@Z 1000cf20 f i DatabaseImpl.obj
 0001:0000bf80       ?_Inside@?$vector@UPARAM@Parameter@@V?$allocator@UPARAM@Parameter@@@std@@@std@@IBE_NPBUPARAM@Parameter@@@Z 1000cf80 f i DatabaseImpl.obj
 0001:0000bfe0       ?_Destroy@?$vector@UPARAM@Parameter@@V?$allocator@UPARAM@Parameter@@@std@@@std@@IAEXPAUPARAM@Parameter@@0@Z 1000cfe0 f i DatabaseImpl.obj
 0001:0000c010       ?_AddRef@?$_com_ptr_t@V?$_com_IIID@U_Recordset@@$1?_GUID_00001556_0000_0010_8000_00aa006d2ea4@@3U__s_GUID@@B@@@@AAEXXZ 1000d010 f i DatabaseImpl.obj
 0001:0000c010       ?_AddRef@?$_com_ptr_t@V?$_com_IIID@UFields@@$1?_GUID_00001564_0000_0010_8000_00aa006d2ea4@@3U__s_GUID@@B@@@@AAEXXZ 1000d010 f i DatabaseImpl.obj
 0001:0000c010       ?_AddRef@?$_com_ptr_t@V?$_com_IIID@UField@@$1?_GUID_00001569_0000_0010_8000_00aa006d2ea4@@3U__s_GUID@@B@@@@AAEXXZ 1000d010 f i DatabaseImpl.obj
 0001:0000c010       ?_AddRef@?$_com_ptr_t@V?$_com_IIID@U_Parameter@@$1?_GUID_0000150c_0000_0010_8000_00aa006d2ea4@@3U__s_GUID@@B@@@@AAEXXZ 1000d010 f i DatabaseImpl.obj
 0001:0000c010       ?_AddRef@?$_com_ptr_t@V?$_com_IIID@UParameters@@$1?_GUID_0000150d_0000_0010_8000_00aa006d2ea4@@3U__s_GUID@@B@@@@AAEXXZ 1000d010 f i DatabaseImpl.obj
 0001:0000c010       ?_AddRef@?$_com_ptr_t@V?$_com_IIID@U_Connection@@$1?_GUID_00001550_0000_0010_8000_00aa006d2ea4@@3U__s_GUID@@B@@@@AAEXXZ 1000d010 f i DatabaseImpl.obj
 0001:0000c040       ?_Release@?$_com_ptr_t@V?$_com_IIID@U_Command@@$1?_GUID_986761e8_7269_4890_aa65_ad7c03697a6d@@3U__s_GUID@@B@@@@AAEXXZ 1000d040 f i DatabaseImpl.obj
 0001:0000c040       ?_Release@?$_com_ptr_t@V?$_com_IIID@U_Connection@@$1?_GUID_00001550_0000_0010_8000_00aa006d2ea4@@3U__s_GUID@@B@@@@AAEXXZ 1000d040 f i DatabaseImpl.obj
 0001:0000c040       ?_Release@?$_com_ptr_t@V?$_com_IIID@UFields@@$1?_GUID_00001564_0000_0010_8000_00aa006d2ea4@@3U__s_GUID@@B@@@@AAEXXZ 1000d040 f i DatabaseImpl.obj
 0001:0000c040       ?_Release@?$_com_ptr_t@V?$_com_IIID@U_Parameter@@$1?_GUID_0000150c_0000_0010_8000_00aa006d2ea4@@3U__s_GUID@@B@@@@AAEXXZ 1000d040 f i DatabaseImpl.obj
 0001:0000c040       ?_Release@?$_com_ptr_t@V?$_com_IIID@UField@@$1?_GUID_00001569_0000_0010_8000_00aa006d2ea4@@3U__s_GUID@@B@@@@AAEXXZ 1000d040 f i DatabaseImpl.obj
 0001:0000c040       ?_Release@?$_com_ptr_t@V?$_com_IIID@U_Recordset@@$1?_GUID_00001556_0000_0010_8000_00aa006d2ea4@@3U__s_GUID@@B@@@@AAEXXZ 1000d040 f i DatabaseImpl.obj
 0001:0000c040       ?_Release@?$_com_ptr_t@V?$_com_IIID@UParameters@@$1?_GUID_0000150d_0000_0010_8000_00aa006d2ea4@@3U__s_GUID@@B@@@@AAEXXZ 1000d040 f i DatabaseImpl.obj
 0001:0000c070       ??$?4U_Connection@@@?$_com_ptr_t@V?$_com_IIID@U_Connection@@$1?_GUID_00001550_0000_0010_8000_00aa006d2ea4@@3U__s_GUID@@B@@@@QAEAAV0@PAU_Connection@@@Z 1000d070 f i DatabaseImpl.obj
 0001:0000c070       ??$?4U_Recordset@@@?$_com_ptr_t@V?$_com_IIID@U_Recordset@@$1?_GUID_00001556_0000_0010_8000_00aa006d2ea4@@3U__s_GUID@@B@@@@QAEAAV0@PAU_Recordset@@@Z 1000d070 f i DatabaseImpl.obj
 0001:0000c0c0       ?GetIID@?$_com_ptr_t@V?$_com_IIID@U_Recordset@@$1?_GUID_00001556_0000_0010_8000_00aa006d2ea4@@3U__s_GUID@@B@@@@SAABU_GUID@@XZ 1000d0c0 f i DatabaseImpl.obj
 0001:0000c0d0       ?GetIID@?$_com_ptr_t@V?$_com_IIID@U_Connection@@$1?_GUID_00001550_0000_0010_8000_00aa006d2ea4@@3U__s_GUID@@B@@@@SAABU_GUID@@XZ 1000d0d0 f i DatabaseImpl.obj
 0001:0000c0e0       ?GetIID@?$_com_ptr_t@V?$_com_IIID@U_Command@@$1?_GUID_986761e8_7269_4890_aa65_ad7c03697a6d@@3U__s_GUID@@B@@@@SAABU_GUID@@XZ 1000d0e0 f i DatabaseImpl.obj
 0001:0000c0f0       ??G?$_String_const_iterator@V?$_String_val@U?$_Simple_types@D@std@@@std@@@std@@QBEHABV01@@Z 1000d0f0 f i DatabaseImpl.obj
 0001:0000c120       ??Z?$_String_iterator@V?$_String_val@U?$_Simple_types@D@std@@@std@@@std@@QAEAAV01@H@Z 1000d120 f i DatabaseImpl.obj
 0001:0000c140       ??Y?$_String_iterator@V?$_String_val@U?$_Simple_types@D@std@@@std@@@std@@QAEAAV01@H@Z 1000d140 f i DatabaseImpl.obj
 0001:0000c160       ??F?$_String_iterator@V?$_String_val@U?$_Simple_types@D@std@@@std@@@std@@QAEAAV01@XZ 1000d160 f i DatabaseImpl.obj
 0001:0000c180       ??E?$_String_iterator@V?$_String_val@U?$_Simple_types@D@std@@@std@@@std@@QAEAAV01@XZ 1000d180 f i DatabaseImpl.obj
 0001:0000c1a0       ?_Myptr@?$_String_val@U?$_Simple_types@D@std@@@std@@QAEPADXZ 1000d1a0 f i DatabaseImpl.obj
 0001:0000c1a0       ?_Myptr@?$_String_val@U?$_Simple_types@D@std@@@std@@QBEPBDXZ 1000d1a0 f i DatabaseImpl.obj
 0001:0000c1e0       ?address@?$_Wrap_alloc@V?$allocator@D@std@@@std@@QBEPADAAD@Z 1000d1e0 f i DatabaseImpl.obj
 0001:0000c200       ?_Mysize@?$_String_alloc@U?$_String_base_types@DV?$allocator@D@std@@@std@@@std@@QAEAAIXZ 1000d200 f i DatabaseImpl.obj
 0001:0000c200       ?_Mysize@?$_String_alloc@U?$_String_base_types@DV?$allocator@D@std@@@std@@@std@@QBEABIXZ 1000d200 f i DatabaseImpl.obj
 0001:0000c220       ?_Copy_alloc@?$_String_alloc@U?$_String_base_types@DV?$allocator@D@std@@@std@@@std@@QAEXABU?$_Wrap_alloc@V?$allocator@D@std@@@2@@Z 1000d220 f i DatabaseImpl.obj
 0001:0000c250       ??0?$_String_alloc@U?$_String_base_types@DV?$allocator@D@std@@@std@@@std@@QAE@XZ 1000d250 f i DatabaseImpl.obj
 0001:0000c270       ?_Myptr@?$_String_alloc@U?$_String_base_types@DV?$allocator@D@std@@@std@@@std@@QAEPADXZ 1000d270 f i DatabaseImpl.obj
 0001:0000c270       ?_Myptr@?$_String_alloc@U?$_String_base_types@DV?$allocator@D@std@@@std@@@std@@QBEPBDXZ 1000d270 f i DatabaseImpl.obj
 0001:0000c290       ?_Tidy@?$basic_string@DU?$char_traits@D@std@@V?$allocator@D@2@@std@@QAEX_NI@Z 1000d290 f i DatabaseImpl.obj
 0001:0000c350       ?_Eos@?$basic_string@DU?$char_traits@D@std@@V?$allocator@D@2@@std@@QAEXI@Z 1000d350 f i DatabaseImpl.obj
 0001:0000c390       ?_Traits_compare@?$basic_string@DU?$char_traits@D@std@@V?$allocator@D@2@@std@@SAHQBDI0I@Z 1000d390 f i DatabaseImpl.obj
 0001:0000c400       ?erase@?$basic_string@DU?$char_traits@D@std@@V?$allocator@D@2@@std@@QAEAAV12@II@Z 1000d400 f i DatabaseImpl.obj
 0001:0000c490       ?assign@?$basic_string@DU?$char_traits@D@std@@V?$allocator@D@2@@std@@QAEAAV12@PBD@Z 1000d490 f i DatabaseImpl.obj
 0001:0000c4c0       ?assign@?$basic_string@DU?$char_traits@D@std@@V?$allocator@D@2@@std@@QAEAAV12@PBDI@Z 1000d4c0 f i DatabaseImpl.obj
 0001:0000c540       ?assign@?$basic_string@DU?$char_traits@D@std@@V?$allocator@D@2@@std@@QAEAAV12@ABV12@II@Z 1000d540 f i DatabaseImpl.obj
 0001:0000c5e0       ?assign@?$basic_string@DU?$char_traits@D@std@@V?$allocator@D@2@@std@@QAEAAV12@ABV12@@Z 1000d5e0 f i DatabaseImpl.obj
 0001:0000c610       ?_Assign_rv@?$basic_string@DU?$char_traits@D@std@@V?$allocator@D@2@@std@@QAEX$$QAV12@@Z 1000d610 f i DatabaseImpl.obj
 0001:0000c6d0       ??D?$_Tree_const_iterator@V?$_Tree_val@U?$_Tree_simple_types@U?$pair@$$CBV?$basic_string@DU?$char_traits@D@std@@V?$allocator@D@2@@std@@P6AXPADPAH@Z@std@@@std@@@std@@@std@@QBEABU?$pair@$$CBV?$basic_string@DU?$char_traits@D@std@@V?$allocator@D@2@@std@@P6AXPADPAH@Z@1@XZ 1000d6d0 f i DatabaseImpl.obj
 0001:0000c6f0       ?_Freeheadnode@?$_Tree_comp_alloc@V?$_Tmap_traits@V?$basic_string@DU?$char_traits@D@std@@V?$allocator@D@2@@std@@P6AXPADPAH@ZU?$less@V?$basic_string@DU?$char_traits@D@std@@V?$allocator@D@2@@std@@@2@V?$allocator@U?$pair@$$CBV?$basic_string@DU?$char_traits@D@std@@V?$allocator@D@2@@std@@P6AXPADPAH@Z@std@@@2@$0A@@std@@@std@@QAEXPAU?$_Tree_node@U?$pair@$$CBV?$basic_string@DU?$char_traits@D@std@@V?$allocator@D@2@@std@@P6AXPADPAH@Z@std@@PAX@2@@Z 1000d6f0 f i DatabaseImpl.obj
 0001:0000c6f0       ?_Freenode0@?$_Tree_comp_alloc@V?$_Tmap_traits@V?$basic_string@DU?$char_traits@D@std@@V?$allocator@D@2@@std@@P6AXPADPAH@ZU?$less@V?$basic_string@DU?$char_traits@D@std@@V?$allocator@D@2@@std@@@2@V?$allocator@U?$pair@$$CBV?$basic_string@DU?$char_traits@D@std@@V?$allocator@D@2@@std@@P6AXPADPAH@Z@std@@@2@$0A@@std@@@std@@QAEXPAU?$_Tree_node@U?$pair@$$CBV?$basic_string@DU?$char_traits@D@std@@V?$allocator@D@2@@std@@P6AXPADPAH@Z@std@@PAX@2@@Z 1000d6f0 f i DatabaseImpl.obj
 0001:0000c790       ??0?$_Tree_comp_alloc@V?$_Tmap_traits@V?$basic_string@DU?$char_traits@D@std@@V?$allocator@D@2@@std@@P6AXPADPAH@ZU?$less@V?$basic_string@DU?$char_traits@D@std@@V?$allocator@D@2@@std@@@2@V?$allocator@U?$pair@$$CBV?$basic_string@DU?$char_traits@D@std@@V?$allocator@D@2@@std@@P6AXPADPAH@Z@std@@@2@$0A@@std@@@std@@QAE@ABU?$less@V?$basic_string@DU?$char_traits@D@std@@V?$allocator@D@2@@std@@@1@@Z 1000d790 f i DatabaseImpl.obj
 0001:0000c7c0       ?_Myval@?$_Tree_comp_alloc@V?$_Tmap_traits@V?$basic_string@DU?$char_traits@D@std@@V?$allocator@D@2@@std@@P6AXPADPAH@ZU?$less@V?$basic_string@DU?$char_traits@D@std@@V?$allocator@D@2@@std@@@2@V?$allocator@U?$pair@$$CBV?$basic_string@DU?$char_traits@D@std@@V?$allocator@D@2@@std@@P6AXPADPAH@Z@std@@@2@$0A@@std@@@std@@SAAAU?$pair@$$CBV?$basic_string@DU?$char_traits@D@std@@V?$allocator@D@2@@std@@P6AXPADPAH@Z@2@PAU?$_Tree_node@U?$pair@$$CBV?$basic_string@DU?$char_traits@D@std@@V?$allocator@D@2@@std@@P6AXPADPAH@Z@std@@PAX@2@@Z 1000d7c0 f i DatabaseImpl.obj
 0001:0000c7e0       ?_Kfn@?$_Tree@V?$_Tmap_traits@V?$basic_string@DU?$char_traits@D@std@@V?$allocator@D@2@@std@@P6AXPADPAH@ZU?$less@V?$basic_string@DU?$char_traits@D@std@@V?$allocator@D@2@@std@@@2@V?$allocator@U?$pair@$$CBV?$basic_string@DU?$char_traits@D@std@@V?$allocator@D@2@@std@@P6AXPADPAH@Z@std@@@2@$0A@@std@@@std@@IBEABV?$basic_string@DU?$char_traits@D@std@@V?$allocator@D@2@@2@ABU?$pair@$$CBV?$basic_string@DU?$char_traits@D@std@@V?$allocator@D@2@@std@@P6AXPADPAH@Z@2@@Z 1000d7e0 f i DatabaseImpl.obj
 0001:0000c800       ?erase@?$_Tree@V?$_Tmap_traits@V?$basic_string@DU?$char_traits@D@std@@V?$allocator@D@2@@std@@P6AXPADPAH@ZU?$less@V?$basic_string@DU?$char_traits@D@std@@V?$allocator@D@2@@std@@@2@V?$allocator@U?$pair@$$CBV?$basic_string@DU?$char_traits@D@std@@V?$allocator@D@2@@std@@P6AXPADPAH@Z@std@@@2@$0A@@std@@@std@@QAE?AV?$_Tree_iterator@V?$_Tree_val@U?$_Tree_simple_types@U?$pair@$$CBV?$basic_string@DU?$char_traits@D@std@@V?$allocator@D@2@@std@@P6AXPADPAH@Z@std@@@std@@@std@@@2@V?$_Tree_const_iterator@V?$_Tree_val@U?$_Tree_simple_types@U?$pair@$$CBV?$basic_string@DU?$char_traits@D@std@@V?$allocator@D@2@@std@@P6AXPADPAH@Z@std@@@std@@@std@@@2@0@Z 1000d800 f i DatabaseImpl.obj
 0001:0000c8b0       ?begin@?$_Tree@V?$_Tmap_traits@V?$basic_string@DU?$char_traits@D@std@@V?$allocator@D@2@@std@@P6AXPADPAH@ZU?$less@V?$basic_string@DU?$char_traits@D@std@@V?$allocator@D@2@@std@@@2@V?$allocator@U?$pair@$$CBV?$basic_string@DU?$char_traits@D@std@@V?$allocator@D@2@@std@@P6AXPADPAH@Z@std@@@2@$0A@@std@@@std@@QAE?AV?$_Tree_iterator@V?$_Tree_val@U?$_Tree_simple_types@U?$pair@$$CBV?$basic_string@DU?$char_traits@D@std@@V?$allocator@D@2@@std@@P6AXPADPAH@Z@std@@@std@@@std@@@2@XZ 1000d8b0 f i DatabaseImpl.obj
 0001:0000c910       ??E?$_Vector_const_iterator@V?$_Vector_val@U?$_Simple_types@UPARAM@Parameter@@@std@@@std@@@std@@QAEAAV01@XZ 1000d910 f i DatabaseImpl.obj
 0001:0000c930       ??0?$_Vector_const_iterator@V?$_Vector_val@U?$_Simple_types@UPARAM@Parameter@@@std@@@std@@@std@@QAE@PAUPARAM@Parameter@@PBU_Container_base0@1@@Z 1000d930 f i DatabaseImpl.obj
 0001:0000c930       ??0?$_String_const_iterator@V?$_String_val@U?$_Simple_types@D@std@@@std@@@std@@QAE@PBDPBU_Container_base0@1@@Z 1000d930 f i DatabaseImpl.obj
 0001:0000c930       ??0?$_Tree_unchecked_const_iterator@V?$_Tree_val@U?$_Tree_simple_types@U?$pair@$$CBV?$basic_string@DU?$char_traits@D@std@@V?$allocator@D@2@@std@@P6AXPADPAH@Z@std@@@std@@@std@@U_Iterator_base0@2@@std@@QAE@PAU?$_Tree_node@U?$pair@$$CBV?$basic_string@DU?$char_traits@D@std@@V?$allocator@D@2@@std@@P6AXPADPAH@Z@std@@PAX@1@PBV?$_Tree_val@U?$_Tree_simple_types@U?$pair@$$CBV?$basic_string@DU?$char_traits@D@std@@V?$allocator@D@2@@std@@P6AXPADPAH@Z@std@@@std@@@1@@Z 1000d930 f i DatabaseImpl.obj
 0001:0000c960       ?deallocate@?$_Wrap_alloc@V?$allocator@UPARAM@Parameter@@@std@@@std@@QAEXPAUPARAM@Parameter@@I@Z 1000d960 f i DatabaseImpl.obj
 0001:0000c980       ?_Xlen@?$vector@UPARAM@Parameter@@V?$allocator@UPARAM@Parameter@@@std@@@std@@IBEXXZ 1000d980 f i DatabaseImpl.obj
 0001:0000c9a0       ?_Reallocate@?$vector@UPARAM@Parameter@@V?$allocator@UPARAM@Parameter@@@std@@@std@@IAEXI@Z 1000d9a0 f i DatabaseImpl.obj
 0001:0000cb00       ?_Grow_to@?$vector@UPARAM@Parameter@@V?$allocator@UPARAM@Parameter@@@std@@@std@@IBEII@Z 1000db00 f i DatabaseImpl.obj
 0001:0000cb60       ?max_size@?$vector@UPARAM@Parameter@@V?$allocator@UPARAM@Parameter@@@std@@@std@@QBEIXZ 1000db60 f i DatabaseImpl.obj
 0001:0000cb90       ?size@?$vector@UPARAM@Parameter@@V?$allocator@UPARAM@Parameter@@@std@@@std@@QBEIXZ 1000db90 f i DatabaseImpl.obj
 0001:0000cbc0       ?_Unused_capacity@?$vector@UPARAM@Parameter@@V?$allocator@UPARAM@Parameter@@@std@@@std@@QBEIXZ 1000dbc0 f i DatabaseImpl.obj
 0001:0000cbf0       ?GetIID@?$_com_IIID@U_Recordset@@$1?_GUID_00001556_0000_0010_8000_00aa006d2ea4@@3U__s_GUID@@B@@SAABU_GUID@@XZ 1000dbf0 f i DatabaseImpl.obj
 0001:0000cc00       ?GetIID@?$_com_IIID@U_Connection@@$1?_GUID_00001550_0000_0010_8000_00aa006d2ea4@@3U__s_GUID@@B@@SAABU_GUID@@XZ 1000dc00 f i DatabaseImpl.obj
 0001:0000cc10       ?GetIID@?$_com_IIID@U_Command@@$1?_GUID_986761e8_7269_4890_aa65_ad7c03697a6d@@3U__s_GUID@@B@@SAABU_GUID@@XZ 1000dc10 f i DatabaseImpl.obj
 0001:0000cc20       ??Y?$_String_const_iterator@V?$_String_val@U?$_Simple_types@D@std@@@std@@@std@@QAEAAV01@H@Z 1000dc20 f i DatabaseImpl.obj
 0001:0000cc40       ??F?$_String_const_iterator@V?$_String_val@U?$_Simple_types@D@std@@@std@@@std@@QAEAAV01@XZ 1000dc40 f i DatabaseImpl.obj
 0001:0000cc60       ??E?$_String_const_iterator@V?$_String_val@U?$_Simple_types@D@std@@@std@@@std@@QAEAAV01@XZ 1000dc60 f i DatabaseImpl.obj
 0001:0000cc80       ?deallocate@?$_Wrap_alloc@V?$allocator@D@std@@@std@@QAEXPADI@Z 1000dc80 f i DatabaseImpl.obj
 0001:0000cca0       ?_Myres@?$_String_alloc@U?$_String_base_types@DV?$allocator@D@std@@@std@@@std@@QAEAAIXZ 1000dca0 f i DatabaseImpl.obj
 0001:0000ccc0       ?_Check_offset@?$basic_string@DU?$char_traits@D@std@@V?$allocator@D@2@@std@@QBEXI@Z 1000dcc0 f i DatabaseImpl.obj
 0001:0000ccf0       ?_Xlen@?$basic_string@DU?$char_traits@D@std@@V?$allocator@D@2@@std@@QBEXXZ 1000dcf0 f i DatabaseImpl.obj
 0001:0000cd10       ?_Inside@?$basic_string@DU?$char_traits@D@std@@V?$allocator@D@2@@std@@QAE_NPBD@Z 1000dd10 f i DatabaseImpl.obj
 0001:0000cd60       ?_Grow@?$basic_string@DU?$char_traits@D@std@@V?$allocator@D@2@@std@@QAE_NI_N@Z 1000dd60 f i DatabaseImpl.obj
 0001:0000ce20       ?_Clamp_suffix_size@?$basic_string@DU?$char_traits@D@std@@V?$allocator@D@2@@std@@QBEIII@Z 1000de20 f i DatabaseImpl.obj
 0001:0000ce60       ?erase@?$basic_string@DU?$char_traits@D@std@@V?$allocator@D@2@@std@@QAEAAV12@I@Z 1000de60 f i DatabaseImpl.obj
 0001:0000ce90       ??E?$_Tree_const_iterator@V?$_Tree_val@U?$_Tree_simple_types@U?$pair@$$CBV?$basic_string@DU?$char_traits@D@std@@V?$allocator@D@2@@std@@P6AXPADPAH@Z@std@@@std@@@std@@@std@@QAE?AV01@H@Z 1000de90 f i DatabaseImpl.obj
 0001:0000cec0       ?_Myval@?$_Tree_val@U?$_Tree_simple_types@U?$pair@$$CBV?$basic_string@DU?$char_traits@D@std@@V?$allocator@D@2@@std@@P6AXPADPAH@Z@std@@@std@@@std@@SAAAU?$pair@$$CBV?$basic_string@DU?$char_traits@D@std@@V?$allocator@D@2@@std@@P6AXPADPAH@Z@2@PAU?$_Tree_node@U?$pair@$$CBV?$basic_string@DU?$char_traits@D@std@@V?$allocator@D@2@@std@@P6AXPADPAH@Z@std@@PAX@2@@Z 1000dec0 f i DatabaseImpl.obj
 0001:0000ced0       ?deallocate@?$_Wrap_alloc@V?$allocator@U?$_Tree_node@U?$pair@$$CBV?$basic_string@DU?$char_traits@D@std@@V?$allocator@D@2@@std@@P6AXPADPAH@Z@std@@PAX@std@@@std@@@std@@QAEXPAU?$_Tree_node@U?$pair@$$CBV?$basic_string@DU?$char_traits@D@std@@V?$allocator@D@2@@std@@P6AXPADPAH@Z@std@@PAX@2@I@Z 1000ded0 f i DatabaseImpl.obj
[...]
 0002:00003684       __tryblocktable$??$_Buynode@ABUpiecewise_construct_t@std@@V?$tuple@$$QAV?$basic_string@DU?$char_traits@D@std@@V?$allocator@D@2@@std@@@2@V?$tuple@$$V@2@@?$_Tree_comp_alloc@V?$_Tmap_traits@V?$basic_string@DU?$char_traits@D@std@@V?$allocator@D@2@@std@@P6AXPADPAH@ZU?$less@V?$basic_string@DU?$char_traits@D@std@@V?$allocator@D@2@@std@@@2@V?$allocator@U?$pair@$$CBV?$basic_string@DU?$char_traits@D@std@@V?$allocator@D@2@@std@@P6AXPADPAH@Z@std@@@2@$0A@@std@@@std@@QAEPAU?$_Tree_node@U?$pair@$$CBV?$basic_string@DU?$char_traits@D@std@@V?$allocator@D@2@@std@@P6AXPADPAH@Z@std@@PAX@1@ABUpiecewise_construct_t@1@$$QAV?$tuple@$$QAV?$basic_string@DU?$char_traits@D@std@@V?$allocator@D@2@@std@@@1@$$QAV?$tuple@$$V@1@@Z 10017684     DatabaseImpl.obj
 0002:00003698       __catchsym$??$_Buynode@ABUpiecewise_construct_t@std@@V?$tuple@$$QAV?$basic_string@DU?$char_traits@D@std@@V?$allocator@D@2@@std@@@2@V?$tuple@$$V@2@@?$_Tree_comp_alloc@V?$_Tmap_traits@V?$basic_string@DU?$char_traits@D@std@@V?$allocator@D@2@@std@@P6AXPADPAH@ZU?$less@V?$basic_string@DU?$char_traits@D@std@@V?$allocator@D@2@@std@@@2@V?$allocator@U?$pair@$$CBV?$basic_string@DU?$char_traits@D@std@@V?$allocator@D@2@@std@@P6AXPADPAH@Z@std@@@2@$0A@@std@@@std@@QAEPAU?$_Tree_node@U?$pair@$$CBV?$basic_string@DU?$char_traits@D@std@@V?$allocator@D@2@@std@@P6AXPADPAH@Z@std@@PAX@1@ABUpiecewise_construct_t@1@$$QAV?$tuple@$$QAV?$basic_string@DU?$char_traits@D@std@@V?$allocator@D@2@@std@@@1@$$QAV?$tuple@$$V@1@@Z$2 10017698     DatabaseImpl.obj
 0002:000036a8       __ehfuncinfo$??$_Insert_hint@AAU?$pair@$$CBV?$basic_string@DU?$char_traits@D@std@@V?$allocator@D@2@@std@@P6AXPADPAH@Z@std@@PAU?$_Tree_node@U?$pair@$$CBV?$basic_string@DU?$char_traits@D@std@@V?$allocator@D@2@@std@@P6AXPADPAH@Z@std@@PAX@2@@?$_Tree@V?$_Tmap_traits@V?$basic_string@DU?$char_traits@D@std@@V?$allocator@D@2@@std@@P6AXPADPAH@ZU?$less@V?$basic_string@DU?$char_traits@D@std@@V?$allocator@D@2@@std@@@2@V?$allocator@U?$pair@$$CBV?$basic_string@DU?$char_traits@D@std@@V?$allocator@D@2@@std@@P6AXPADPAH@Z@std@@@2@$0A@@std@@@std@@IAE?AV?$_Tree_iterator@V?$_Tree_val@U?$_Tree_simple_types@U?$pair@$$CBV?$basic_string@DU?$char_traits@D@std@@V?$allocator@D@2@@std@@P6AXPADPAH@Z@std@@@std@@@std@@@1@V?$_Tree_const_iterator@V?$_Tree_val@U?$_Tree_simple_types@U?$pair@$$CBV?$basic_string@DU?$char_traits@D@std@@V?$allocator@D@2@@std@@P6AXPADPAH@Z@std@@@std@@@std@@@1@AAU?$pair@$$CBV?$basic_string@DU?$char_traits@D@std@@V?$allocator@D@2@@std@@P6AXPADPAH@Z@1@PAU?$_Tree_node@U?$pair@$$CBV?$basic_string@DU?$char_traits@D@std@@V?$allocator@D@2@@std@@P6AXPADPAH@Z@std@@PAX@1@@Z 100176a8     DatabaseImpl.obj
 0002:000036cc       __unwindtable$??$_Insert_hint@AAU?$pair@$$CBV?$basic_string@DU?$char_traits@D@std@@V?$allocator@D@2@@std@@P6AXPADPAH@Z@std@@PAU?$_Tree_node@U?$pair@$$CBV?$basic_string@DU?$char_traits@D@std@@V?$allocator@D@2@@std@@P6AXPADPAH@Z@std@@PAX@2@@?$_Tree@V?$_Tmap_traits@V?$basic_string@DU?$char_traits@D@std@@V?$allocator@D@2@@std@@P6AXPADPAH@ZU?$less@V?$basic_string@DU?$char_traits@D@std@@V?$allocator@D@2@@std@@@2@V?$allocator@U?$pair@$$CBV?$basic_string@DU?$char_traits@D@std@@V?$allocator@D@2@@std@@P6AXPADPAH@Z@std@@@2@$0A@@std@@@std@@IAE?AV?$_Tree_iterator@V?$_Tree_val@U?$_Tree_simple_types@U?$pair@$$CBV?$basic_string@DU?$char_traits@D@std@@V?$allocator@D@2@@std@@P6AXPADPAH@Z@std@@@std@@@std@@@1@V?$_Tree_const_iterator@V?$_Tree_val@U?$_Tree_simple_types@U?$pair@$$CBV?$basic_string@DU?$char_traits@D@std@@V?$allocator@D@2@@std@@P6AXPADPAH@Z@std@@@std@@@std@@@1@AAU?$pair@$$CBV?$basic_string@DU?$char_traits@D@std@@V?$allocator@D@2@@std@@P6AXPADPAH@Z@1@PAU?$_Tree_node@U?$pair@$$CBV?$basic_string@DU?$char_traits@D@std@@V?$allocator@D@2@@std@@P6AXPADPAH@Z@std@@PAX@1@@Z 100176cc     DatabaseImpl.obj
 0002:000036dc       __tryblocktable$??$_Insert_hint@AAU?$pair@$$CBV?$basic_string@DU?$char_traits@D@std@@V?$allocator@D@2@@std@@P6AXPADPAH@Z@std@@PAU?$_Tree_node@U?$pair@$$CBV?$basic_string@DU?$char_traits@D@std@@V?$allocator@D@2@@std@@P6AXPADPAH@Z@std@@PAX@2@@?$_Tree@V?$_Tmap_traits@V?$basic_string@DU?$char_traits@D@std@@V?$allocator@D@2@@std@@P6AXPADPAH@ZU?$less@V?$basic_string@DU?$char_traits@D@std@@V?$allocator@D@2@@std@@@2@V?$allocator@U?$pair@$$CBV?$basic_string@DU?$char_traits@D@std@@V?$allocator@D@2@@std@@P6AXPADPAH@Z@std@@@2@$0A@@std@@@std@@IAE?AV?$_Tree_iterator@V?$_Tree_val@U?$_Tree_simple_types@U?$pair@$$CBV?$basic_string@DU?$char_traits@D@std@@V?$allocator@D@2@@std@@P6AXPADPAH@Z@std@@@std@@@std@@@1@V?$_Tree_const_iterator@V?$_Tree_val@U?$_Tree_simple_types@U?$pair@$$CBV?$basic_string@DU?$char_traits@D@std@@V?$allocator@D@2@@std@@P6AXPADPAH@Z@std@@@std@@@std@@@1@AAU?$pair@$$CBV?$basic_string@DU?$char_traits@D@std@@V?$allocator@D@2@@std@@P6AXPADPAH@Z@1@PAU?$_Tree_node@U?$pair@$$CBV?$basic_string@DU?$char_traits@D@std@@V?$allocator@D@2@@std@@P6AXPADPAH@Z@std@@PAX@1@@Z 100176dc     DatabaseImpl.obj
 0002:000036f0       __catchsym$??$_Insert_hint@AAU?$pair@$$CBV?$basic_string@DU?$char_traits@D@std@@V?$allocator@D@2@@std@@P6AXPADPAH@Z@std@@PAU?$_Tree_node@U?$pair@$$CBV?$basic_string@DU?$char_traits@D@std@@V?$allocator@D@2@@std@@P6AXPADPAH@Z@std@@PAX@2@@?$_Tree@V?$_Tmap_traits@V?$basic_string@DU?$char_traits@D@std@@V?$allocator@D@2@@std@@P6AXPADPAH@ZU?$less@V?$basic_string@DU?$char_traits@D@std@@V?$allocator@D@2@@std@@@2@V?$allocator@U?$pair@$$CBV?$basic_string@DU?$char_traits@D@std@@V?$allocator@D@2@@std@@P6AXPADPAH@Z@std@@@2@$0A@@std@@@std@@IAE?AV?$_Tree_iterator@V?$_Tree_val@U?$_Tree_simple_types@U?$pair@$$CBV?$basic_string@DU?$char_traits@D@std@@V?$allocator@D@2@@std@@P6AXPADPAH@Z@std@@@std@@@std@@@1@V?$_Tree_const_iterator@V?$_Tree_val@U?$_Tree_simple_types@U?$pair@$$CBV?$basic_string@DU?$char_traits@D@std@@V?$allocator@D@2@@std@@P6AXPADPAH@Z@std@@@std@@@std@@@1@AAU?$pair@$$CBV?$basic_string@DU?$char_traits@D@std@@V?$allocator@D@2@@std@@P6AXPADPAH@Z@1@PAU?$_Tree_node@U?$pair@$$CBV?$basic_string@DU?$char_traits@D@std@@V?$allocator@D@2@@std@@P6AXPADPAH@Z@std@@PAX@1@@Z$2 100176f0     DatabaseImpl.obj
 0002:00003700       __ehfuncinfo$?_Buynode0@?$_Tree_comp_alloc@V?$_Tmap_traits@V?$basic_string@DU?$char_traits@D@std@@V?$allocator@D@2@@std@@P6AXPADPAH@ZU?$less@V?$basic_string@DU?$char_traits@D@std@@V?$allocator@D@2@@std@@@2@V?$allocator@U?$pair@$$CBV?$basic_string@DU?$char_traits@D@std@@V?$allocator@D@2@@std@@P6AXPADPAH@Z@std@@@2@$0A@@std@@@std@@QAEPAU?$_Tree_node@U?$pair@$$CBV?$basic_string@DU?$char_traits@D@std@@V?$allocator@D@2@@std@@P6AXPADPAH@Z@std@@PAX@2@XZ 10017700     DatabaseImpl.obj
 0002:00003724       __unwindtable$?_Buynode0@?$_Tree_comp_alloc@V?$_Tmap_traits@V?$basic_string@DU?$char_traits@D@std@@V?$allocator@D@2@@std@@P6AXPADPAH@ZU?$less@V?$basic_string@DU?$char_traits@D@std@@V?$allocator@D@2@@std@@@2@V?$allocator@U?$pair@$$CBV?$basic_string@DU?$char_traits@D@std@@V?$allocator@D@2@@std@@P6AXPADPAH@Z@std@@@2@$0A@@std@@@std@@QAEPAU?$_Tree_node@U?$pair@$$CBV?$basic_string@DU?$char_traits@D@std@@V?$allocator@D@2@@std@@P6AXPADPAH@Z@std@@PAX@2@XZ 10017724     DatabaseImpl.obj
 0002:00003734       __tryblocktable$?_Buynode0@?$_Tree_comp_alloc@V?$_Tmap_traits@V?$basic_string@DU?$char_traits@D@std@@V?$allocator@D@2@@std@@P6AXPADPAH@ZU?$less@V?$basic_string@DU?$char_traits@D@std@@V?$allocator@D@2@@std@@@2@V?$allocator@U?$pair@$$CBV?$basic_string@DU?$char_traits@D@std@@V?$allocator@D@2@@std@@P6AXPADPAH@Z@std@@@2@$0A@@std@@@std@@QAEPAU?$_Tree_node@U?$pair@$$CBV?$basic_string@DU?$char_traits@D@std@@V?$allocator@D@2@@std@@P6AXPADPAH@Z@std@@PAX@2@XZ 10017734     DatabaseImpl.obj
 0002:00003748       __catchsym$?_Buynode0@?$_Tree_comp_alloc@V?$_Tmap_traits@V?$basic_string@DU?$char_traits@D@std@@V?$allocator@D@2@@std@@P6AXPADPAH@ZU?$less@V?$basic_string@DU?$char_traits@D@std@@V?$allocator@D@2@@std@@@2@V?$allocator@U?$pair@$$CBV?$basic_string@DU?$char_traits@D@std@@V?$allocator@D@2@@std@@P6AXPADPAH@Z@std@@@2@$0A@@std@@@std@@QAEPAU?$_Tree_node@U?$pair@$$CBV?$basic_string@DU?$char_traits@D@std@@V?$allocator@D@2@@std@@P6AXPADPAH@Z@std@@PAX@2@XZ$2 10017748     DatabaseImpl.obj
 0002:00003758       __ehfuncinfo$??$_Insert_nohint@AAU?$pair@$$CBV?$basic_string@DU?$char_traits@D@std@@V?$allocator@D@2@@std@@P6AXPADPAH@Z@std@@PAU?$_Tree_node@U?$pair@$$CBV?$basic_string@DU?$char_traits@D@std@@V?$allocator@D@2@@std@@P6AXPADPAH@Z@std@@PAX@2@@?$_Tree@V?$_Tmap_traits@V?$basic_string@DU?$char_traits@D@std@@V?$allocator@D@2@@std@@P6AXPADPAH@ZU?$less@V?$basic_string@DU?$char_traits@D@std@@V?$allocator@D@2@@std@@@2@V?$allocator@U?$pair@$$CBV?$basic_string@DU?$char_traits@D@std@@V?$allocator@D@2@@std@@P6AXPADPAH@Z@std@@@2@$0A@@std@@@std@@IAE?AU?$pair@V?$_Tree_iterator@V?$_Tree_val@U?$_Tree_simple_types@U?$pair@$$CBV?$basic_string@DU?$char_traits@D@std@@V?$allocator@D@2@@std@@P6AXPADPAH@Z@std@@@std@@@std@@@std@@_N@1@_NAAU?$pair@$$CBV?$basic_string@DU?$char_traits@D@std@@V?$allocator@D@2@@std@@P6AXPADPAH@Z@1@PAU?$_Tree_node@U?$pair@$$CBV?$basic_string@DU?$char_traits@D@std@@V?$allocator@D@2@@std@@P6AXPADPAH@Z@std@@PAX@1@@Z 10017758     DatabaseImpl.obj
 0002:0000377c       __unwindtable$??$_Insert_nohint@AAU?$pair@$$CBV?$basic_string@DU?$char_traits@D@std@@V?$allocator@D@2@@std@@P6AXPADPAH@Z@std@@PAU?$_Tree_node@U?$pair@$$CBV?$basic_string@DU?$char_traits@D@std@@V?$allocator@D@2@@std@@P6AXPADPAH@Z@std@@PAX@2@@?$_Tree@V?$_Tmap_traits@V?$basic_string@DU?$char_traits@D@std@@V?$allocator@D@2@@std@@P6AXPADPAH@ZU?$less@V?$basic_string@DU?$char_traits@D@std@@V?$allocator@D@2@@std@@@2@V?$allocator@U?$pair@$$CBV?$basic_string@DU?$char_traits@D@std@@V?$allocator@D@2@@std@@P6AXPADPAH@Z@std@@@2@$0A@@std@@@std@@IAE?AU?$pair@V?$_Tree_iterator@V?$_Tree_val@U?$_Tree_simple_types@U?$pair@$$CBV?$basic_string@DU?$char_traits@D@std@@V?$allocator@D@2@@std@@P6AXPADPAH@Z@std@@@std@@@std@@@std@@_N@1@_NAAU?$pair@$$CBV?$basic_string@DU?$char_traits@D@std@@V?$allocator@D@2@@std@@P6AXPADPAH@Z@1@PAU?$_Tree_node@U?$pair@$$CBV?$basic_string@DU?$char_traits@D@std@@V?$allocator@D@2@@std@@P6AXPADPAH@Z@std@@PAX@1@@Z 1001777c     DatabaseImpl.obj
 0002:0000378c       __tryblocktable$??$_Insert_nohint@AAU?$pair@$$CBV?$basic_string@DU?$char_traits@D@std@@V?$allocator@D@2@@std@@P6AXPADPAH@Z@std@@PAU?$_Tree_node@U?$pair@$$CBV?$basic_string@DU?$char_traits@D@std@@V?$allocator@D@2@@std@@P6AXPADPAH@Z@std@@PAX@2@@?$_Tree@V?$_Tmap_traits@V?$basic_string@DU?$char_traits@D@std@@V?$allocator@D@2@@std@@P6AXPADPAH@ZU?$less@V?$basic_string@DU?$char_traits@D@std@@V?$allocator@D@2@@std@@@2@V?$allocator@U?$pair@$$CBV?$basic_string@DU?$char_traits@D@std@@V?$allocator@D@2@@std@@P6AXPADPAH@Z@std@@@2@$0A@@std@@@std@@IAE?AU?$pair@V?$_Tree_iterator@V?$_Tree_val@U?$_Tree_simple_types@U?$pair@$$CBV?$basic_string@DU?$char_traits@D@std@@V?$allocator@D@2@@std@@P6AXPADPAH@Z@std@@@std@@@std@@@std@@_N@1@_NAAU?$pair@$$CBV?$basic_string@DU?$char_traits@D@std@@V?$allocator@D@2@@std@@P6AXPADPAH@Z@1@PAU?$_Tree_node@U?$pair@$$CBV?$basic_string@DU?$char_traits@D@std@@V?$allocator@D@2@@std@@P6AXPADPAH@Z@std@@PAX@1@@Z 1001778c     DatabaseImpl.obj
 0002:000037a0       __catchsym$??$_Insert_nohint@AAU?$pair@$$CBV?$basic_string@DU?$char_traits@D@std@@V?$allocator@D@2@@std@@P6AXPADPAH@Z@std@@PAU?$_Tree_node@U?$pair@$$CBV?$basic_string@DU?$char_traits@D@std@@V?$allocator@D@2@@std@@P6AXPADPAH@Z@std@@PAX@2@@?$_Tree@V?$_Tmap_traits@V?$basic_string@DU?$char_traits@D@std@@V?$allocator@D@2@@std@@P6AXPADPAH@ZU?$less@V?$basic_string@DU?$char_traits@D@std@@V?$allocator@D@2@@std@@@2@V?$allocator@U?$pair@$$CBV?$basic_string@DU?$char_traits@D@std@@V?$allocator@D@2@@std@@P6AXPADPAH@Z@std@@@2@$0A@@std@@@std@@IAE?AU?$pair@V?$_Tree_iterator@V?$_Tree_val@U?$_Tree_simple_types@U?$pair@$$CBV?$basic_string@DU?$char_traits@D@std@@V?$allocator@D@2@@std@@P6AXPADPAH@Z@std@@@std@@@std@@@std@@_N@1@_NAAU?$pair@$$CBV?$basic_string@DU?$char_traits@D@std@@V?$allocator@D@2@@std@@P6AXPADPAH@Z@1@PAU?$_Tree_node@U?$pair@$$CBV?$basic_string@DU?$char_traits@D@std@@V?$allocator@D@2@@std@@P6AXPADPAH@Z@std@@PAX@1@@Z$2 100177a0     DatabaseImpl.obj
 0002:000037b0       __ehfuncinfo$??$construct@U?$pair@$$CBV?$basic_string@DU?$char_traits@D@std@@V?$allocator@D@2@@std@@P6AXPADPAH@Z@std@@ABUpiecewise_construct_t@2@V?$tuple@$$QAV?$basic_string@DU?$char_traits@D@std@@V?$allocator@D@2@@std@@@2@V?$tuple@$$V@2@@?$allocator@U?$_Tree_node@U?$pair@$$CBV?$basic_string@DU?$char_traits@D@std@@V?$allocator@D@2@@std@@P6AXPADPAH@Z@std@@PAX@std@@@std@@QAEXPAU?$pair@$$CBV?$basic_string@DU?$char_traits@D@std@@V?$allocator@D@2@@std@@P6AXPADPAH@Z@1@ABUpiecewise_construct_t@1@$$QAV?$tuple@$$QAV?$basic_string@DU?$char_traits@D@std@@V?$allocator@D@2@@std@@@1@$$QAV?$tuple@$$V@1@@Z 100177b0     DatabaseImpl.obj
 0002:000037d4       __unwindtable$??$construct@U?$pair@$$CBV?$basic_string@DU?$char_traits@D@std@@V?$allocator@D@2@@std@@P6AXPADPAH@Z@std@@ABUpiecewise_construct_t@2@V?$tuple@$$QAV?$basic_string@DU?$char_traits@D@std@@V?$allocator@D@2@@std@@@2@V?$tuple@$$V@2@@?$allocator@U?$_Tree_node@U?$pair@$$CBV?$basic_string@DU?$char_traits@D@std@@V?$allocator@D@2@@std@@P6AXPADPAH@Z@std@@PAX@std@@@std@@QAEXPAU?$pair@$$CBV?$basic_string@DU?$char_traits@D@std@@V?$allocator@D@2@@std@@P6AXPADPAH@Z@1@ABUpiecewise_construct_t@1@$$QAV?$tuple@$$QAV?$basic_string@DU?$char_traits@D@std@@V?$allocator@D@2@@std@@@1@$$QAV?$tuple@$$V@1@@Z 100177d4     DatabaseImpl.obj
 0002:000037e0       __sehtable$?ConvertStringToBSTR@_com_util@@YGPA_WPBD@Z 100177e0     comsuppw:comutil.obj
 0002:000037fc       __catchsym$?ConvertBSTRToString@_com_util@@YGPADPA_W@Z$2 100177fc     comsuppw:comutil.obj
 0002:0000380c       __unwindtable$?ConvertBSTRToString@_com_util@@YGPADPA_W@Z 1001780c     comsuppw:comutil.obj
 0002:0000381c       __tryblocktable$?ConvertBSTRToString@_com_util@@YGPADPA_W@Z 1001781c     comsuppw:comutil.obj
 0002:00003830       __ehfuncinfo$?ConvertBSTRToString@_com_util@@YGPADPA_W@Z 10017830     comsuppw:comutil.obj
 0002:00003888       __sehtable$___scrt_is_nonwritable_in_current_image 10017888     MSVCRT:utility.obj
 0002:000038a8       __sehtable$?dllmain_crt_process_attach@@YAHQAUHINSTANCE__@@QAX@Z 100178a8     MSVCRT:dll_dllmain.obj
 0002:000038c8       __sehtable$?dllmain_crt_process_detach@@YAH_N@Z 100178c8     MSVCRT:dll_dllmain.obj
 0002:000038e8       __sehtable$?dllmain_dispatch@@YAHQAUHINSTANCE__@@KQAX@Z 100178e8     MSVCRT:dll_dllmain.obj
 0002:000039a0       .edata                     100179a0     Database.exp
 0002:000039c8       rgpv                       100179c8     Database.exp
 0002:000039e0       rgszName                   100179e0     Database.exp
 0002:000039f8       rgwOrd                     100179f8     Database.exp
 0002:00003a04       szName                     10017a04     Database.exp
 0002:00003a11       $N00001                    10017a11     Database.exp
 0002:00003a35       $N00002                    10017a35     Database.exp
 0002:00003a5b       $N00003                    10017a5b     Database.exp
 0002:00003a79       $N00004                    10017a79     Database.exp
 0002:00003a9f       $N00005                    10017a9f     Database.exp
 0002:00003ac7       $N00006                    10017ac7     Database.exp
 0002:00003d56       .idata$6                   10017d56     xlogger:xLogger.dll
 0002:00003dc2       .idata$6                   10017dc2     Utilities:Utilities.dll
 0002:00003e52       .idata$6                   10017e52     kernel32:KERNEL32.dll
 0002:00003ea0       .idata$6                   10017ea0     ole32:ole32.dll
 0002:00003eaa       .idata$6                   10017eaa     oleaut32:OLEAUT32.dll
 0002:00003f12       .idata$6                   10017f12     msvcprt:MSVCP140.dll
 0002:00003ffe       .idata$6                   10017ffe     vcruntime:VCRUNTIME140.dll
 0002:0000418a       .idata$6                   1001818a     ucrt:api-ms-win-crt-stdio-l1-1-0.dll
 0002:000041aa       .idata$6                   100181aa     ucrt:api-ms-win-crt-runtime-l1-1-0.dll
 0002:000041cc       .idata$6                   100181cc     ucrt:api-ms-win-crt-heap-l1-1-0.dll
 0002:000041ec       .idata$6                   100181ec     ucrt:api-ms-win-crt-string-l1-1-0.dll
 0003:000001e8       ?_Tss_mutex@@3U_RTL_CRITICAL_SECTION@@A 100191e8     MSVCRT:thread_safe_statics.obj
 0003:00000200       ?_Tss_cv@@3U_RTL_CONDITION_VARIABLE@@A 10019200     MSVCRT:thread_safe_statics.obj
 0003:00000204       ?_Tss_event@@3PAXA         10019204     MSVCRT:thread_safe_statics.obj
 0003:00000208       ?encoded_sleep_condition_variable_cs@@3P6GHPAU_RTL_CONDITION_VARIABLE@@PAU_RTL_CRITICAL_SECTION@@K@ZA 10019208     MSVCRT:thread_safe_statics.obj
 0003:0000020c       ?encoded_wake_all_condition_variable@@3P6GXPAU_RTL_CONDITION_VARIABLE@@@ZA 1001920c     MSVCRT:thread_safe_statics.obj
 0003:00000218       ?module_local_atexit_table@@3U_onexit_table_t@@A 10019218     MSVCRT:utility.obj
 0003:00000224       ?module_local_at_quick_exit_table@@3U_onexit_table_t@@A 10019224     MSVCRT:utility.obj
 0003:00000230       ?is_initialized_as_dll@@3_NA 10019230     MSVCRT:utility.obj
 0003:00000234       ?__proc_attached@@3HA      10019234     MSVCRT:dll_dllmain.obj
 0003:00000238       _GS_ExceptionRecord        10019238     MSVCRT:gs_report.obj
 0003:00000288       _GS_ContextRecord          10019288     MSVCRT:gs_report.obj
 0004:00000000       __guard_fids__             1001a000     comsuppw:comsupp.obj
 0004:00000004       __guard_fids_??__EvtMissing@@YAXXZ 1001a004     comsuppw:comutil.obj
 0004:00000008       __guard_fids__             1001a008     comsuppw:comutil.obj
 0004:0000000c       __guard_fids__             1001a00c     comsuppw:comraise.obj
 0004:00000010       __guard_fids__             1001a010     comsuppw:comraise.obj
 0004:00000014       __guard_fids__             1001a014     comsuppw:comraise.obj
 0004:00000018       __guard_fids__             1001a018     MSVCRT:thread_safe_statics.obj
 0004:0000001c       __guard_fids_?__scrt_initialize_thread_safe_statics@@YAHXZ 1001a01c     MSVCRT:thread_safe_statics.obj
 0004:00000020       __guard_fids__             1001a020     MSVCRT:std_type_info_static.obj
 0004:00000024       __guard_fids_?dllmain_crt_process_attach@@YAHQAUHINSTANCE__@@QAX@Z 1001a024     MSVCRT:dll_dllmain.obj
 0004:0000002c       __guard_fids_?dllmain_dispatch@@YAHQAUHINSTANCE__@@KQAX@Z 1001a02c     MSVCRT:dll_dllmain.obj
 0004:00000030       __guard_fids___except_handler4 1001a030     MSVCRT:_chandler4gs_.obj
 0004:00000034       __guard_fids__             1001a034     MSVCRT:throw_bad_alloc.obj
 0004:0000003c       __guard_fids__             1001a03c     MSVCRT:throw_bad_alloc.obj
 0004:00000044       __guard_fids__             1001a044     MSVCRT:throw_bad_alloc.obj
 0004:0000004c       __guard_fids__             1001a04c     MSVCRT:throw_bad_alloc.obj
 0004:00000050       __guard_fids__             1001a050     MSVCRT:throw_bad_alloc.obj
 0004:00000054       __guard_fids__             1001a054     MSVCRT:throw_bad_alloc.obj
 0004:00000058       __guard_fids__             1001a058     MSVCRT:throw_bad_alloc.obj
 0004:0000005c       __guard_fids__             1001a05c     MSVCRT:throw_bad_alloc.obj
 0004:00000060       __guard_fids__             1001a060     MSVCRT:guard_support.obj
 0006:000000a0       $R000000                   1001c0a0     Database.res
 0006:000003c8       $R000328                   1001c3c8     Database.res
