 RMS

 Timestamp is 58e3851a (Tue Apr  4 17:05:54 2017)

 Preferred load address is 10000000

 Start         Length     Name                   Class
 0001:00000000 00000020H .text$di                CODE
 0001:00000020 0001ffb0H .text$mn                CODE
 0001:0001ffd0 00001470H .text$x                 CODE
 0001:00021440 0000000aH .text$yd                CODE
 0002:00000000 00000148H .idata$5                DATA
 0002:00000148 00000004H .00cfg                  DATA
 0002:0000014c 00000004H .CRT$XCA                DATA
 0002:00000150 00000004H .CRT$XCL                DATA
 0002:00000154 00000000H .CRT$XCU                DATA
 0002:00000154 00000004H .CRT$XCZ                DATA
 0002:00000158 00000004H .CRT$XIA                DATA
 0002:0000015c 00000004H .CRT$XIC                DATA
 0002:00000160 00000004H .CRT$XIZ                DATA
 0002:00000164 00000004H .CRT$XLA                DATA
 0002:00000168 00000004H .CRT$XLZ                DATA
 0002:0000016c 00000004H .CRT$XPA                DATA
 0002:00000170 00000004H .CRT$XPZ                DATA
 0002:00000174 00000004H .CRT$XTA                DATA
 0002:00000178 00000008H .CRT$XTZ                DATA
 0002:00000180 00003e2cH .rdata                  DATA
 0002:00003fac 00000018H .rdata$T                DATA
 0002:00003fc4 0000076cH .rdata$r                DATA
 0002:00004730 0000015cH .rdata$sxdata           DATA
 0002:0000488c 00000388H .rdata$zzzdbg           DATA
 0002:00004c14 00000004H .rtc$IAA                DATA
 0002:00004c18 00000004H .rtc$IZZ                DATA
 0002:00004c1c 00000004H .rtc$TAA                DATA
 0002:00004c20 00000008H .rtc$TZZ                DATA
 0002:00004c28 00001858H .xdata$x                DATA
 0002:00006478 00000000H ATL$__a                 DATA
 0002:00006478 00000000H ATL$__z                 DATA
 0002:00006480 0000012cH .edata                  DATA
 0002:000065ac 000000dcH .idata$2                DATA
 0002:00006688 00000014H .idata$3                DATA
 0002:0000669c 00000148H .idata$4                DATA
 0002:000067e4 000006fcH .idata$6                DATA
 0003:00000000 00000034H .data                   DATA
 0003:00000034 00000334H .data$r                 DATA
 0003:00000368 000003fcH .bss                    DATA
 0004:00000000 00000048H .gfids$y                DATA
 0005:00000000 00000004H .tls                    DATA
 0005:00000004 00000004H .tls$                   DATA
 0005:00000008 00000001H .tls$ZZZ                DATA
 0006:00000000 000000a0H .rsrc$01                DATA
 0006:000000a0 00000488H .rsrc$02                DATA

  Address         Publics by Value              Rva+Base       Lib:Object

 0000:00000000       ___guard_fids_table        00000000     <absolute>
 0000:00000000       ___guard_iat_count         00000000     <absolute>
 0000:00000000       ___guard_iat_table         00000000     <absolute>
 0000:00000000       ___guard_longjmp_table     00000000     <absolute>
 0000:00000000       ___guard_longjmp_count     00000000     <absolute>
 0000:00000000       ___guard_fids_count        00000000     <absolute>
 0000:00000000       ___dynamic_value_reloc_table 00000000     <absolute>
 0000:0000002c       __tls_array                0000002c     <absolute>
 0000:00000057       ___safe_se_handler_count   00000057     <absolute>
 0000:00000100       ___guard_flags             00000100     <absolute>
 0000:00000000       ___ImageBase               10000000     <linker-defined>
 0001:00000020       ?pow@@YANNH@Z              10001020 f i ITAccount.obj
 0001:00000060       ___local_stdio_printf_options 10001060 f i ITAccount.obj
 0001:00000070       ??0exception@std@@QAE@QBD@Z 10001070 f i ITAccount.obj
 0001:000000c0       ??0exception@std@@QAE@ABV01@@Z 100010c0 f i ITAccount.obj
 0001:00000100       ??1exception@std@@UAE@XZ   10001100 f i ITAccount.obj
 0001:00000130       ?what@exception@std@@UBEPBDXZ 10001130 f i ITAccount.obj
 0001:00000160       ??_Eexception@std@@UAEPAXI@Z 10001160 f i * CIL library *:* CIL module *
 0001:00000160       ??_Gexception@std@@UAEPAXI@Z 10001160 f i ITAccount.obj
 0001:00000190       ??2@YAPAXIPAX@Z            10001190 f i ITAccount.obj
 0001:000001a0       ??3@YAXPAX0@Z              100011a0 f i ITAccount.obj
 0001:000001a0       ??$__vcrt_va_start_verify_argument_type@QBD@@YAXXZ 100011a0 f i ITAccount.obj
 0001:000001b0       __vsnprintf_l              100011b0 f i ITAccount.obj
 0001:00000210       __vsprintf_l               10001210 f i ITAccount.obj
 0001:00000230       __vsprintf_s_l             10001230 f i ITAccount.obj
 0001:00000280       _sprintf                   10001280 f i ITAccount.obj
 0001:000002c0       _sprintf_s                 100012c0 f i ITAccount.obj
 0001:00000300       ?compare@?$char_traits@D@std@@SAHPBD0I@Z 10001300 f i ITAccount.obj
 0001:00000340       ?length@?$char_traits@D@std@@SAIPBD@Z 10001340 f i ITAccount.obj
 0001:00000390       ?copy@?$char_traits@D@std@@SAPADPADPBDI@Z 10001390 f i ITAccount.obj
 0001:000003c0       ?move@?$char_traits@D@std@@SAPADPADPBDI@Z 100013c0 f i ITAccount.obj
 0001:00000400       ?assign@?$char_traits@D@std@@SAXAADABD@Z 10001400 f i ITAccount.obj
 0001:00000410       ??$destroy@PAD@?$allocator@D@std@@QAEXPAPAD@Z 10001410 f i ITAccount.obj
 0001:00000410       ??$destroy@PAU?$_Tree_node@U?$pair@$$CBV?$basic_string@DU?$char_traits@D@std@@V?$allocator@D@2@@std@@V?$map@V?$basic_string@DU?$char_traits@D@std@@V?$allocator@D@2@@std@@PAVIOrder@@U?$less@V?$basic_string@DU?$char_traits@D@std@@V?$allocator@D@2@@std@@@2@V?$allocator@U?$pair@$$CBV?$basic_string@DU?$char_traits@D@std@@V?$allocator@D@2@@std@@PAVIOrder@@@std@@@2@@2@@std@@PAX@std@@@?$allocator@U?$_Tree_node@U?$pair@$$CBV?$basic_string@DU?$char_traits@D@std@@V?$allocator@D@2@@std@@V?$map@V?$basic_string@DU?$char_traits@D@std@@V?$allocator@D@2@@std@@PAVIOrder@@U?$less@V?$basic_string@DU?$char_traits@D@std@@V?$allocator@D@2@@std@@@2@V?$allocator@U?$pair@$$CBV?$basic_string@DU?$char_traits@D@std@@V?$allocator@D@2@@std@@PAVIOrder@@@std@@@2@@2@@std@@PAX@std@@@std@@QAEXPAPAU?$_Tree_node@U?$pair@$$CBV?$basic_string@DU?$char_traits@D@std@@V?$allocator@D@2@@std@@V?$map@V?$basic_string@DU?$char_traits@D@std@@V?$allocator@D@2@@std@@PAVIOrder@@U?$less@V?$basic_string@DU?$char_traits@D@std@@V?$allocator@D@2@@std@@@2@V?$allocator@U?$pair@$$CBV?$basic_string@DU?$char_traits@D@std@@V?$allocator@D@2@@std@@PAVIOrder@@@std@@@2@@2@@std@@PAX@1@@Z 10001410 f i ITAccount.obj
 0001:00000410       ??$destroy@PAU?$_List_node@PAVIClientSession@@PAX@std@@@?$allocator@U?$_List_node@PAVIClientSession@@PAX@std@@@std@@QAEXPAPAU?$_List_node@PAVIClientSession@@PAX@1@@Z 10001410 f i ITAccount.obj
 0001:00000410       ??$destroy@PAU?$_Tree_node@U?$pair@$$CBV?$basic_string@DU?$char_traits@D@std@@V?$allocator@D@2@@std@@PAVIPosition@@@std@@PAX@std@@@?$allocator@U?$_Tree_node@U?$pair@$$CBV?$basic_string@DU?$char_traits@D@std@@V?$allocator@D@2@@std@@PAVIPosition@@@std@@PAX@std@@@std@@QAEXPAPAU?$_Tree_node@U?$pair@$$CBV?$basic_string@DU?$char_traits@D@std@@V?$allocator@D@2@@std@@PAVIPosition@@@std@@PAX@1@@Z 10001410 f i ITAccount.obj
 0001:00000410       ??$destroy@PAU?$_Tree_node@U?$pair@$$CBV?$basic_string@DU?$char_traits@D@std@@V?$allocator@D@2@@std@@N@std@@PAX@std@@@?$allocator@U?$_Tree_node@U?$pair@$$CBV?$basic_string@DU?$char_traits@D@std@@V?$allocator@D@2@@std@@N@std@@PAX@std@@@std@@QAEXPAPAU?$_Tree_node@U?$pair@$$CBV?$basic_string@DU?$char_traits@D@std@@V?$allocator@D@2@@std@@N@std@@PAX@1@@Z 10001410 f i ITFxRMSCalculator.obj
 0001:00000410       ??$destroy@PAU?$_Tree_node@U?$pair@$$CBV?$basic_string@DU?$char_traits@D@std@@V?$allocator@D@2@@std@@V?$list@PAVIOrder@@V?$allocator@PAVIOrder@@@std@@@2@@std@@PAX@std@@@?$allocator@U?$_Tree_node@U?$pair@$$CBV?$basic_string@DU?$char_traits@D@std@@V?$allocator@D@2@@std@@V?$list@PAVIOrder@@V?$allocator@PAVIOrder@@@std@@@2@@std@@PAX@std@@@std@@QAEXPAPAU?$_Tree_node@U?$pair@$$CBV?$basic_string@DU?$char_traits@D@std@@V?$allocator@D@2@@std@@V?$list@PAVIOrder@@V?$allocator@PAVIOrder@@@std@@@2@@std@@PAX@1@@Z 10001410 f i ITAccount.obj
 0001:00000410       ??$destroy@PAVIClientSession@@@?$allocator@U?$_List_node@PAVIClientSession@@PAX@std@@@std@@QAEXPAPAVIClientSession@@@Z 10001410 f i ITAccount.obj
 0001:00000410       ??$destroy@PAVIOrder@@@?$allocator@U?$_List_node@PAVIOrder@@PAX@std@@@std@@QAEXPAPAVIOrder@@@Z 10001410 f i ITAccount.obj
 0001:00000410       ??$destroy@PAU?$_Tree_node@U?$pair@$$CBV?$basic_string@DU?$char_traits@D@std@@V?$allocator@D@2@@std@@UGlobalPosition@@@std@@PAX@std@@@?$allocator@U?$_Tree_node@U?$pair@$$CBV?$basic_string@DU?$char_traits@D@std@@V?$allocator@D@2@@std@@UGlobalPosition@@@std@@PAX@std@@@std@@QAEXPAPAU?$_Tree_node@U?$pair@$$CBV?$basic_string@DU?$char_traits@D@std@@V?$allocator@D@2@@std@@UGlobalPosition@@@std@@PAX@1@@Z 10001410 f i ITGlobalPosition.obj
 0001:00000410       ??$destroy@PAU?$_Tree_node@U?$pair@$$CBV?$basic_string@DU?$char_traits@D@std@@V?$allocator@D@2@@std@@PAVIOrder@@@std@@PAX@std@@@?$allocator@U?$_Tree_node@U?$pair@$$CBV?$basic_string@DU?$char_traits@D@std@@V?$allocator@D@2@@std@@PAVIOrder@@@std@@PAX@std@@@std@@QAEXPAPAU?$_Tree_node@U?$pair@$$CBV?$basic_string@DU?$char_traits@D@std@@V?$allocator@D@2@@std@@PAVIOrder@@@std@@PAX@1@@Z 10001410 f i ITAccount.obj
 0001:00000410       ??$destroy@PAU?$_List_node@UOrderExecInfo@@PAX@std@@@?$allocator@U?$_List_node@UOrderExecInfo@@PAX@std@@@std@@QAEXPAPAU?$_List_node@UOrderExecInfo@@PAX@1@@Z 10001410 f i ITAccount.obj
 0001:00000410       ?_Adopt@_Iterator_base0@std@@QAEXPBX@Z 10001410 f i ITAccount.obj
 0001:00000410       ??$destroy@PAU?$_List_node@PAVIOrder@@PAX@std@@@?$allocator@U?$_List_node@PAVIOrder@@PAX@std@@@std@@QAEXPAPAU?$_List_node@PAVIOrder@@PAX@1@@Z 10001410 f i ITAccount.obj
 0001:00000410       ??$destroy@UOrderExecInfo@@@?$allocator@U?$_List_node@UOrderExecInfo@@PAX@std@@@std@@QAEXPAUOrderExecInfo@@@Z 10001410 f i ITAccount.obj
 0001:00000420       ?_Getcont@_Iterator_base0@std@@QBEPBU_Container_base0@2@XZ 10001420 f i ITAccount.obj
 0001:00000430       ?_Allocate@std@@YAPAXII_N@Z 10001430 f i ITAccount.obj
 0001:000004f0       ?_Deallocate@std@@YAXPAXII@Z 100014f0 f i ITAccount.obj
 0001:00000590       ??0_com_error@@QAE@JPAUIErrorInfo@@_N@Z 10001590 f i ITAccount.obj
 0001:000005f0       ??1_com_error@@UAE@XZ      100015f0 f i ITAccount.obj
 0001:00000640       ?WCode@_com_error@@QBEGXZ  10001640 f i ITAccount.obj
 0001:00000660       ?ErrorMessage@_com_error@@QBEPBDXZ 10001660 f i ITAccount.obj
 0001:000007a0       ?HRESULTToWCode@_com_error@@SAGJ@Z 100017a0 f i ITAccount.obj
 0001:000007e0       ??_G_com_error@@UAEPAXI@Z  100017e0 f i ITAccount.obj
 0001:000007e0       ??_E_com_error@@UAEPAXI@Z  100017e0 f i * CIL library *:* CIL module *
 0001:00000c90       ?IsMMAccount@ITAccount@@UAE_NXZ 10001c90 f i ITAccount.obj
 0001:00000cb0       ??0IAccount@@QAE@XZ        10001cb0 f i ITAccount.obj
 0001:00000d90       ??1?$map@V?$basic_string@DU?$char_traits@D@std@@V?$allocator@D@2@@std@@PAVIPosition@@U?$less@V?$basic_string@DU?$char_traits@D@std@@V?$allocator@D@2@@std@@@2@V?$allocator@U?$pair@$$CBV?$basic_string@DU?$char_traits@D@std@@V?$allocator@D@2@@std@@PAVIPosition@@@std@@@2@@std@@QAE@XZ 10001d90 f i ITAccount.obj
 0001:00000d90       ??1?$map@V?$basic_string@DU?$char_traits@D@std@@V?$allocator@D@2@@std@@PAVIOrder@@U?$less@V?$basic_string@DU?$char_traits@D@std@@V?$allocator@D@2@@std@@@2@V?$allocator@U?$pair@$$CBV?$basic_string@DU?$char_traits@D@std@@V?$allocator@D@2@@std@@PAVIOrder@@@std@@@2@@std@@QAE@XZ 10001d90 f i ITAccount.obj
 0001:00000db0       ??1?$map@V?$basic_string@DU?$char_traits@D@std@@V?$allocator@D@2@@std@@V?$list@PAVIOrder@@V?$allocator@PAVIOrder@@@std@@@2@U?$less@V?$basic_string@DU?$char_traits@D@std@@V?$allocator@D@2@@std@@@2@V?$allocator@U?$pair@$$CBV?$basic_string@DU?$char_traits@D@std@@V?$allocator@D@2@@std@@V?$list@PAVIOrder@@V?$allocator@PAVIOrder@@@std@@@2@@std@@@2@@std@@QAE@XZ 10001db0 f i ITAccount.obj
 0001:00000dd0       ?Free@CCRTAllocator@ATL@@SAXPAX@Z 10001dd0 f i ITAccount.obj
 0001:00000df0       ?_AtlGetConversionACP@ATL@@YGIXZ 10001df0 f i ITAccount.obj
 0001:00000e00       ?A2WBSTR@@YAPA_WPBDH@Z     10001e00 f i ITAccount.obj
 0001:00000ed0       ??0CAtlException@ATL@@QAE@J@Z 10001ed0 f i ITAccount.obj
 0001:00000ef0       ?AtlThrowImpl@ATL@@YGXJ@Z  10001ef0 f i ITAccount.obj
 0001:00000f20       ?_AtlInitializeCriticalSectionEx@ATL@@YAHPAU_RTL_CRITICAL_SECTION@@KK@Z 10001f20 f i ITAccount.obj
 0001:00000f40       ?Init@CComCriticalSection@ATL@@QAEJXZ 10001f40 f i ITAccount.obj
 0001:00000f80       ?_Mynode@?$_List_unchecked_const_iterator@V?$_List_val@U?$_List_simple_types@PAVIClientSession@@@std@@@std@@U_Iterator_base0@2@@std@@QBEPAU?$_List_node@PAVIClientSession@@PAX@2@XZ 10001f80 f i ITAccount.obj
 0001:00000f80       ?_Mynode@?$_Tree_unchecked_const_iterator@V?$_Tree_val@U?$_Tree_simple_types@U?$pair@$$CBV?$basic_string@DU?$char_traits@D@std@@V?$allocator@D@2@@std@@PAVIPosition@@@std@@@std@@@std@@U_Iterator_base0@2@@std@@QBEPAU?$_Tree_node@U?$pair@$$CBV?$basic_string@DU?$char_traits@D@std@@V?$allocator@D@2@@std@@PAVIPosition@@@std@@PAX@2@XZ 10001f80 f i ITAccount.obj
 0001:00000f80       ?_Mynode@?$_Tree_unchecked_const_iterator@V?$_Tree_val@U?$_Tree_simple_types@U?$pair@$$CBV?$basic_string@DU?$char_traits@D@std@@V?$allocator@D@2@@std@@V?$list@PAVIOrder@@V?$allocator@PAVIOrder@@@std@@@2@@std@@@std@@@std@@U_Iterator_base0@2@@std@@QBEPAU?$_Tree_node@U?$pair@$$CBV?$basic_string@DU?$char_traits@D@std@@V?$allocator@D@2@@std@@V?$list@PAVIOrder@@V?$allocator@PAVIOrder@@@std@@@2@@std@@PAX@2@XZ 10001f80 f i ITAccount.obj
 0001:00000f80       ?_Mynode@?$_List_unchecked_const_iterator@V?$_List_val@U?$_List_simple_types@PAVIOrder@@@std@@@std@@U_Iterator_base0@2@@std@@QBEPAU?$_List_node@PAVIOrder@@PAX@2@XZ 10001f80 f i ITAccount.obj
 0001:00000f80       ?_Mynode@?$_Tree_unchecked_const_iterator@V?$_Tree_val@U?$_Tree_simple_types@U?$pair@$$CBV?$basic_string@DU?$char_traits@D@std@@V?$allocator@D@2@@std@@V?$map@V?$basic_string@DU?$char_traits@D@std@@V?$allocator@D@2@@std@@PAVIOrder@@U?$less@V?$basic_string@DU?$char_traits@D@std@@V?$allocator@D@2@@std@@@2@V?$allocator@U?$pair@$$CBV?$basic_string@DU?$char_traits@D@std@@V?$allocator@D@2@@std@@PAVIOrder@@@std@@@2@@2@@std@@@std@@@std@@U_Iterator_base0@2@@std@@QBEPAU?$_Tree_node@U?$pair@$$CBV?$basic_string@DU?$char_traits@D@std@@V?$allocator@D@2@@std@@V?$map@V?$basic_string@DU?$char_traits@D@std@@V?$allocator@D@2@@std@@PAVIOrder@@U?$less@V?$basic_string@DU?$char_traits@D@std@@V?$allocator@D@2@@std@@@2@V?$allocator@U?$pair@$$CBV?$basic_string@DU?$char_traits@D@std@@V?$allocator@D@2@@std@@PAVIOrder@@@std@@@2@@2@@std@@PAX@2@XZ 10001f80 f i ITAccount.obj
 0001:00000f80       ?_Mynode@?$_Tree_unchecked_const_iterator@V?$_Tree_val@U?$_Tree_simple_types@U?$pair@$$CBV?$basic_string@DU?$char_traits@D@std@@V?$allocator@D@2@@std@@PAVIOrder@@@std@@@std@@@std@@U_Iterator_base0@2@@std@@QBEPAU?$_Tree_node@U?$pair@$$CBV?$basic_string@DU?$char_traits@D@std@@V?$allocator@D@2@@std@@PAVIOrder@@@std@@PAX@2@XZ 10001f80 f i ITAccount.obj
 0001:00000f80       ?_Mynode@?$_List_unchecked_const_iterator@V?$_List_val@U?$_List_simple_types@UOrderExecInfo@@@std@@@std@@U_Iterator_base0@2@@std@@QBEPAU?$_List_node@UOrderExecInfo@@PAX@2@XZ 10001f80 f i ITBothUMHedgePosition.obj
 0001:00000f80       ??BCComBSTR@ATL@@QBEPA_WXZ 10001f80 f i ITAccount.obj
 0001:00000f80       ?_Mynode@?$_Tree_unchecked_const_iterator@V?$_Tree_val@U?$_Tree_simple_types@U?$pair@$$CBV?$basic_string@DU?$char_traits@D@std@@V?$allocator@D@2@@std@@UGlobalPosition@@@std@@@std@@@std@@U_Iterator_base0@2@@std@@QBEPAU?$_Tree_node@U?$pair@$$CBV?$basic_string@DU?$char_traits@D@std@@V?$allocator@D@2@@std@@UGlobalPosition@@@std@@PAX@2@XZ 10001f80 f i ITGlobalPosition.obj
 0001:00000f80       ?_Mynode@?$_Tree_unchecked_const_iterator@V?$_Tree_val@U?$_Tree_simple_types@U?$pair@$$CBV?$basic_string@DU?$char_traits@D@std@@V?$allocator@D@2@@std@@N@std@@@std@@@std@@U_Iterator_base0@2@@std@@QBEPAU?$_Tree_node@U?$pair@$$CBV?$basic_string@DU?$char_traits@D@std@@V?$allocator@D@2@@std@@N@std@@PAX@2@XZ 10001f80 f i ITFxRMSCalculator.obj
 0001:00000f90       ?Detach@CComBSTR@ATL@@QAEPA_WXZ 10001f90 f i ITAccount.obj
 0001:00000fc0       ??7CComBSTR@ATL@@QBE_NXZ   10001fc0 f i ITAccount.obj
 0001:00000ff0       ??0CComBSTR@ATL@@QAE@PBD@Z 10001ff0 f i ITAccount.obj
 0001:00001040       ??1CComBSTR@ATL@@QAE@XZ    10002040 f i ITAccount.obj
 0001:00001060       ?GetPositionObject@ITAccount@@IAEPAVIPosition@@PAD@Z 10002060 f   ITAccount.obj
 0001:000011c0       ??1?$pair@V?$basic_string@DU?$char_traits@D@std@@V?$allocator@D@2@@std@@PAVIOrder@@@std@@QAE@XZ 100021c0 f i ITAccount.obj
 0001:000011c0       ??1?$pair@$$CBV?$basic_string@DU?$char_traits@D@std@@V?$allocator@D@2@@std@@PAVIPosition@@@std@@QAE@XZ 100021c0 f i ITAccount.obj
 0001:000011c0       ??1?$pair@V?$basic_string@DU?$char_traits@D@std@@V?$allocator@D@2@@std@@PAVIPosition@@@std@@QAE@XZ 100021c0 f i ITAccount.obj
 0001:000011c0       ??1?$pair@$$CBV?$basic_string@DU?$char_traits@D@std@@V?$allocator@D@2@@std@@UGlobalPosition@@@std@@QAE@XZ 100021c0 f i ITGlobalPosition.obj
 0001:000011c0       ??1?$pair@$$CBV?$basic_string@DU?$char_traits@D@std@@V?$allocator@D@2@@std@@PAVIOrder@@@std@@QAE@XZ 100021c0 f i ITAccount.obj
 0001:000011c0       ??1?$pair@V?$basic_string@DU?$char_traits@D@std@@V?$allocator@D@2@@std@@N@std@@QAE@XZ 100021c0 f i ITFxRMSCalculator.obj
 0001:000011c0       ??1?$pair@$$CBV?$basic_string@DU?$char_traits@D@std@@V?$allocator@D@2@@std@@N@std@@QAE@XZ 100021c0 f i ITFxRMSCalculator.obj
 0001:000011c0       ??1?$pair@V?$basic_string@DU?$char_traits@D@std@@V?$allocator@D@2@@std@@UGlobalPosition@@@std@@QAE@XZ 100021c0 f i ITGlobalPosition.obj
 0001:000011e0       ?GetPositionObject@ITAccount@@IAEPAVIPosition@@PAVIOrder@@@Z 100021e0 f   ITAccount.obj
 0001:00001350       ?ProcessNewOrder@ITAccount@@UAEHPAVIOrder@@NNPAUIContractManager@@@Z 10002350 f   ITAccount.obj
 0001:000016d0       ?GetWorkingOrder@ITAccount@@UAEHAAPAVIOrder@@PAD@Z 100026d0 f   ITAccount.obj
 0001:000017a0       ?ProcessCROrder@ITAccount@@UAEHPAVIOrder@@0NNPAUIContractManager@@@Z 100027a0 f   ITAccount.obj
 0001:00001b70       ?CalculateUsedMargin@ITAccount@@IAENPAVIOrder@@_KPAUIContractManager@@@Z 10002b70 f   ITAccount.obj
 0001:00001e60       ?CheckMargin@ITAccount@@UAEHPAVIOrder@@_KNNPAUIContractManager@@PAVIPosition@@@Z 10002e60 f   ITAccount.obj
 0001:00002300       ?UpdateAccount@ITAccount@@UAEXI_NPADNNHHNNN00NNNHHH11PAVIDatabase@@2@Z 10003300 f   ITAccount.obj
 0001:00002500       ?Init@ITAccount@@UAEXI_NPADNNHHNNN00NNNHHH11HNPAVIDatabase@@2PAVRMSCalculatorFactory@@@Z 10003500 f   ITAccount.obj
 0001:000026a0       ?ToString@ITAccount@@QAE?AV?$basic_string@DU?$char_traits@D@std@@V?$allocator@D@2@@std@@XZ 100036a0 f   ITAccount.obj
 0001:000027d0       ?GetAccountUpdateMessage@ITAccount@@UAEHAAPAX@Z 100037d0 f   ITAccount.obj
 0001:00002a50       ?AcquireLockAcc@ITAccount@@UAEXXZ 10003a50 f   ITAccount.obj
 0001:00002a70       ?ReleaseLockAcc@ITAccount@@UAEXXZ 10003a70 f   ITAccount.obj
 0001:00002a90       ?LoadPositions@ITAccount@@UAEHXZ 10003a90 f   ITAccount.obj
 0001:00002ab0       ?LoadOpenPosOrder@ITAccount@@UAEHPAVIOrder@@@Z 10003ab0 f   ITAccount.obj
 0001:00002b00       ?LoadWorkingOrder@ITAccount@@UAEHPAVIOrder@@@Z 10003b00 f   ITAccount.obj
 0001:00002c60       ?GetAssociatedLPName@ITAccount@@UAEAAV?$basic_string@DU?$char_traits@D@std@@V?$allocator@D@2@@std@@XZ 10003c60 f   ITAccount.obj
 0001:00002c80       ?IsRMSEnabled@ITAccount@@UAE_NXZ 10003c80 f   ITAccount.obj
 0001:00002ca0       ?CalculatePnLAndLiquidate@ITAccount@@UAEHPAUIContractManager@@PAVIConnectionMgr@@@Z 10003ca0 f   ITAccount.obj
 0001:00002cc0       ?SetConnectionMgr@ITAccount@@UAEXPAVIConnectionMgr@@@Z 10003cc0 f   ITAccount.obj
 0001:00002ce0       ?AddSession@ITAccount@@UAEHPAVIClientSession@@@Z 10003ce0 f   ITAccount.obj
 0001:00002d30       ?RemoveSession@ITAccount@@UAEHPAVIClientSession@@@Z 10003d30 f   ITAccount.obj
 0001:00002db0       ?GetSessionList@ITAccount@@UAEAAV?$list@PAVIClientSession@@V?$allocator@PAVIClientSession@@@std@@@std@@XZ 10003db0 f   ITAccount.obj
 0001:00002dd0       ?AcquireSessionCS@ITAccount@@UAEXXZ 10003dd0 f   ITAccount.obj
 0001:00002df0       ?ReleaseSessionCS@ITAccount@@UAEXXZ 10003df0 f   ITAccount.obj
 0001:00002e10       ?AddLinkedOrder@ITAccount@@UAEHPADPAVIOrder@@@Z 10003e10 f   ITAccount.obj
 0001:00002f70       ??1?$pair@$$CBV?$basic_string@DU?$char_traits@D@std@@V?$allocator@D@2@@std@@V?$list@PAVIOrder@@V?$allocator@PAVIOrder@@@std@@@2@@std@@QAE@XZ 10003f70 f i ITAccount.obj
 0001:00002f70       ??1?$pair@V?$basic_string@DU?$char_traits@D@std@@V?$allocator@D@2@@std@@V?$list@PAVIOrder@@V?$allocator@PAVIOrder@@@std@@@2@@std@@QAE@XZ 10003f70 f i ITAccount.obj
 0001:00002f90       ?AddLinkedOrders@ITAccount@@UAEHPADPAVIOrder@@1@Z 10003f90 f   ITAccount.obj
 0001:000030d0       ?AddOCOOrders@ITAccount@@UAEHPADPAVIOrder@@@Z 100040d0 f   ITAccount.obj
 0001:00003300       ??1?$pair@$$CBV?$basic_string@DU?$char_traits@D@std@@V?$allocator@D@2@@std@@V?$map@V?$basic_string@DU?$char_traits@D@std@@V?$allocator@D@2@@std@@PAVIOrder@@U?$less@V?$basic_string@DU?$char_traits@D@std@@V?$allocator@D@2@@std@@@2@V?$allocator@U?$pair@$$CBV?$basic_string@DU?$char_traits@D@std@@V?$allocator@D@2@@std@@PAVIOrder@@@std@@@2@@2@@std@@QAE@XZ 10004300 f i ITAccount.obj
 0001:00003300       ??1?$pair@V?$basic_string@DU?$char_traits@D@std@@V?$allocator@D@2@@std@@V?$map@V?$basic_string@DU?$char_traits@D@std@@V?$allocator@D@2@@std@@PAVIOrder@@U?$less@V?$basic_string@DU?$char_traits@D@std@@V?$allocator@D@2@@std@@@2@V?$allocator@U?$pair@$$CBV?$basic_string@DU?$char_traits@D@std@@V?$allocator@D@2@@std@@PAVIOrder@@@std@@@2@@2@@std@@QAE@XZ 10004300 f i ITAccount.obj
 0001:00003320       ?DeleteLinkedOrders@ITAccount@@QAEHPAD@Z 10004320 f   ITAccount.obj
 0001:000033d0       ?TriggerLinkedOrders@ITAccount@@UAEHPADPAVIConnectionMgr@@@Z 100043d0 f   ITAccount.obj
 0001:00003590       ?HandleOCOOrder@ITAccount@@UAEHPAD0PAVIConnectionMgr@@@Z 10004590 f   ITAccount.obj
 0001:00003780       ?ProcessPositionRequest@ITAccount@@UAEHIPAVIConnectionMgr@@@Z 10004780 f   ITAccount.obj
 0001:000038b0       ?ReplaceOCOOrder@ITAccount@@UAEHPAD0PAVIOrder@@@Z 100048b0 f   ITAccount.obj
 0001:00003a20       ?LiquidateOrder@ITAccount@@UAEHAAUSymbol@@PAVIOrder@@PAVIConnectionMgr@@KK@Z 10004a20 f   ITAccount.obj
 0001:00003a30       ?UpdateBalance@ITAccount@@UAEHN@Z 10004a30 f   ITAccount.obj
 0001:00003bc0       ?EnableAccount@ITAccount@@UAEH_N@Z 10004bc0 f   ITAccount.obj
 0001:00003bf0       ?CalculateCommAndTax@ITAccount@@QAEXNNAAN0N@Z 10004bf0 f   ITAccount.obj
 0001:00003c40       ?LoadAllNonSettledMapping@ITAccount@@UAEHPAVITable@@@Z 10004c40 f   ITAccount.obj
 0001:00003cd0       ??E?$_List_iterator@V?$_List_val@U?$_List_simple_types@UOrderExecInfo@@@std@@@std@@@std@@QAE?AV01@H@Z 10004cd0 f i ITBothUMHedgePosition.obj
 0001:00003cd0       ??E?$_List_iterator@V?$_List_val@U?$_List_simple_types@PAVIClientSession@@@std@@@std@@@std@@QAE?AV01@H@Z 10004cd0 f i ITAccount.obj
 0001:00003cd0       ??E?$_List_iterator@V?$_List_val@U?$_List_simple_types@PAVIOrder@@@std@@@std@@@std@@QAE?AV01@H@Z 10004cd0 f i ITAccount.obj
 0001:00003d00       ??D?$_List_iterator@V?$_List_val@U?$_List_simple_types@PAVIOrder@@@std@@@std@@@std@@QBEAAPAVIOrder@@XZ 10004d00 f i ITAccount.obj
 0001:00003d00       ??D?$_List_iterator@V?$_List_val@U?$_List_simple_types@PAVIClientSession@@@std@@@std@@@std@@QBEAAPAVIClientSession@@XZ 10004d00 f i ITAccount.obj
 0001:00003d00       ??D?$_List_iterator@V?$_List_val@U?$_List_simple_types@UOrderExecInfo@@@std@@@std@@@std@@QBEAAUOrderExecInfo@@XZ 10004d00 f i ITBothUMHedgePosition.obj
 0001:00003d20       ??9?$_Tree_const_iterator@V?$_Tree_val@U?$_Tree_simple_types@U?$pair@$$CBV?$basic_string@DU?$char_traits@D@std@@V?$allocator@D@2@@std@@PAVIPosition@@@std@@@std@@@std@@@std@@QBE_NABV01@@Z 10004d20 f i ITAccount.obj
 0001:00003d20       ??9?$_List_const_iterator@V?$_List_val@U?$_List_simple_types@UOrderExecInfo@@@std@@@std@@@std@@QBE_NABV01@@Z 10004d20 f i ITBothUMHedgePosition.obj
 0001:00003d20       ??9?$_Tree_const_iterator@V?$_Tree_val@U?$_Tree_simple_types@U?$pair@$$CBV?$basic_string@DU?$char_traits@D@std@@V?$allocator@D@2@@std@@N@std@@@std@@@std@@@std@@QBE_NABV01@@Z 10004d20 f i ITFxRMSCalculator.obj
 0001:00003d20       ??9?$_List_const_iterator@V?$_List_val@U?$_List_simple_types@PAVIClientSession@@@std@@@std@@@std@@QBE_NABV01@@Z 10004d20 f i ITAccount.obj
 0001:00003d20       ??9?$_Tree_const_iterator@V?$_Tree_val@U?$_Tree_simple_types@U?$pair@$$CBV?$basic_string@DU?$char_traits@D@std@@V?$allocator@D@2@@std@@PAVIOrder@@@std@@@std@@@std@@@std@@QBE_NABV01@@Z 10004d20 f i ITAccount.obj
 0001:00003d20       ??9?$_Tree_const_iterator@V?$_Tree_val@U?$_Tree_simple_types@U?$pair@$$CBV?$basic_string@DU?$char_traits@D@std@@V?$allocator@D@2@@std@@V?$list@PAVIOrder@@V?$allocator@PAVIOrder@@@std@@@2@@std@@@std@@@std@@@std@@QBE_NABV01@@Z 10004d20 f i ITAccount.obj
 0001:00003d20       ??9?$_Tree_const_iterator@V?$_Tree_val@U?$_Tree_simple_types@U?$pair@$$CBV?$basic_string@DU?$char_traits@D@std@@V?$allocator@D@2@@std@@V?$map@V?$basic_string@DU?$char_traits@D@std@@V?$allocator@D@2@@std@@PAVIOrder@@U?$less@V?$basic_string@DU?$char_traits@D@std@@V?$allocator@D@2@@std@@@2@V?$allocator@U?$pair@$$CBV?$basic_string@DU?$char_traits@D@std@@V?$allocator@D@2@@std@@PAVIOrder@@@std@@@2@@2@@std@@@std@@@std@@@std@@QBE_NABV01@@Z 10004d20 f i ITAccount.obj
 0001:00003d20       ??9?$_List_const_iterator@V?$_List_val@U?$_List_simple_types@PAVIOrder@@@std@@@std@@@std@@QBE_NABV01@@Z 10004d20 f i ITAccount.obj
 0001:00003d20       ??9?$_Tree_const_iterator@V?$_Tree_val@U?$_Tree_simple_types@U?$pair@$$CBV?$basic_string@DU?$char_traits@D@std@@V?$allocator@D@2@@std@@UGlobalPosition@@@std@@@std@@@std@@@std@@QBE_NABV01@@Z 10004d20 f i ITGlobalPosition.obj
 0001:00003d60       ??1?$CAtlSafeAllocBufferManager@VCCRTAllocator@ATL@@@_ATL_SAFE_ALLOCA_IMPL@ATL@@QAE@XZ 10004d60 f i ITAccount.obj
 0001:00003da0       ??0?$CAtlSafeAllocBufferManager@VCCRTAllocator@ATL@@@_ATL_SAFE_ALLOCA_IMPL@ATL@@QAE@XZ 10004da0 f i ITAccount.obj
 0001:00003dc0       ??D?$_Tree_iterator@V?$_Tree_val@U?$_Tree_simple_types@U?$pair@$$CBV?$basic_string@DU?$char_traits@D@std@@V?$allocator@D@2@@std@@N@std@@@std@@@std@@@std@@QBEAAU?$pair@$$CBV?$basic_string@DU?$char_traits@D@std@@V?$allocator@D@2@@std@@N@1@XZ 10004dc0 f i ITFxRMSCalculator.obj
 0001:00003dc0       ??D?$_Tree_iterator@V?$_Tree_val@U?$_Tree_simple_types@U?$pair@$$CBV?$basic_string@DU?$char_traits@D@std@@V?$allocator@D@2@@std@@V?$list@PAVIOrder@@V?$allocator@PAVIOrder@@@std@@@2@@std@@@std@@@std@@@std@@QBEAAU?$pair@$$CBV?$basic_string@DU?$char_traits@D@std@@V?$allocator@D@2@@std@@V?$list@PAVIOrder@@V?$allocator@PAVIOrder@@@std@@@2@@1@XZ 10004dc0 f i ITAccount.obj
 0001:00003dc0       ??D?$_Tree_iterator@V?$_Tree_val@U?$_Tree_simple_types@U?$pair@$$CBV?$basic_string@DU?$char_traits@D@std@@V?$allocator@D@2@@std@@PAVIOrder@@@std@@@std@@@std@@@std@@QBEAAU?$pair@$$CBV?$basic_string@DU?$char_traits@D@std@@V?$allocator@D@2@@std@@PAVIOrder@@@1@XZ 10004dc0 f i ITAccount.obj
 0001:00003dc0       ??D?$_Tree_iterator@V?$_Tree_val@U?$_Tree_simple_types@U?$pair@$$CBV?$basic_string@DU?$char_traits@D@std@@V?$allocator@D@2@@std@@PAVIPosition@@@std@@@std@@@std@@@std@@QBEAAU?$pair@$$CBV?$basic_string@DU?$char_traits@D@std@@V?$allocator@D@2@@std@@PAVIPosition@@@1@XZ 10004dc0 f i ITAccount.obj
 0001:00003dc0       ??D?$_Tree_iterator@V?$_Tree_val@U?$_Tree_simple_types@U?$pair@$$CBV?$basic_string@DU?$char_traits@D@std@@V?$allocator@D@2@@std@@UGlobalPosition@@@std@@@std@@@std@@@std@@QBEAAU?$pair@$$CBV?$basic_string@DU?$char_traits@D@std@@V?$allocator@D@2@@std@@UGlobalPosition@@@1@XZ 10004dc0 f i ITGlobalPosition.obj
 0001:00003dc0       ??D?$_Tree_iterator@V?$_Tree_val@U?$_Tree_simple_types@U?$pair@$$CBV?$basic_string@DU?$char_traits@D@std@@V?$allocator@D@2@@std@@V?$map@V?$basic_string@DU?$char_traits@D@std@@V?$allocator@D@2@@std@@PAVIOrder@@U?$less@V?$basic_string@DU?$char_traits@D@std@@V?$allocator@D@2@@std@@@2@V?$allocator@U?$pair@$$CBV?$basic_string@DU?$char_traits@D@std@@V?$allocator@D@2@@std@@PAVIOrder@@@std@@@2@@2@@std@@@std@@@std@@@std@@QBEAAU?$pair@$$CBV?$basic_string@DU?$char_traits@D@std@@V?$allocator@D@2@@std@@V?$map@V?$basic_string@DU?$char_traits@D@std@@V?$allocator@D@2@@std@@PAVIOrder@@U?$less@V?$basic_string@DU?$char_traits@D@std@@V?$allocator@D@2@@std@@@2@V?$allocator@U?$pair@$$CBV?$basic_string@DU?$char_traits@D@std@@V?$allocator@D@2@@std@@PAVIOrder@@@std@@@2@@2@@1@XZ 10004dc0 f i ITAccount.obj
 0001:00003de0       ?find@?$_Tree@V?$_Tmap_traits@V?$basic_string@DU?$char_traits@D@std@@V?$allocator@D@2@@std@@V?$map@V?$basic_string@DU?$char_traits@D@std@@V?$allocator@D@2@@std@@PAVIOrder@@U?$less@V?$basic_string@DU?$char_traits@D@std@@V?$allocator@D@2@@std@@@2@V?$allocator@U?$pair@$$CBV?$basic_string@DU?$char_traits@D@std@@V?$allocator@D@2@@std@@PAVIOrder@@@std@@@2@@2@U?$less@V?$basic_string@DU?$char_traits@D@std@@V?$allocator@D@2@@std@@@2@V?$allocator@U?$pair@$$CBV?$basic_string@DU?$char_traits@D@std@@V?$allocator@D@2@@std@@V?$map@V?$basic_string@DU?$char_traits@D@std@@V?$allocator@D@2@@std@@PAVIOrder@@U?$less@V?$basic_string@DU?$char_traits@D@std@@V?$allocator@D@2@@std@@@2@V?$allocator@U?$pair@$$CBV?$basic_string@DU?$char_traits@D@std@@V?$allocator@D@2@@std@@PAVIOrder@@@std@@@2@@2@@std@@@2@$0A@@std@@@std@@QAE?AV?$_Tree_iterator@V?$_Tree_val@U?$_Tree_simple_types@U?$pair@$$CBV?$basic_string@DU?$char_traits@D@std@@V?$allocator@D@2@@std@@V?$map@V?$basic_string@DU?$char_traits@D@std@@V?$allocator@D@2@@std@@PAVIOrder@@U?$less@V?$basic_string@DU?$char_traits@D@std@@V?$allocator@D@2@@std@@@2@V?$allocator@U?$pair@$$CBV?$basic_string@DU?$char_traits@D@std@@V?$allocator@D@2@@std@@PAVIOrder@@@std@@@2@@2@@std@@@std@@@std@@@2@ABV?$basic_string@DU?$char_traits@D@std@@V?$allocator@D@2@@2@@Z 10004de0 f i ITAccount.obj
 0001:00003de0       ?find@?$_Tree@V?$_Tmap_traits@V?$basic_string@DU?$char_traits@D@std@@V?$allocator@D@2@@std@@UGlobalPosition@@U?$less@V?$basic_string@DU?$char_traits@D@std@@V?$allocator@D@2@@std@@@2@V?$allocator@U?$pair@$$CBV?$basic_string@DU?$char_traits@D@std@@V?$allocator@D@2@@std@@UGlobalPosition@@@std@@@2@$0A@@std@@@std@@QAE?AV?$_Tree_iterator@V?$_Tree_val@U?$_Tree_simple_types@U?$pair@$$CBV?$basic_string@DU?$char_traits@D@std@@V?$allocator@D@2@@std@@UGlobalPosition@@@std@@@std@@@std@@@2@ABV?$basic_string@DU?$char_traits@D@std@@V?$allocator@D@2@@2@@Z 10004de0 f i ITGlobalPosition.obj
 0001:00003de0       ?find@?$_Tree@V?$_Tmap_traits@V?$basic_string@DU?$char_traits@D@std@@V?$allocator@D@2@@std@@NU?$less@V?$basic_string@DU?$char_traits@D@std@@V?$allocator@D@2@@std@@@2@V?$allocator@U?$pair@$$CBV?$basic_string@DU?$char_traits@D@std@@V?$allocator@D@2@@std@@N@std@@@2@$0A@@std@@@std@@QAE?AV?$_Tree_iterator@V?$_Tree_val@U?$_Tree_simple_types@U?$pair@$$CBV?$basic_string@DU?$char_traits@D@std@@V?$allocator@D@2@@std@@N@std@@@std@@@std@@@2@ABV?$basic_string@DU?$char_traits@D@std@@V?$allocator@D@2@@2@@Z 10004de0 f i ITFxRMSCalculator.obj
 0001:00003de0       ?find@?$_Tree@V?$_Tmap_traits@V?$basic_string@DU?$char_traits@D@std@@V?$allocator@D@2@@std@@PAVIOrder@@U?$less@V?$basic_string@DU?$char_traits@D@std@@V?$allocator@D@2@@std@@@2@V?$allocator@U?$pair@$$CBV?$basic_string@DU?$char_traits@D@std@@V?$allocator@D@2@@std@@PAVIOrder@@@std@@@2@$0A@@std@@@std@@QAE?AV?$_Tree_iterator@V?$_Tree_val@U?$_Tree_simple_types@U?$pair@$$CBV?$basic_string@DU?$char_traits@D@std@@V?$allocator@D@2@@std@@PAVIOrder@@@std@@@std@@@std@@@2@ABV?$basic_string@DU?$char_traits@D@std@@V?$allocator@D@2@@2@@Z 10004de0 f i ITAccount.obj
 0001:00003de0       ?find@?$_Tree@V?$_Tmap_traits@V?$basic_string@DU?$char_traits@D@std@@V?$allocator@D@2@@std@@V?$list@PAVIOrder@@V?$allocator@PAVIOrder@@@std@@@2@U?$less@V?$basic_string@DU?$char_traits@D@std@@V?$allocator@D@2@@std@@@2@V?$allocator@U?$pair@$$CBV?$basic_string@DU?$char_traits@D@std@@V?$allocator@D@2@@std@@V?$list@PAVIOrder@@V?$allocator@PAVIOrder@@@std@@@2@@std@@@2@$0A@@std@@@std@@QAE?AV?$_Tree_iterator@V?$_Tree_val@U?$_Tree_simple_types@U?$pair@$$CBV?$basic_string@DU?$char_traits@D@std@@V?$allocator@D@2@@std@@V?$list@PAVIOrder@@V?$allocator@PAVIOrder@@@std@@@2@@std@@@std@@@std@@@2@ABV?$basic_string@DU?$char_traits@D@std@@V?$allocator@D@2@@2@@Z 10004de0 f i ITAccount.obj
 0001:00003de0       ?find@?$_Tree@V?$_Tmap_traits@V?$basic_string@DU?$char_traits@D@std@@V?$allocator@D@2@@std@@PAVIPosition@@U?$less@V?$basic_string@DU?$char_traits@D@std@@V?$allocator@D@2@@std@@@2@V?$allocator@U?$pair@$$CBV?$basic_string@DU?$char_traits@D@std@@V?$allocator@D@2@@std@@PAVIPosition@@@std@@@2@$0A@@std@@@std@@QAE?AV?$_Tree_iterator@V?$_Tree_val@U?$_Tree_simple_types@U?$pair@$$CBV?$basic_string@DU?$char_traits@D@std@@V?$allocator@D@2@@std@@PAVIPosition@@@std@@@std@@@std@@@2@ABV?$basic_string@DU?$char_traits@D@std@@V?$allocator@D@2@@2@@Z 10004de0 f i ITAccount.obj
 0001:00003e80       ?erase@?$_Tree@V?$_Tmap_traits@V?$basic_string@DU?$char_traits@D@std@@V?$allocator@D@2@@std@@V?$map@V?$basic_string@DU?$char_traits@D@std@@V?$allocator@D@2@@std@@PAVIOrder@@U?$less@V?$basic_string@DU?$char_traits@D@std@@V?$allocator@D@2@@std@@@2@V?$allocator@U?$pair@$$CBV?$basic_string@DU?$char_traits@D@std@@V?$allocator@D@2@@std@@PAVIOrder@@@std@@@2@@2@U?$less@V?$basic_string@DU?$char_traits@D@std@@V?$allocator@D@2@@std@@@2@V?$allocator@U?$pair@$$CBV?$basic_string@DU?$char_traits@D@std@@V?$allocator@D@2@@std@@V?$map@V?$basic_string@DU?$char_traits@D@std@@V?$allocator@D@2@@std@@PAVIOrder@@U?$less@V?$basic_string@DU?$char_traits@D@std@@V?$allocator@D@2@@std@@@2@V?$allocator@U?$pair@$$CBV?$basic_string@DU?$char_traits@D@std@@V?$allocator@D@2@@std@@PAVIOrder@@@std@@@2@@2@@std@@@2@$0A@@std@@@std@@QAE?AV?$_Tree_iterator@V?$_Tree_val@U?$_Tree_simple_types@U?$pair@$$CBV?$basic_string@DU?$char_traits@D@std@@V?$allocator@D@2@@std@@V?$map@V?$basic_string@DU?$char_traits@D@std@@V?$allocator@D@2@@std@@PAVIOrder@@U?$less@V?$basic_string@DU?$char_traits@D@std@@V?$allocator@D@2@@std@@@2@V?$allocator@U?$pair@$$CBV?$basic_string@DU?$char_traits@D@std@@V?$allocator@D@2@@std@@PAVIOrder@@@std@@@2@@2@@std@@@std@@@std@@@2@V?$_Tree_const_iterator@V?$_Tree_val@U?$_Tree_simple_types@U?$pair@$$CBV?$basic_string@DU?$char_traits@D@std@@V?$allocator@D@2@@std@@V?$map@V?$basic_string@DU?$char_traits@D@std@@V?$allocator@D@2@@std@@PAVIOrder@@U?$less@V?$basic_string@DU?$char_traits@D@std@@V?$allocator@D@2@@std@@@2@V?$allocator@U?$pair@$$CBV?$basic_string@DU?$char_traits@D@std@@V?$allocator@D@2@@std@@PAVIOrder@@@std@@@2@@2@@std@@@std@@@std@@@2@@Z 10004e80 f i ITAccount.obj
 0001:00004600       ?end@?$_Tree@V?$_Tmap_traits@V?$basic_string@DU?$char_traits@D@std@@V?$allocator@D@2@@std@@V?$list@PAVIOrder@@V?$allocator@PAVIOrder@@@std@@@2@U?$less@V?$basic_string@DU?$char_traits@D@std@@V?$allocator@D@2@@std@@@2@V?$allocator@U?$pair@$$CBV?$basic_string@DU?$char_traits@D@std@@V?$allocator@D@2@@std@@V?$list@PAVIOrder@@V?$allocator@PAVIOrder@@@std@@@2@@std@@@2@$0A@@std@@@std@@QAE?AV?$_Tree_iterator@V?$_Tree_val@U?$_Tree_simple_types@U?$pair@$$CBV?$basic_string@DU?$char_traits@D@std@@V?$allocator@D@2@@std@@V?$list@PAVIOrder@@V?$allocator@PAVIOrder@@@std@@@2@@std@@@std@@@std@@@2@XZ 10005600 f i ITAccount.obj
 0001:00004600       ?end@?$_Tree@V?$_Tmap_traits@V?$basic_string@DU?$char_traits@D@std@@V?$allocator@D@2@@std@@NU?$less@V?$basic_string@DU?$char_traits@D@std@@V?$allocator@D@2@@std@@@2@V?$allocator@U?$pair@$$CBV?$basic_string@DU?$char_traits@D@std@@V?$allocator@D@2@@std@@N@std@@@2@$0A@@std@@@std@@QAE?AV?$_Tree_iterator@V?$_Tree_val@U?$_Tree_simple_types@U?$pair@$$CBV?$basic_string@DU?$char_traits@D@std@@V?$allocator@D@2@@std@@N@std@@@std@@@std@@@2@XZ 10005600 f i ITFxRMSCalculator.obj
 0001:00004600       ?end@?$_Tree@V?$_Tmap_traits@V?$basic_string@DU?$char_traits@D@std@@V?$allocator@D@2@@std@@PAVIPosition@@U?$less@V?$basic_string@DU?$char_traits@D@std@@V?$allocator@D@2@@std@@@2@V?$allocator@U?$pair@$$CBV?$basic_string@DU?$char_traits@D@std@@V?$allocator@D@2@@std@@PAVIPosition@@@std@@@2@$0A@@std@@@std@@QAE?AV?$_Tree_iterator@V?$_Tree_val@U?$_Tree_simple_types@U?$pair@$$CBV?$basic_string@DU?$char_traits@D@std@@V?$allocator@D@2@@std@@PAVIPosition@@@std@@@std@@@std@@@2@XZ 10005600 f i ITAccount.obj
 0001:00004600       ?end@?$_Tree@V?$_Tmap_traits@V?$basic_string@DU?$char_traits@D@std@@V?$allocator@D@2@@std@@PAVIOrder@@U?$less@V?$basic_string@DU?$char_traits@D@std@@V?$allocator@D@2@@std@@@2@V?$allocator@U?$pair@$$CBV?$basic_string@DU?$char_traits@D@std@@V?$allocator@D@2@@std@@PAVIOrder@@@std@@@2@$0A@@std@@@std@@QAE?AV?$_Tree_iterator@V?$_Tree_val@U?$_Tree_simple_types@U?$pair@$$CBV?$basic_string@DU?$char_traits@D@std@@V?$allocator@D@2@@std@@PAVIOrder@@@std@@@std@@@std@@@2@XZ 10005600 f i ITAccount.obj
 0001:00004600       ?end@?$_Tree@V?$_Tmap_traits@V?$basic_string@DU?$char_traits@D@std@@V?$allocator@D@2@@std@@V?$map@V?$basic_string@DU?$char_traits@D@std@@V?$allocator@D@2@@std@@PAVIOrder@@U?$less@V?$basic_string@DU?$char_traits@D@std@@V?$allocator@D@2@@std@@@2@V?$allocator@U?$pair@$$CBV?$basic_string@DU?$char_traits@D@std@@V?$allocator@D@2@@std@@PAVIOrder@@@std@@@2@@2@U?$less@V?$basic_string@DU?$char_traits@D@std@@V?$allocator@D@2@@std@@@2@V?$allocator@U?$pair@$$CBV?$basic_string@DU?$char_traits@D@std@@V?$allocator@D@2@@std@@V?$map@V?$basic_string@DU?$char_traits@D@std@@V?$allocator@D@2@@std@@PAVIOrder@@U?$less@V?$basic_string@DU?$char_traits@D@std@@V?$allocator@D@2@@std@@@2@V?$allocator@U?$pair@$$CBV?$basic_string@DU?$char_traits@D@std@@V?$allocator@D@2@@std@@PAVIOrder@@@std@@@2@@2@@std@@@2@$0A@@std@@@std@@QAE?AV?$_Tree_iterator@V?$_Tree_val@U?$_Tree_simple_types@U?$pair@$$CBV?$basic_string@DU?$char_traits@D@std@@V?$allocator@D@2@@std@@V?$map@V?$basic_string@DU?$char_traits@D@std@@V?$allocator@D@2@@std@@PAVIOrder@@U?$less@V?$basic_string@DU?$char_traits@D@std@@V?$allocator@D@2@@std@@@2@V?$allocator@U?$pair@$$CBV?$basic_string@DU?$char_traits@D@std@@V?$allocator@D@2@@std@@PAVIOrder@@@std@@@2@@2@@std@@@std@@@std@@@2@XZ 10005600 f i ITAccount.obj
 0001:00004600       ?end@?$_Tree@V?$_Tmap_traits@V?$basic_string@DU?$char_traits@D@std@@V?$allocator@D@2@@std@@UGlobalPosition@@U?$less@V?$basic_string@DU?$char_traits@D@std@@V?$allocator@D@2@@std@@@2@V?$allocator@U?$pair@$$CBV?$basic_string@DU?$char_traits@D@std@@V?$allocator@D@2@@std@@UGlobalPosition@@@std@@@2@$0A@@std@@@std@@QAE?AV?$_Tree_iterator@V?$_Tree_val@U?$_Tree_simple_types@U?$pair@$$CBV?$basic_string@DU?$char_traits@D@std@@V?$allocator@D@2@@std@@UGlobalPosition@@@std@@@std@@@std@@@2@XZ 10005600 f i ITGlobalPosition.obj
 0001:00004660       ??0?$map@V?$basic_string@DU?$char_traits@D@std@@V?$allocator@D@2@@std@@V?$list@PAVIOrder@@V?$allocator@PAVIOrder@@@std@@@2@U?$less@V?$basic_string@DU?$char_traits@D@std@@V?$allocator@D@2@@std@@@2@V?$allocator@U?$pair@$$CBV?$basic_string@DU?$char_traits@D@std@@V?$allocator@D@2@@std@@V?$list@PAVIOrder@@V?$allocator@PAVIOrder@@@std@@@2@@std@@@2@@std@@QAE@XZ 10005660 f i ITAccount.obj
 0001:00004660       ??0?$map@V?$basic_string@DU?$char_traits@D@std@@V?$allocator@D@2@@std@@V?$map@V?$basic_string@DU?$char_traits@D@std@@V?$allocator@D@2@@std@@PAVIOrder@@U?$less@V?$basic_string@DU?$char_traits@D@std@@V?$allocator@D@2@@std@@@2@V?$allocator@U?$pair@$$CBV?$basic_string@DU?$char_traits@D@std@@V?$allocator@D@2@@std@@PAVIOrder@@@std@@@2@@2@U?$less@V?$basic_string@DU?$char_traits@D@std@@V?$allocator@D@2@@std@@@2@V?$allocator@U?$pair@$$CBV?$basic_string@DU?$char_traits@D@std@@V?$allocator@D@2@@std@@V?$map@V?$basic_string@DU?$char_traits@D@std@@V?$allocator@D@2@@std@@PAVIOrder@@U?$less@V?$basic_string@DU?$char_traits@D@std@@V?$allocator@D@2@@std@@@2@V?$allocator@U?$pair@$$CBV?$basic_string@DU?$char_traits@D@std@@V?$allocator@D@2@@std@@PAVIOrder@@@std@@@2@@2@@std@@@2@@std@@QAE@XZ 10005660 f i ITAccount.obj
 0001:00004660       ??0?$map@V?$basic_string@DU?$char_traits@D@std@@V?$allocator@D@2@@std@@NU?$less@V?$basic_string@DU?$char_traits@D@std@@V?$allocator@D@2@@std@@@2@V?$allocator@U?$pair@$$CBV?$basic_string@DU?$char_traits@D@std@@V?$allocator@D@2@@std@@N@std@@@2@@std@@QAE@XZ 10005660 f i ITFxRMSCalculator.obj
 0001:00004680       ??C?$_Tree_iterator@V?$_Tree_val@U?$_Tree_simple_types@U?$pair@$$CBV?$basic_string@DU?$char_traits@D@std@@V?$allocator@D@2@@std@@PAVIOrder@@@std@@@std@@@std@@@std@@QBEPAU?$pair@$$CBV?$basic_string@DU?$char_traits@D@std@@V?$allocator@D@2@@std@@PAVIOrder@@@1@XZ 10005680 f i ITBothUMHedgeAccount.obj
 0001:00004680       ??C?$_Tree_iterator@V?$_Tree_val@U?$_Tree_simple_types@U?$pair@$$CBV?$basic_string@DU?$char_traits@D@std@@V?$allocator@D@2@@std@@V?$list@PAVIOrder@@V?$allocator@PAVIOrder@@@std@@@2@@std@@@std@@@std@@@std@@QBEPAU?$pair@$$CBV?$basic_string@DU?$char_traits@D@std@@V?$allocator@D@2@@std@@V?$list@PAVIOrder@@V?$allocator@PAVIOrder@@@std@@@2@@1@XZ 10005680 f i ITAccount.obj
 0001:00004680       ??C?$_Tree_iterator@V?$_Tree_val@U?$_Tree_simple_types@U?$pair@$$CBV?$basic_string@DU?$char_traits@D@std@@V?$allocator@D@2@@std@@UGlobalPosition@@@std@@@std@@@std@@@std@@QBEPAU?$pair@$$CBV?$basic_string@DU?$char_traits@D@std@@V?$allocator@D@2@@std@@UGlobalPosition@@@1@XZ 10005680 f i ITGlobalPosition.obj
 0001:00004680       ??C?$_Tree_iterator@V?$_Tree_val@U?$_Tree_simple_types@U?$pair@$$CBV?$basic_string@DU?$char_traits@D@std@@V?$allocator@D@2@@std@@N@std@@@std@@@std@@@std@@QBEPAU?$pair@$$CBV?$basic_string@DU?$char_traits@D@std@@V?$allocator@D@2@@std@@N@1@XZ 10005680 f i ITFxRMSCalculator.obj
 0001:00004680       ??C?$_Tree_iterator@V?$_Tree_val@U?$_Tree_simple_types@U?$pair@$$CBV?$basic_string@DU?$char_traits@D@std@@V?$allocator@D@2@@std@@PAVIPosition@@@std@@@std@@@std@@@std@@QBEPAU?$pair@$$CBV?$basic_string@DU?$char_traits@D@std@@V?$allocator@D@2@@std@@PAVIPosition@@@1@XZ 10005680 f i ITBothUMHedgeAccount.obj
 0001:000046a0       ?erase@?$_Tree@V?$_Tmap_traits@V?$basic_string@DU?$char_traits@D@std@@V?$allocator@D@2@@std@@V?$list@PAVIOrder@@V?$allocator@PAVIOrder@@@std@@@2@U?$less@V?$basic_string@DU?$char_traits@D@std@@V?$allocator@D@2@@std@@@2@V?$allocator@U?$pair@$$CBV?$basic_string@DU?$char_traits@D@std@@V?$allocator@D@2@@std@@V?$list@PAVIOrder@@V?$allocator@PAVIOrder@@@std@@@2@@std@@@2@$0A@@std@@@std@@QAE?AV?$_Tree_iterator@V?$_Tree_val@U?$_Tree_simple_types@U?$pair@$$CBV?$basic_string@DU?$char_traits@D@std@@V?$allocator@D@2@@std@@V?$list@PAVIOrder@@V?$allocator@PAVIOrder@@@std@@@2@@std@@@std@@@std@@@2@V?$_Tree_const_iterator@V?$_Tree_val@U?$_Tree_simple_types@U?$pair@$$CBV?$basic_string@DU?$char_traits@D@std@@V?$allocator@D@2@@std@@V?$list@PAVIOrder@@V?$allocator@PAVIOrder@@@std@@@2@@std@@@std@@@std@@@2@@Z 100056a0 f i ITAccount.obj
 0001:00004e20       ??1?$_Tree@V?$_Tmap_traits@V?$basic_string@DU?$char_traits@D@std@@V?$allocator@D@2@@std@@V?$list@PAVIOrder@@V?$allocator@PAVIOrder@@@std@@@2@U?$less@V?$basic_string@DU?$char_traits@D@std@@V?$allocator@D@2@@std@@@2@V?$allocator@U?$pair@$$CBV?$basic_string@DU?$char_traits@D@std@@V?$allocator@D@2@@std@@V?$list@PAVIOrder@@V?$allocator@PAVIOrder@@@std@@@2@@std@@@2@$0A@@std@@@std@@QAE@XZ 10005e20 f i ITAccount.obj
 0001:00004e70       ?push_back@?$list@PAVIOrder@@V?$allocator@PAVIOrder@@@std@@@std@@QAEXABQAVIOrder@@@Z 10005e70 f i ITAccount.obj
 0001:00004e70       ?push_back@?$list@PAVIClientSession@@V?$allocator@PAVIClientSession@@@std@@@std@@QAEXABQAVIClientSession@@@Z 10005e70 f i ITAccount.obj
 0001:00004ea0       ?empty@?$list@PAVIClientSession@@V?$allocator@PAVIClientSession@@@std@@@std@@QBE_NXZ 10005ea0 f i ITAccount.obj
 0001:00004ea0       ?empty@?$list@PAVIOrder@@V?$allocator@PAVIOrder@@@std@@@std@@QBE_NXZ 10005ea0 f i ITAccount.obj
 0001:00004ed0       ?end@?$list@PAVIClientSession@@V?$allocator@PAVIClientSession@@@std@@@std@@QAE?AV?$_List_iterator@V?$_List_val@U?$_List_simple_types@PAVIClientSession@@@std@@@std@@@2@XZ 10005ed0 f i ITAccount.obj
 0001:00004ed0       ?end@?$list@UOrderExecInfo@@V?$allocator@UOrderExecInfo@@@std@@@std@@QAE?AV?$_List_iterator@V?$_List_val@U?$_List_simple_types@UOrderExecInfo@@@std@@@std@@@2@XZ 10005ed0 f i ITBothUMHedgePosition.obj
 0001:00004ed0       ?end@?$list@PAVIOrder@@V?$allocator@PAVIOrder@@@std@@@std@@QAE?AV?$_List_iterator@V?$_List_val@U?$_List_simple_types@PAVIOrder@@@std@@@std@@@2@XZ 10005ed0 f i ITAccount.obj
 0001:00004f30       ?begin@?$list@UOrderExecInfo@@V?$allocator@UOrderExecInfo@@@std@@@std@@QAE?AV?$_List_iterator@V?$_List_val@U?$_List_simple_types@UOrderExecInfo@@@std@@@std@@@2@XZ 10005f30 f i ITBothUMHedgePosition.obj
 0001:00004f30       ?begin@?$list@PAVIClientSession@@V?$allocator@PAVIClientSession@@@std@@@std@@QAE?AV?$_List_iterator@V?$_List_val@U?$_List_simple_types@PAVIClientSession@@@std@@@std@@@2@XZ 10005f30 f i ITAccount.obj
 0001:00004f30       ?begin@?$list@PAVIOrder@@V?$allocator@PAVIOrder@@@std@@@std@@QAE?AV?$_List_iterator@V?$_List_val@U?$_List_simple_types@PAVIOrder@@@std@@@std@@@2@XZ 10005f30 f i ITAccount.obj
 0001:00004fa0       ??1?$list@PAVIOrder@@V?$allocator@PAVIOrder@@@std@@@std@@QAE@XZ 10005fa0 f i ITAccount.obj
 0001:00004fa0       ??1?$list@PAVIClientSession@@V?$allocator@PAVIClientSession@@@std@@@std@@QAE@XZ 10005fa0 f i ITAccount.obj
 0001:00004ff0       ??0?$list@PAVIOrder@@V?$allocator@PAVIOrder@@@std@@@std@@QAE@XZ 10005ff0 f i ITAccount.obj
 0001:00004ff0       ??0?$list@PAVIClientSession@@V?$allocator@PAVIClientSession@@@std@@@std@@QAE@XZ 10005ff0 f i ITAccount.obj
 0001:00005010       ?remove@?$list@PAVIClientSession@@V?$allocator@PAVIClientSession@@@std@@@std@@QAEXABQAVIClientSession@@@Z 10006010 f i ITAccount.obj
 0001:00005100       ??E?$_Tree_iterator@V?$_Tree_val@U?$_Tree_simple_types@U?$pair@$$CBV?$basic_string@DU?$char_traits@D@std@@V?$allocator@D@2@@std@@PAVIOrder@@@std@@@std@@@std@@@std@@QAE?AV01@H@Z 10006100 f i ITAccount.obj
 0001:00005100       ??E?$_Tree_iterator@V?$_Tree_val@U?$_Tree_simple_types@U?$pair@$$CBV?$basic_string@DU?$char_traits@D@std@@V?$allocator@D@2@@std@@PAVIPosition@@@std@@@std@@@std@@@std@@QAE?AV01@H@Z 10006100 f i ITAccount.obj
 0001:00005130       ?clear@?$_Tree@V?$_Tmap_traits@V?$basic_string@DU?$char_traits@D@std@@V?$allocator@D@2@@std@@PAVIOrder@@U?$less@V?$basic_string@DU?$char_traits@D@std@@V?$allocator@D@2@@std@@@2@V?$allocator@U?$pair@$$CBV?$basic_string@DU?$char_traits@D@std@@V?$allocator@D@2@@std@@PAVIOrder@@@std@@@2@$0A@@std@@@std@@QAEXXZ 10006130 f i ITAccount.obj
 0001:00005130       ?clear@?$_Tree@V?$_Tmap_traits@V?$basic_string@DU?$char_traits@D@std@@V?$allocator@D@2@@std@@PAVIPosition@@U?$less@V?$basic_string@DU?$char_traits@D@std@@V?$allocator@D@2@@std@@@2@V?$allocator@U?$pair@$$CBV?$basic_string@DU?$char_traits@D@std@@V?$allocator@D@2@@std@@PAVIPosition@@@std@@@2@$0A@@std@@@std@@QAEXXZ 10006130 f i ITAccount.obj
 0001:000051d0       ?begin@?$_Tree@V?$_Tmap_traits@V?$basic_string@DU?$char_traits@D@std@@V?$allocator@D@2@@std@@V?$list@PAVIOrder@@V?$allocator@PAVIOrder@@@std@@@2@U?$less@V?$basic_string@DU?$char_traits@D@std@@V?$allocator@D@2@@std@@@2@V?$allocator@U?$pair@$$CBV?$basic_string@DU?$char_traits@D@std@@V?$allocator@D@2@@std@@V?$list@PAVIOrder@@V?$allocator@PAVIOrder@@@std@@@2@@std@@@2@$0A@@std@@@std@@QAE?AV?$_Tree_iterator@V?$_Tree_val@U?$_Tree_simple_types@U?$pair@$$CBV?$basic_string@DU?$char_traits@D@std@@V?$allocator@D@2@@std@@V?$list@PAVIOrder@@V?$allocator@PAVIOrder@@@std@@@2@@std@@@std@@@std@@@2@XZ 100061d0 f i ITAccount.obj
 0001:000051d0       ?begin@?$_Tree@V?$_Tmap_traits@V?$basic_string@DU?$char_traits@D@std@@V?$allocator@D@2@@std@@PAVIOrder@@U?$less@V?$basic_string@DU?$char_traits@D@std@@V?$allocator@D@2@@std@@@2@V?$allocator@U?$pair@$$CBV?$basic_string@DU?$char_traits@D@std@@V?$allocator@D@2@@std@@PAVIOrder@@@std@@@2@$0A@@std@@@std@@QAE?AV?$_Tree_iterator@V?$_Tree_val@U?$_Tree_simple_types@U?$pair@$$CBV?$basic_string@DU?$char_traits@D@std@@V?$allocator@D@2@@std@@PAVIOrder@@@std@@@std@@@std@@@2@XZ 100061d0 f i ITAccount.obj
 0001:000051d0       ?begin@?$_Tree@V?$_Tmap_traits@V?$basic_string@DU?$char_traits@D@std@@V?$allocator@D@2@@std@@UGlobalPosition@@U?$less@V?$basic_string@DU?$char_traits@D@std@@V?$allocator@D@2@@std@@@2@V?$allocator@U?$pair@$$CBV?$basic_string@DU?$char_traits@D@std@@V?$allocator@D@2@@std@@UGlobalPosition@@@std@@@2@$0A@@std@@@std@@QAE?AV?$_Tree_iterator@V?$_Tree_val@U?$_Tree_simple_types@U?$pair@$$CBV?$basic_string@DU?$char_traits@D@std@@V?$allocator@D@2@@std@@UGlobalPosition@@@std@@@std@@@std@@@2@XZ 100061d0 f i ITGlobalPosition.obj
 0001:000051d0       ?begin@?$_Tree@V?$_Tmap_traits@V?$basic_string@DU?$char_traits@D@std@@V?$allocator@D@2@@std@@NU?$less@V?$basic_string@DU?$char_traits@D@std@@V?$allocator@D@2@@std@@@2@V?$allocator@U?$pair@$$CBV?$basic_string@DU?$char_traits@D@std@@V?$allocator@D@2@@std@@N@std@@@2@$0A@@std@@@std@@QAE?AV?$_Tree_iterator@V?$_Tree_val@U?$_Tree_simple_types@U?$pair@$$CBV?$basic_string@DU?$char_traits@D@std@@V?$allocator@D@2@@std@@N@std@@@std@@@std@@@2@XZ 100061d0 f i ITFxRMSCalculator.obj
 0001:000051d0       ?begin@?$_Tree@V?$_Tmap_traits@V?$basic_string@DU?$char_traits@D@std@@V?$allocator@D@2@@std@@PAVIPosition@@U?$less@V?$basic_string@DU?$char_traits@D@std@@V?$allocator@D@2@@std@@@2@V?$allocator@U?$pair@$$CBV?$basic_string@DU?$char_traits@D@std@@V?$allocator@D@2@@std@@PAVIPosition@@@std@@@2@$0A@@std@@@std@@QAE?AV?$_Tree_iterator@V?$_Tree_val@U?$_Tree_simple_types@U?$pair@$$CBV?$basic_string@DU?$char_traits@D@std@@V?$allocator@D@2@@std@@PAVIPosition@@@std@@@std@@@std@@@2@XZ 100061d0 f i ITAccount.obj
 0001:000051d0       ?begin@?$_Tree@V?$_Tmap_traits@V?$basic_string@DU?$char_traits@D@std@@V?$allocator@D@2@@std@@V?$map@V?$basic_string@DU?$char_traits@D@std@@V?$allocator@D@2@@std@@PAVIOrder@@U?$less@V?$basic_string@DU?$char_traits@D@std@@V?$allocator@D@2@@std@@@2@V?$allocator@U?$pair@$$CBV?$basic_string@DU?$char_traits@D@std@@V?$allocator@D@2@@std@@PAVIOrder@@@std@@@2@@2@U?$less@V?$basic_string@DU?$char_traits@D@std@@V?$allocator@D@2@@std@@@2@V?$allocator@U?$pair@$$CBV?$basic_string@DU?$char_traits@D@std@@V?$allocator@D@2@@std@@V?$map@V?$basic_string@DU?$char_traits@D@std@@V?$allocator@D@2@@std@@PAVIOrder@@U?$less@V?$basic_string@DU?$char_traits@D@std@@V?$allocator@D@2@@std@@@2@V?$allocator@U?$pair@$$CBV?$basic_string@DU?$char_traits@D@std@@V?$allocator@D@2@@std@@PAVIOrder@@@std@@@2@@2@@std@@@2@$0A@@std@@@std@@QAE?AV?$_Tree_iterator@V?$_Tree_val@U?$_Tree_simple_types@U?$pair@$$CBV?$basic_string@DU?$char_traits@D@std@@V?$allocator@D@2@@std@@V?$map@V?$basic_string@DU?$char_traits@D@std@@V?$allocator@D@2@@std@@PAVIOrder@@U?$less@V?$basic_string@DU?$char_traits@D@std@@V?$allocator@D@2@@std@@@2@V?$allocator@U?$pair@$$CBV?$basic_string@DU?$char_traits@D@std@@V?$allocator@D@2@@std@@PAVIOrder@@@std@@@2@@2@@std@@@std@@@std@@@2@XZ 100061d0 f i ITAccount.obj
 0001:00005230       ??1?$_Tree@V?$_Tmap_traits@V?$basic_string@DU?$char_traits@D@std@@V?$allocator@D@2@@std@@PAVIPosition@@U?$less@V?$basic_string@DU?$char_traits@D@std@@V?$allocator@D@2@@std@@@2@V?$allocator@U?$pair@$$CBV?$basic_string@DU?$char_traits@D@std@@V?$allocator@D@2@@std@@PAVIPosition@@@std@@@2@$0A@@std@@@std@@QAE@XZ 10006230 f i ITAccount.obj
 0001:00005230       ??1?$_Tree@V?$_Tmap_traits@V?$basic_string@DU?$char_traits@D@std@@V?$allocator@D@2@@std@@PAVIOrder@@U?$less@V?$basic_string@DU?$char_traits@D@std@@V?$allocator@D@2@@std@@@2@V?$allocator@U?$pair@$$CBV?$basic_string@DU?$char_traits@D@std@@V?$allocator@D@2@@std@@PAVIOrder@@@std@@@2@$0A@@std@@@std@@QAE@XZ 10006230 f i ITAccount.obj
 0001:00005280       ??8?$_Tree_const_iterator@V?$_Tree_val@U?$_Tree_simple_types@U?$pair@$$CBV?$basic_string@DU?$char_traits@D@std@@V?$allocator@D@2@@std@@N@std@@@std@@@std@@@std@@QBE_NABV01@@Z 10006280 f i ITFxRMSCalculator.obj
 0001:00005280       ??8?$_Tree_const_iterator@V?$_Tree_val@U?$_Tree_simple_types@U?$pair@$$CBV?$basic_string@DU?$char_traits@D@std@@V?$allocator@D@2@@std@@V?$map@V?$basic_string@DU?$char_traits@D@std@@V?$allocator@D@2@@std@@PAVIOrder@@U?$less@V?$basic_string@DU?$char_traits@D@std@@V?$allocator@D@2@@std@@@2@V?$allocator@U?$pair@$$CBV?$basic_string@DU?$char_traits@D@std@@V?$allocator@D@2@@std@@PAVIOrder@@@std@@@2@@2@@std@@@std@@@std@@@std@@QBE_NABV01@@Z 10006280 f i ITAccount.obj
 0001:00005280       ??8?$_Tree_const_iterator@V?$_Tree_val@U?$_Tree_simple_types@U?$pair@$$CBV?$basic_string@DU?$char_traits@D@std@@V?$allocator@D@2@@std@@V?$list@PAVIOrder@@V?$allocator@PAVIOrder@@@std@@@2@@std@@@std@@@std@@@std@@QBE_NABV01@@Z 10006280 f i ITAccount.obj
 0001:00005280       ??8?$_List_const_iterator@V?$_List_val@U?$_List_simple_types@PAVIOrder@@@std@@@std@@@std@@QBE_NABV01@@Z 10006280 f i ITAccount.obj
 0001:00005280       ??8?$_List_const_iterator@V?$_List_val@U?$_List_simple_types@UOrderExecInfo@@@std@@@std@@@std@@QBE_NABV01@@Z 10006280 f i ITBothUMHedgePosition.obj
 0001:00005280       ??8?$_Tree_const_iterator@V?$_Tree_val@U?$_Tree_simple_types@U?$pair@$$CBV?$basic_string@DU?$char_traits@D@std@@V?$allocator@D@2@@std@@UGlobalPosition@@@std@@@std@@@std@@@std@@QBE_NABV01@@Z 10006280 f i ITGlobalPosition.obj
 0001:00005280       ??8?$_List_const_iterator@V?$_List_val@U?$_List_simple_types@PAVIClientSession@@@std@@@std@@@std@@QBE_NABV01@@Z 10006280 f i ITAccount.obj
 0001:00005280       ??8?$_Tree_const_iterator@V?$_Tree_val@U?$_Tree_simple_types@U?$pair@$$CBV?$basic_string@DU?$char_traits@D@std@@V?$allocator@D@2@@std@@PAVIOrder@@@std@@@std@@@std@@@std@@QBE_NABV01@@Z 10006280 f i ITAccount.obj
 0001:00005280       ??8?$_Tree_const_iterator@V?$_Tree_val@U?$_Tree_simple_types@U?$pair@$$CBV?$basic_string@DU?$char_traits@D@std@@V?$allocator@D@2@@std@@PAVIPosition@@@std@@@std@@@std@@@std@@QBE_NABV01@@Z 10006280 f i ITAccount.obj
 0001:000052b0       ?erase@?$_Tree@V?$_Tmap_traits@V?$basic_string@DU?$char_traits@D@std@@V?$allocator@D@2@@std@@PAVIPosition@@U?$less@V?$basic_string@DU?$char_traits@D@std@@V?$allocator@D@2@@std@@@2@V?$allocator@U?$pair@$$CBV?$basic_string@DU?$char_traits@D@std@@V?$allocator@D@2@@std@@PAVIPosition@@@std@@@2@$0A@@std@@@std@@QAE?AV?$_Tree_iterator@V?$_Tree_val@U?$_Tree_simple_types@U?$pair@$$CBV?$basic_string@DU?$char_traits@D@std@@V?$allocator@D@2@@std@@PAVIPosition@@@std@@@std@@@std@@@2@V?$_Tree_const_iterator@V?$_Tree_val@U?$_Tree_simple_types@U?$pair@$$CBV?$basic_string@DU?$char_traits@D@std@@V?$allocator@D@2@@std@@PAVIPosition@@@std@@@std@@@std@@@2@@Z 100062b0 f i ITAccount.obj
 0001:000052b0       ?erase@?$_Tree@V?$_Tmap_traits@V?$basic_string@DU?$char_traits@D@std@@V?$allocator@D@2@@std@@PAVIOrder@@U?$less@V?$basic_string@DU?$char_traits@D@std@@V?$allocator@D@2@@std@@@2@V?$allocator@U?$pair@$$CBV?$basic_string@DU?$char_traits@D@std@@V?$allocator@D@2@@std@@PAVIOrder@@@std@@@2@$0A@@std@@@std@@QAE?AV?$_Tree_iterator@V?$_Tree_val@U?$_Tree_simple_types@U?$pair@$$CBV?$basic_string@DU?$char_traits@D@std@@V?$allocator@D@2@@std@@PAVIOrder@@@std@@@std@@@std@@@2@V?$_Tree_const_iterator@V?$_Tree_val@U?$_Tree_simple_types@U?$pair@$$CBV?$basic_string@DU?$char_traits@D@std@@V?$allocator@D@2@@std@@PAVIOrder@@@std@@@std@@@std@@@2@@Z 100062b0 f i ITAccount.obj
 0001:00005a30       ?empty@?$_Tree@V?$_Tmap_traits@V?$basic_string@DU?$char_traits@D@std@@V?$allocator@D@2@@std@@PAVIOrder@@U?$less@V?$basic_string@DU?$char_traits@D@std@@V?$allocator@D@2@@std@@@2@V?$allocator@U?$pair@$$CBV?$basic_string@DU?$char_traits@D@std@@V?$allocator@D@2@@std@@PAVIOrder@@@std@@@2@$0A@@std@@@std@@QBE_NXZ 10006a30 f i ITAccount.obj
 0001:00005a60       ??0?$map@V?$basic_string@DU?$char_traits@D@std@@V?$allocator@D@2@@std@@PAVIOrder@@U?$less@V?$basic_string@DU?$char_traits@D@std@@V?$allocator@D@2@@std@@@2@V?$allocator@U?$pair@$$CBV?$basic_string@DU?$char_traits@D@std@@V?$allocator@D@2@@std@@PAVIOrder@@@std@@@2@@std@@QAE@XZ 10006a60 f i ITAccount.obj
 0001:00005a60       ??0?$map@V?$basic_string@DU?$char_traits@D@std@@V?$allocator@D@2@@std@@PAVIPosition@@U?$less@V?$basic_string@DU?$char_traits@D@std@@V?$allocator@D@2@@std@@@2@V?$allocator@U?$pair@$$CBV?$basic_string@DU?$char_traits@D@std@@V?$allocator@D@2@@std@@PAVIPosition@@@std@@@2@@std@@QAE@XZ 10006a60 f i ITAccount.obj
 0001:00005a80       ?compare@?$basic_string@DU?$char_traits@D@std@@V?$allocator@D@2@@std@@QBEHPBD@Z 10006a80 f i ITAccount.obj
 0001:00005ac0       ?compare@?$basic_string@DU?$char_traits@D@std@@V?$allocator@D@2@@std@@QBEHABV12@@Z 10006ac0 f i ITAccount.obj
 0001:00005b30       ?c_str@?$basic_string@DU?$char_traits@D@std@@V?$allocator@D@2@@std@@QBEPBDXZ 10006b30 f i ITAccount.obj
 0001:00005b70       ??4?$basic_string@DU?$char_traits@D@std@@V?$allocator@D@2@@std@@QAEAAV01@PBD@Z 10006b70 f i ITAccount.obj
 0001:00005b90       ??1?$basic_string@DU?$char_traits@D@std@@V?$allocator@D@2@@std@@QAE@XZ 10006b90 f i ITAccount.obj
 0001:00005be0       ??0?$basic_string@DU?$char_traits@D@std@@V?$allocator@D@2@@std@@QAE@$$QAV01@@Z 10006be0 f i ITAccount.obj
 0001:00005c60       ??0?$basic_string@DU?$char_traits@D@std@@V?$allocator@D@2@@std@@QAE@PBD@Z 10006c60 f i ITAccount.obj
 0001:00005cd0       ??0?$basic_string@DU?$char_traits@D@std@@V?$allocator@D@2@@std@@QAE@XZ 10006cd0 f i ITAccount.obj
 0001:00005d20       ??0?$basic_string@DU?$char_traits@D@std@@V?$allocator@D@2@@std@@QAE@ABV01@@Z 10006d20 f i ITAccount.obj
 0001:00005db0       ??1?$_List_buy@PAVIClientSession@@V?$allocator@PAVIClientSession@@@std@@@std@@QAE@XZ 10006db0 f i ITAccount.obj
 0001:00005db0       ??1?$_List_buy@PAVIOrder@@V?$allocator@PAVIOrder@@@std@@@std@@QAE@XZ 10006db0 f i ITAccount.obj
 0001:00005dd0       ??1?$_String_alloc@U?$_String_base_types@DV?$allocator@D@std@@@std@@@std@@QAE@XZ 10006dd0 f i ITAccount.obj
 0001:00005df0       ??1?$_Compressed_pair@U?$_Wrap_alloc@V?$allocator@D@std@@@std@@V?$_String_val@U?$_Simple_types@D@std@@@2@$00@std@@QAE@XZ 10006df0 f i ITAccount.obj
 0001:00005e10       ??1?$_String_val@U?$_Simple_types@D@std@@@std@@QAE@XZ 10006e10 f i ITAccount.obj
 0001:00005e30       ?pointer_to@?$pointer_traits@PAU?$pair@$$CBV?$basic_string@DU?$char_traits@D@std@@V?$allocator@D@2@@std@@PAVIOrder@@@std@@@std@@SAPAU?$pair@$$CBV?$basic_string@DU?$char_traits@D@std@@V?$allocator@D@2@@std@@PAVIOrder@@@2@AAU32@@Z 10006e30 f i ITBothUMHedgeAccount.obj
 0001:00005e30       ?_Left@?$_Tree_comp_alloc@V?$_Tmap_traits@V?$basic_string@DU?$char_traits@D@std@@V?$allocator@D@2@@std@@PAVIPosition@@U?$less@V?$basic_string@DU?$char_traits@D@std@@V?$allocator@D@2@@std@@@2@V?$allocator@U?$pair@$$CBV?$basic_string@DU?$char_traits@D@std@@V?$allocator@D@2@@std@@PAVIPosition@@@std@@@2@$0A@@std@@@std@@SAAAPAU?$_Tree_node@U?$pair@$$CBV?$basic_string@DU?$char_traits@D@std@@V?$allocator@D@2@@std@@PAVIPosition@@@std@@PAX@2@PAU32@@Z 10006e30 f i ITAccount.obj
 0001:00005e30       ?pointer_to@?$pointer_traits@PAU?$pair@$$CBV?$basic_string@DU?$char_traits@D@std@@V?$allocator@D@2@@std@@V?$list@PAVIOrder@@V?$allocator@PAVIOrder@@@std@@@2@@std@@@std@@SAPAU?$pair@$$CBV?$basic_string@DU?$char_traits@D@std@@V?$allocator@D@2@@std@@V?$list@PAVIOrder@@V?$allocator@PAVIOrder@@@std@@@2@@2@AAU32@@Z 10006e30 f i ITAccount.obj
 0001:00005e30       ?_Left@?$_Tree_comp_alloc@V?$_Tmap_traits@V?$basic_string@DU?$char_traits@D@std@@V?$allocator@D@2@@std@@PAVIOrder@@U?$less@V?$basic_string@DU?$char_traits@D@std@@V?$allocator@D@2@@std@@@2@V?$allocator@U?$pair@$$CBV?$basic_string@DU?$char_traits@D@std@@V?$allocator@D@2@@std@@PAVIOrder@@@std@@@2@$0A@@std@@@std@@SAAAPAU?$_Tree_node@U?$pair@$$CBV?$basic_string@DU?$char_traits@D@std@@V?$allocator@D@2@@std@@PAVIOrder@@@std@@PAX@2@PAU32@@Z 10006e30 f i ITAccount.obj
 0001:00005e30       ?_Left@?$_Tree_comp_alloc@V?$_Tmap_traits@V?$basic_string@DU?$char_traits@D@std@@V?$allocator@D@2@@std@@UGlobalPosition@@U?$less@V?$basic_string@DU?$char_traits@D@std@@V?$allocator@D@2@@std@@@2@V?$allocator@U?$pair@$$CBV?$basic_string@DU?$char_traits@D@std@@V?$allocator@D@2@@std@@UGlobalPosition@@@std@@@2@$0A@@std@@@std@@SAAAPAU?$_Tree_node@U?$pair@$$CBV?$basic_string@DU?$char_traits@D@std@@V?$allocator@D@2@@std@@UGlobalPosition@@@std@@PAX@2@PAU32@@Z 10006e30 f i ITGlobalPosition.obj
 0001:00005e30       ?pointer_to@?$pointer_traits@PAU?$pair@$$CBV?$basic_string@DU?$char_traits@D@std@@V?$allocator@D@2@@std@@N@std@@@std@@SAPAU?$pair@$$CBV?$basic_string@DU?$char_traits@D@std@@V?$allocator@D@2@@std@@N@2@AAU32@@Z 10006e30 f i ITFxRMSCalculator.obj
 0001:00005e30       ?_Left@?$_Tree_comp_alloc@V?$_Tmap_traits@V?$basic_string@DU?$char_traits@D@std@@V?$allocator@D@2@@std@@V?$map@V?$basic_string@DU?$char_traits@D@std@@V?$allocator@D@2@@std@@PAVIOrder@@U?$less@V?$basic_string@DU?$char_traits@D@std@@V?$allocator@D@2@@std@@@2@V?$allocator@U?$pair@$$CBV?$basic_string@DU?$char_traits@D@std@@V?$allocator@D@2@@std@@PAVIOrder@@@std@@@2@@2@U?$less@V?$basic_string@DU?$char_traits@D@std@@V?$allocator@D@2@@std@@@2@V?$allocator@U?$pair@$$CBV?$basic_string@DU?$char_traits@D@std@@V?$allocator@D@2@@std@@V?$map@V?$basic_string@DU?$char_traits@D@std@@V?$allocator@D@2@@std@@PAVIOrder@@U?$less@V?$basic_string@DU?$char_traits@D@std@@V?$allocator@D@2@@std@@@2@V?$allocator@U?$pair@$$CBV?$basic_string@DU?$char_traits@D@std@@V?$allocator@D@2@@std@@PAVIOrder@@@std@@@2@@2@@std@@@2@$0A@@std@@@std@@SAAAPAU?$_Tree_node@U?$pair@$$CBV?$basic_string@DU?$char_traits@D@std@@V?$allocator@D@2@@std@@V?$map@V?$basic_string@DU?$char_traits@D@std@@V?$allocator@D@2@@std@@PAVIOrder@@U?$less@V?$basic_string@DU?$char_traits@D@std@@V?$allocator@D@2@@std@@@2@V?$allocator@U?$pair@$$CBV?$basic_string@DU?$char_traits@D@std@@V?$allocator@D@2@@std@@PAVIOrder@@@std@@@2@@2@@std@@PAX@2@PAU32@@Z 10006e30 f i ITAccount.obj
 0001:00005e30       ?_Nextnode@?$_List_alloc@U?$_List_base_types@UOrderExecInfo@@V?$allocator@UOrderExecInfo@@@std@@@std@@@std@@SAAAPAU?$_List_node@UOrderExecInfo@@PAX@2@PAU32@@Z 10006e30 f i ITAccount.obj
 0001:00005e30       ?pointer_to@?$pointer_traits@PAU?$pair@$$CBV?$basic_string@DU?$char_traits@D@std@@V?$allocator@D@2@@std@@PAVIPosition@@@std@@@std@@SAPAU?$pair@$$CBV?$basic_string@DU?$char_traits@D@std@@V?$allocator@D@2@@std@@PAVIPosition@@@2@AAU32@@Z 10006e30 f i ITBothUMHedgeAccount.obj
 0001:00005e30       ?_Left@?$_Tree_comp_alloc@V?$_Tmap_traits@V?$basic_string@DU?$char_traits@D@std@@V?$allocator@D@2@@std@@V?$list@PAVIOrder@@V?$allocator@PAVIOrder@@@std@@@2@U?$less@V?$basic_string@DU?$char_traits@D@std@@V?$allocator@D@2@@std@@@2@V?$allocator@U?$pair@$$CBV?$basic_string@DU?$char_traits@D@std@@V?$allocator@D@2@@std@@V?$list@PAVIOrder@@V?$allocator@PAVIOrder@@@std@@@2@@std@@@2@$0A@@std@@@std@@SAAAPAU?$_Tree_node@U?$pair@$$CBV?$basic_string@DU?$char_traits@D@std@@V?$allocator@D@2@@std@@V?$list@PAVIOrder@@V?$allocator@PAVIOrder@@@std@@@2@@std@@PAX@2@PAU32@@Z 10006e30 f i ITAccount.obj
 0001:00005e30       ?pointer_to@?$pointer_traits@PAU?$pair@$$CBV?$basic_string@DU?$char_traits@D@std@@V?$allocator@D@2@@std@@UGlobalPosition@@@std@@@std@@SAPAU?$pair@$$CBV?$basic_string@DU?$char_traits@D@std@@V?$allocator@D@2@@std@@UGlobalPosition@@@2@AAU32@@Z 10006e30 f i ITGlobalPosition.obj
 0001:00005e30       ?_Left@?$_Tree_comp_alloc@V?$_Tmap_traits@V?$basic_string@DU?$char_traits@D@std@@V?$allocator@D@2@@std@@NU?$less@V?$basic_string@DU?$char_traits@D@std@@V?$allocator@D@2@@std@@@2@V?$allocator@U?$pair@$$CBV?$basic_string@DU?$char_traits@D@std@@V?$allocator@D@2@@std@@N@std@@@2@$0A@@std@@@std@@SAAAPAU?$_Tree_node@U?$pair@$$CBV?$basic_string@DU?$char_traits@D@std@@V?$allocator@D@2@@std@@N@std@@PAX@2@PAU32@@Z 10006e30 f i ITFxRMSCalculator.obj
 0001:00005e30       ?_Nextnode@?$_List_alloc@U?$_List_base_types@PAVIOrder@@V?$allocator@PAVIOrder@@@std@@@std@@@std@@SAAAPAU?$_List_node@PAVIOrder@@PAX@2@PAU32@@Z 10006e30 f i ITAccount.obj
 0001:00005e30       ?_Nextnode@?$_List_alloc@U?$_List_base_types@PAVIClientSession@@V?$allocator@PAVIClientSession@@@std@@@std@@@std@@SAAAPAU?$_List_node@PAVIClientSession@@PAX@2@PAU32@@Z 10006e30 f i ITAccount.obj
 0001:00005e50       ??E?$_List_iterator@V?$_List_val@U?$_List_simple_types@PAVIOrder@@@std@@@std@@@std@@QAEAAV01@XZ 10006e50 f i ITAccount.obj
 0001:00005e50       ??E?$_List_iterator@V?$_List_val@U?$_List_simple_types@UOrderExecInfo@@@std@@@std@@@std@@QAEAAV01@XZ 10006e50 f i ITBothUMHedgePosition.obj
 0001:00005e50       ??E?$_List_iterator@V?$_List_val@U?$_List_simple_types@PAVIClientSession@@@std@@@std@@@std@@QAEAAV01@XZ 10006e50 f i ITAccount.obj
 0001:00005e70       ??0?$_Tree_iterator@V?$_Tree_val@U?$_Tree_simple_types@U?$pair@$$CBV?$basic_string@DU?$char_traits@D@std@@V?$allocator@D@2@@std@@PAVIPosition@@@std@@@std@@@std@@@std@@QAE@PAU?$_Tree_node@U?$pair@$$CBV?$basic_string@DU?$char_traits@D@std@@V?$allocator@D@2@@std@@PAVIPosition@@@std@@PAX@1@PBV?$_Tree_val@U?$_Tree_simple_types@U?$pair@$$CBV?$basic_string@DU?$char_traits@D@std@@V?$allocator@D@2@@std@@PAVIPosition@@@std@@@std@@@1@@Z 10006e70 f i ITAccount.obj
 0001:00005e70       ??0?$_Tree_iterator@V?$_Tree_val@U?$_Tree_simple_types@U?$pair@$$CBV?$basic_string@DU?$char_traits@D@std@@V?$allocator@D@2@@std@@N@std@@@std@@@std@@@std@@QAE@PAU?$_Tree_node@U?$pair@$$CBV?$basic_string@DU?$char_traits@D@std@@V?$allocator@D@2@@std@@N@std@@PAX@1@PBV?$_Tree_val@U?$_Tree_simple_types@U?$pair@$$CBV?$basic_string@DU?$char_traits@D@std@@V?$allocator@D@2@@std@@N@std@@@std@@@1@@Z 10006e70 f i ITFxRMSCalculator.obj
 0001:00005e70       ??0?$_List_iterator@V?$_List_val@U?$_List_simple_types@PAVIClientSession@@@std@@@std@@@std@@QAE@PAU?$_List_node@PAVIClientSession@@PAX@1@PBV?$_List_val@U?$_List_simple_types@PAVIClientSession@@@std@@@1@@Z 10006e70 f i ITAccount.obj
 0001:00005e70       ??0?$_Tree_iterator@V?$_Tree_val@U?$_Tree_simple_types@U?$pair@$$CBV?$basic_string@DU?$char_traits@D@std@@V?$allocator@D@2@@std@@V?$list@PAVIOrder@@V?$allocator@PAVIOrder@@@std@@@2@@std@@@std@@@std@@@std@@QAE@PAU?$_Tree_node@U?$pair@$$CBV?$basic_string@DU?$char_traits@D@std@@V?$allocator@D@2@@std@@V?$list@PAVIOrder@@V?$allocator@PAVIOrder@@@std@@@2@@std@@PAX@1@PBV?$_Tree_val@U?$_Tree_simple_types@U?$pair@$$CBV?$basic_string@DU?$char_traits@D@std@@V?$allocator@D@2@@std@@V?$list@PAVIOrder@@V?$allocator@PAVIOrder@@@std@@@2@@std@@@std@@@1@@Z 10006e70 f i ITAccount.obj
 0001:00005e70       ??0?$_Tree_iterator@V?$_Tree_val@U?$_Tree_simple_types@U?$pair@$$CBV?$basic_string@DU?$char_traits@D@std@@V?$allocator@D@2@@std@@V?$map@V?$basic_string@DU?$char_traits@D@std@@V?$allocator@D@2@@std@@PAVIOrder@@U?$less@V?$basic_string@DU?$char_traits@D@std@@V?$allocator@D@2@@std@@@2@V?$allocator@U?$pair@$$CBV?$basic_string@DU?$char_traits@D@std@@V?$allocator@D@2@@std@@PAVIOrder@@@std@@@2@@2@@std@@@std@@@std@@@std@@QAE@PAU?$_Tree_node@U?$pair@$$CBV?$basic_string@DU?$char_traits@D@std@@V?$allocator@D@2@@std@@V?$map@V?$basic_string@DU?$char_traits@D@std@@V?$allocator@D@2@@std@@PAVIOrder@@U?$less@V?$basic_string@DU?$char_traits@D@std@@V?$allocator@D@2@@std@@@2@V?$allocator@U?$pair@$$CBV?$basic_string@DU?$char_traits@D@std@@V?$allocator@D@2@@std@@PAVIOrder@@@std@@@2@@2@@std@@PAX@1@PBV?$_Tree_val@U?$_Tree_simple_types@U?$pair@$$CBV?$basic_string@DU?$char_traits@D@std@@V?$allocator@D@2@@std@@V?$map@V?$basic_string@DU?$char_traits@D@std@@V?$allocator@D@2@@std@@PAVIOrder@@U?$less@V?$basic_string@DU?$char_traits@D@std@@V?$allocator@D@2@@std@@@2@V?$allocator@U?$pair@$$CBV?$basic_string@DU?$char_traits@D@std@@V?$allocator@D@2@@std@@PAVIOrder@@@std@@@2@@2@@std@@@std@@@1@@Z 10006e70 f i ITAccount.obj
 0001:00005e70       ??0?$_Tree_iterator@V?$_Tree_val@U?$_Tree_simple_types@U?$pair@$$CBV?$basic_string@DU?$char_traits@D@std@@V?$allocator@D@2@@std@@PAVIOrder@@@std@@@std@@@std@@@std@@QAE@PAU?$_Tree_node@U?$pair@$$CBV?$basic_string@DU?$char_traits@D@std@@V?$allocator@D@2@@std@@PAVIOrder@@@std@@PAX@1@PBV?$_Tree_val@U?$_Tree_simple_types@U?$pair@$$CBV?$basic_string@DU?$char_traits@D@std@@V?$allocator@D@2@@std@@PAVIOrder@@@std@@@std@@@1@@Z 10006e70 f i ITAccount.obj
 0001:00005e70       ??0?$_Tree_iterator@V?$_Tree_val@U?$_Tree_simple_types@U?$pair@$$CBV?$basic_string@DU?$char_traits@D@std@@V?$allocator@D@2@@std@@UGlobalPosition@@@std@@@std@@@std@@@std@@QAE@PAU?$_Tree_node@U?$pair@$$CBV?$basic_string@DU?$char_traits@D@std@@V?$allocator@D@2@@std@@UGlobalPosition@@@std@@PAX@1@PBV?$_Tree_val@U?$_Tree_simple_types@U?$pair@$$CBV?$basic_string@DU?$char_traits@D@std@@V?$allocator@D@2@@std@@UGlobalPosition@@@std@@@std@@@1@@Z 10006e70 f i ITGlobalPosition.obj
 0001:00005e70       ??0?$_List_iterator@V?$_List_val@U?$_List_simple_types@PAVIOrder@@@std@@@std@@@std@@QAE@PAU?$_List_node@PAVIOrder@@PAX@1@PBV?$_List_val@U?$_List_simple_types@PAVIOrder@@@std@@@1@@Z 10006e70 f i ITAccount.obj
 0001:00005e70       ??0?$_List_iterator@V?$_List_val@U?$_List_simple_types@UOrderExecInfo@@@std@@@std@@@std@@QAE@PAU?$_List_node@UOrderExecInfo@@PAX@1@PBV?$_List_val@U?$_List_simple_types@UOrderExecInfo@@@std@@@1@@Z 10006e70 f i ITBothUMHedgePosition.obj
 0001:00005e90       ??D?$_List_const_iterator@V?$_List_val@U?$_List_simple_types@PAVIOrder@@@std@@@std@@@std@@QBEABQAVIOrder@@XZ 10006e90 f i ITAccount.obj
 0001:00005e90       ??D?$_List_const_iterator@V?$_List_val@U?$_List_simple_types@PAVIClientSession@@@std@@@std@@@std@@QBEABQAVIClientSession@@XZ 10006e90 f i ITAccount.obj
 0001:00005e90       ??D?$_List_const_iterator@V?$_List_val@U?$_List_simple_types@UOrderExecInfo@@@std@@@std@@@std@@QBEABUOrderExecInfo@@XZ 10006e90 f i ITBothUMHedgePosition.obj
 0001:00005eb0       ?_Mysize@?$_List_alloc@U?$_List_base_types@UOrderExecInfo@@V?$allocator@UOrderExecInfo@@@std@@@std@@@std@@QAEAAIXZ 10006eb0 f i ITAccount.obj
 0001:00005eb0       ?_Mysize@?$_List_alloc@U?$_List_base_types@PAVIOrder@@V?$allocator@PAVIOrder@@@std@@@std@@@std@@QAEAAIXZ 10006eb0 f i ITAccount.obj
 0001:00005eb0       ?_Mysize@?$_List_alloc@U?$_List_base_types@PAVIClientSession@@V?$allocator@PAVIClientSession@@@std@@@std@@@std@@QBEABIXZ 10006eb0 f i ITAccount.obj
 0001:00005eb0       ?_Mysize@?$_List_alloc@U?$_List_base_types@PAVIClientSession@@V?$allocator@PAVIClientSession@@@std@@@std@@@std@@QAEAAIXZ 10006eb0 f i ITAccount.obj
 0001:00005eb0       ?_Mysize@?$_List_alloc@U?$_List_base_types@PAVIOrder@@V?$allocator@PAVIOrder@@@std@@@std@@@std@@QBEABIXZ 10006eb0 f i ITAccount.obj
 0001:00005ed0       ?_Myhead@?$_List_alloc@U?$_List_base_types@UOrderExecInfo@@V?$allocator@UOrderExecInfo@@@std@@@std@@@std@@QAEAAPAU?$_List_node@UOrderExecInfo@@PAX@2@XZ 10006ed0 f i ITAccount.obj
 0001:00005ed0       ?_Myhead@?$_List_alloc@U?$_List_base_types@PAVIClientSession@@V?$allocator@PAVIClientSession@@@std@@@std@@@std@@QAEAAPAU?$_List_node@PAVIClientSession@@PAX@2@XZ 10006ed0 f i ITAccount.obj
 0001:00005ed0       ?_Myhead@?$_List_alloc@U?$_List_base_types@PAVIOrder@@V?$allocator@PAVIOrder@@@std@@@std@@@std@@QAEAAPAU?$_List_node@PAVIOrder@@PAX@2@XZ 10006ed0 f i ITAccount.obj
 0001:00005ed0       ?_Bx@?$_String_alloc@U?$_String_base_types@DV?$allocator@D@std@@@std@@@std@@QAEAAT_Bxty@?$_String_val@U?$_Simple_types@D@std@@@2@XZ 10006ed0 f i ITAccount.obj
 0001:00005ed0       ?_Myhead@?$_List_alloc@U?$_List_base_types@PAVIOrder@@V?$allocator@PAVIOrder@@@std@@@std@@@std@@QBEABQAU?$_List_node@PAVIOrder@@PAX@2@XZ 10006ed0 f i ITAccount.obj
 0001:00005ef0       ?_Get_data@?$_String_alloc@U?$_String_base_types@DV?$allocator@D@std@@@std@@@std@@QBEABV?$_String_val@U?$_Simple_types@D@std@@@2@XZ 10006ef0 f i ITAccount.obj
 0001:00005ef0       ?_Getcomp@?$_Tree_comp_alloc@V?$_Tmap_traits@V?$basic_string@DU?$char_traits@D@std@@V?$allocator@D@2@@std@@V?$map@V?$basic_string@DU?$char_traits@D@std@@V?$allocator@D@2@@std@@PAVIOrder@@U?$less@V?$basic_string@DU?$char_traits@D@std@@V?$allocator@D@2@@std@@@2@V?$allocator@U?$pair@$$CBV?$basic_string@DU?$char_traits@D@std@@V?$allocator@D@2@@std@@PAVIOrder@@@std@@@2@@2@U?$less@V?$basic_string@DU?$char_traits@D@std@@V?$allocator@D@2@@std@@@2@V?$allocator@U?$pair@$$CBV?$basic_string@DU?$char_traits@D@std@@V?$allocator@D@2@@std@@V?$map@V?$basic_string@DU?$char_traits@D@std@@V?$allocator@D@2@@std@@PAVIOrder@@U?$less@V?$basic_string@DU?$char_traits@D@std@@V?$allocator@D@2@@std@@@2@V?$allocator@U?$pair@$$CBV?$basic_string@DU?$char_traits@D@std@@V?$allocator@D@2@@std@@PAVIOrder@@@std@@@2@@2@@std@@@2@$0A@@std@@@std@@QAEAAU?$less@V?$basic_string@DU?$char_traits@D@std@@V?$allocator@D@2@@std@@@2@XZ 10006ef0 f i ITAccount.obj
 0001:00005ef0       ?_Getcomp@?$_Tree_comp_alloc@V?$_Tmap_traits@V?$basic_string@DU?$char_traits@D@std@@V?$allocator@D@2@@std@@V?$map@V?$basic_string@DU?$char_traits@D@std@@V?$allocator@D@2@@std@@PAVIOrder@@U?$less@V?$basic_string@DU?$char_traits@D@std@@V?$allocator@D@2@@std@@@2@V?$allocator@U?$pair@$$CBV?$basic_string@DU?$char_traits@D@std@@V?$allocator@D@2@@std@@PAVIOrder@@@std@@@2@@2@U?$less@V?$basic_string@DU?$char_traits@D@std@@V?$allocator@D@2@@std@@@2@V?$allocator@U?$pair@$$CBV?$basic_string@DU?$char_traits@D@std@@V?$allocator@D@2@@std@@V?$map@V?$basic_string@DU?$char_traits@D@std@@V?$allocator@D@2@@std@@PAVIOrder@@U?$less@V?$basic_string@DU?$char_traits@D@std@@V?$allocator@D@2@@std@@@2@V?$allocator@U?$pair@$$CBV?$basic_string@DU?$char_traits@D@std@@V?$allocator@D@2@@std@@PAVIOrder@@@std@@@2@@2@@std@@@2@$0A@@std@@@std@@QBEABU?$less@V?$basic_string@DU?$char_traits@D@std@@V?$allocator@D@2@@std@@@2@XZ 10006ef0 f i ITAccount.obj
 0001:00005ef0       ?_Getcomp@?$_Tree_comp_alloc@V?$_Tmap_traits@V?$basic_string@DU?$char_traits@D@std@@V?$allocator@D@2@@std@@PAVIOrder@@U?$less@V?$basic_string@DU?$char_traits@D@std@@V?$allocator@D@2@@std@@@2@V?$allocator@U?$pair@$$CBV?$basic_string@DU?$char_traits@D@std@@V?$allocator@D@2@@std@@PAVIOrder@@@std@@@2@$0A@@std@@@std@@QAEAAU?$less@V?$basic_string@DU?$char_traits@D@std@@V?$allocator@D@2@@std@@@2@XZ 10006ef0 f i ITAccount.obj
 0001:00005ef0       ?_Getal@?$_List_alloc@U?$_List_base_types@PAVIOrder@@V?$allocator@PAVIOrder@@@std@@@std@@@std@@QAEAAU?$_Wrap_alloc@V?$allocator@U?$_List_node@PAVIOrder@@PAX@std@@@std@@@2@XZ 10006ef0 f i ITAccount.obj
 0001:00005ef0       ?_Getal@?$_String_alloc@U?$_String_base_types@DV?$allocator@D@std@@@std@@@std@@QBEABU?$_Wrap_alloc@V?$allocator@D@std@@@2@XZ 10006ef0 f i ITAccount.obj
 0001:00005ef0       ?_Getcomp@?$_Tree_comp_alloc@V?$_Tmap_traits@V?$basic_string@DU?$char_traits@D@std@@V?$allocator@D@2@@std@@NU?$less@V?$basic_string@DU?$char_traits@D@std@@V?$allocator@D@2@@std@@@2@V?$allocator@U?$pair@$$CBV?$basic_string@DU?$char_traits@D@std@@V?$allocator@D@2@@std@@N@std@@@2@$0A@@std@@@std@@QAEAAU?$less@V?$basic_string@DU?$char_traits@D@std@@V?$allocator@D@2@@std@@@2@XZ 10006ef0 f i ITFxRMSCalculator.obj
 0001:00005ef0       ?_Getal@?$_List_alloc@U?$_List_base_types@PAVIClientSession@@V?$allocator@PAVIClientSession@@@std@@@std@@@std@@QBEABU?$_Wrap_alloc@V?$allocator@U?$_List_node@PAVIClientSession@@PAX@std@@@std@@@2@XZ 10006ef0 f i ITAccount.obj
 0001:00005ef0       ?_Getcomp@?$_Tree_comp_alloc@V?$_Tmap_traits@V?$basic_string@DU?$char_traits@D@std@@V?$allocator@D@2@@std@@PAVIOrder@@U?$less@V?$basic_string@DU?$char_traits@D@std@@V?$allocator@D@2@@std@@@2@V?$allocator@U?$pair@$$CBV?$basic_string@DU?$char_traits@D@std@@V?$allocator@D@2@@std@@PAVIOrder@@@std@@@2@$0A@@std@@@std@@QBEABU?$less@V?$basic_string@DU?$char_traits@D@std@@V?$allocator@D@2@@std@@@2@XZ 10006ef0 f i ITAccount.obj
 0001:00005ef0       ?_Get_data@?$_List_alloc@U?$_List_base_types@PAVIClientSession@@V?$allocator@PAVIClientSession@@@std@@@std@@@std@@QBEABV?$_List_val@U?$_List_simple_types@PAVIClientSession@@@std@@@2@XZ 10006ef0 f i ITAccount.obj
 0001:00005ef0       ?_Getcomp@?$_Tree_comp_alloc@V?$_Tmap_traits@V?$basic_string@DU?$char_traits@D@std@@V?$allocator@D@2@@std@@V?$list@PAVIOrder@@V?$allocator@PAVIOrder@@@std@@@2@U?$less@V?$basic_string@DU?$char_traits@D@std@@V?$allocator@D@2@@std@@@2@V?$allocator@U?$pair@$$CBV?$basic_string@DU?$char_traits@D@std@@V?$allocator@D@2@@std@@V?$list@PAVIOrder@@V?$allocator@PAVIOrder@@@std@@@2@@std@@@2@$0A@@std@@@std@@QBEABU?$less@V?$basic_string@DU?$char_traits@D@std@@V?$allocator@D@2@@std@@@2@XZ 10006ef0 f i ITAccount.obj
 0001:00005ef0       ?_Get_data@?$_String_alloc@U?$_String_base_types@DV?$allocator@D@std@@@std@@@std@@QAEAAV?$_String_val@U?$_Simple_types@D@std@@@2@XZ 10006ef0 f i ITAccount.obj
 0001:00005ef0       ?_Getcomp@?$_Tree_comp_alloc@V?$_Tmap_traits@V?$basic_string@DU?$char_traits@D@std@@V?$allocator@D@2@@std@@UGlobalPosition@@U?$less@V?$basic_string@DU?$char_traits@D@std@@V?$allocator@D@2@@std@@@2@V?$allocator@U?$pair@$$CBV?$basic_string@DU?$char_traits@D@std@@V?$allocator@D@2@@std@@UGlobalPosition@@@std@@@2@$0A@@std@@@std@@QBEABU?$less@V?$basic_string@DU?$char_traits@D@std@@V?$allocator@D@2@@std@@@2@XZ 10006ef0 f i ITGlobalPosition.obj
 0001:00005ef0       ?_Getcomp@?$_Tree_comp_alloc@V?$_Tmap_traits@V?$basic_string@DU?$char_traits@D@std@@V?$allocator@D@2@@std@@NU?$less@V?$basic_string@DU?$char_traits@D@std@@V?$allocator@D@2@@std@@@2@V?$allocator@U?$pair@$$CBV?$basic_string@DU?$char_traits@D@std@@V?$allocator@D@2@@std@@N@std@@@2@$0A@@std@@@std@@QBEABU?$less@V?$basic_string@DU?$char_traits@D@std@@V?$allocator@D@2@@std@@@2@XZ 10006ef0 f i ITFxRMSCalculator.obj
 0001:00005ef0       ?_Get_data@?$_List_alloc@U?$_List_base_types@UOrderExecInfo@@V?$allocator@UOrderExecInfo@@@std@@@std@@@std@@QAEAAV?$_List_val@U?$_List_simple_types@UOrderExecInfo@@@std@@@2@XZ 10006ef0 f i ITAccount.obj
 0001:00005ef0       ?_Getal@?$_List_alloc@U?$_List_base_types@PAVIOrder@@V?$allocator@PAVIOrder@@@std@@@std@@@std@@QBEABU?$_Wrap_alloc@V?$allocator@U?$_List_node@PAVIOrder@@PAX@std@@@std@@@2@XZ 10006ef0 f i ITAccount.obj
 0001:00005ef0       ?_Getcomp@?$_Tree_comp_alloc@V?$_Tmap_traits@V?$basic_string@DU?$char_traits@D@std@@V?$allocator@D@2@@std@@PAVIPosition@@U?$less@V?$basic_string@DU?$char_traits@D@std@@V?$allocator@D@2@@std@@@2@V?$allocator@U?$pair@$$CBV?$basic_string@DU?$char_traits@D@std@@V?$allocator@D@2@@std@@PAVIPosition@@@std@@@2@$0A@@std@@@std@@QAEAAU?$less@V?$basic_string@DU?$char_traits@D@std@@V?$allocator@D@2@@std@@@2@XZ 10006ef0 f i ITAccount.obj
 0001:00005ef0       ?_Get_data@?$_List_alloc@U?$_List_base_types@PAVIOrder@@V?$allocator@PAVIOrder@@@std@@@std@@@std@@QAEAAV?$_List_val@U?$_List_simple_types@PAVIOrder@@@std@@@2@XZ 10006ef0 f i ITAccount.obj
 0001:00005ef0       ?_Getal@?$_String_alloc@U?$_String_base_types@DV?$allocator@D@std@@@std@@@std@@QAEAAU?$_Wrap_alloc@V?$allocator@D@std@@@2@XZ 10006ef0 f i ITAccount.obj
 0001:00005ef0       ?_Getcomp@?$_Tree_comp_alloc@V?$_Tmap_traits@V?$basic_string@DU?$char_traits@D@std@@V?$allocator@D@2@@std@@V?$list@PAVIOrder@@V?$allocator@PAVIOrder@@@std@@@2@U?$less@V?$basic_string@DU?$char_traits@D@std@@V?$allocator@D@2@@std@@@2@V?$allocator@U?$pair@$$CBV?$basic_string@DU?$char_traits@D@std@@V?$allocator@D@2@@std@@V?$list@PAVIOrder@@V?$allocator@PAVIOrder@@@std@@@2@@std@@@2@$0A@@std@@@std@@QAEAAU?$less@V?$basic_string@DU?$char_traits@D@std@@V?$allocator@D@2@@std@@@2@XZ 10006ef0 f i ITAccount.obj
 0001:00005ef0       ?_Get_data@?$_List_alloc@U?$_List_base_types@UOrderExecInfo@@V?$allocator@UOrderExecInfo@@@std@@@std@@@std@@QBEABV?$_List_val@U?$_List_simple_types@UOrderExecInfo@@@std@@@2@XZ 10006ef0 f i ITBothUMHedgePosition.obj
 0001:00005ef0       ?_Getal@?$_List_alloc@U?$_List_base_types@PAVIClientSession@@V?$allocator@PAVIClientSession@@@std@@@std@@@std@@QAEAAU?$_Wrap_alloc@V?$allocator@U?$_List_node@PAVIClientSession@@PAX@std@@@std@@@2@XZ 10006ef0 f i ITAccount.obj
 0001:00005ef0       ?_Get_data@?$_List_alloc@U?$_List_base_types@PAVIOrder@@V?$allocator@PAVIOrder@@@std@@@std@@@std@@QBEABV?$_List_val@U?$_List_simple_types@PAVIOrder@@@std@@@2@XZ 10006ef0 f i ITAccount.obj
 0001:00005ef0       ?_Getcomp@?$_Tree_comp_alloc@V?$_Tmap_traits@V?$basic_string@DU?$char_traits@D@std@@V?$allocator@D@2@@std@@UGlobalPosition@@U?$less@V?$basic_string@DU?$char_traits@D@std@@V?$allocator@D@2@@std@@@2@V?$allocator@U?$pair@$$CBV?$basic_string@DU?$char_traits@D@std@@V?$allocator@D@2@@std@@UGlobalPosition@@@std@@@2@$0A@@std@@@std@@QAEAAU?$less@V?$basic_string@DU?$char_traits@D@std@@V?$allocator@D@2@@std@@@2@XZ 10006ef0 f i ITGlobalPosition.obj
 0001:00005ef0       ?_Getal@?$_List_alloc@U?$_List_base_types@UOrderExecInfo@@V?$allocator@UOrderExecInfo@@@std@@@std@@@std@@QAEAAU?$_Wrap_alloc@V?$allocator@U?$_List_node@UOrderExecInfo@@PAX@std@@@std@@@2@XZ 10006ef0 f i ITAccount.obj
[...]
 0002:00005c08       __catchsym$??$_Insert_nohint@AAU?$pair@$$CBV?$basic_string@DU?$char_traits@D@std@@V?$allocator@D@2@@std@@UGlobalPosition@@@std@@PAU?$_Tree_node@U?$pair@$$CBV?$basic_string@DU?$char_traits@D@std@@V?$allocator@D@2@@std@@UGlobalPosition@@@std@@PAX@2@@?$_Tree@V?$_Tmap_traits@V?$basic_string@DU?$char_traits@D@std@@V?$allocator@D@2@@std@@UGlobalPosition@@U?$less@V?$basic_string@DU?$char_traits@D@std@@V?$allocator@D@2@@std@@@2@V?$allocator@U?$pair@$$CBV?$basic_string@DU?$char_traits@D@std@@V?$allocator@D@2@@std@@UGlobalPosition@@@std@@@2@$0A@@std@@@std@@IAE?AU?$pair@V?$_Tree_iterator@V?$_Tree_val@U?$_Tree_simple_types@U?$pair@$$CBV?$basic_string@DU?$char_traits@D@std@@V?$allocator@D@2@@std@@UGlobalPosition@@@std@@@std@@@std@@@std@@_N@1@_NAAU?$pair@$$CBV?$basic_string@DU?$char_traits@D@std@@V?$allocator@D@2@@std@@UGlobalPosition@@@1@PAU?$_Tree_node@U?$pair@$$CBV?$basic_string@DU?$char_traits@D@std@@V?$allocator@D@2@@std@@UGlobalPosition@@@std@@PAX@1@@Z$2 10028c08     ITGlobalPosition.obj
 0002:00005c18       __ehfuncinfo$?_Buynode0@?$_Tree_comp_alloc@V?$_Tmap_traits@V?$basic_string@DU?$char_traits@D@std@@V?$allocator@D@2@@std@@UGlobalPosition@@U?$less@V?$basic_string@DU?$char_traits@D@std@@V?$allocator@D@2@@std@@@2@V?$allocator@U?$pair@$$CBV?$basic_string@DU?$char_traits@D@std@@V?$allocator@D@2@@std@@UGlobalPosition@@@std@@@2@$0A@@std@@@std@@QAEPAU?$_Tree_node@U?$pair@$$CBV?$basic_string@DU?$char_traits@D@std@@V?$allocator@D@2@@std@@UGlobalPosition@@@std@@PAX@2@XZ 10028c18     ITGlobalPosition.obj
 0002:00005c3c       __unwindtable$?_Buynode0@?$_Tree_comp_alloc@V?$_Tmap_traits@V?$basic_string@DU?$char_traits@D@std@@V?$allocator@D@2@@std@@UGlobalPosition@@U?$less@V?$basic_string@DU?$char_traits@D@std@@V?$allocator@D@2@@std@@@2@V?$allocator@U?$pair@$$CBV?$basic_string@DU?$char_traits@D@std@@V?$allocator@D@2@@std@@UGlobalPosition@@@std@@@2@$0A@@std@@@std@@QAEPAU?$_Tree_node@U?$pair@$$CBV?$basic_string@DU?$char_traits@D@std@@V?$allocator@D@2@@std@@UGlobalPosition@@@std@@PAX@2@XZ 10028c3c     ITGlobalPosition.obj
 0002:00005c4c       __tryblocktable$?_Buynode0@?$_Tree_comp_alloc@V?$_Tmap_traits@V?$basic_string@DU?$char_traits@D@std@@V?$allocator@D@2@@std@@UGlobalPosition@@U?$less@V?$basic_string@DU?$char_traits@D@std@@V?$allocator@D@2@@std@@@2@V?$allocator@U?$pair@$$CBV?$basic_string@DU?$char_traits@D@std@@V?$allocator@D@2@@std@@UGlobalPosition@@@std@@@2@$0A@@std@@@std@@QAEPAU?$_Tree_node@U?$pair@$$CBV?$basic_string@DU?$char_traits@D@std@@V?$allocator@D@2@@std@@UGlobalPosition@@@std@@PAX@2@XZ 10028c4c     ITGlobalPosition.obj
 0002:00005c60       __catchsym$?_Buynode0@?$_Tree_comp_alloc@V?$_Tmap_traits@V?$basic_string@DU?$char_traits@D@std@@V?$allocator@D@2@@std@@UGlobalPosition@@U?$less@V?$basic_string@DU?$char_traits@D@std@@V?$allocator@D@2@@std@@@2@V?$allocator@U?$pair@$$CBV?$basic_string@DU?$char_traits@D@std@@V?$allocator@D@2@@std@@UGlobalPosition@@@std@@@2@$0A@@std@@@std@@QAEPAU?$_Tree_node@U?$pair@$$CBV?$basic_string@DU?$char_traits@D@std@@V?$allocator@D@2@@std@@UGlobalPosition@@@std@@PAX@2@XZ$2 10028c60     ITGlobalPosition.obj
 0002:00005c70       __ehfuncinfo$?CheckMargin@ITNonHedgeAccount@@UAEHPAVIOrder@@_KNNPAUIContractManager@@PAVIPosition@@@Z 10028c70     ITNonHedgeAccount.obj
 0002:00005c94       __unwindtable$?CheckMargin@ITNonHedgeAccount@@UAEHPAVIOrder@@_KNNPAUIContractManager@@PAVIPosition@@@Z 10028c94     ITNonHedgeAccount.obj
 0002:00005cb4       __ehfuncinfo$?ProcessExecutionReport@ITNonHedgeAccount@@UAEHPAUExecutionReport@@AAPAVIOrder@@AA_N2AAPAX3AAK4PAXAAN66NNPAVIDatabase@@PAUIContractManager@@PAVIConnectionMgr@@PAVIGlobalPosition@@@Z 10028cb4     ITNonHedgeAccount.obj
 0002:00005cd8       __unwindtable$?ProcessExecutionReport@ITNonHedgeAccount@@UAEHPAUExecutionReport@@AAPAVIOrder@@AA_N2AAPAX3AAK4PAXAAN66NNPAVIDatabase@@PAUIContractManager@@PAVIConnectionMgr@@PAVIGlobalPosition@@@Z 10028cd8     ITNonHedgeAccount.obj
 0002:00005d00       __ehfuncinfo$?ProcessCROrder@ITNonHedgeAccount@@UAEHPAVIOrder@@0NNPAUIContractManager@@@Z 10028d00     ITNonHedgeAccount.obj
 0002:00005d24       __unwindtable$?ProcessCROrder@ITNonHedgeAccount@@UAEHPAVIOrder@@0NNPAUIContractManager@@@Z 10028d24     ITNonHedgeAccount.obj
 0002:00005d4c       __ehfuncinfo$?CalculatePnLAndLiquidate@ITNonHedgeAccount@@UAEHPAUIContractManager@@PAVIConnectionMgr@@@Z 10028d4c     ITNonHedgeAccount.obj
 0002:00005d70       __unwindtable$?CalculatePnLAndLiquidate@ITNonHedgeAccount@@UAEHPAUIContractManager@@PAVIConnectionMgr@@@Z 10028d70     ITNonHedgeAccount.obj
 0002:00005d88       __ehfuncinfo$?UpdatePositionStats@ITNonHedgePosition@@UAEHDKD_KAAKAAN@Z 10028d88     ITNonHedgePosition.obj
 0002:00005dac       __unwindtable$?UpdatePositionStats@ITNonHedgePosition@@UAEHDKD_KAAKAAN@Z 10028dac     ITNonHedgePosition.obj
 0002:00005db4       __ehfuncinfo$?GetQtyToCheckForMargin@ITNonHedgePosition@@UAEHAAKPAVIOrder@@_N@Z 10028db4     ITNonHedgePosition.obj
 0002:00005dd8       __unwindtable$?GetQtyToCheckForMargin@ITNonHedgePosition@@UAEHAAKPAVIOrder@@_N@Z 10028dd8     ITNonHedgePosition.obj
 0002:00005df8       __ehfuncinfo$?UpdatePosition@ITNonHedgePosition@@UAEHPAVIOrder@@PAUExecutionReport@@AAN2AAKPAXPAVIGlobalPosition@@@Z 10028df8     ITNonHedgePosition.obj
 0002:00005e1c       __unwindtable$?UpdatePosition@ITNonHedgePosition@@UAEHPAVIOrder@@PAUExecutionReport@@AAN2AAKPAXPAVIGlobalPosition@@@Z 10028e1c     ITNonHedgePosition.obj
 0002:00005e44       __ehfuncinfo$?SendMessageForAutoHedge@ITNonHedgePosition@@QAEHAAUMQLOrder@@@Z 10028e44     ITNonHedgePosition.obj
 0002:00005e68       __unwindtable$?SendMessageForAutoHedge@ITNonHedgePosition@@QAEHAAUMQLOrder@@@Z 10028e68     ITNonHedgePosition.obj
 0002:00005e78       __ehfuncinfo$?CheckMargin@ITNoUMHedgeAccount@@UAEHPAVIOrder@@_KNNPAUIContractManager@@PAVIPosition@@@Z 10028e78     ITNoUMHedgeAccount.obj
 0002:00005e9c       __unwindtable$?CheckMargin@ITNoUMHedgeAccount@@UAEHPAVIOrder@@_KNNPAUIContractManager@@PAVIPosition@@@Z 10028e9c     ITNoUMHedgeAccount.obj
 0002:00005ebc       __ehfuncinfo$?ProcessExecutionReport@ITOneUMHedgeAccount@@UAEHPAUExecutionReport@@AAPAVIOrder@@AA_N2AAPAX3AAK4PAXAAN66NNPAVIDatabase@@PAUIContractManager@@PAVIConnectionMgr@@PAVIGlobalPosition@@@Z 10028ebc     ITOneUMHedgeAccount.obj
 0002:00005ebc       __ehfuncinfo$?ProcessExecutionReport@ITNoUMHedgeAccount@@UAEHPAUExecutionReport@@AAPAVIOrder@@AA_N2AAPAX3AAK4PAXAAN66NNPAVIDatabase@@PAUIContractManager@@PAVIConnectionMgr@@PAVIGlobalPosition@@@Z 10028ebc     ITNoUMHedgeAccount.obj
 0002:00005ee0       __unwindtable$?ProcessExecutionReport@ITNoUMHedgeAccount@@UAEHPAUExecutionReport@@AAPAVIOrder@@AA_N2AAPAX3AAK4PAXAAN66NNPAVIDatabase@@PAUIContractManager@@PAVIConnectionMgr@@PAVIGlobalPosition@@@Z 10028ee0     ITNoUMHedgeAccount.obj
 0002:00005ee0       __unwindtable$?ProcessExecutionReport@ITOneUMHedgeAccount@@UAEHPAUExecutionReport@@AAPAVIOrder@@AA_N2AAPAX3AAK4PAXAAN66NNPAVIDatabase@@PAUIContractManager@@PAVIConnectionMgr@@PAVIGlobalPosition@@@Z 10028ee0     ITOneUMHedgeAccount.obj
 0002:00005f10       __ehfuncinfo$?ProcessCROrder@ITNoUMHedgeAccount@@UAEHPAVIOrder@@0NNPAUIContractManager@@@Z 10028f10     ITNoUMHedgeAccount.obj
 0002:00005f10       __ehfuncinfo$?ProcessCROrder@ITOneUMHedgeAccount@@UAEHPAVIOrder@@0NNPAUIContractManager@@@Z 10028f10     ITOneUMHedgeAccount.obj
 0002:00005f34       __unwindtable$?ProcessCROrder@ITOneUMHedgeAccount@@UAEHPAVIOrder@@0NNPAUIContractManager@@@Z 10028f34     ITOneUMHedgeAccount.obj
 0002:00005f34       __unwindtable$?ProcessCROrder@ITNoUMHedgeAccount@@UAEHPAVIOrder@@0NNPAUIContractManager@@@Z 10028f34     ITNoUMHedgeAccount.obj
 0002:00005f5c       __ehfuncinfo$?CalculateUsedMargin@ITOneUMHedgeAccount@@QAENPAVIOrder@@_KPAUIContractManager@@@Z 10028f5c     ITOneUMHedgeAccount.obj
 0002:00005f5c       __ehfuncinfo$?CalculateUsedMargin@ITNoUMHedgeAccount@@QAENPAVIOrder@@_KPAUIContractManager@@@Z 10028f5c     ITNoUMHedgeAccount.obj
 0002:00005f80       __unwindtable$?CalculateUsedMargin@ITOneUMHedgeAccount@@QAENPAVIOrder@@_KPAUIContractManager@@@Z 10028f80     ITOneUMHedgeAccount.obj
 0002:00005f80       __unwindtable$?CalculateUsedMargin@ITNoUMHedgeAccount@@QAENPAVIOrder@@_KPAUIContractManager@@@Z 10028f80     ITNoUMHedgeAccount.obj
 0002:00005f98       __ehfuncinfo$?CalculatePnLAndLiquidate@ITNoUMHedgeAccount@@UAEHPAUIContractManager@@PAVIConnectionMgr@@@Z 10028f98     ITNoUMHedgeAccount.obj
 0002:00005f98       __ehfuncinfo$?CalculatePnLAndLiquidate@ITOneUMHedgeAccount@@UAEHPAUIContractManager@@PAVIConnectionMgr@@@Z 10028f98     ITOneUMHedgeAccount.obj
 0002:00005fbc       __unwindtable$?CalculatePnLAndLiquidate@ITOneUMHedgeAccount@@UAEHPAUIContractManager@@PAVIConnectionMgr@@@Z 10028fbc     ITOneUMHedgeAccount.obj
 0002:00005fbc       __unwindtable$?CalculatePnLAndLiquidate@ITNoUMHedgeAccount@@UAEHPAUIContractManager@@PAVIConnectionMgr@@@Z 10028fbc     ITNoUMHedgeAccount.obj
 0002:00005fd4       __ehfuncinfo$?UpdatePositionStats@ITOneUMHedgePosition@@UAEHDKD_KAAKAAN@Z 10028fd4     ITOneUMHedgePosition.obj
 0002:00005fd4       __ehfuncinfo$?UpdatePositionStats@ITNoUMHedgePosition@@UAEHDKD_KAAKAAN@Z 10028fd4     ITNoUMHedgePosition.obj
 0002:00005fd4       __ehfuncinfo$?GetQtyToCheckForMargin@ITPosition@@UAEHAAKPAVIOrder@@_N@Z 10028fd4     ITPosition.obj
 0002:00005ff8       __unwindtable$?UpdatePositionStats@ITOneUMHedgePosition@@UAEHDKD_KAAKAAN@Z 10028ff8     ITOneUMHedgePosition.obj
 0002:00005ff8       __unwindtable$?GetQtyToCheckForMargin@ITPosition@@UAEHAAKPAVIOrder@@_N@Z 10028ff8     ITPosition.obj
 0002:00005ff8       __unwindtable$?UpdatePositionStats@ITNoUMHedgePosition@@UAEHDKD_KAAKAAN@Z 10028ff8     ITNoUMHedgePosition.obj
 0002:00006008       __ehfuncinfo$?GetQtyToCheckForMargin@ITOneUMHedgePosition@@UAEHAAKPAVIOrder@@_N@Z 10029008     ITOneUMHedgePosition.obj
 0002:00006008       __ehfuncinfo$?GetQtyToCheckForMargin@ITNoUMHedgePosition@@UAEHAAKPAVIOrder@@_N@Z 10029008     ITNoUMHedgePosition.obj
 0002:0000602c       __unwindtable$?GetQtyToCheckForMargin@ITNoUMHedgePosition@@UAEHAAKPAVIOrder@@_N@Z 1002902c     ITNoUMHedgePosition.obj
 0002:0000602c       __unwindtable$?GetQtyToCheckForMargin@ITOneUMHedgePosition@@UAEHAAKPAVIOrder@@_N@Z 1002902c     ITOneUMHedgePosition.obj
 0002:00006044       __ehfuncinfo$?UpdatePosition@ITNoUMHedgePosition@@UAEHPAVIOrder@@PAUExecutionReport@@AAN2AAKPAXPAVIGlobalPosition@@@Z 10029044     ITNoUMHedgePosition.obj
 0002:00006068       __unwindtable$?UpdatePosition@ITNoUMHedgePosition@@UAEHPAVIOrder@@PAUExecutionReport@@AAN2AAKPAXPAVIGlobalPosition@@@Z 10029068     ITNoUMHedgePosition.obj
 0002:00006078       __ehfuncinfo$?CheckMargin@ITOneUMHedgeAccount@@UAEHPAVIOrder@@_KNNPAUIContractManager@@PAVIPosition@@@Z 10029078     ITOneUMHedgeAccount.obj
 0002:0000609c       __unwindtable$?CheckMargin@ITOneUMHedgeAccount@@UAEHPAVIOrder@@_KNNPAUIContractManager@@PAVIPosition@@@Z 1002909c     ITOneUMHedgeAccount.obj
 0002:000060bc       __ehfuncinfo$?UpdatePosition@ITOneUMHedgePosition@@UAEHPAVIOrder@@PAUExecutionReport@@AAN2AAKPAXPAVIGlobalPosition@@@Z 100290bc     ITOneUMHedgePosition.obj
 0002:000060e0       __unwindtable$?UpdatePosition@ITOneUMHedgePosition@@UAEHPAVIOrder@@PAUExecutionReport@@AAN2AAKPAXPAVIGlobalPosition@@@Z 100290e0     ITOneUMHedgePosition.obj
 0002:000060f0       __ehfuncinfo$??0IPosition@@QAE@XZ 100290f0     ITPosition.obj
 0002:00006114       __unwindtable$??0IPosition@@QAE@XZ 10029114     ITPosition.obj
 0002:0000611c       __ehfuncinfo$?ToString@ITPosition@@UAE?AV?$basic_string@DU?$char_traits@D@std@@V?$allocator@D@2@@std@@XZ 1002911c     ITPosition.obj
 0002:00006140       __unwindtable$?ToString@ITPosition@@UAE?AV?$basic_string@DU?$char_traits@D@std@@V?$allocator@D@2@@std@@XZ 10029140     ITPosition.obj
 0002:00006148       __ehfuncinfo$?UpdatePositionStats@ITPosition@@UAEHDKD_KAAKAAN@Z 10029148     ITPosition.obj
 0002:0000616c       __unwindtable$?UpdatePositionStats@ITPosition@@UAEHDKD_KAAKAAN@Z 1002916c     ITPosition.obj
 0002:0000617c       __ehfuncinfo$?Init@ITPosition@@UAEHPAVIDatabase@@PAVIAccount@@V?$basic_string@DU?$char_traits@D@std@@V?$allocator@D@2@@std@@PAVITable@@@Z 1002917c     ITPosition.obj
 0002:000061a0       __unwindtable$?Init@ITPosition@@UAEHPAVIDatabase@@PAVIAccount@@V?$basic_string@DU?$char_traits@D@std@@V?$allocator@D@2@@std@@PAVITable@@@Z 100291a0     ITPosition.obj
 0002:000061a8       __ehfuncinfo$?LoadOpenPosOrder@ITPosition@@UAEHPAVIOrder@@@Z 100291a8     ITPosition.obj
 0002:000061cc       __unwindtable$?LoadOpenPosOrder@ITPosition@@UAEHPAVIOrder@@@Z 100291cc     ITPosition.obj
 0002:000061dc       __ehfuncinfo$?LoadAllNonSettledMapping@ITPosition@@UAEHPAVITable@@@Z 100291dc     ITPosition.obj
 0002:00006200       __unwindtable$?LoadAllNonSettledMapping@ITPosition@@UAEHPAVITable@@@Z 10029200     ITPosition.obj
 0002:00006210       __ehfuncinfo$?CreateAccountObject@@YGPAVIAccount@@H@Z 10029210     RMS.obj
 0002:00006234       __unwindtable$?CreateAccountObject@@YGPAVIAccount@@H@Z 10029234     RMS.obj
 0002:00006254       __ehfuncinfo$?CreatePositionObject@@YGPAVIPosition@@HPAVRMSCalculatorFactory@@@Z 10029254     RMS.obj
 0002:00006278       __unwindtable$?CreatePositionObject@@YGPAVIPosition@@HPAVRMSCalculatorFactory@@@Z 10029278     RMS.obj
 0002:00006298       __ehfuncinfo$?CreateRMSCalculator@@YGPAVRMSCalculatorFactory@@XZ 10029298     RMS.obj
 0002:000062bc       __unwindtable$?CreateRMSCalculator@@YGPAVRMSCalculatorFactory@@XZ 100292bc     RMS.obj
 0002:000062c4       __ehfuncinfo$?CreateGlobalPosition@@YGPAVIGlobalPosition@@XZ 100292c4     RMS.obj
 0002:000062e8       __unwindtable$?CreateGlobalPosition@@YGPAVIGlobalPosition@@XZ 100292e8     RMS.obj
 0002:000062f0       __ehfuncinfo$??0RMSCalculator@@QAE@XZ 100292f0     RMSCalculator.obj
 0002:00006314       __unwindtable$??0RMSCalculator@@QAE@XZ 10029314     RMSCalculator.obj
 0002:00006320       __sehtable$___scrt_is_nonwritable_in_current_image 10029320     MSVCRT:utility.obj
 0002:00006340       __sehtable$?dllmain_crt_process_attach@@YAHQAUHINSTANCE__@@QAX@Z 10029340     MSVCRT:dll_dllmain.obj
 0002:00006360       __sehtable$?dllmain_crt_process_detach@@YAH_N@Z 10029360     MSVCRT:dll_dllmain.obj
 0002:00006380       __sehtable$?dllmain_dispatch@@YAHQAUHINSTANCE__@@KQAX@Z 10029380     MSVCRT:dll_dllmain.obj
 0002:00006480       .edata                     10029480     RMS.exp
 0002:000064a8       rgpv                       100294a8     RMS.exp
 0002:000064b8       rgszName                   100294b8     RMS.exp
 0002:000064c8       rgwOrd                     100294c8     RMS.exp
 0002:000064d0       szName                     100294d0     RMS.exp
 0002:000064d8       $N00001                    100294d8     RMS.exp
 0002:00006501       $N00002                    10029501     RMS.exp
 0002:00006531       $N00003                    10029531     RMS.exp
 0002:00006575       $N00004                    10029575     RMS.exp
 0002:00006856       .idata$6                   10029856     Database:Database.dll
 0002:00006882       .idata$6                   10029882     xlogger:xLogger.dll
 0002:000068ee       .idata$6                   100298ee     Utilities:Utilities.dll
 0002:00006a08       .idata$6                   10029a08     kernel32:KERNEL32.dll
 0002:00006a16       .idata$6                   10029a16     oleaut32:OLEAUT32.dll
 0002:00006a7e       .idata$6                   10029a7e     msvcprt:MSVCP140.dll
 0002:00006b54       .idata$6                   10029b54     vcruntime:VCRUNTIME140.dll
 0002:00006cba       .idata$6                   10029cba     ucrt:api-ms-win-crt-heap-l1-1-0.dll
 0002:00006cda       .idata$6                   10029cda     ucrt:api-ms-win-crt-stdio-l1-1-0.dll
 0002:00006cfa       .idata$6                   10029cfa     ucrt:api-ms-win-crt-runtime-l1-1-0.dll
 0002:00006ec0       .idata$6                   10029ec0     ucrt:api-ms-win-crt-math-l1-1-0.dll
 0003:000003ac       ?module_local_atexit_table@@3U_onexit_table_t@@A 1002a3ac     MSVCRT:utility.obj
 0003:000003b8       ?module_local_at_quick_exit_table@@3U_onexit_table_t@@A 1002a3b8     MSVCRT:utility.obj
 0003:000003c4       ?is_initialized_as_dll@@3_NA 1002a3c4     MSVCRT:utility.obj
 0003:000003c8       ?_Tss_mutex@@3U_RTL_CRITICAL_SECTION@@A 1002a3c8     MSVCRT:thread_safe_statics.obj
 0003:000003e0       ?_Tss_cv@@3U_RTL_CONDITION_VARIABLE@@A 1002a3e0     MSVCRT:thread_safe_statics.obj
 0003:000003e4       ?_Tss_event@@3PAXA         1002a3e4     MSVCRT:thread_safe_statics.obj
 0003:000003e8       ?encoded_sleep_condition_variable_cs@@3P6GHPAU_RTL_CONDITION_VARIABLE@@PAU_RTL_CRITICAL_SECTION@@K@ZA 1002a3e8     MSVCRT:thread_safe_statics.obj
 0003:000003ec       ?encoded_wake_all_condition_variable@@3P6GXPAU_RTL_CONDITION_VARIABLE@@@ZA 1002a3ec     MSVCRT:thread_safe_statics.obj
 0003:000003f0       ?__proc_attached@@3HA      1002a3f0     MSVCRT:dll_dllmain.obj
 0003:000003f8       _GS_ExceptionRecord        1002a3f8     MSVCRT:gs_report.obj
 0003:00000448       _GS_ContextRecord          1002a448     MSVCRT:gs_report.obj
 0003:0000073c       ?count@?1??GetMessageObject@@YAPAXI@Z@4HA 1002a73c     ITAccount.obj
 0003:00000748       ?count@?1??GetMessageObject@@YAPAXI@Z@4HA 1002a748     ITBothUMHedgeAccount.obj
 0003:0000074c       ?count@?1??GetMessageObject@@YAPAXI@Z@4HA 1002a74c     ITNonHedgeAccount.obj
 0003:00000750       ?count@?1??GetMessageObject@@YAPAXI@Z@4HA 1002a750     ITNoUMHedgeAccount.obj
 0003:00000754       ?count@?1??GetMessageObject@@YAPAXI@Z@4HA 1002a754     ITOneUMHedgeAccount.obj
 0003:00000758       ?count@?1??GetMessageObject@@YAPAXI@Z@4HA 1002a758     ITPosition.obj
 0004:00000000       __guard_fids__             1002b000     MSVCRT:std_type_info_static.obj
 0004:00000004       __guard_fids__             1002b004     MSVCRT:thread_safe_statics.obj
 0004:00000008       __guard_fids_?__scrt_initialize_thread_safe_statics@@YAHXZ 1002b008     MSVCRT:thread_safe_statics.obj
 0004:0000000c       __guard_fids_?dllmain_crt_process_attach@@YAHQAUHINSTANCE__@@QAX@Z 1002b00c     MSVCRT:dll_dllmain.obj
 0004:00000014       __guard_fids_?dllmain_dispatch@@YAHQAUHINSTANCE__@@KQAX@Z 1002b014     MSVCRT:dll_dllmain.obj
 0004:00000018       __guard_fids__             1002b018     MSVCRT:throw_bad_alloc.obj
 0004:00000020       __guard_fids__             1002b020     MSVCRT:throw_bad_alloc.obj
 0004:00000028       __guard_fids__             1002b028     MSVCRT:throw_bad_alloc.obj
 0004:00000030       __guard_fids__             1002b030     MSVCRT:throw_bad_alloc.obj
 0004:00000034       __guard_fids__             1002b034     MSVCRT:throw_bad_alloc.obj
 0004:00000038       __guard_fids__             1002b038     MSVCRT:throw_bad_alloc.obj
 0004:0000003c       __guard_fids__             1002b03c     MSVCRT:throw_bad_alloc.obj
 0004:00000040       __guard_fids___except_handler4 1002b040     MSVCRT:_chandler4gs_.obj
 0004:00000044       __guard_fids__             1002b044     MSVCRT:guard_support.obj
 0006:000000a0       $R000000                   1002d0a0     RMS.res
 0006:000003a8       $R000308                   1002d3a8     RMS.res
