 OMS

 Timestamp is 58e37a1f (Tue Apr  4 16:19:03 2017)

 Preferred load address is 10000000

 Start         Length     Name                   Class
 0001:00000000 00000020H .text$di                CODE
 0001:00000020 00006730H .text$mn                CODE
 0001:00006750 00000180H .text$x                 CODE
 0001:000068d0 0000000aH .text$yd                CODE
 0002:00000000 00000140H .idata$5                DATA
 0002:00000140 00000004H .00cfg                  DATA
 0002:00000144 00000004H .CRT$XCA                DATA
 0002:00000148 00000004H .CRT$XCL                DATA
 0002:0000014c 00000000H .CRT$XCU                DATA
 0002:0000014c 00000004H .CRT$XCZ                DATA
 0002:00000150 00000004H .CRT$XIA                DATA
 0002:00000154 00000004H .CRT$XIC                DATA
 0002:00000158 00000004H .CRT$XIZ                DATA
 0002:0000015c 00000004H .CRT$XLA                DATA
 0002:00000160 00000004H .CRT$XLZ                DATA
 0002:00000164 00000004H .CRT$XPA                DATA
 0002:00000168 00000004H .CRT$XPZ                DATA
 0002:0000016c 00000004H .CRT$XTA                DATA
 0002:00000170 00000010H .CRT$XTZ                DATA
 0002:00000180 0000176cH .rdata                  DATA
 0002:000018ec 00000018H .rdata$T                DATA
 0002:00001904 0000020cH .rdata$r                DATA
 0002:00001b10 00000028H .rdata$sxdata           DATA
 0002:00001b38 00000388H .rdata$zzzdbg           DATA
 0002:00001ec0 00000004H .rtc$IAA                DATA
 0002:00001ec4 00000004H .rtc$IZZ                DATA
 0002:00001ec8 00000004H .rtc$TAA                DATA
 0002:00001ecc 00000004H .rtc$TZZ                DATA
 0002:00001ed0 00000380H .xdata$x                DATA
 0002:00002250 00000000H ATL$__a                 DATA
 0002:00002250 00000000H ATL$__z                 DATA
 0002:00002250 00000060H .edata                  DATA
 0002:000022b0 000000f0H .idata$2                DATA
 0002:000023a0 00000014H .idata$3                DATA
 0002:000023b4 00000140H .idata$4                DATA
 0002:000024f4 0000068eH .idata$6                DATA
 0003:00000000 00000034H .data                   DATA
 0003:00000034 000000e4H .data$r                 DATA
 0003:00000118 000003e4H .bss                    DATA
 0004:00000000 00000004H .tls                    DATA
 0004:00000004 00000004H .tls$                   DATA
 0004:00000008 00000001H .tls$ZZZ                DATA
 0005:00000000 00000048H .gfids$y                DATA
 0006:00000000 000000a0H .rsrc$01                DATA
 0006:000000a0 00000488H .rsrc$02                DATA

  Address         Publics by Value              Rva+Base       Lib:Object

 0000:00000000       ___guard_longjmp_count     00000000     <absolute>
 0000:00000000       ___guard_iat_table         00000000     <absolute>
 0000:00000000       ___guard_iat_count         00000000     <absolute>
 0000:00000000       ___guard_fids_count        00000000     <absolute>
 0000:00000000       ___guard_longjmp_table     00000000     <absolute>
 0000:00000000       ___dynamic_value_reloc_table 00000000     <absolute>
 0000:00000000       ___guard_fids_table        00000000     <absolute>
 0000:0000000a       ___safe_se_handler_count   0000000a     <absolute>
 0000:0000002c       __tls_array                0000002c     <absolute>
 0000:00000100       ___guard_flags             00000100     <absolute>
 0000:00000000       ___ImageBase               10000000     <linker-defined>
 0001:00000020       _HRESULT_FROM_WIN32        10001020 f i ITOrder.obj
 0001:00000060       ___local_stdio_printf_options 10001060 f i ITOrder.obj
 0001:00000070       __vsnprintf_l              10001070 f i ITOrder.obj
 0001:000000d0       __vsprintf_l               100010d0 f i ITOrder.obj
 0001:000000f0       __vsprintf_s_l             100010f0 f i ITOrder.obj
 0001:00000140       _sprintf                   10001140 f i ITOrder.obj
 0001:00000180       _sprintf_s                 10001180 f i ITOrder.obj
 0001:000001c0       ??0_com_error@@QAE@JPAUIErrorInfo@@_N@Z 100011c0 f i ITOrder.obj
 0001:00000220       ??1_com_error@@UAE@XZ      10001220 f i ITOrder.obj
 0001:00000270       ?WCode@_com_error@@QBEGXZ  10001270 f i ITOrder.obj
 0001:00000290       ?ErrorMessage@_com_error@@QBEPBDXZ 10001290 f i ITOrder.obj
 0001:000003d0       ?HRESULTToWCode@_com_error@@SAGJ@Z 100013d0 f i ITOrder.obj
 0001:00000410       ??2@YAPAXIPAX@Z            10001410 f i ITOrder.obj
 0001:00000420       ??_G_com_error@@UAEPAXI@Z  10001420 f i ITOrder.obj
 0001:00000420       ??_E_com_error@@UAEPAXI@Z  10001420 f i * CIL library *:* CIL module *
 0001:00000450       ??0exception@std@@QAE@QBD@Z 10001450 f i ITOrder.obj
 0001:000004a0       ??0exception@std@@QAE@ABV01@@Z 100014a0 f i ITOrder.obj
 0001:000004e0       ??1exception@std@@UAE@XZ   100014e0 f i ITOrder.obj
 0001:00000510       ?what@exception@std@@UBEPBDXZ 10001510 f i ITOrder.obj
 0001:00000540       ??_Gexception@std@@UAEPAXI@Z 10001540 f i ITOrder.obj
 0001:00000540       ??_Eexception@std@@UAEPAXI@Z 10001540 f i * CIL library *:* CIL module *
 0001:00000570       ?length@?$char_traits@D@std@@SAIPBD@Z 10001570 f i ITOrder.obj
 0001:000005c0       ?copy@?$char_traits@D@std@@SAPADPADPBDI@Z 100015c0 f i ITOrder.obj
 0001:000005f0       ?move@?$char_traits@D@std@@SAPADPADPBDI@Z 100015f0 f i ITOrder.obj
 0001:00000630       ?assign@?$char_traits@D@std@@SAXAADABD@Z 10001630 f i ITOrder.obj
 0001:00000640       ??$destroy@PAD@?$allocator@D@std@@QAEXPAPAD@Z 10001640 f i ITOrder.obj
 0001:00000640       ??$destroy@PAU?$_List_node@UOrderExecInfo@@PAX@std@@@?$allocator@U?$_List_node@UOrderExecInfo@@PAX@std@@@std@@QAEXPAPAU?$_List_node@UOrderExecInfo@@PAX@1@@Z 10001640 f i ITOrder.obj
 0001:00000640       ??$destroy@UOrderExecInfo@@@?$allocator@U?$_List_node@UOrderExecInfo@@PAX@std@@@std@@QAEXPAUOrderExecInfo@@@Z 10001640 f i ITOrder.obj
 0001:00000640       ?_Adopt@_Iterator_base0@std@@QAEXPBX@Z 10001640 f i ITOrder.obj
 0001:00000650       ?_Allocate@std@@YAPAXII_N@Z 10001650 f i ITOrder.obj
 0001:00000710       ?_Deallocate@std@@YAXPAXII@Z 10001710 f i ITOrder.obj
 0001:00000c30       ?Free@CCRTAllocator@ATL@@SAXPAX@Z 10001c30 f i ITOrder.obj
 0001:00000c50       ?_AtlGetConversionACP@ATL@@YGIXZ 10001c50 f i ITOrder.obj
 0001:00000c60       ?A2WBSTR@@YAPA_WPBDH@Z     10001c60 f i ITOrder.obj
 0001:00000d30       ??0CAtlException@ATL@@QAE@J@Z 10001d30 f i ITOrder.obj
 0001:00000d50       ?AtlThrowImpl@ATL@@YGXJ@Z  10001d50 f i ITOrder.obj
 0001:00000d80       ?_AtlInitializeCriticalSectionEx@ATL@@YAHPAU_RTL_CRITICAL_SECTION@@KK@Z 10001d80 f i ITOrder.obj
 0001:00000da0       ?Init@CComCriticalSection@ATL@@QAEJXZ 10001da0 f i ITOrder.obj
 0001:00000de0       ?AtlConvertSystemTimeToVariantTime@ATL@@YAHABU_SYSTEMTIME@@PAN@Z 10001de0 f i ITOrder.obj
 0001:00000f10       ?Detach@CComBSTR@ATL@@QAEPA_WXZ 10001f10 f i ITOrder.obj
 0001:00000f40       ??7CComBSTR@ATL@@QBE_NXZ   10001f40 f i ITOrder.obj
 0001:00000f70       ??0CComBSTR@ATL@@QAE@PBD@Z 10001f70 f i ITOrder.obj
 0001:00000fc0       ??1CComBSTR@ATL@@QAE@XZ    10001fc0 f i ITOrder.obj
 0001:00000fe0       ??0CTime@ATL@@QAE@_J@Z     10001fe0 f i ITOrder.obj
 0001:00001000       ?GetLocalTm@CTime@ATL@@QBEPAUtm@@PAU3@@Z 10002000 f i ITOrder.obj
 0001:000010a0       ?GetAsSystemTime@CTime@ATL@@QBE_NAAU_SYSTEMTIME@@@Z 100020a0 f i ITOrder.obj
 0001:00001150       ?GetTickCount@COleDateTime@ATL@@SG?AV12@XZ 10002150 f i ITOrder.obj
 0001:00001170       ??0COleDateTime@ATL@@QAE@_J@Z 10002170 f i ITOrder.obj
 0001:000011a0       ??4COleDateTime@ATL@@QAEAAV01@AB_J@Z 100021a0 f i ITOrder.obj
 0001:00001220       ?ConvertSystemTimeToVariantTime@COleDateTime@ATL@@IAEHABU_SYSTEMTIME@@@Z 10002220 f i ITOrder.obj
 0001:00001240       ??BCOleDateTime@ATL@@QBENXZ 10002240 f i ITOrder.obj
 0001:00001260       ??0ITOrder@@QAE@XZ         10002260 f   ITOrder.obj
 0001:000013c0       ??_EITOrder@@UAEPAXI@Z     100023c0 f i * CIL library *:* CIL module *
 0001:000013c0       ??_GITOrder@@UAEPAXI@Z     100023c0 f i ITOrder.obj
 0001:00001400       ??0IOrder@@QAE@XZ          10002400 f i ITOrder.obj
 0001:00001430       ??1IOrder@@QAE@XZ          10002430 f i ITOrder.obj
 0001:00001450       ?Init@ITOrder@@UAEHAAUOrder@@PAVIDatabase@@D@Z 10002450 f   ITOrder.obj
 0001:000014a0       ?ProcessOrder@ITOrder@@UAEHAAPAXPAUIContractManager@@@Z 100024a0 f   ITOrder.obj
 0001:00001640       ?GenerateExecutionReport@ITOrder@@UAEHAAPAX@Z 10002640 f   ITOrder.obj
 0001:000017b0       ?UpdateOrder@ITOrder@@UAEHXZ 100027b0 f   ITOrder.obj
 0001:000019a0       ?UpdateOrderMapping@ITOrder@@UAEHPAUOrderExecInfo@@H@Z 100029a0 f   ITOrder.obj
 0001:00001b30       ?InsertOrderMapping@ITOrder@@QAEHXZ 10002b30 f   ITOrder.obj
 0001:00001d20       ?UpdateOrder@ITOrder@@UAEHPAUExecutionReport@@NNNNNKKNNN@Z 10002d20 f   ITOrder.obj
 0001:000026e0       ?InsertOrder@ITOrder@@UAEHNNNNNKK@Z 100036e0 f   ITOrder.obj
 0001:00002c00       ??1ITOrder@@UAE@XZ         10003c00 f   ITOrder.obj
 0001:00002c60       ?GetNewOrderRequest@ITOrder@@UAEAAPAUNewOrderRequest@@XZ 10003c60 f   ITOrder.obj
 0001:00002cb0       ?ProcessExecutionReport@ITOrder@@UAEHPAUExecutionReport@@@Z 10003cb0 f   ITOrder.obj
 0001:00002d00       ?Init@ITOrder@@UAEHPAVITable@@PAVIDatabase@@@Z 10003d00 f   ITOrder.obj
 0001:00003060       ?InitLinkedOrder@ITOrder@@UAEHPAVITable@@PAVIDatabase@@@Z 10004060 f   ITOrder.obj
 0001:00003260       ?ToString@ITOrder@@UAE?AV?$basic_string@DU?$char_traits@D@std@@V?$allocator@D@2@@std@@XZ 10004260 f   ITOrder.obj
 0001:000034e0       ?ProcessCancelOrder@ITOrder@@UAEHAAPAX@Z 100044e0 f   ITOrder.obj
 0001:00003510       ?ProcessCancelReplaceOrder@ITOrder@@UAEHAAPAXPAVIOrder@@PAUIContractManager@@@Z 10004510 f   ITOrder.obj
 0001:000036b0       ?SetIPAddress@ITOrder@@UAEXPAD@Z 100046b0 f   ITOrder.obj
 0001:00003700       ?InsertLinkedOrder@ITOrder@@UAEHPAD@Z 10004700 f   ITOrder.obj
 0001:00003990       ?AddOrderToTag@ITOrder@@UAEH_K0PAVIOrder@@_NPAUOrderExecInfo@@@Z 10004990 f   ITOrder.obj
 0001:00003a00       ?GetTaggedOrderList@ITOrder@@UAEAAV?$list@UOrderExecInfo@@V?$allocator@UOrderExecInfo@@@std@@@std@@XZ 10004a00 f   ITOrder.obj
 0001:00003a20       ??1?$CAtlSafeAllocBufferManager@VCCRTAllocator@ATL@@@_ATL_SAFE_ALLOCA_IMPL@ATL@@QAE@XZ 10004a20 f i ITOrder.obj
 0001:00003a60       ??0?$CAtlSafeAllocBufferManager@VCCRTAllocator@ATL@@@_ATL_SAFE_ALLOCA_IMPL@ATL@@QAE@XZ 10004a60 f i ITOrder.obj
 0001:00003a80       ??E?$_List_iterator@V?$_List_val@U?$_List_simple_types@UOrderExecInfo@@@std@@@std@@@std@@QAE?AV01@H@Z 10004a80 f i ITOrder.obj
 0001:00003ab0       ??D?$_List_iterator@V?$_List_val@U?$_List_simple_types@UOrderExecInfo@@@std@@@std@@@std@@QBEAAUOrderExecInfo@@XZ 10004ab0 f i ITOrder.obj
 0001:00003ad0       ??9?$_List_const_iterator@V?$_List_val@U?$_List_simple_types@UOrderExecInfo@@@std@@@std@@@std@@QBE_NABV01@@Z 10004ad0 f i ITOrder.obj
 0001:00003b10       ?push_back@?$list@UOrderExecInfo@@V?$allocator@UOrderExecInfo@@@std@@@std@@QAEXABUOrderExecInfo@@@Z 10004b10 f i ITOrder.obj
 0001:00003b40       ?end@?$list@UOrderExecInfo@@V?$allocator@UOrderExecInfo@@@std@@@std@@QAE?AV?$_List_iterator@V?$_List_val@U?$_List_simple_types@UOrderExecInfo@@@std@@@std@@@2@XZ 10004b40 f i ITOrder.obj
 0001:00003ba0       ?begin@?$list@UOrderExecInfo@@V?$allocator@UOrderExecInfo@@@std@@@std@@QAE?AV?$_List_iterator@V?$_List_val@U?$_List_simple_types@UOrderExecInfo@@@std@@@std@@@2@XZ 10004ba0 f i ITOrder.obj
 0001:00003c10       ??1?$list@UOrderExecInfo@@V?$allocator@UOrderExecInfo@@@std@@@std@@QAE@XZ 10004c10 f i ITOrder.obj
 0001:00003c60       ??0?$list@UOrderExecInfo@@V?$allocator@UOrderExecInfo@@@std@@@std@@QAE@XZ 10004c60 f i ITOrder.obj
 0001:00003c80       ??4?$basic_string@DU?$char_traits@D@std@@V?$allocator@D@2@@std@@QAEAAV01@PBD@Z 10004c80 f i ITOrder.obj
 0001:00003ca0       ??1?$basic_string@DU?$char_traits@D@std@@V?$allocator@D@2@@std@@QAE@XZ 10004ca0 f i ITOrder.obj
 0001:00003cf0       ??0?$basic_string@DU?$char_traits@D@std@@V?$allocator@D@2@@std@@QAE@$$QAV01@@Z 10004cf0 f i ITOrder.obj
 0001:00003d70       ??0?$basic_string@DU?$char_traits@D@std@@V?$allocator@D@2@@std@@QAE@PBD@Z 10004d70 f i ITOrder.obj
 0001:00003de0       ??1?$_List_buy@UOrderExecInfo@@V?$allocator@UOrderExecInfo@@@std@@@std@@QAE@XZ 10004de0 f i ITOrder.obj
 0001:00003e00       ??1?$_String_alloc@U?$_String_base_types@DV?$allocator@D@std@@@std@@@std@@QAE@XZ 10004e00 f i ITOrder.obj
 0001:00003e20       ??1?$_Compressed_pair@U?$_Wrap_alloc@V?$allocator@D@std@@@std@@V?$_String_val@U?$_Simple_types@D@std@@@2@$00@std@@QAE@XZ 10004e20 f i ITOrder.obj
 0001:00003e40       ??1?$_String_val@U?$_Simple_types@D@std@@@std@@QAE@XZ 10004e40 f i ITOrder.obj
 0001:00003e60       ??E?$_List_iterator@V?$_List_val@U?$_List_simple_types@UOrderExecInfo@@@std@@@std@@@std@@QAEAAV01@XZ 10004e60 f i ITOrder.obj
 0001:00003e80       ??0?$_List_iterator@V?$_List_val@U?$_List_simple_types@UOrderExecInfo@@@std@@@std@@@std@@QAE@PAU?$_List_node@UOrderExecInfo@@PAX@1@PBV?$_List_val@U?$_List_simple_types@UOrderExecInfo@@@std@@@1@@Z 10004e80 f i ITOrder.obj
 0001:00003ea0       ??8?$_List_const_iterator@V?$_List_val@U?$_List_simple_types@UOrderExecInfo@@@std@@@std@@@std@@QBE_NABV01@@Z 10004ea0 f i ITOrder.obj
 0001:00003ed0       ??D?$_List_const_iterator@V?$_List_val@U?$_List_simple_types@UOrderExecInfo@@@std@@@std@@@std@@QBEABUOrderExecInfo@@XZ 10004ed0 f i ITOrder.obj
 0001:00003ef0       ?_Bx@?$_String_alloc@U?$_String_base_types@DV?$allocator@D@std@@@std@@@std@@QAEAAT_Bxty@?$_String_val@U?$_Simple_types@D@std@@@2@XZ 10004ef0 f i ITOrder.obj
 0001:00003ef0       ?_Myhead@?$_List_alloc@U?$_List_base_types@UOrderExecInfo@@V?$allocator@UOrderExecInfo@@@std@@@std@@@std@@QAEAAPAU?$_List_node@UOrderExecInfo@@PAX@2@XZ 10004ef0 f i ITOrder.obj
 0001:00003f10       ?_Getal@?$_String_alloc@U?$_String_base_types@DV?$allocator@D@std@@@std@@@std@@QAEAAU?$_Wrap_alloc@V?$allocator@D@std@@@2@XZ 10004f10 f i ITOrder.obj
 0001:00003f10       ?_Getal@?$_List_alloc@U?$_List_base_types@UOrderExecInfo@@V?$allocator@UOrderExecInfo@@@std@@@std@@@std@@QBEABU?$_Wrap_alloc@V?$allocator@U?$_List_node@UOrderExecInfo@@PAX@std@@@std@@@2@XZ 10004f10 f i ITOrder.obj
 0001:00003f10       ?_Get_data@?$_List_alloc@U?$_List_base_types@UOrderExecInfo@@V?$allocator@UOrderExecInfo@@@std@@@std@@@std@@QAEAAV?$_List_val@U?$_List_simple_types@UOrderExecInfo@@@std@@@2@XZ 10004f10 f i ITOrder.obj
 0001:00003f10       ?_Get_data@?$_String_alloc@U?$_String_base_types@DV?$allocator@D@std@@@std@@@std@@QAEAAV?$_String_val@U?$_Simple_types@D@std@@@2@XZ 10004f10 f i ITOrder.obj
 0001:00003f10       ?_Getal@?$_List_alloc@U?$_List_base_types@UOrderExecInfo@@V?$allocator@UOrderExecInfo@@@std@@@std@@@std@@QAEAAU?$_Wrap_alloc@V?$allocator@U?$_List_node@UOrderExecInfo@@PAX@std@@@std@@@2@XZ 10004f10 f i ITOrder.obj
 0001:00003f10       ?_Get_data@?$_String_alloc@U?$_String_base_types@DV?$allocator@D@std@@@std@@@std@@QBEABV?$_String_val@U?$_Simple_types@D@std@@@2@XZ 10004f10 f i ITOrder.obj
 0001:00003f10       ?_Getal@?$_String_alloc@U?$_String_base_types@DV?$allocator@D@std@@@std@@@std@@QBEABU?$_Wrap_alloc@V?$allocator@D@std@@@2@XZ 10004f10 f i ITOrder.obj
 0001:00003f30       ??1?$_List_alloc@U?$_List_base_types@UOrderExecInfo@@V?$allocator@UOrderExecInfo@@@std@@@std@@@std@@QAE@XZ 10004f30 f i ITOrder.obj
 0001:00003f80       ?_Nextnode@?$_List_alloc@U?$_List_base_types@UOrderExecInfo@@V?$allocator@UOrderExecInfo@@@std@@@std@@@std@@SAAAPAU?$_List_node@UOrderExecInfo@@PAX@2@PAU32@@Z 10004f80 f i ITOrder.obj
 0001:00003fa0       ??0?$_List_buy@UOrderExecInfo@@V?$allocator@UOrderExecInfo@@@std@@@std@@QAE@XZ 10004fa0 f i ITOrder.obj
 0001:00003fc0       ?_Tidy@?$list@UOrderExecInfo@@V?$allocator@UOrderExecInfo@@@std@@@std@@QAEXXZ 10004fc0 f i ITOrder.obj
 0001:00003fe0       ?_Unchecked_end@?$list@UOrderExecInfo@@V?$allocator@UOrderExecInfo@@@std@@@std@@QAE?AV?$_List_unchecked_iterator@V?$_List_val@U?$_List_simple_types@UOrderExecInfo@@@std@@@std@@@2@XZ 10004fe0 f i ITOrder.obj
 0001:00004010       ??1_Bxty@?$_String_val@U?$_Simple_types@D@std@@@std@@QAE@XZ 10005010 f i ITOrder.obj
 0001:00004020       ?_Mysize@?$_String_alloc@U?$_String_base_types@DV?$allocator@D@std@@@std@@@std@@QAEAAIXZ 10005020 f i ITOrder.obj
 0001:00004020       ?_Mysize@?$_String_alloc@U?$_String_base_types@DV?$allocator@D@std@@@std@@@std@@QBEABIXZ 10005020 f i ITOrder.obj
 0001:00004040       ??0?$_String_alloc@U?$_String_base_types@DV?$allocator@D@std@@@std@@@std@@QAE@XZ 10005040 f i ITOrder.obj
 0001:00004060       ?_Myptr@?$_String_alloc@U?$_String_base_types@DV?$allocator@D@std@@@std@@@std@@QAEPADXZ 10005060 f i ITOrder.obj
 0001:00004060       ?_Myptr@?$_String_alloc@U?$_String_base_types@DV?$allocator@D@std@@@std@@@std@@QBEPBDXZ 10005060 f i ITOrder.obj
 0001:00004080       ?_Xlen@?$basic_string@DU?$char_traits@D@std@@V?$allocator@D@2@@std@@QBEXXZ 10005080 f i ITOrder.obj
 0001:000040a0       ?_Tidy@?$basic_string@DU?$char_traits@D@std@@V?$allocator@D@2@@std@@QAEX_NI@Z 100050a0 f i ITOrder.obj
 0001:00004160       ?_Grow@?$basic_string@DU?$char_traits@D@std@@V?$allocator@D@2@@std@@QAE_NI_N@Z 10005160 f i ITOrder.obj
 0001:00004220       ?_Eos@?$basic_string@DU?$char_traits@D@std@@V?$allocator@D@2@@std@@QAEXI@Z 10005220 f i ITOrder.obj
 0001:00004260       ?assign@?$basic_string@DU?$char_traits@D@std@@V?$allocator@D@2@@std@@QAEAAV12@PBD@Z 10005260 f i ITOrder.obj
 0001:00004290       ?assign@?$basic_string@DU?$char_traits@D@std@@V?$allocator@D@2@@std@@QAEAAV12@PBDI@Z 10005290 f i ITOrder.obj
 0001:00004310       ?assign@?$basic_string@DU?$char_traits@D@std@@V?$allocator@D@2@@std@@QAEAAV12@ABV12@II@Z 10005310 f i ITOrder.obj
 0001:000043b0       ?_Assign_rv@?$basic_string@DU?$char_traits@D@std@@V?$allocator@D@2@@std@@QAEX$$QAV12@@Z 100053b0 f i ITOrder.obj
 0001:00004470       ?_Get_second@?$_Compressed_pair@U?$_Wrap_alloc@V?$allocator@D@std@@@std@@V?$_String_val@U?$_Simple_types@D@std@@@2@$00@std@@QAEAAV?$_String_val@U?$_Simple_types@D@std@@@2@XZ 10005470 f i ITOrder.obj
 0001:00004470       ??0?$allocator@D@std@@QAE@XZ 10005470 f i ITOrder.obj
 0001:00004470       ??0_Bxty@?$_String_val@U?$_Simple_types@D@std@@@std@@QAE@XZ 10005470 f i ITOrder.obj
 0001:00004470       ?_Get_first@?$_Compressed_pair@U?$_Wrap_alloc@V?$allocator@D@std@@@std@@V?$_String_val@U?$_Simple_types@D@std@@@2@$00@std@@QBEABU?$_Wrap_alloc@V?$allocator@D@std@@@2@XZ 10005470 f i ITOrder.obj
 0001:00004470       ??0?$allocator@U?$_List_node@UOrderExecInfo@@PAX@std@@@std@@QAE@XZ 10005470 f i ITOrder.obj
 0001:00004470       ?_Get_second@?$_Compressed_pair@U?$_Wrap_alloc@V?$allocator@U?$_List_node@UOrderExecInfo@@PAX@std@@@std@@@std@@V?$_List_val@U?$_List_simple_types@UOrderExecInfo@@@std@@@2@$00@std@@QAEAAV?$_List_val@U?$_List_simple_types@UOrderExecInfo@@@std@@@2@XZ 10005470 f i ITOrder.obj
 0001:00004470       ?_Get_first@?$_Compressed_pair@U?$_Wrap_alloc@V?$allocator@U?$_List_node@UOrderExecInfo@@PAX@std@@@std@@@std@@V?$_List_val@U?$_List_simple_types@UOrderExecInfo@@@std@@@2@$00@std@@QAEAAU?$_Wrap_alloc@V?$allocator@U?$_List_node@UOrderExecInfo@@PAX@std@@@std@@@2@XZ 10005470 f i ITOrder.obj
 0001:00004470       ?_Get_second@?$_Compressed_pair@U?$_Wrap_alloc@V?$allocator@D@std@@@std@@V?$_String_val@U?$_Simple_types@D@std@@@2@$00@std@@QBEABV?$_String_val@U?$_Simple_types@D@std@@@2@XZ 10005470 f i ITOrder.obj
 0001:00004470       ?_Get_first@?$_Compressed_pair@U?$_Wrap_alloc@V?$allocator@U?$_List_node@UOrderExecInfo@@PAX@std@@@std@@@std@@V?$_List_val@U?$_List_simple_types@UOrderExecInfo@@@std@@@2@$00@std@@QBEABU?$_Wrap_alloc@V?$allocator@U?$_List_node@UOrderExecInfo@@PAX@std@@@std@@@2@XZ 10005470 f i ITOrder.obj
 0001:00004470       ?_Get_first@?$_Compressed_pair@U?$_Wrap_alloc@V?$allocator@D@std@@@std@@V?$_String_val@U?$_Simple_types@D@std@@@2@$00@std@@QAEAAU?$_Wrap_alloc@V?$allocator@D@std@@@2@XZ 10005470 f i ITOrder.obj
 0001:00004480       ??0?$_List_const_iterator@V?$_List_val@U?$_List_simple_types@UOrderExecInfo@@@std@@@std@@@std@@QAE@PAU?$_List_node@UOrderExecInfo@@PAX@1@PBV?$_List_val@U?$_List_simple_types@UOrderExecInfo@@@std@@@1@@Z 10005480 f i ITOrder.obj
 0001:00004480       ??0?$_List_unchecked_iterator@V?$_List_val@U?$_List_simple_types@UOrderExecInfo@@@std@@@std@@@std@@QAE@PAU?$_List_node@UOrderExecInfo@@PAX@1@PBV?$_List_val@U?$_List_simple_types@UOrderExecInfo@@@std@@@1@@Z 10005480 f i ITOrder.obj
 0001:000044a0       ??E?$_List_const_iterator@V?$_List_val@U?$_List_simple_types@UOrderExecInfo@@@std@@@std@@@std@@QAEAAV01@XZ 100054a0 f i ITOrder.obj
 0001:000044d0       ?_Myval@?$_List_val@U?$_List_simple_types@UOrderExecInfo@@@std@@@std@@SAAAUOrderExecInfo@@PAU?$_List_node@UOrderExecInfo@@PAX@2@@Z 100054d0 f i ITOrder.obj
 0001:000044e0       ?_Nextnode@?$_List_val@U?$_List_simple_types@UOrderExecInfo@@@std@@@std@@SAAAPAU?$_List_node@UOrderExecInfo@@PAX@2@PAU32@@Z 100054e0 f i ITOrder.obj
 0001:000044e0       ??$forward@U?$_Wrap_alloc@V?$allocator@D@std@@@std@@@std@@YA$$QAU?$_Wrap_alloc@V?$allocator@D@std@@@0@AAU10@@Z 100054e0 f i ITOrder.obj
 0001:000044e0       ??$addressof@PAU?$_List_node@UOrderExecInfo@@PAX@std@@@std@@YAPAPAU?$_List_node@UOrderExecInfo@@PAX@0@AAPAU10@@Z 100054e0 f i ITOrder.obj
 0001:000044e0       ??$addressof@UOrderExecInfo@@@std@@YAPAUOrderExecInfo@@AAU1@@Z 100054e0 f i ITOrder.obj
 0001:000044e0       ??$forward@AAPAD@std@@YAAAPADAAPAD@Z 100054e0 f i ITOrder.obj
 0001:000044e0       ??$forward@ABUOrderExecInfo@@@std@@YAABUOrderExecInfo@@ABU1@@Z 100054e0 f i ITOrder.obj
 0001:000044e0       ??$move@AAU?$_Wrap_alloc@V?$allocator@D@std@@@std@@@std@@YA$$QAU?$_Wrap_alloc@V?$allocator@D@std@@@0@AAU10@@Z 100054e0 f i ITOrder.obj
 0001:000044e0       ??$_Unfancy@D@std@@YAPADPAD@Z 100054e0 f i ITOrder.obj
 0001:000044e0       ??$addressof@PAD@std@@YAPAPADAAPAD@Z 100054e0 f i ITOrder.obj
 0001:000044e0       ??$forward@V?$basic_string@DU?$char_traits@D@std@@V?$allocator@D@2@@std@@@std@@YA$$QAV?$basic_string@DU?$char_traits@D@std@@V?$allocator@D@2@@0@AAV10@@Z 100054e0 f i ITOrder.obj
 0001:000044e0       ??$forward@AAPAU?$_List_node@UOrderExecInfo@@PAX@std@@@std@@YAAAPAU?$_List_node@UOrderExecInfo@@PAX@0@AAPAU10@@Z 100054e0 f i ITOrder.obj
 0001:000044f0       ?_Freeheadnode@?$_List_alloc@U?$_List_base_types@UOrderExecInfo@@V?$allocator@UOrderExecInfo@@@std@@@std@@@std@@QAEXPAU?$_List_node@UOrderExecInfo@@PAX@2@@Z 100054f0 f i ITOrder.obj
 0001:00004560       ??0?$_List_alloc@U?$_List_base_types@UOrderExecInfo@@V?$allocator@UOrderExecInfo@@@std@@@std@@@std@@QAE@XZ 10005560 f i ITOrder.obj
 0001:000045a0       ?clear@?$list@UOrderExecInfo@@V?$allocator@UOrderExecInfo@@@std@@@std@@QAEXXZ 100055a0 f i ITOrder.obj
 0001:00004680       ?_Myptr@?$_String_val@U?$_Simple_types@D@std@@@std@@QAEPADXZ 10005680 f i ITOrder.obj
 0001:00004680       ?_Myptr@?$_String_val@U?$_Simple_types@D@std@@@std@@QBEPBDXZ 10005680 f i ITOrder.obj
 0001:000046c0       ?deallocate@?$_Wrap_alloc@V?$allocator@D@std@@@std@@QAEXPADI@Z 100056c0 f i ITOrder.obj
 0001:000046e0       ?_Myres@?$_String_alloc@U?$_String_base_types@DV?$allocator@D@std@@@std@@@std@@QAEAAIXZ 100056e0 f i ITOrder.obj
 0001:00004700       ?_Xran@?$basic_string@DU?$char_traits@D@std@@V?$allocator@D@2@@std@@QBEXXZ 10005700 f i ITOrder.obj
 0001:00004720       ?_Check_offset@?$basic_string@DU?$char_traits@D@std@@V?$allocator@D@2@@std@@QBEXI@Z 10005720 f i ITOrder.obj
 0001:00004750       ?_Inside@?$basic_string@DU?$char_traits@D@std@@V?$allocator@D@2@@std@@QAE_NPBD@Z 10005750 f i ITOrder.obj
 0001:000047a0       ?_Copy@?$basic_string@DU?$char_traits@D@std@@V?$allocator@D@2@@std@@QAEXII@Z 100057a0 f i ITOrder.obj
 0001:00004980       ?_Clamp_suffix_size@?$basic_string@DU?$char_traits@D@std@@V?$allocator@D@2@@std@@QBEIII@Z 10005980 f i ITOrder.obj
 0001:000049c0       ?max_size@?$basic_string@DU?$char_traits@D@std@@V?$allocator@D@2@@std@@QBEIXZ 100059c0 f i ITOrder.obj
 0001:00004a00       ?erase@?$basic_string@DU?$char_traits@D@std@@V?$allocator@D@2@@std@@QAEAAV12@II@Z 10005a00 f i ITOrder.obj
 0001:00004a90       ?erase@?$basic_string@DU?$char_traits@D@std@@V?$allocator@D@2@@std@@QAEAAV12@I@Z 10005a90 f i ITOrder.obj
 0001:00004ac0       ??0?$allocator@D@std@@QAE@ABV01@@Z 10005ac0 f i ITOrder.obj
 0001:00004ad0       ??0?$_List_unchecked_const_iterator@V?$_List_val@U?$_List_simple_types@UOrderExecInfo@@@std@@@std@@U_Iterator_base0@2@@std@@QAE@PAU?$_List_node@UOrderExecInfo@@PAX@1@PBV?$_List_val@U?$_List_simple_types@UOrderExecInfo@@@std@@@1@@Z 10005ad0 f i ITOrder.obj
 0001:00004b00       ?deallocate@?$_Wrap_alloc@V?$allocator@U?$_List_node@UOrderExecInfo@@PAX@std@@@std@@@std@@QAEXPAU?$_List_node@UOrderExecInfo@@PAX@2@I@Z 10005b00 f i ITOrder.obj
 0001:00004b20       ?_Mysize@?$_List_alloc@U?$_List_base_types@UOrderExecInfo@@V?$allocator@UOrderExecInfo@@@std@@@std@@@std@@QAEAAIXZ 10005b20 f i ITOrder.obj
 0001:00004b40       ?_Buyheadnode@?$_List_alloc@U?$_List_base_types@UOrderExecInfo@@V?$allocator@UOrderExecInfo@@@std@@@std@@@std@@QAEPAU?$_List_node@UOrderExecInfo@@PAX@2@XZ 10005b40 f i ITOrder.obj
 0001:00004b60       ?_Prevnode@?$_List_alloc@U?$_List_base_types@UOrderExecInfo@@V?$allocator@UOrderExecInfo@@@std@@@std@@@std@@SAAAPAU?$_List_node@UOrderExecInfo@@PAX@2@PAU32@@Z 10005b60 f i ITOrder.obj
 0001:00004b80       ?_Freenode@?$_List_buy@UOrderExecInfo@@V?$allocator@UOrderExecInfo@@@std@@@std@@QAEXPAU?$_List_node@UOrderExecInfo@@PAX@2@@Z 10005b80 f i ITOrder.obj
 0001:00004c20       ?max_size@?$_Wrap_alloc@V?$allocator@D@std@@@std@@QBEIU_Nil@2@@Z 10005c20 f i ITOrder.obj
 0001:00004c40       ?allocate@?$_Wrap_alloc@V?$allocator@D@std@@@std@@QAEPADI@Z 10005c40 f i ITOrder.obj
 0001:00004c60       ?deallocate@?$allocator@D@std@@QAEXPADI@Z 10005c60 f i ITOrder.obj
 0001:00004c80       ?_Prevnode@?$_List_val@U?$_List_simple_types@UOrderExecInfo@@@std@@@std@@SAAAPAU?$_List_node@UOrderExecInfo@@PAX@2@PAU32@@Z 10005c80 f i ITOrder.obj
 0001:00004c90       ?deallocate@?$allocator@U?$_List_node@UOrderExecInfo@@PAX@std@@@std@@QAEXPAU?$_List_node@UOrderExecInfo@@PAX@2@I@Z 10005c90 f i ITOrder.obj
 0001:00004cb0       ?_Buynode0@?$_List_alloc@U?$_List_base_types@UOrderExecInfo@@V?$allocator@UOrderExecInfo@@@std@@@std@@@std@@QAEPAU?$_List_node@UOrderExecInfo@@PAX@2@PAU32@0@Z 10005cb0 f i ITOrder.obj
 0001:00004dc0       ?_Myval@?$_List_alloc@U?$_List_base_types@UOrderExecInfo@@V?$allocator@UOrderExecInfo@@@std@@@std@@@std@@SAAAUOrderExecInfo@@PAU?$_List_node@UOrderExecInfo@@PAX@2@@Z 10005dc0 f i ITOrder.obj
 0001:00004de0       ?max_size@?$allocator_traits@V?$allocator@D@std@@@std@@SAIABV?$allocator@D@2@@Z 10005de0 f i ITOrder.obj
 0001:00004df0       ?allocate@?$allocator@D@std@@QAEPADI@Z 10005df0 f i ITOrder.obj
 0001:00004e10       ?allocate@?$_Wrap_alloc@V?$allocator@U?$_List_node@UOrderExecInfo@@PAX@std@@@std@@@std@@QAEPAU?$_List_node@UOrderExecInfo@@PAX@2@I@Z 10005e10 f i ITOrder.obj
 0001:00004e30       ?max_size@?$allocator@D@std@@QBEIXZ 10005e30 f i ITOrder.obj
 0001:00004e40       ?allocate@?$allocator@U?$_List_node@UOrderExecInfo@@PAX@std@@@std@@QAEPAU?$_List_node@UOrderExecInfo@@PAX@2@I@Z 10005e40 f i ITOrder.obj
 0001:00004e60       ??$__vcrt_va_start_verify_argument_type@QBD@@YAXXZ 10005e60 f i ITOrder.obj
 0001:00004e70       ??$_Insert@ABUOrderExecInfo@@@?$list@UOrderExecInfo@@V?$allocator@UOrderExecInfo@@@std@@@std@@QAEXV?$_List_unchecked_const_iterator@V?$_List_val@U?$_List_simple_types@UOrderExecInfo@@@std@@@std@@U_Iterator_base0@2@@1@ABUOrderExecInfo@@@Z 10005e70 f i ITOrder.obj
 0001:00004ef0       ??$?0U?$_Wrap_alloc@V?$allocator@D@std@@@std@@X@?$_String_alloc@U?$_String_base_types@DV?$allocator@D@std@@@std@@@std@@QAE@$$QAU?$_Wrap_alloc@V?$allocator@D@std@@@1@@Z 10005ef0 f i ITOrder.obj
 0001:00004f20       ??$?0$$V@?$_Compressed_pair@U?$_Wrap_alloc@V?$allocator@D@std@@@std@@V?$_String_val@U?$_Simple_types@D@std@@@2@$00@std@@QAE@U_Zero_then_variadic_args_t@1@@Z 10005f20 f i ITOrder.obj
 0001:00004f40       ??$destroy@UOrderExecInfo@@@?$_Wrap_alloc@V?$allocator@U?$_List_node@UOrderExecInfo@@PAX@std@@@std@@@std@@QAEXPAUOrderExecInfo@@@Z 10005f40 f i ITOrder.obj
 0001:00004f40       ??$destroy@PAD@?$_Wrap_alloc@V?$allocator@D@std@@@std@@QAEXPAPAD@Z 10005f40 f i ITOrder.obj
 0001:00004f40       ??$destroy@PAU?$_List_node@UOrderExecInfo@@PAX@std@@@?$_Wrap_alloc@V?$allocator@U?$_List_node@UOrderExecInfo@@PAX@std@@@std@@@std@@QAEXPAPAU?$_List_node@UOrderExecInfo@@PAX@1@@Z 10005f40 f i ITOrder.obj
 0001:00004f60       ??$construct@PAU?$_List_node@UOrderExecInfo@@PAX@std@@AAPAU12@@?$_Wrap_alloc@V?$allocator@U?$_List_node@UOrderExecInfo@@PAX@std@@@std@@@std@@QAEXPAPAU?$_List_node@UOrderExecInfo@@PAX@1@AAPAU21@@Z 10005f60 f i ITOrder.obj
 0001:00004f60       ??$construct@PADAAPAD@?$_Wrap_alloc@V?$allocator@D@std@@@std@@QAEXPAPADAAPAD@Z 10005f60 f i ITOrder.obj
 0001:00004f90       ??$?0$$V@?$_Compressed_pair@U?$_Wrap_alloc@V?$allocator@U?$_List_node@UOrderExecInfo@@PAX@std@@@std@@@std@@V?$_List_val@U?$_List_simple_types@UOrderExecInfo@@@std@@@2@$00@std@@QAE@U_Zero_then_variadic_args_t@1@@Z 10005f90 f i ITOrder.obj
 0001:00004fb0       ?_Mynode@?$_List_unchecked_const_iterator@V?$_List_val@U?$_List_simple_types@UOrderExecInfo@@@std@@@std@@U_Iterator_base0@2@@std@@QBEPAU?$_List_node@UOrderExecInfo@@PAX@2@XZ 10005fb0 f i ITOrder.obj
 0001:00004fc0       ??0?$_List_val@U?$_List_simple_types@UOrderExecInfo@@@std@@@std@@QAE@XZ 10005fc0 f i ITOrder.obj
 0001:00004ff0       ??0?$_Wrap_alloc@V?$allocator@U?$_List_node@UOrderExecInfo@@PAX@std@@@std@@@std@@QAE@XZ 10005ff0 f i ITOrder.obj
 0001:00004ff0       ??0?$_Wrap_alloc@V?$allocator@D@std@@@std@@QAE@XZ 10005ff0 f i ITOrder.obj
 0001:00005010       ?_Incsize@?$list@UOrderExecInfo@@V?$allocator@UOrderExecInfo@@@std@@@std@@QAEXI@Z 10006010 f i ITOrder.obj
 0001:00005060       ??0?$_String_val@U?$_Simple_types@D@std@@@std@@QAE@XZ 10006060 f i ITOrder.obj
 0001:00005090       ?max_size@?$list@UOrderExecInfo@@V?$allocator@UOrderExecInfo@@@std@@@std@@QBEIXZ 10006090 f i ITOrder.obj
 0001:000050c0       ?max_size@?$_Wrap_alloc@V?$allocator@U?$_List_node@UOrderExecInfo@@PAX@std@@@std@@@std@@QBEIU_Nil@2@@Z 100060c0 f i ITOrder.obj
 0001:000050e0       ?max_size@?$allocator_traits@V?$allocator@U?$_List_node@UOrderExecInfo@@PAX@std@@@std@@@std@@SAIABV?$allocator@U?$_List_node@UOrderExecInfo@@PAX@std@@@2@@Z 100060e0 f i ITOrder.obj
 0001:000050f0       ?max_size@?$allocator@U?$_List_node@UOrderExecInfo@@PAX@std@@@std@@QBEIXZ 100060f0 f i ITOrder.obj
 0001:00005100       ??$_Buynode@ABUOrderExecInfo@@@?$_List_buy@UOrderExecInfo@@V?$allocator@UOrderExecInfo@@@std@@@std@@QAEPAU?$_List_node@UOrderExecInfo@@PAX@1@PAU21@0ABUOrderExecInfo@@@Z 10006100 f i ITOrder.obj
 0001:000051d0       ??$?0U?$_Wrap_alloc@V?$allocator@D@std@@@std@@$$V@?$_Compressed_pair@U?$_Wrap_alloc@V?$allocator@D@std@@@std@@V?$_String_val@U?$_Simple_types@D@std@@@2@$00@std@@QAE@U_One_then_variadic_args_t@1@$$QAU?$_Wrap_alloc@V?$allocator@D@std@@@1@@Z 100061d0 f i ITOrder.obj
 0001:00005200       ??$destroy@PAU?$_List_node@UOrderExecInfo@@PAX@std@@@?$allocator_traits@V?$allocator@U?$_List_node@UOrderExecInfo@@PAX@std@@@std@@@std@@SAXAAV?$allocator@U?$_List_node@UOrderExecInfo@@PAX@std@@@1@PAPAU?$_List_node@UOrderExecInfo@@PAX@1@@Z 10006200 f i ITOrder.obj
 0001:00005200       ??$destroy@PAD@?$allocator_traits@V?$allocator@D@std@@@std@@SAXAAV?$allocator@D@1@PAPAD@Z 10006200 f i ITOrder.obj
 0001:00005200       ??$destroy@UOrderExecInfo@@@?$allocator_traits@V?$allocator@U?$_List_node@UOrderExecInfo@@PAX@std@@@std@@@std@@SAXAAV?$allocator@U?$_List_node@UOrderExecInfo@@PAX@std@@@1@PAUOrderExecInfo@@@Z 10006200 f i ITOrder.obj
 0001:00005220       ??$construct@PADAAPAD@?$allocator_traits@V?$allocator@D@std@@@std@@SAXAAV?$allocator@D@1@PAPADAAPAD@Z 10006220 f i ITOrder.obj
 0001:00005220       ??$construct@PAU?$_List_node@UOrderExecInfo@@PAX@std@@AAPAU12@@?$allocator_traits@V?$allocator@U?$_List_node@UOrderExecInfo@@PAX@std@@@std@@@std@@SAXAAV?$allocator@U?$_List_node@UOrderExecInfo@@PAX@std@@@1@PAPAU?$_List_node@UOrderExecInfo@@PAX@1@AAPAU31@@Z 10006220 f i ITOrder.obj
 0001:00005240       ??0?$_Wrap_alloc@V?$allocator@D@std@@@std@@QAE@$$QAU01@@Z 10006240 f i ITOrder.obj
 0001:00005270       ??$construct@UOrderExecInfo@@ABU1@@?$_Wrap_alloc@V?$allocator@U?$_List_node@UOrderExecInfo@@PAX@std@@@std@@@std@@QAEXPAUOrderExecInfo@@ABU2@@Z 10006270 f i ITOrder.obj
 0001:000052a0       ??$construct@PAU?$_List_node@UOrderExecInfo@@PAX@std@@AAPAU12@@?$allocator@U?$_List_node@UOrderExecInfo@@PAX@std@@@std@@QAEXPAPAU?$_List_node@UOrderExecInfo@@PAX@1@AAPAU21@@Z 100062a0 f i ITOrder.obj
 0001:000052a0       ??$construct@PADAAPAD@?$allocator@D@std@@QAEXPAPADAAPAD@Z 100062a0 f i ITOrder.obj
 0001:000052f0       ??$construct@UOrderExecInfo@@ABU1@@?$allocator_traits@V?$allocator@U?$_List_node@UOrderExecInfo@@PAX@std@@@std@@@std@@SAXAAV?$allocator@U?$_List_node@UOrderExecInfo@@PAX@std@@@1@PAUOrderExecInfo@@ABU3@@Z 100062f0 f i ITOrder.obj
 0001:00005310       ??$construct@UOrderExecInfo@@ABU1@@?$allocator@U?$_List_node@UOrderExecInfo@@PAX@std@@@std@@QAEXPAUOrderExecInfo@@ABU2@@Z 10006310 f i ITOrder.obj
 0001:00005370       ?CreateOrderObject@@YGPAVIOrder@@XZ 10006370 f   OMS.obj
 0001:000053e0       _DllMain@12                100063e0 f   dllmain.obj
 0001:000053f5       ??0CAtlBaseModule@ATL@@QAE@XZ 100063f5 f   atls:atlbase.obj
 0001:00005448       ??0_ATL_BASE_MODULE70@ATL@@QAE@XZ 10006448 f i atls:atlbase.obj
 0001:0000546b       ??1CAtlBaseModule@ATL@@QAE@XZ 1000646b f   atls:atlbase.obj
 0001:00005481       ?RemoveAll@?$CSimpleArray@PAUHINSTANCE__@@V?$CSimpleArrayEqualHelper@PAUHINSTANCE__@@@ATL@@@ATL@@QAEXXZ 10006481 f i atls:atlbase.obj
 0001:0000549e       ??3@YAXPAX@Z               1000649e f   MSVCRT:delete_scalar.obj
 0001:000054a3       @__security_check_cookie@4 100064a3 f   MSVCRT:_secchk_.obj
 0001:00005574       ??$__crt_fast_encode_pointer@P6GXPAU_RTL_CONDITION_VARIABLE@@@Z@@YAP6GXPAU_RTL_CONDITION_VARIABLE@@@ZQ6GX0@Z@Z 10006574 f i MSVCRT:thread_safe_statics.obj
 0001:00005574       ??$__crt_fast_encode_pointer@P6GHPAU_RTL_CONDITION_VARIABLE@@PAU_RTL_CRITICAL_SECTION@@K@Z@@YAP6GHPAU_RTL_CONDITION_VARIABLE@@PAU_RTL_CRITICAL_SECTION@@K@ZQ6GH01K@Z@Z 10006574 f i MSVCRT:thread_safe_statics.obj
 0001:000055ad       ??2@YAPAXI@Z               100065ad f   MSVCRT:new_scalar.obj
 0001:00005624       ___scrt_acquire_startup_lock 10006624 f   MSVCRT:utility.obj
 0001:00005659       ___scrt_dllmain_after_initialize_c 10006659 f   MSVCRT:utility.obj
 0001:00005684       ___scrt_dllmain_before_initialize_c 10006684 f   MSVCRT:utility.obj
 0001:00005692       ___scrt_dllmain_crt_thread_attach 10006692 f   MSVCRT:utility.obj
 0001:000056b1       ___scrt_dllmain_crt_thread_detach 100066b1 f   MSVCRT:utility.obj
 0001:000056be       ___scrt_dllmain_exception_filter 100066be f   MSVCRT:utility.obj
 0001:000056f1       ___scrt_dllmain_uninitialize_c 100066f1 f   MSVCRT:utility.obj
 0001:00005714       ___scrt_dllmain_uninitialize_critical 10006714 f   MSVCRT:utility.obj
 0001:00005721       ___scrt_initialize_crt     10006721 f   MSVCRT:utility.obj
 0001:0000575a       ___scrt_initialize_onexit_tables 1000675a f   MSVCRT:utility.obj
 0001:000057f1       ___scrt_is_nonwritable_in_current_image 100067f1 f   MSVCRT:utility.obj
 0001:0000587b       ___scrt_release_startup_lock 1000687b f   MSVCRT:utility.obj
 0001:00005898       ___scrt_uninitialize_crt   10006898 f   MSVCRT:utility.obj
 0001:000058c0       __onexit                   100068c0 f   MSVCRT:utility.obj
 0001:000058fb       _atexit                    100068fb f   MSVCRT:utility.obj
 0001:00005910       ??3@YAXPAXI@Z              10006910 f   MSVCRT:delete_scalar_size.obj
 0001:0000591e       ??_Gtype_info@@UAEPAXI@Z   1000691e f i MSVCRT:std_type_info_static.obj
 0001:0000591e       ??_Etype_info@@UAEPAXI@Z   1000691e f i MSVCRT:std_type_info_static.obj
 0001:00005c49       __DllMainCRTStartup@12     10006c49 f   MSVCRT:dll_dllmain.obj
 0001:00005c6c       ___raise_securityfailure   10006c6c f   MSVCRT:gs_report.obj
 0001:00005c94       ___report_gsfailure        10006c94 f   MSVCRT:gs_report.obj
 0001:00005d8f       ___scrt_fastfail           10006d8f f   MSVCRT:utility_desktop.obj
 0001:00005eaa       @_guard_check_icall@4      10006eaa f i MSVCRT:checkcfg.obj
 0001:00005eb0       ??0bad_alloc@std@@QAE@ABV01@@Z 10006eb0 f i MSVCRT:throw_bad_alloc.obj
 0001:00005ecb       ??0bad_alloc@std@@QAE@XZ   10006ecb f i MSVCRT:throw_bad_alloc.obj
 0001:00005ee3       ??0bad_array_new_length@std@@QAE@ABV01@@Z 10006ee3 f i MSVCRT:throw_bad_alloc.obj
 0001:00005efe       ??0bad_array_new_length@std@@QAE@XZ 10006efe f i MSVCRT:throw_bad_alloc.obj
 0001:00005f16       ??1bad_alloc@std@@UAE@XZ   10006f16 f i MSVCRT:throw_bad_alloc.obj
 0001:00005f16       ??1bad_array_new_length@std@@UAE@XZ 10006f16 f i MSVCRT:throw_bad_alloc.obj
 0001:00005f27       ??_Ebad_alloc@std@@UAEPAXI@Z 10006f27 f i MSVCRT:throw_bad_alloc.obj
 0001:00005f27       ??_Ebad_array_new_length@std@@UAEPAXI@Z 10006f27 f i MSVCRT:throw_bad_alloc.obj
 0001:00005f27       ??_Gbad_alloc@std@@UAEPAXI@Z 10006f27 f i MSVCRT:throw_bad_alloc.obj
 0001:00005f27       ??_Gbad_array_new_length@std@@UAEPAXI@Z 10006f27 f i MSVCRT:throw_bad_alloc.obj
 0001:00005f54       ?__scrt_throw_std_bad_alloc@@YAXXZ 10006f54 f   MSVCRT:throw_bad_alloc.obj
 0001:00005f71       ?__scrt_throw_std_bad_array_new_length@@YAXXZ 10006f71 f   MSVCRT:throw_bad_alloc.obj
 0001:00005f8e       ___isa_available_init      10006f8e f   MSVCRT:_cpu_disp_.obj
 0001:00006128       __get_startup_argv_mode    10007128 f   MSVCRT:argv_mode.obj
 0001:0000612c       ___scrt_is_ucrt_dll_in_use 1000712c f   MSVCRT:ucrt_detection.obj
 0001:00006140       __SEH_prolog4              10007140 f   MSVCRT:_sehprolg4_.obj
 0001:00006186       __SEH_epilog4              10007186 f   MSVCRT:_sehprolg4_.obj
 0001:0000619b       __except_handler4          1000719b f   MSVCRT:_chandler4gs_.obj
 0001:000061be       ___security_init_cookie    100071be f   MSVCRT:gs_support.obj
 0001:0000625a       ?__scrt_initialize_type_info@@YAXXZ 1000725a f   MSVCRT:tncleanup.obj
 0001:00006266       ?__scrt_uninitialize_type_info@@YAXXZ 10007266 f   MSVCRT:tncleanup.obj
 0001:00006272       ___local_stdio_scanf_options 10007272 f i MSVCRT:default_local_stdio_options.obj
 0001:00006278       ___scrt_initialize_default_local_stdio_options 10007278 f   MSVCRT:default_local_stdio_options.obj
 0001:00006295       ___scrt_get_dyn_tls_init_callback 10007295 f   MSVCRT:dyn_tls_init.obj
 0001:0000629b       __RTC_Initialize           1000729b f   MSVCRT:_initsect_.obj
 0001:000062c6       __RTC_Terminate            100072c6 f   MSVCRT:_initsect_.obj
 0001:000062f1       @_guard_check_icall_nop@4  100072f1 f i MSVCRT:guard_support.obj
 0001:000062f2       ___std_exception_destroy   100072f2 f   vcruntime:VCRUNTIME140.dll
 0001:000062f8       __purecall                 100072f8 f   vcruntime:VCRUNTIME140.dll
 0001:000062fe       _memset                    100072fe f   vcruntime:VCRUNTIME140.dll
 0001:00006304       ___vcrt_InitializeCriticalSectionEx 10007304 f   vcruntime:VCRUNTIME140.dll
 0001:0000630a       __CxxThrowException@8      1000730a f   vcruntime:VCRUNTIME140.dll
 0001:00006310       __except_handler4_common   10007310 f   vcruntime:VCRUNTIME140.dll
 0001:00006316       ___std_type_info_destroy_list 10007316 f   vcruntime:VCRUNTIME140.dll
 0001:0000631c       _free                      1000731c f   ucrt:api-ms-win-crt-heap-l1-1-0.dll
 0001:00006322       _malloc                    10007322 f   ucrt:api-ms-win-crt-heap-l1-1-0.dll
 0001:00006328       __callnewh                 10007328 f   ucrt:api-ms-win-crt-heap-l1-1-0.dll
 0001:0000632e       __seh_filter_dll           1000732e f   ucrt:api-ms-win-crt-runtime-l1-1-0.dll
 0001:00006334       __configure_narrow_argv    10007334 f   ucrt:api-ms-win-crt-runtime-l1-1-0.dll
 0001:0000633a       __initialize_narrow_environment 1000733a f   ucrt:api-ms-win-crt-runtime-l1-1-0.dll
 0001:00006340       __initialize_onexit_table  10007340 f   ucrt:api-ms-win-crt-runtime-l1-1-0.dll
 0001:00006346       __register_onexit_function 10007346 f   ucrt:api-ms-win-crt-runtime-l1-1-0.dll
 0001:0000634c       __execute_onexit_table     1000734c f   ucrt:api-ms-win-crt-runtime-l1-1-0.dll
 0001:00006352       __crt_atexit               10007352 f   ucrt:api-ms-win-crt-runtime-l1-1-0.dll
 0001:00006358       __cexit                    10007358 f   ucrt:api-ms-win-crt-runtime-l1-1-0.dll
 0001:0000635e       __initterm                 1000735e f   ucrt:api-ms-win-crt-runtime-l1-1-0.dll
 0001:00006364       __initterm_e               10007364 f   ucrt:api-ms-win-crt-runtime-l1-1-0.dll
 0001:0000636a       _IsProcessorFeaturePresent@4 1000736a f   kernel32:KERNEL32.dll
 0001:00006370       ___vcrt_thread_detach      10007370 f   MSVCRT:ucrt_stubs.obj
 0001:00006370       ___scrt_stub_for_acrt_thread_detach 10007370 f   MSVCRT:ucrt_stubs.obj
 0001:00006370       ___vcrt_uninitialize       10007370 f   MSVCRT:ucrt_stubs.obj
 0001:00006370       ___scrt_stub_for_acrt_thread_attach 10007370 f   MSVCRT:ucrt_stubs.obj
 0001:00006370       ___acrt_thread_attach      10007370 f   MSVCRT:ucrt_stubs.obj
 0001:00006370       ___vcrt_thread_attach      10007370 f   MSVCRT:ucrt_stubs.obj
 0001:00006370       ___acrt_uninitialize_critical 10007370 f   MSVCRT:ucrt_stubs.obj
 0001:00006370       ___scrt_stub_for_acrt_uninitialize 10007370 f   MSVCRT:ucrt_stubs.obj
 0001:00006370       ___acrt_thread_detach      10007370 f   MSVCRT:ucrt_stubs.obj
 0001:00006370       ___scrt_stub_for_acrt_uninitialize_critical 10007370 f   MSVCRT:ucrt_stubs.obj
 0001:00006370       ___acrt_uninitialize       10007370 f   MSVCRT:ucrt_stubs.obj
 0001:00006370       ___acrt_initialize         10007370 f   MSVCRT:ucrt_stubs.obj
 0001:00006370       ___scrt_stub_for_acrt_initialize 10007370 f   MSVCRT:ucrt_stubs.obj
 0001:00006370       ___vcrt_initialize         10007370 f   MSVCRT:ucrt_stubs.obj
 0001:00006370       ___vcrt_uninitialize_critical 10007370 f   MSVCRT:ucrt_stubs.obj
 0001:00006373       ___scrt_stub_for_is_c_termination_complete 10007373 f   MSVCRT:ucrt_stubs.obj
 0001:00006373       __is_c_termination_complete 10007373 f   MSVCRT:ucrt_stubs.obj
 0001:00006380       __allmul                   10007380 f   MSVCRT:llmul.obj
 0001:000063c0       __ftoui3                   100073c0 f   MSVCRT:_ftol3_.obj
 0001:000063cf       __ftoul3                   100073cf f   MSVCRT:_ftol3_.obj
 0001:000063de       __ftol3                    100073de f   MSVCRT:_ftol3_.obj
 0001:000063eb       __ftol3_NaN                100073eb f   MSVCRT:_ftol3_.obj
 0001:00006403       __ftol3_work               10007403 f   MSVCRT:_ftol3_.obj
 0001:00006489       __ftol3_common             10007489 f   MSVCRT:_ftol3_.obj
 0001:0000654b       __ftol3_arg_error          1000754b f   MSVCRT:_ftol3_.obj
 0001:0000655d       __ftol3_except             1000755d f   MSVCRT:_ftol3_.obj
 0001:000065a1       __dtoui3                   100075a1 f   MSVCRT:_ftol3_.obj
 0001:000065b0       __dtoul3                   100075b0 f   MSVCRT:_ftol3_.obj
 0001:000065bf       __dtol3                    100075bf f   MSVCRT:_ftol3_.obj
 0001:000065cc       __dtol3_NaN                100075cc f   MSVCRT:_ftol3_.obj
 0001:000065e9       __dtol3_work               100075e9 f   MSVCRT:_ftol3_.obj
 0001:000066d0       __ultod3                   100076d0 f   MSVCRT:_ftol3_.obj
 0001:00006710       __ltod3                    10007710 f   MSVCRT:_ftol3_.obj
 0001:00006738       ___CxxFrameHandler3        10007738 f   vcruntime:VCRUNTIME140.dll
 0001:0000673e       _memcpy                    1000773e f   vcruntime:VCRUNTIME140.dll
 0001:00006744       __except1                  10007744 f   ucrt:api-ms-win-crt-math-l1-1-0.dll
 0002:00000000       __imp_?ReleaseTable@@YAXPAVITable@@@Z 10008000     Database:Database.dll
 0002:00000004       __imp_?ReleaseParameter@@YAXPAVIParameter@@@Z 10008004     Database:Database.dll
 0002:00000008       __imp_?CreateParameter@@YAPAVIParameter@@XZ 10008008     Database:Database.dll
 0002:0000000c       __imp_?CreateTable@@YAPAVITable@@XZ 1000800c     Database:Database.dll
 0002:00000010       \177Database_NULL_THUNK_DATA 10008010     Database:Database.dll
 0002:00000014       __imp__OutputDebugStringW@4 10008014     kernel32:KERNEL32.dll
 0002:00000018       __imp__InitializeCriticalSectionEx@12 10008018     kernel32:KERNEL32.dll
 0002:0000001c       __imp__LocalAlloc@8        1000801c     kernel32:KERNEL32.dll
 0002:00000020       __imp__MultiByteToWideChar@24 10008020     kernel32:KERNEL32.dll
 0002:00000024       __imp__GetLastError@0      10008024     kernel32:KERNEL32.dll
 0002:00000028       __imp__LocalFree@4         10008028     kernel32:KERNEL32.dll
 0002:0000002c       __imp__DeleteCriticalSection@4 1000802c     kernel32:KERNEL32.dll
 0002:00000030       __imp__FormatMessageA@28   10008030     kernel32:KERNEL32.dll
 0002:00000034       __imp__CloseHandle@4       10008034     kernel32:KERNEL32.dll
 0002:00000038       __imp__CreateEventW@16     10008038     kernel32:KERNEL32.dll
 0002:0000003c       __imp__GetModuleHandleW@4  1000803c     kernel32:KERNEL32.dll
 0002:00000040       __imp__GetProcAddress@8    10008040     kernel32:KERNEL32.dll
 0002:00000044       __imp__UnhandledExceptionFilter@4 10008044     kernel32:KERNEL32.dll
 0002:00000048       __imp__SetUnhandledExceptionFilter@4 10008048     kernel32:KERNEL32.dll
 0002:0000004c       __imp__GetCurrentProcess@0 1000804c     kernel32:KERNEL32.dll
 0002:00000050       __imp__IsDebuggerPresent@0 10008050     kernel32:KERNEL32.dll
 0002:00000054       __imp__TerminateProcess@8  10008054     kernel32:KERNEL32.dll
 0002:00000058       __imp__IsProcessorFeaturePresent@4 10008058     kernel32:KERNEL32.dll
 0002:0000005c       __imp__QueryPerformanceCounter@4 1000805c     kernel32:KERNEL32.dll
 0002:00000060       __imp__GetCurrentProcessId@0 10008060     kernel32:KERNEL32.dll
 0002:00000064       __imp__GetCurrentThreadId@0 10008064     kernel32:KERNEL32.dll
 0002:00000068       __imp__GetSystemTimeAsFileTime@4 10008068     kernel32:KERNEL32.dll
 0002:0000006c       __imp__InitializeSListHead@4 1000806c     kernel32:KERNEL32.dll
 0002:00000070       \177KERNEL32_NULL_THUNK_DATA 10008070     kernel32:KERNEL32.dll
 0002:00000074       __imp_?_Xlength_error@std@@YAXPBD@Z 10008074     msvcprt:MSVCP140.dll
 0002:00000078       __imp_?_Xout_of_range@std@@YAXPBD@Z 10008078     msvcprt:MSVCP140.dll
 0002:0000007c       __imp_?_Xbad_alloc@std@@YAXXZ 1000807c     msvcprt:MSVCP140.dll
 0002:00000080       \177MSVCP140_NULL_THUNK_DATA 10008080     msvcprt:MSVCP140.dll
 0002:00000084       __imp__VariantTimeToSystemTime@12 10008084     oleaut32:OLEAUT32.dll
 0002:00000088       __imp__SysAllocStringLen@8 10008088     oleaut32:OLEAUT32.dll
 0002:0000008c       __imp__SystemTimeToVariantTime@8 1000808c     oleaut32:OLEAUT32.dll
 0002:00000090       __imp__SysFreeString@4     10008090     oleaut32:OLEAUT32.dll
 0002:00000094       \177OLEAUT32_NULL_THUNK_DATA 10008094     oleaut32:OLEAUT32.dll
 0002:00000098       __imp____std_exception_copy 10008098     vcruntime:VCRUNTIME140.dll
 0002:0000009c       __imp___purecall           1000809c     vcruntime:VCRUNTIME140.dll
 0002:000000a0       __imp____std_type_info_destroy_list 100080a0     vcruntime:VCRUNTIME140.dll
 0002:000000a4       __imp____CxxFrameHandler3  100080a4     vcruntime:VCRUNTIME140.dll
 0002:000000a8       __imp__memset              100080a8     vcruntime:VCRUNTIME140.dll
 0002:000000ac       __imp____vcrt_InitializeCriticalSectionEx 100080ac     vcruntime:VCRUNTIME140.dll
 0002:000000b0       __imp__memcpy              100080b0     vcruntime:VCRUNTIME140.dll
 0002:000000b4       __imp___CxxThrowException@8 100080b4     vcruntime:VCRUNTIME140.dll
 0002:000000b8       __imp___except_handler4_common 100080b8     vcruntime:VCRUNTIME140.dll
 0002:000000bc       __imp__memmove             100080bc     vcruntime:VCRUNTIME140.dll
 0002:000000c0       __imp____std_exception_destroy 100080c0     vcruntime:VCRUNTIME140.dll
 0002:000000c4       \177VCRUNTIME140_NULL_THUNK_DATA 100080c4     vcruntime:VCRUNTIME140.dll
 0002:000000c8       __imp___ui64toa            100080c8     ucrt:api-ms-win-crt-convert-l1-1-0.dll
 0002:000000cc       __imp___strtoui64          100080cc     ucrt:api-ms-win-crt-convert-l1-1-0.dll
 0002:000000d0       \177api-ms-win-crt-convert-l1-1-0_NULL_THUNK_DATA 100080d0     ucrt:api-ms-win-crt-convert-l1-1-0.dll
 0002:000000d4       __imp___callnewh           100080d4     ucrt:api-ms-win-crt-heap-l1-1-0.dll
 0002:000000d8       __imp__malloc              100080d8     ucrt:api-ms-win-crt-heap-l1-1-0.dll
 0002:000000dc       __imp__free                100080dc     ucrt:api-ms-win-crt-heap-l1-1-0.dll
 0002:000000e0       \177api-ms-win-crt-heap-l1-1-0_NULL_THUNK_DATA 100080e0     ucrt:api-ms-win-crt-heap-l1-1-0.dll
 0002:000000e4       __imp___except1            100080e4     ucrt:api-ms-win-crt-math-l1-1-0.dll
 0002:000000e8       \177api-ms-win-crt-math-l1-1-0_NULL_THUNK_DATA 100080e8     ucrt:api-ms-win-crt-math-l1-1-0.dll
 0002:000000ec       __imp___cexit              100080ec     ucrt:api-ms-win-crt-runtime-l1-1-0.dll
 0002:000000f0       __imp___crt_atexit         100080f0     ucrt:api-ms-win-crt-runtime-l1-1-0.dll
 0002:000000f4       __imp___execute_onexit_table 100080f4     ucrt:api-ms-win-crt-runtime-l1-1-0.dll
 0002:000000f8       __imp___initterm           100080f8     ucrt:api-ms-win-crt-runtime-l1-1-0.dll
 0002:000000fc       __imp___initialize_onexit_table 100080fc     ucrt:api-ms-win-crt-runtime-l1-1-0.dll
 0002:00000100       __imp___initialize_narrow_environment 10008100     ucrt:api-ms-win-crt-runtime-l1-1-0.dll
 0002:00000104       __imp___configure_narrow_argv 10008104     ucrt:api-ms-win-crt-runtime-l1-1-0.dll
 0002:00000108       __imp___seh_filter_dll     10008108     ucrt:api-ms-win-crt-runtime-l1-1-0.dll
 0002:0000010c       __imp___initterm_e         1000810c     ucrt:api-ms-win-crt-runtime-l1-1-0.dll
 0002:00000110       __imp___invalid_parameter_noinfo_noreturn 10008110     ucrt:api-ms-win-crt-runtime-l1-1-0.dll
 0002:00000114       __imp___register_onexit_function 10008114     ucrt:api-ms-win-crt-runtime-l1-1-0.dll
 0002:00000118       __imp___errno              10008118     ucrt:api-ms-win-crt-runtime-l1-1-0.dll
 0002:0000011c       \177api-ms-win-crt-runtime-l1-1-0_NULL_THUNK_DATA 1000811c     ucrt:api-ms-win-crt-runtime-l1-1-0.dll
 0002:00000120       __imp____stdio_common_vsprintf_s 10008120     ucrt:api-ms-win-crt-stdio-l1-1-0.dll
 0002:00000124       __imp____stdio_common_vsprintf 10008124     ucrt:api-ms-win-crt-stdio-l1-1-0.dll
 0002:00000128       \177api-ms-win-crt-stdio-l1-1-0_NULL_THUNK_DATA 10008128     ucrt:api-ms-win-crt-stdio-l1-1-0.dll
 0002:0000012c       __imp___localtime64_s      1000812c     ucrt:api-ms-win-crt-time-l1-1-0.dll
 0002:00000130       __imp___time64             10008130     ucrt:api-ms-win-crt-time-l1-1-0.dll
 0002:00000134       \177api-ms-win-crt-time-l1-1-0_NULL_THUNK_DATA 10008134     ucrt:api-ms-win-crt-time-l1-1-0.dll
 0002:00000138       __imp_?trace@log@stl@@YA_NIIPBDZZ 10008138     xlogger:xLogger.dll
 0002:0000013c       \177xLogger_NULL_THUNK_DATA 1000813c     xlogger:xLogger.dll
 0002:00000140       ___guard_check_icall_fptr  10008140     MSVCRT:guard_support.obj
 0002:00000144       ___xc_a                    10008144     MSVCRT:initializers.obj
 0002:0000014c       ___xc_z                    1000814c     MSVCRT:initializers.obj
 0002:00000150       ___xi_a                    10008150     MSVCRT:initializers.obj
 0002:00000158       ___xi_z                    10008158     MSVCRT:initializers.obj
 0002:0000015c       ___xl_a                    1000815c     MSVCRT:tlssup.obj
 0002:00000160       ___xl_z                    10008160     MSVCRT:tlssup.obj
 0002:00000164       ___xp_a                    10008164     MSVCRT:initializers.obj
 0002:00000168       ___xp_z                    10008168     MSVCRT:initializers.obj
 0002:0000016c       ___xt_a                    1000816c     MSVCRT:initializers.obj
 0002:00000170       ___xt_z                    10008170     MSVCRT:initializers.obj
 0002:00000180       _GUID_ATLVer110            10008180     atls:atlbase.obj
 0002:00000190       ??_C@_1IC@ONKHOIDK@?$AAE?$AAR?$AAR?$AAO?$AAR?$AA?5?$AA?3?$AA?5?$AAU?$AAn?$AAa?$AAb?$AAl?$AAe?$AA?5?$AAt?$AAo?$AA?5?$AAi?$AAn?$AAi?$AAt?$AAi?$AAa?$AAl?$AAi?$AAz?$AAe?$AA?5?$AAc?$AAr?$AAi@ 10008190     atls:atlbase.obj
 0002:00000214       ??_C@_1BK@MGMFAEKH@?$AAk?$AAe?$AAr?$AAn?$AAe?$AAl?$AA3?$AA2?$AA?4?$AAd?$AAl?$AAl?$AA?$AA@ 10008214     MSVCRT:thread_safe_statics.obj
 0002:00000230       ??_C@_0BM@HLJJNPAH@InitializeConditionVariable?$AA@ 10008230     MSVCRT:thread_safe_statics.obj
 0002:0000024c       ??_C@_0BJ@JEBJOJFJ@SleepConditionVariableCS?$AA@ 1000824c     MSVCRT:thread_safe_statics.obj
 0002:00000268       ??_C@_0BJ@PGPPEPCC@WakeAllConditionVariable?$AA@ 10008268     MSVCRT:thread_safe_statics.obj
 0002:00000288       ??_7type_info@@6B@         10008288     MSVCRT:std_type_info_static.obj
 0002:0000028c       __pDefaultRawDllMain       1000828c     MSVCRT:dll_dllmain.obj
 0002:0000028c       __pRawDllMain              1000828c     MSVCRT:dll_dllmain.obj
 0002:0000029c       ??_7exception@std@@6B@     1000829c     MSVCRT:throw_bad_alloc.obj
 0002:000002a8       ??_7bad_alloc@std@@6B@     100082a8     MSVCRT:throw_bad_alloc.obj
 0002:000002b0       ??_C@_0P@GHFPNOJB@bad?5allocation?$AA@ 100082b0     MSVCRT:throw_bad_alloc.obj
 0002:000002c4       ??_7bad_array_new_length@std@@6B@ 100082c4     MSVCRT:throw_bad_alloc.obj
 0002:000002cc       ??_C@_0BF@KINCDENJ@bad?5array?5new?5length?$AA@ 100082cc     MSVCRT:throw_bad_alloc.obj
 0002:000002e4       ??_C@_0BE@NNIJINN@IDispatch?5error?5?$CD?$CFd?$AA@ 100082e4     ITOrder.obj
 0002:000002f8       ??_C@_0BF@IPPGFENJ@Unknown?5error?50x?$CF0lX?$AA@ 100082f8     ITOrder.obj
 0002:00000310       ??_C@_0BC@EOODALEL@Unknown?5exception?$AA@ 10008310     ITOrder.obj
 0002:000016a8       ??_C@_0BA@JFNIOLAK@string?5too?5long?$AA@ 100096a8     ITOrder.obj
 0002:000016b8       ??_C@_0BI@CFPLBAOH@invalid?5string?5position?$AA@ 100096b8     ITOrder.obj
 0002:000016d0       ??_C@_0BB@MOGOBHAF@list?$DMT?$DO?5too?5long?$AA@ 100096d0     ITOrder.obj
 0002:000016e8       ??_7_com_error@@6B@        100096e8     ITOrder.obj
 0002:000016f0       ??_7IOrder@@6B@            100096f0     ITOrder.obj
 0002:0000173c       ??_7ITOrder@@6B@           1000973c     ITOrder.obj
 0002:00001890       __load_config_used         10009890     MSVCRT:loadcfg.obj
 0002:000018ec       __tls_used                 100098ec     MSVCRT:tlssup.obj
 0002:00001904       ??_R4type_info@@6B@        10009904     MSVCRT:std_type_info_static.obj
 0002:00001918       ??_R3type_info@@8          10009918     MSVCRT:std_type_info_static.obj
 0002:00001928       ??_R2type_info@@8          10009928     MSVCRT:std_type_info_static.obj
 0002:00001930       ??_R1A@?0A@EA@type_info@@8 10009930     MSVCRT:std_type_info_static.obj
 0002:0000194c       ??_R4bad_alloc@std@@6B@    1000994c     MSVCRT:throw_bad_alloc.obj
 0002:00001960       ??_R3bad_alloc@std@@8      10009960     MSVCRT:throw_bad_alloc.obj
 0002:00001970       ??_R2bad_alloc@std@@8      10009970     MSVCRT:throw_bad_alloc.obj
 0002:0000197c       ??_R1A@?0A@EA@bad_alloc@std@@8 1000997c     MSVCRT:throw_bad_alloc.obj
 0002:00001998       ??_R4bad_array_new_length@std@@6B@ 10009998     MSVCRT:throw_bad_alloc.obj
 0002:000019ac       ??_R3bad_array_new_length@std@@8 100099ac     MSVCRT:throw_bad_alloc.obj
 0002:000019bc       ??_R2bad_array_new_length@std@@8 100099bc     MSVCRT:throw_bad_alloc.obj
 0002:000019cc       ??_R1A@?0A@EA@bad_array_new_length@std@@8 100099cc     MSVCRT:throw_bad_alloc.obj
 0002:000019e8       ??_R2ITOrder@@8            100099e8     ITOrder.obj
 0002:000019f4       ??_R1A@?0A@EA@ITOrder@@8   100099f4     ITOrder.obj
 0002:00001a10       ??_R4exception@std@@6B@    10009a10     ITOrder.obj
 0002:00001a24       ??_R1A@?0A@EA@IOrder@@8    10009a24     ITOrder.obj
 0002:00001a40       ??_R1A@?0A@EA@exception@std@@8 10009a40     ITOrder.obj
 0002:00001a5c       ??_R2_com_error@@8         10009a5c     ITOrder.obj
 0002:00001a64       ??_R2exception@std@@8      10009a64     ITOrder.obj
 0002:00001a6c       ??_R4IOrder@@6B@           10009a6c     ITOrder.obj
 0002:00001a80       ??_R4_com_error@@6B@       10009a80     ITOrder.obj
 0002:00001a94       ??_R3exception@std@@8      10009a94     ITOrder.obj
 0002:00001aa4       ??_R3IOrder@@8             10009aa4     ITOrder.obj
 0002:00001ab4       ??_R1A@?0A@EA@_com_error@@8 10009ab4     ITOrder.obj
 0002:00001ad0       ??_R2IOrder@@8             10009ad0     ITOrder.obj
 0002:00001ad8       ??_R3_com_error@@8         10009ad8     ITOrder.obj
 0002:00001ae8       ??_R4ITOrder@@6B@          10009ae8     ITOrder.obj
 0002:00001afc       ??_R3ITOrder@@8            10009afc     ITOrder.obj
 0002:00001b10       ___safe_se_handler_table   10009b10     <linker-defined>
 0002:00001ec0       ___rtc_iaa                 10009ec0     MSVCRT:_initsect_.obj
 0002:00001ec4       ___rtc_izz                 10009ec4     MSVCRT:_initsect_.obj
 0002:00001ec8       ___rtc_taa                 10009ec8     MSVCRT:_initsect_.obj
 0002:00001ecc       ___rtc_tzz                 10009ecc     MSVCRT:_initsect_.obj
 0002:00002174       __TI2?AVbad_alloc@std@@    1000a174     MSVCRT:throw_bad_alloc.obj
 0002:00002184       __CTA2?AVbad_alloc@std@@   1000a184     MSVCRT:throw_bad_alloc.obj
 0002:00002190       __CT??_R0?AVbad_alloc@std@@@8??0bad_alloc@std@@QAE@ABV01@@Z12 1000a190     MSVCRT:throw_bad_alloc.obj
 0002:000021ac       __TI3?AVbad_array_new_length@std@@ 1000a1ac     MSVCRT:throw_bad_alloc.obj
 0002:000021bc       __CTA3?AVbad_array_new_length@std@@ 1000a1bc     MSVCRT:throw_bad_alloc.obj
 0002:000021cc       __CT??_R0?AVbad_array_new_length@std@@@8??0bad_array_new_length@std@@QAE@ABV01@@Z12 1000a1cc     MSVCRT:throw_bad_alloc.obj
 0002:000021e8       __TI1?AVCAtlException@ATL@@ 1000a1e8     ITOrder.obj
 0002:000021f8       __TI1?AVexception@std@@    1000a1f8     ITOrder.obj
 0002:00002208       __CTA1?AVexception@std@@   1000a208     ITOrder.obj
 0002:00002210       __CT??_R0?AVCAtlException@ATL@@@84 1000a210     ITOrder.obj
 0002:0000222c       __CTA1?AVCAtlException@ATL@@ 1000a22c     ITOrder.obj
 0002:00002234       __CT??_R0?AVexception@std@@@8??0exception@std@@QAE@ABV01@@Z12 1000a234     ITOrder.obj
 0002:000022b0       __IMPORT_DESCRIPTOR_Database 1000a2b0     Database:Database.dll
 0002:000022c4       __IMPORT_DESCRIPTOR_xLogger 1000a2c4     xlogger:xLogger.dll
 0002:000022d8       __IMPORT_DESCRIPTOR_KERNEL32 1000a2d8     kernel32:KERNEL32.dll
 0002:000022ec       __IMPORT_DESCRIPTOR_OLEAUT32 1000a2ec     oleaut32:OLEAUT32.dll
 0002:00002300       __IMPORT_DESCRIPTOR_MSVCP140 1000a300     msvcprt:MSVCP140.dll
 0002:00002314       __IMPORT_DESCRIPTOR_VCRUNTIME140 1000a314     vcruntime:VCRUNTIME140.dll
 0002:00002328       __IMPORT_DESCRIPTOR_api-ms-win-crt-time-l1-1-0 1000a328     ucrt:api-ms-win-crt-time-l1-1-0.dll
 0002:0000233c       __IMPORT_DESCRIPTOR_api-ms-win-crt-stdio-l1-1-0 1000a33c     ucrt:api-ms-win-crt-stdio-l1-1-0.dll
 0002:00002350       __IMPORT_DESCRIPTOR_api-ms-win-crt-convert-l1-1-0 1000a350     ucrt:api-ms-win-crt-convert-l1-1-0.dll
 0002:00002364       __IMPORT_DESCRIPTOR_api-ms-win-crt-runtime-l1-1-0 1000a364     ucrt:api-ms-win-crt-runtime-l1-1-0.dll
 0002:00002378       __IMPORT_DESCRIPTOR_api-ms-win-crt-heap-l1-1-0 1000a378     ucrt:api-ms-win-crt-heap-l1-1-0.dll
 0002:0000238c       __IMPORT_DESCRIPTOR_api-ms-win-crt-math-l1-1-0 1000a38c     ucrt:api-ms-win-crt-math-l1-1-0.dll
 0002:000023a0       __NULL_IMPORT_DESCRIPTOR   1000a3a0     Database:Database.dll
 0003:00000000       __Init_global_epoch        1000b000     MSVCRT:thread_safe_statics.obj
 0003:00000004       ___scrt_native_dllmain_reason 1000b004     MSVCRT:utility.obj
 0003:00000008       ___security_cookie_complement 1000b008     MSVCRT:gs_cookie.obj
 0003:0000000c       ___security_cookie         1000b00c     MSVCRT:gs_cookie.obj
 0003:00000010       ___isa_enabled             1000b010     MSVCRT:_cpu_disp_.obj
 0003:00000020       ___scrt_ucrt_dll_is_in_use 1000b020     MSVCRT:ucrt_stubs.obj
 0003:00000030       __fltused                  1000b030     MSVCRT:fltused.obj
 0003:00000034       ??_R0?AVtype_info@@@8      1000b034     MSVCRT:std_type_info_static.obj
 0003:0000004c       ??_R0?AVbad_alloc@std@@@8  1000b04c     MSVCRT:throw_bad_alloc.obj
 0003:00000068       ??_R0?AVbad_array_new_length@std@@@8 1000b068     MSVCRT:throw_bad_alloc.obj
 0003:00000090       ??_R0?AVIOrder@@@8         1000b090     ITOrder.obj
 0003:000000a8       ??_R0?AVCAtlException@ATL@@@8 1000b0a8     ITOrder.obj
 0003:000000c8       ??_R0?AVITOrder@@@8        1000b0c8     ITOrder.obj
 0003:000000e0       ??_R0?AV_com_error@@@8     1000b0e0     ITOrder.obj
 0003:000000fc       ??_R0?AVexception@std@@@8  1000b0fc     ITOrder.obj
 0003:00000118       ?_AtlBaseModule@ATL@@3VCAtlBaseModule@1@A 1000b118     atls:atlbase.obj
 0003:00000150       ___@@_PchSym_@00@UwwUexgllohUexHoryhUhsrkUzgonuxUhixUzgoUzgohUlyqBiUrDIGUhgwzucOlyq@D30CF1FEFB9F8AE1 1000b150     atls:stdafx.obj
 0003:0000017c       ___scrt_current_native_startup_state 1000b17c     MSVCRT:utility.obj
 0003:00000180       ___scrt_native_startup_lock 1000b180     MSVCRT:utility.obj
 0003:000004c4       ___scrt_debugger_hook_flag 1000b4c4     MSVCRT:utility_desktop.obj
 0003:000004c8       __tls_index                1000b4c8     MSVCRT:tlssup.obj
 0003:000004cc       ___isa_available           1000b4cc     MSVCRT:_cpu_disp_.obj
 0003:000004d0       ___favor                   1000b4d0     MSVCRT:_cpu_disp_.obj
 0003:000004d8       ?__type_info_root_node@@3U__type_info_node@@A 1000b4d8     MSVCRT:tncleanup.obj
 0003:000004e0       ?_OptionsStorage@?1??__local_stdio_scanf_options@@9@4_KA 1000b4e0     MSVCRT:default_local_stdio_options.obj
 0003:000004e8       ?_OptionsStorage@?1??__local_stdio_printf_options@@9@4_KA 1000b4e8     ITOrder.obj
 0003:000004f4       ?m_bInitFailed@CAtlBaseModule@ATL@@2_NA 1000b4f4     ITOrder.obj
 0003:000004f8       ___dyn_tls_init_callback   1000b4f8     <common>
 0004:00000000       __tls_start                1000c000     MSVCRT:tlssup.obj
 0004:00000004       __Init_thread_epoch        1000c004     MSVCRT:thread_safe_statics.obj
 0004:00000008       __tls_end                  1000c008     MSVCRT:tlssup.obj

 entry point at        0001:00005c49

 Static symbols

 0000:ffff0000       .debug$S                   10000000     ucrt:api-ms-win-crt-convert-l1-1-0.dll
 0000:ffff0000       .debug$S                   10000000     ucrt:api-ms-win-crt-math-l1-1-0.dll
 0000:ffff0000       .debug$S                   10000000     msvcprt:MSVCP140.dll
 0000:ffff0000       .debug$S                   10000000     msvcprt:MSVCP140.dll
 0000:ffff0000       .debug$S                   10000000     msvcprt:MSVCP140.dll
 0000:ffff0000       .debug$S                   10000000     ucrt:api-ms-win-crt-convert-l1-1-0.dll
 0000:ffff0000       .debug$S                   10000000     ucrt:api-ms-win-crt-runtime-l1-1-0.dll
 0000:ffff0000       .debug$S                   10000000     oleaut32:OLEAUT32.dll
 0000:ffff0000       .debug$S                   10000000     oleaut32:OLEAUT32.dll
 0000:ffff0000       .debug$S                   10000000     oleaut32:OLEAUT32.dll
 0000:ffff0000       .debug$S                   10000000     oleaut32:OLEAUT32.dll
 0002:ffff8000       .idata$6                   10000000     user32:USER32.dll
 0000:ffff0000       .debug$S                   10000000     user32:USER32.dll
 0000:ffff0000       .debug$S                   10000000     ucrt:api-ms-win-crt-runtime-l1-1-0.dll
 0000:ffff0000       .debug$S                   10000000     kernel32:KERNEL32.dll
 0000:ffff0000       .debug$S                   10000000     kernel32:KERNEL32.dll
 0000:ffff0000       .debug$S                   10000000     kernel32:KERNEL32.dll
 0000:ffff0000       .debug$S                   10000000     kernel32:KERNEL32.dll
 0000:ffff0000       .debug$S                   10000000     kernel32:KERNEL32.dll
 0000:ffff0000       .debug$S                   10000000     kernel32:KERNEL32.dll
 0000:ffff0000       .debug$S                   10000000     kernel32:KERNEL32.dll
 0000:ffff0000       .debug$S                   10000000     kernel32:KERNEL32.dll
 0000:ffff0000       .debug$S                   10000000     kernel32:KERNEL32.dll
 0000:ffff0000       .debug$S                   10000000     kernel32:KERNEL32.dll
 0000:ffff0000       .debug$S                   10000000     kernel32:KERNEL32.dll
 0000:ffff0000       .debug$S                   10000000     kernel32:KERNEL32.dll
 0000:ffff0000       .debug$S                   10000000     kernel32:KERNEL32.dll
 0000:ffff0000       .debug$S                   10000000     kernel32:KERNEL32.dll
 0000:ffff0000       .debug$S                   10000000     kernel32:KERNEL32.dll
 0000:ffff0000       .debug$S                   10000000     kernel32:KERNEL32.dll
 0000:ffff0000       .debug$S                   10000000     kernel32:KERNEL32.dll
 0000:ffff0000       .debug$S                   10000000     kernel32:KERNEL32.dll
 0000:ffff0000       .debug$S                   10000000     kernel32:KERNEL32.dll
 0000:ffff0000       .debug$S                   10000000     kernel32:KERNEL32.dll
 0000:ffff0000       .debug$S                   10000000     kernel32:KERNEL32.dll
 0000:ffff0000       .debug$S                   10000000     kernel32:KERNEL32.dll
 0000:ffff0000       .debug$S                   10000000     kernel32:KERNEL32.dll
 0000:ffff0000       .debug$S                   10000000     kernel32:KERNEL32.dll
 0000:ffff0000       .debug$S                   10000000     kernel32:KERNEL32.dll
 0000:ffff0000       .debug$S                   10000000     kernel32:KERNEL32.dll
 0000:ffff0000       .debug$S                   10000000     kernel32:KERNEL32.dll
 0000:ffff0000       .debug$S                   10000000     kernel32:KERNEL32.dll
 0000:ffff0000       .debug$S                   10000000     kernel32:KERNEL32.dll
 0000:ffff0000       .debug$S                   10000000     kernel32:KERNEL32.dll
 0000:ffff0000       .debug$S                   10000000     kernel32:KERNEL32.dll
 0000:ffff0000       .debug$S                   10000000     kernel32:KERNEL32.dll
 0000:ffff0000       .debug$S                   10000000     kernel32:KERNEL32.dll
 0000:ffff0000       .debug$S                   10000000     kernel32:KERNEL32.dll
 0000:ffff0000       .debug$S                   10000000     kernel32:KERNEL32.dll
 0000:ffff0000       .debug$S                   10000000     kernel32:KERNEL32.dll
 0000:ffff0000       .debug$S                   10000000     kernel32:KERNEL32.dll
 0000:ffff0000       .debug$S                   10000000     ucrt:api-ms-win-crt-runtime-l1-1-0.dll
 0000:ffff0000       .debug$S                   10000000     xlogger:xLogger.dll
 0000:ffff0000       .debug$S                   10000000     ucrt:api-ms-win-crt-heap-l1-1-0.dll
 0000:ffff0000       .debug$S                   10000000     Database:Database.dll
 0000:ffff0000       .debug$S                   10000000     Database:Database.dll
 0000:ffff0000       .debug$S                   10000000     Database:Database.dll
 0000:ffff0000       .debug$S                   10000000     Database:Database.dll
 0000:ffff0000       .debug$S                   10000000     ucrt:api-ms-win-crt-runtime-l1-1-0.dll
 0000:ffff0000       .debug$S                   10000000     ucrt:api-ms-win-crt-heap-l1-1-0.dll
 0000:ffff0000       .debug$S                   10000000     ucrt:api-ms-win-crt-runtime-l1-1-0.dll
 0000:ffff0000       .debug$S                   10000000     ucrt:api-ms-win-crt-runtime-l1-1-0.dll
 0000:ffff0000       .debug$S                   10000000     ucrt:api-ms-win-crt-runtime-l1-1-0.dll
 0000:ffff0000       .debug$S                   10000000     OMS.exp
 0000:ffff0000       .debug$S                   10000000     ucrt:api-ms-win-crt-runtime-l1-1-0.dll
 0000:ffff0000       .debug$S                   10000000     ucrt:api-ms-win-crt-runtime-l1-1-0.dll
 0000:ffff0000       .debug$S                   10000000     ucrt:api-ms-win-crt-runtime-l1-1-0.dll
 0000:ffff0000       .debug$S                   10000000     ucrt:api-ms-win-crt-heap-l1-1-0.dll
 0000:ffff0000       .debug$S                   10000000     vcruntime:VCRUNTIME140.dll
 0000:ffff0000       .debug$S                   10000000     ucrt:api-ms-win-crt-heap-l1-1-0.dll
 0000:ffff0000       .debug$S                   10000000     ucrt:api-ms-win-crt-runtime-l1-1-0.dll
 0000:ffff0000       .debug$S                   10000000     vcruntime:VCRUNTIME140.dll
 0000:ffff0000       .debug$S                   10000000     vcruntime:VCRUNTIME140.dll
 0000:ffff0000       .debug$S                   10000000     vcruntime:VCRUNTIME140.dll
 0000:ffff0000       .debug$S                   10000000     vcruntime:VCRUNTIME140.dll
 0000:ffff0000       .debug$S                   10000000     vcruntime:VCRUNTIME140.dll
 0000:ffff0000       .debug$S                   10000000     vcruntime:VCRUNTIME140.dll
 0000:ffff0000       .debug$S                   10000000     vcruntime:VCRUNTIME140.dll
 0000:ffff0000       .debug$S                   10000000     vcruntime:VCRUNTIME140.dll
 0000:ffff0000       .debug$S                   10000000     vcruntime:VCRUNTIME140.dll
 0000:ffff0000       .debug$S                   10000000     vcruntime:VCRUNTIME140.dll
 0000:ffff0000       .debug$S                   10000000     vcruntime:VCRUNTIME140.dll
 0000:ffff0000       .debug$S                   10000000     ucrt:api-ms-win-crt-time-l1-1-0.dll
 0000:ffff0000       .debug$S                   10000000     ucrt:api-ms-win-crt-time-l1-1-0.dll
 0000:ffff0000       .debug$S                   10000000     ucrt:api-ms-win-crt-stdio-l1-1-0.dll
 0000:ffff0000       .debug$S                   10000000     ucrt:api-ms-win-crt-stdio-l1-1-0.dll
 0000:ffff0000       .debug$S                   10000000     ucrt:api-ms-win-crt-runtime-l1-1-0.dll
 0000:ffff0000       .debug$S                   10000000     ucrt:api-ms-win-crt-runtime-l1-1-0.dll
 0000:ffff0000       .debug$S                   10000000     ucrt:api-ms-win-crt-runtime-l1-1-0.dll
 0000:ffff0000       .debug$S                   10000000     ucrt:api-ms-win-crt-runtime-l1-1-0.dll
 0001:00000000       ??__E_AtlBaseModule@ATL@@YAXXZ 10001000 f   atls:atlbase.obj
 0001:000007b0       ?GetMessageObject@@YAPAXI@Z 100017b0 f   ITOrder.obj
 0001:00000b3c       $LN60                      10001b3c     ITOrder.obj
 0001:00001798       $LN9                       10002798     ITOrder.obj
 0001:0000487f       __catch$?_Copy@?$basic_string@DU?$char_traits@D@std@@V?$allocator@D@2@@std@@QAEXII@Z$0 1000587f f i ITOrder.obj
 0001:000048ad       __catch$?_Copy@?$basic_string@DU?$char_traits@D@std@@V?$allocator@D@2@@std@@QAEXII@Z$1 100058ad f i ITOrder.obj
 0001:00004d6c       __catch$?_Buynode0@?$_List_alloc@U?$_List_base_types@UOrderExecInfo@@V?$allocator@UOrderExecInfo@@@std@@@std@@@std@@QAEPAU?$_List_node@UOrderExecInfo@@PAX@2@PAU32@0@Z$0 10005d6c f i ITOrder.obj
 0001:00005183       __catch$??$_Buynode@ABUOrderExecInfo@@@?$_List_buy@UOrderExecInfo@@V?$allocator@UOrderExecInfo@@@std@@@std@@QAEPAU?$_List_node@UOrderExecInfo@@PAX@1@PAU21@0ABUOrderExecInfo@@@Z$0 10006183 f i ITOrder.obj
 0001:000054b4       ?__scrt_initialize_thread_safe_statics@@YAHXZ 100064b4 f   MSVCRT:thread_safe_statics.obj
 0001:00005591       ?__scrt_uninitialize_thread_safe_statics@@YAXXZ 10006591 f   MSVCRT:thread_safe_statics.obj
 0001:000055e0       ?find_pe_section@@YAPAU_IMAGE_SECTION_HEADER@@QAEI@Z 100065e0 f   MSVCRT:utility.obj
 0001:00005941       ?dllmain_crt_dispatch@@YGHQAUHINSTANCE__@@KQAX@Z 10006941 f   MSVCRT:dll_dllmain.obj
 0001:00005994       ?dllmain_crt_process_attach@@YAHQAUHINSTANCE__@@QAX@Z 10006994 f   MSVCRT:dll_dllmain.obj
 0001:00005aa6       ?dllmain_crt_process_detach@@YAH_N@Z 10006aa6 f   MSVCRT:dll_dllmain.obj
 0001:00005b23       ?dllmain_dispatch@@YAHQAUHINSTANCE__@@KQAX@Z 10006b23 f   MSVCRT:dll_dllmain.obj
 0001:00005c1f       ?dllmain_raw@@YGHQAUHINSTANCE__@@KQAX@Z 10006c1f f   MSVCRT:dll_dllmain.obj
 0001:00006140       $$000000                   10007140     MSVCRT:_sehprolg4_.obj
 0001:00006380       $$000000                   10007380     MSVCRT:llmul.obj
 0001:000063c0       $$000000                   100073c0     MSVCRT:_ftol3_.obj
 0001:00006750       __unwindfunclet$?ProcessCancelReplaceOrder@ITOrder@@UAEHAAPAXPAVIOrder@@PAUIContractManager@@@Z$0 10007750 f   ITOrder.obj
 0001:00006750       __unwindfunclet$?ProcessOrder@ITOrder@@UAEHAAPAXPAUIContractManager@@@Z$0 10007750 f   ITOrder.obj
 0001:00006758       __unwindfunclet$?ProcessCancelReplaceOrder@ITOrder@@UAEHAAPAXPAVIOrder@@PAUIContractManager@@@Z$1 10007758 f   ITOrder.obj
 0001:00006758       __unwindfunclet$?ProcessOrder@ITOrder@@UAEHAAPAXPAUIContractManager@@@Z$1 10007758 f   ITOrder.obj
 0001:00006760       __unwindfunclet$?ProcessCancelReplaceOrder@ITOrder@@UAEHAAPAXPAVIOrder@@PAUIContractManager@@@Z$2 10007760 f   ITOrder.obj
 0001:00006760       __unwindfunclet$?ProcessOrder@ITOrder@@UAEHAAPAXPAUIContractManager@@@Z$2 10007760 f   ITOrder.obj
 0001:00006768       __unwindfunclet$?ProcessOrder@ITOrder@@UAEHAAPAXPAUIContractManager@@@Z$3 10007768 f   ITOrder.obj
 0001:00006768       __unwindfunclet$?ProcessCancelReplaceOrder@ITOrder@@UAEHAAPAXPAVIOrder@@PAUIContractManager@@@Z$3 10007768 f   ITOrder.obj
 0001:00006770       __ehhandler$?ProcessOrder@ITOrder@@UAEHAAPAXPAUIContractManager@@@Z 10007770 f   ITOrder.obj
 0001:00006770       __ehhandler$?ProcessCancelReplaceOrder@ITOrder@@UAEHAAPAXPAVIOrder@@PAUIContractManager@@@Z 10007770 f   ITOrder.obj
 0001:00006790       __ehhandler$??1?$list@UOrderExecInfo@@V?$allocator@UOrderExecInfo@@@std@@@std@@QAE@XZ 10007790 f   ITOrder.obj
 0001:00006790       __ehhandler$?begin@?$list@UOrderExecInfo@@V?$allocator@UOrderExecInfo@@@std@@@std@@QAE?AV?$_List_iterator@V?$_List_val@U?$_List_simple_types@UOrderExecInfo@@@std@@@std@@@2@XZ 10007790 f   ITOrder.obj
 0001:00006790       __ehhandler$??1?$_List_alloc@U?$_List_base_types@UOrderExecInfo@@V?$allocator@UOrderExecInfo@@@std@@@std@@@std@@QAE@XZ 10007790 f   ITOrder.obj
 0001:00006790       __ehhandler$??1ITOrder@@UAE@XZ 10007790 f   ITOrder.obj
 0001:00006790       __ehhandler$??0?$basic_string@DU?$char_traits@D@std@@V?$allocator@D@2@@std@@QAE@$$QAV01@@Z 10007790 f   ITOrder.obj
 0001:00006790       __ehhandler$??1?$basic_string@DU?$char_traits@D@std@@V?$allocator@D@2@@std@@QAE@XZ 10007790 f   ITOrder.obj
 0001:00006790       __ehhandler$?end@?$list@UOrderExecInfo@@V?$allocator@UOrderExecInfo@@@std@@@std@@QAE?AV?$_List_iterator@V?$_List_val@U?$_List_simple_types@UOrderExecInfo@@@std@@@std@@@2@XZ 10007790 f   ITOrder.obj
 0001:000067b0       __unwindfunclet$?ToString@ITOrder@@UAE?AV?$basic_string@DU?$char_traits@D@std@@V?$allocator@D@2@@std@@XZ$0 100077b0 f   ITOrder.obj
 0001:000067bb       __ehhandler$?ToString@ITOrder@@UAE?AV?$basic_string@DU?$char_traits@D@std@@V?$allocator@D@2@@std@@XZ 100077bb f   ITOrder.obj
 0001:000067f0       __unwindfunclet$??0?$basic_string@DU?$char_traits@D@std@@V?$allocator@D@2@@std@@QAE@PBD@Z$0 100077f0 f   ITOrder.obj
 0001:000067f8       __ehhandler$??0?$basic_string@DU?$char_traits@D@std@@V?$allocator@D@2@@std@@QAE@PBD@Z 100077f8 f   ITOrder.obj
 0001:00006820       __ehhandler$?clear@?$list@UOrderExecInfo@@V?$allocator@UOrderExecInfo@@@std@@@std@@QAEXXZ 10007820 f   ITOrder.obj
 0001:00006840       __ehhandler$?_Copy@?$basic_string@DU?$char_traits@D@std@@V?$allocator@D@2@@std@@QAEXII@Z 10007840 f   ITOrder.obj
 0001:00006860       __ehhandler$?_Buynode0@?$_List_alloc@U?$_List_base_types@UOrderExecInfo@@V?$allocator@UOrderExecInfo@@@std@@@std@@@std@@QAEPAU?$_List_node@UOrderExecInfo@@PAX@2@PAU32@0@Z 10007860 f   ITOrder.obj
 0001:00006880       __ehhandler$??$_Buynode@ABUOrderExecInfo@@@?$_List_buy@UOrderExecInfo@@V?$allocator@UOrderExecInfo@@@std@@@std@@QAEPAU?$_List_node@UOrderExecInfo@@PAX@1@PAU21@0ABUOrderExecInfo@@@Z 10007880 f   ITOrder.obj
 0001:000068a0       __unwindfunclet$?CreateOrderObject@@YGPAVIOrder@@XZ$0 100078a0 f   OMS.obj
 0001:000068b2       __ehhandler$?CreateOrderObject@@YGPAVIOrder@@XZ 100078b2 f   OMS.obj
 0001:000068d0       ??__F_AtlBaseModule@ATL@@YAXXZ 100078d0 f   atls:atlbase.obj
 0002:00000148       ?_AtlBaseModule$initializer$@ATL@@3P6AXXZA 10008148     atls:atlbase.obj
 0002:00000154       ?__scrt_initialize_tss_var@@3P6AHXZA 10008154     MSVCRT:thread_safe_statics.obj
 0002:00000290       _GS_ExceptionPointers      10008290     MSVCRT:gs_report.obj
 0002:00000328       $SG4294967197              10008328     ITOrder.obj
 0002:0000033b       $SG4294966920              1000833b     ITOrder.obj
 0002:0000033c       $SG4294967196              1000833c     ITOrder.obj
 0002:00000354       $SG4294967195              10008354     ITOrder.obj
 0002:00000359       $SG4294966871              10008359     ITOrder.obj
 0002:0000035c       $SG4294967194              1000835c     ITOrder.obj
 0002:00000364       $SG4294967193              10008364     ITOrder.obj
 0002:0000036c       $SG4294967192              1000836c     ITOrder.obj
 0002:00000370       $SG4294967191              10008370     ITOrder.obj
 0002:00000374       $SG4294967190              10008374     ITOrder.obj
 0002:00000378       $SG4294967189              10008378     ITOrder.obj
 0002:00000388       $SG4294967188              10008388     ITOrder.obj
 0002:00000394       $SG4294967187              10008394     ITOrder.obj
 0002:000003a0       $SG4294967186              100083a0     ITOrder.obj
 0002:000003b4       $SG4294967185              100083b4     ITOrder.obj
 0002:000003c8       $SG4294967184              100083c8     ITOrder.obj
 0002:000003dc       $SG4294967183              100083dc     ITOrder.obj
 0002:000003f0       $SG4294967182              100083f0     ITOrder.obj
 0002:00000400       $SG4294967181              10008400     ITOrder.obj
 0002:00000414       $SG4294967180              10008414     ITOrder.obj
 0002:00000428       $SG4294967179              10008428     ITOrder.obj
 0002:00000438       $SG4294967178              10008438     ITOrder.obj
 0002:00000448       $SG4294967177              10008448     ITOrder.obj
 0002:0000045c       $SG4294967176              1000845c     ITOrder.obj
 0002:00000470       $SG4294967175              10008470     ITOrder.obj
 0002:00000480       $SG4294967174              10008480     ITOrder.obj
 0002:00000490       $SG4294967173              10008490     ITOrder.obj
 0002:000004a0       $SG4294967172              100084a0     ITOrder.obj
 0002:000004b0       $SG4294967171              100084b0     ITOrder.obj
 0002:000004bc       $SG4294967170              100084bc     ITOrder.obj
 0002:000004cc       $SG4294967169              100084cc     ITOrder.obj
 0002:000004e0       $SG4294967168              100084e0     ITOrder.obj
 0002:000004f0       $SG4294967167              100084f0     ITOrder.obj
 0002:00000500       $SG4294967122              10008500     ITOrder.obj
 0002:00000504       $SG4294967121              10008504     ITOrder.obj
 0002:00000508       $SG4294967120              10008508     ITOrder.obj
 0002:0000050c       $SG4294967119              1000850c     ITOrder.obj
 0002:00000510       $SG4294967118              10008510     ITOrder.obj
 0002:00000514       $SG4294967117              10008514     ITOrder.obj
 0002:00000520       $SG4294967116              10008520     ITOrder.obj
 0002:0000052c       $SG4294967115              1000852c     ITOrder.obj
 0002:00000534       $SG4294967114              10008534     ITOrder.obj
 0002:0000053c       $SG4294967113              1000853c     ITOrder.obj
[...]
 0002:00000cdc       $SG4294966964              10008cdc     ITOrder.obj
 0002:00000ce8       $SG4294966963              10008ce8     ITOrder.obj
 0002:00000cf0       $SG4294966962              10008cf0     ITOrder.obj
 0002:00000d00       $SG4294966961              10008d00     ITOrder.obj
 0002:00000d14       $SG4294966960              10008d14     ITOrder.obj
 0002:00000d28       $SG4294966959              10008d28     ITOrder.obj
 0002:00000d3c       $SG4294966958              10008d3c     ITOrder.obj
 0002:00000d50       $SG4294966957              10008d50     ITOrder.obj
 0002:00000d60       $SG4294966956              10008d60     ITOrder.obj
 0002:00000d70       $SG4294966955              10008d70     ITOrder.obj
 0002:00000d78       $SG4294966954              10008d78     ITOrder.obj
 0002:00000d94       $SG4294966950              10008d94     ITOrder.obj
 0002:00000d9c       $SG4294966949              10008d9c     ITOrder.obj
 0002:00000da8       $SG4294966953              10008da8     ITOrder.obj
 0002:00000df0       $SG4294966952              10008df0     ITOrder.obj
 0002:00000e30       $SG4294966951              10008e30     ITOrder.obj
 0002:00000e70       $SG4294966948              10008e70     ITOrder.obj
 0002:00000e80       $SG4294966947              10008e80     ITOrder.obj
 0002:00000e88       $SG4294966946              10008e88     ITOrder.obj
 0002:00000e90       $SG4294966945              10008e90     ITOrder.obj
 0002:00000e9c       $SG4294966944              10008e9c     ITOrder.obj
 0002:00000eac       $SG4294966943              10008eac     ITOrder.obj
 0002:00000eb4       $SG4294966942              10008eb4     ITOrder.obj
 0002:00000ec4       $SG4294966941              10008ec4     ITOrder.obj
 0002:00000ecc       $SG4294966940              10008ecc     ITOrder.obj
 0002:00000ed0       $SG4294966939              10008ed0     ITOrder.obj
 0002:00000edc       $SG4294966938              10008edc     ITOrder.obj
 0002:00000eec       $SG4294966937              10008eec     ITOrder.obj
 0002:00000ef8       $SG4294966936              10008ef8     ITOrder.obj
 0002:00000f04       $SG4294966935              10008f04     ITOrder.obj
 0002:00000f14       $SG4294966934              10008f14     ITOrder.obj
 0002:00000f20       $SG4294966933              10008f20     ITOrder.obj
 0002:00000f2c       $SG4294966932              10008f2c     ITOrder.obj
 0002:00000f38       $SG4294966931              10008f38     ITOrder.obj
 0002:00000f48       $SG4294966930              10008f48     ITOrder.obj
 0002:00000f5c       $SG4294966929              10008f5c     ITOrder.obj
 0002:00000f70       $SG4294966928              10008f70     ITOrder.obj
 0002:00000f84       $SG4294966927              10008f84     ITOrder.obj
 0002:00000f98       $SG4294966926              10008f98     ITOrder.obj
 0002:00000fa8       $SG4294966925              10008fa8     ITOrder.obj
 0002:00000fb8       $SG4294966924              10008fb8     ITOrder.obj
 0002:00000fc8       $SG4294966923              10008fc8     ITOrder.obj
 0002:00000fd4       $SG4294966922              10008fd4     ITOrder.obj
 0002:00000fdc       $SG4294966921              10008fdc     ITOrder.obj
 0002:00000fe0       $SG4294966919              10008fe0     ITOrder.obj
 0002:00000fe8       $SG4294966918              10008fe8     ITOrder.obj
 0002:00001000       $SG4294966917              10009000     ITOrder.obj
 0002:00001040       $SG4294966916              10009040     ITOrder.obj
 0002:00001048       $SG4294966915              10009048     ITOrder.obj
 0002:00001084       $SG4294966914              10009084     ITOrder.obj
 0002:000010c0       $SG4294966913              100090c0     ITOrder.obj
 0002:000010e4       $SG4294966911              100090e4     ITOrder.obj
 0002:000010f0       $SG4294966912              100090f0     ITOrder.obj
 0002:0000113c       $SG4294966910              1000913c     ITOrder.obj
 0002:00001144       $SG4294966909              10009144     ITOrder.obj
 0002:0000114c       $SG4294966908              1000914c     ITOrder.obj
 0002:00001158       $SG4294966907              10009158     ITOrder.obj
 0002:00001168       $SG4294966906              10009168     ITOrder.obj
 0002:00001170       $SG4294966905              10009170     ITOrder.obj
 0002:00001178       $SG4294966904              10009178     ITOrder.obj
 0002:00001184       $SG4294966903              10009184     ITOrder.obj
 0002:00001190       $SG4294966902              10009190     ITOrder.obj
 0002:00001198       $SG4294966901              10009198     ITOrder.obj
 0002:000011b0       $SG4294966900              100091b0     ITOrder.obj
 0002:000011c0       $SG4294966899              100091c0     ITOrder.obj
 0002:000011d0       $SG4294966898              100091d0     ITOrder.obj
 0002:000011dc       $SG4294966897              100091dc     ITOrder.obj
 0002:000011ec       $SG4294966896              100091ec     ITOrder.obj
 0002:000011f8       $SG4294966895              100091f8     ITOrder.obj
 0002:000011fc       $SG4294966894              100091fc     ITOrder.obj
 0002:00001208       $SG4294966893              10009208     ITOrder.obj
 0002:00001214       $SG4294966892              10009214     ITOrder.obj
 0002:00001224       $SG4294966891              10009224     ITOrder.obj
 0002:00001228       $SG4294966890              10009228     ITOrder.obj
 0002:00001234       $SG4294966889              10009234     ITOrder.obj
 0002:00001240       $SG4294966888              10009240     ITOrder.obj
 0002:0000124c       $SG4294966887              1000924c     ITOrder.obj
 0002:00001258       $SG4294966886              10009258     ITOrder.obj
 0002:00001268       $SG4294966885              10009268     ITOrder.obj
 0002:00001270       $SG4294966884              10009270     ITOrder.obj
 0002:00001280       $SG4294966883              10009280     ITOrder.obj
 0002:00001288       $SG4294966882              10009288     ITOrder.obj
 0002:00001290       $SG4294966881              10009290     ITOrder.obj
 0002:0000129c       $SG4294966880              1000929c     ITOrder.obj
 0002:000012a8       $SG4294966879              100092a8     ITOrder.obj
 0002:000012b0       $SG4294966878              100092b0     ITOrder.obj
 0002:000012c8       $SG4294966877              100092c8     ITOrder.obj
 0002:000012d8       $SG4294966876              100092d8     ITOrder.obj
 0002:000012e4       $SG4294966875              100092e4     ITOrder.obj
 0002:000012f0       $SG4294966874              100092f0     ITOrder.obj
 0002:000012f4       $SG4294966873              100092f4     ITOrder.obj
 0002:00001304       $SG4294966872              10009304     ITOrder.obj
 0002:00001314       $SG4294966869              10009314     ITOrder.obj
 0002:00001344       $SG4294966867              10009344     ITOrder.obj
 0002:0000134c       $SG4294966866              1000934c     ITOrder.obj
 0002:00001358       $SG4294966870              10009358     ITOrder.obj
 0002:0000149c       $SG4294966863              1000949c     ITOrder.obj
 0002:000014a4       $SG4294966862              100094a4     ITOrder.obj
 0002:000014b0       $SG4294966868              100094b0     ITOrder.obj
 0002:000014fc       $SG4294966865              100094fc     ITOrder.obj
 0002:0000150c       $SG4294966864              1000950c     ITOrder.obj
 0002:00001514       $SG4294966861              10009514     ITOrder.obj
 0002:00001524       $SG4294966860              10009524     ITOrder.obj
 0002:0000152c       $SG4294966859              1000952c     ITOrder.obj
 0002:0000153c       $SG4294966858              1000953c     ITOrder.obj
 0002:00001544       $SG4294966857              10009544     ITOrder.obj
 0002:00001548       $SG4294966856              10009548     ITOrder.obj
 0002:00001554       $SG4294966855              10009554     ITOrder.obj
 0002:00001564       $SG4294966854              10009564     ITOrder.obj
 0002:00001570       $SG4294966853              10009570     ITOrder.obj
 0002:00001578       $SG4294966852              10009578     ITOrder.obj
 0002:00001590       $SG4294966851              10009590     ITOrder.obj
 0002:000015d8       $SG4294966850              100095d8     ITOrder.obj
 0002:00001618       $SG4294966849              10009618     ITOrder.obj
 0002:00001658       $SG4294959670              10009658     OMS.obj
 0002:0000166c       $SG4294959669              1000966c     OMS.obj
 0002:00001684       $SG4294959668              10009684     OMS.obj
 0002:0000168c       $SG4294959667              1000968c     OMS.obj
 0002:00001694       $SG4294959666              10009694     OMS.obj
 0002:0000169c       $SG4294959665              1000969c     OMS.obj
 0002:000016a0       $SG4294959664              100096a0     OMS.obj
 0002:000016a4       $SG4294959663              100096a4     OMS.obj
 0002:00001790       _Int32ToUInt32             10009790     MSVCRT:_ftol3_.obj
 0002:00001798       _DP2to32                   10009798     MSVCRT:_ftol3_.obj
 0002:000017a0       _MantissaMask              100097a0     MSVCRT:_ftol3_.obj
 0002:000017a8       _IntegerBit                100097a8     MSVCRT:_ftol3_.obj
 0002:000017b0       _SignBit64                 100097b0     MSVCRT:_ftol3_.obj
 0002:000017b8       _MinFP64                   100097b8     MSVCRT:_ftol3_.obj
 0002:000017c0       _MinInt64                  100097c0     MSVCRT:_ftol3_.obj
 0002:000017c8       _MaxInt64                  100097c8     MSVCRT:_ftol3_.obj
 0002:000017d0       _MaxUInt64                 100097d0     MSVCRT:_ftol3_.obj
 0002:000017d8       _MaxFP32                   100097d8     MSVCRT:_ftol3_.obj
 0002:000017e0       _MinFP32                   100097e0     MSVCRT:_ftol3_.obj
 0002:000017e8       _MinSubInexact             100097e8     MSVCRT:_ftol3_.obj
 0002:000017f0       _FpExcptTable              100097f0     MSVCRT:_ftol3_.obj
 0002:00001800       _i1075                     10009800     MSVCRT:_ftol3_.obj
 0002:00001804       _i1087                     10009804     MSVCRT:_ftol3_.obj
 0002:00001808       _x0800                     10009808     MSVCRT:_ftol3_.obj
 0002:0000180c       _x17FF                     1000980c     MSVCRT:_ftol3_.obj
 0002:00001810       _CWMask                    10009810     MSVCRT:_ftol3_.obj
 0002:00001ed0       __ehfuncinfo$?ProcessOrder@ITOrder@@UAEHAAPAXPAUIContractManager@@@Z 10009ed0     ITOrder.obj
 0002:00001ed0       __ehfuncinfo$?ProcessCancelReplaceOrder@ITOrder@@UAEHAAPAXPAVIOrder@@PAUIContractManager@@@Z 10009ed0     ITOrder.obj
 0002:00001ef4       __unwindtable$?ProcessCancelReplaceOrder@ITOrder@@UAEHAAPAXPAVIOrder@@PAUIContractManager@@@Z 10009ef4     ITOrder.obj
 0002:00001ef4       __unwindtable$?ProcessOrder@ITOrder@@UAEHAAPAXPAUIContractManager@@@Z 10009ef4     ITOrder.obj
 0002:00001f14       __ehfuncinfo$??0?$basic_string@DU?$char_traits@D@std@@V?$allocator@D@2@@std@@QAE@$$QAV01@@Z 10009f14     ITOrder.obj
 0002:00001f14       __ehfuncinfo$??1?$list@UOrderExecInfo@@V?$allocator@UOrderExecInfo@@@std@@@std@@QAE@XZ 10009f14     ITOrder.obj
 0002:00001f14       __ehfuncinfo$??1?$_List_alloc@U?$_List_base_types@UOrderExecInfo@@V?$allocator@UOrderExecInfo@@@std@@@std@@@std@@QAE@XZ 10009f14     ITOrder.obj
 0002:00001f14       __ehfuncinfo$?clear@?$list@UOrderExecInfo@@V?$allocator@UOrderExecInfo@@@std@@@std@@QAEXXZ 10009f14     ITOrder.obj
 0002:00001f14       __ehfuncinfo$?begin@?$list@UOrderExecInfo@@V?$allocator@UOrderExecInfo@@@std@@@std@@QAE?AV?$_List_iterator@V?$_List_val@U?$_List_simple_types@UOrderExecInfo@@@std@@@std@@@2@XZ 10009f14     ITOrder.obj
 0002:00001f14       __ehfuncinfo$??1?$basic_string@DU?$char_traits@D@std@@V?$allocator@D@2@@std@@QAE@XZ 10009f14     ITOrder.obj
 0002:00001f14       __ehfuncinfo$?end@?$list@UOrderExecInfo@@V?$allocator@UOrderExecInfo@@@std@@@std@@QAE?AV?$_List_iterator@V?$_List_val@U?$_List_simple_types@UOrderExecInfo@@@std@@@std@@@2@XZ 10009f14     ITOrder.obj
 0002:00001f14       __ehfuncinfo$??1ITOrder@@UAE@XZ 10009f14     ITOrder.obj
 0002:00001f38       __ehfuncinfo$?ToString@ITOrder@@UAE?AV?$basic_string@DU?$char_traits@D@std@@V?$allocator@D@2@@std@@XZ 10009f38     ITOrder.obj
 0002:00001f5c       __unwindtable$?ToString@ITOrder@@UAE?AV?$basic_string@DU?$char_traits@D@std@@V?$allocator@D@2@@std@@XZ 10009f5c     ITOrder.obj
 0002:00001f64       __ehfuncinfo$??0?$basic_string@DU?$char_traits@D@std@@V?$allocator@D@2@@std@@QAE@PBD@Z 10009f64     ITOrder.obj
 0002:00001f88       __unwindtable$??0?$basic_string@DU?$char_traits@D@std@@V?$allocator@D@2@@std@@QAE@PBD@Z 10009f88     ITOrder.obj
 0002:00001f90       __ehfuncinfo$?_Copy@?$basic_string@DU?$char_traits@D@std@@V?$allocator@D@2@@std@@QAEXII@Z 10009f90     ITOrder.obj
 0002:00001fb4       __unwindtable$?_Copy@?$basic_string@DU?$char_traits@D@std@@V?$allocator@D@2@@std@@QAEXII@Z 10009fb4     ITOrder.obj
 0002:00001fd4       __tryblocktable$?_Copy@?$basic_string@DU?$char_traits@D@std@@V?$allocator@D@2@@std@@QAEXII@Z 10009fd4     ITOrder.obj
 0002:00001ffc       __catchsym$?_Copy@?$basic_string@DU?$char_traits@D@std@@V?$allocator@D@2@@std@@QAEXII@Z$4 10009ffc     ITOrder.obj
 0002:0000200c       __catchsym$?_Copy@?$basic_string@DU?$char_traits@D@std@@V?$allocator@D@2@@std@@QAEXII@Z$5 1000a00c     ITOrder.obj
 0002:0000201c       __ehfuncinfo$?_Buynode0@?$_List_alloc@U?$_List_base_types@UOrderExecInfo@@V?$allocator@UOrderExecInfo@@@std@@@std@@@std@@QAEPAU?$_List_node@UOrderExecInfo@@PAX@2@PAU32@0@Z 1000a01c     ITOrder.obj
 0002:00002040       __unwindtable$?_Buynode0@?$_List_alloc@U?$_List_base_types@UOrderExecInfo@@V?$allocator@UOrderExecInfo@@@std@@@std@@@std@@QAEPAU?$_List_node@UOrderExecInfo@@PAX@2@PAU32@0@Z 1000a040     ITOrder.obj
 0002:00002050       __tryblocktable$?_Buynode0@?$_List_alloc@U?$_List_base_types@UOrderExecInfo@@V?$allocator@UOrderExecInfo@@@std@@@std@@@std@@QAEPAU?$_List_node@UOrderExecInfo@@PAX@2@PAU32@0@Z 1000a050     ITOrder.obj
 0002:00002064       __catchsym$?_Buynode0@?$_List_alloc@U?$_List_base_types@UOrderExecInfo@@V?$allocator@UOrderExecInfo@@@std@@@std@@@std@@QAEPAU?$_List_node@UOrderExecInfo@@PAX@2@PAU32@0@Z$2 1000a064     ITOrder.obj
 0002:00002074       __ehfuncinfo$??$_Buynode@ABUOrderExecInfo@@@?$_List_buy@UOrderExecInfo@@V?$allocator@UOrderExecInfo@@@std@@@std@@QAEPAU?$_List_node@UOrderExecInfo@@PAX@1@PAU21@0ABUOrderExecInfo@@@Z 1000a074     ITOrder.obj
 0002:00002098       __unwindtable$??$_Buynode@ABUOrderExecInfo@@@?$_List_buy@UOrderExecInfo@@V?$allocator@UOrderExecInfo@@@std@@@std@@QAEPAU?$_List_node@UOrderExecInfo@@PAX@1@PAU21@0ABUOrderExecInfo@@@Z 1000a098     ITOrder.obj
 0002:000020a8       __tryblocktable$??$_Buynode@ABUOrderExecInfo@@@?$_List_buy@UOrderExecInfo@@V?$allocator@UOrderExecInfo@@@std@@@std@@QAEPAU?$_List_node@UOrderExecInfo@@PAX@1@PAU21@0ABUOrderExecInfo@@@Z 1000a0a8     ITOrder.obj
 0002:000020bc       __catchsym$??$_Buynode@ABUOrderExecInfo@@@?$_List_buy@UOrderExecInfo@@V?$allocator@UOrderExecInfo@@@std@@@std@@QAEPAU?$_List_node@UOrderExecInfo@@PAX@1@PAU21@0ABUOrderExecInfo@@@Z$2 1000a0bc     ITOrder.obj
 0002:000020cc       __ehfuncinfo$?CreateOrderObject@@YGPAVIOrder@@XZ 1000a0cc     OMS.obj
 0002:000020f0       __unwindtable$?CreateOrderObject@@YGPAVIOrder@@XZ 1000a0f0     OMS.obj
 0002:000020f8       __sehtable$___scrt_is_nonwritable_in_current_image 1000a0f8     MSVCRT:utility.obj
 0002:00002118       __sehtable$?dllmain_crt_process_attach@@YAHQAUHINSTANCE__@@QAX@Z 1000a118     MSVCRT:dll_dllmain.obj
 0002:00002138       __sehtable$?dllmain_crt_process_detach@@YAH_N@Z 1000a138     MSVCRT:dll_dllmain.obj
 0002:00002158       __sehtable$?dllmain_dispatch@@YAHQAUHINSTANCE__@@KQAX@Z 1000a158     MSVCRT:dll_dllmain.obj
 0002:00002250       .edata                     1000a250     OMS.exp
 0002:00002278       rgpv                       1000a278     OMS.exp
 0002:0000227c       rgszName                   1000a27c     OMS.exp
 0002:00002280       rgwOrd                     1000a280     OMS.exp
 0002:00002282       szName                     1000a282     OMS.exp
 0002:0000228a       $N00001                    1000a28a     OMS.exp
 0002:00002588       .idata$6                   1000a588     Database:Database.dll
 0002:000025b4       .idata$6                   1000a5b4     xlogger:xLogger.dll
 0002:00002648       .idata$6                   1000a648     kernel32:KERNEL32.dll
 0002:00002656       .idata$6                   1000a656     oleaut32:OLEAUT32.dll
 0002:000026be       .idata$6                   1000a6be     msvcprt:MSVCP140.dll
 0002:00002794       .idata$6                   1000a794     vcruntime:VCRUNTIME140.dll
 0002:00002930       .idata$6                   1000a930     ucrt:api-ms-win-crt-time-l1-1-0.dll
 0002:00002950       .idata$6                   1000a950     ucrt:api-ms-win-crt-stdio-l1-1-0.dll
 0002:00002970       .idata$6                   1000a970     ucrt:api-ms-win-crt-convert-l1-1-0.dll
 0002:00002992       .idata$6                   1000a992     ucrt:api-ms-win-crt-runtime-l1-1-0.dll
 0002:000029b4       .idata$6                   1000a9b4     ucrt:api-ms-win-crt-heap-l1-1-0.dll
 0002:00002b62       .idata$6                   1000ab62     ucrt:api-ms-win-crt-math-l1-1-0.dll
 0003:00000154       ?_Tss_mutex@@3U_RTL_CRITICAL_SECTION@@A 1000b154     MSVCRT:thread_safe_statics.obj
 0003:0000016c       ?_Tss_cv@@3U_RTL_CONDITION_VARIABLE@@A 1000b16c     MSVCRT:thread_safe_statics.obj
 0003:00000170       ?_Tss_event@@3PAXA         1000b170     MSVCRT:thread_safe_statics.obj
 0003:00000174       ?encoded_sleep_condition_variable_cs@@3P6GHPAU_RTL_CONDITION_VARIABLE@@PAU_RTL_CRITICAL_SECTION@@K@ZA 1000b174     MSVCRT:thread_safe_statics.obj
 0003:00000178       ?encoded_wake_all_condition_variable@@3P6GXPAU_RTL_CONDITION_VARIABLE@@@ZA 1000b178     MSVCRT:thread_safe_statics.obj
 0003:00000184       ?module_local_atexit_table@@3U_onexit_table_t@@A 1000b184     MSVCRT:utility.obj
 0003:00000190       ?module_local_at_quick_exit_table@@3U_onexit_table_t@@A 1000b190     MSVCRT:utility.obj
 0003:0000019c       ?is_initialized_as_dll@@3_NA 1000b19c     MSVCRT:utility.obj
 0003:000001a0       ?__proc_attached@@3HA      1000b1a0     MSVCRT:dll_dllmain.obj
 0003:000001a8       _GS_ExceptionRecord        1000b1a8     MSVCRT:gs_report.obj
 0003:000001f8       _GS_ContextRecord          1000b1f8     MSVCRT:gs_report.obj
 0003:000004f0       ?count@?1??GetMessageObject@@YAPAXI@Z@4HA 1000b4f0     ITOrder.obj
 0005:00000000       __guard_fids__             1000d000     MSVCRT:thread_safe_statics.obj
 0005:00000004       __guard_fids_?__scrt_initialize_thread_safe_statics@@YAHXZ 1000d004     MSVCRT:thread_safe_statics.obj
 0005:00000008       __guard_fids__             1000d008     MSVCRT:std_type_info_static.obj
 0005:0000000c       __guard_fids_?dllmain_crt_process_attach@@YAHQAUHINSTANCE__@@QAX@Z 1000d00c     MSVCRT:dll_dllmain.obj
 0005:00000014       __guard_fids_?dllmain_dispatch@@YAHQAUHINSTANCE__@@KQAX@Z 1000d014     MSVCRT:dll_dllmain.obj
 0005:00000018       __guard_fids__             1000d018     MSVCRT:throw_bad_alloc.obj
 0005:00000020       __guard_fids__             1000d020     MSVCRT:throw_bad_alloc.obj
 0005:00000028       __guard_fids__             1000d028     MSVCRT:throw_bad_alloc.obj
 0005:00000030       __guard_fids__             1000d030     MSVCRT:throw_bad_alloc.obj
 0005:00000034       __guard_fids__             1000d034     MSVCRT:throw_bad_alloc.obj
 0005:00000038       __guard_fids__             1000d038     MSVCRT:throw_bad_alloc.obj
 0005:0000003c       __guard_fids__             1000d03c     MSVCRT:throw_bad_alloc.obj
 0005:00000040       __guard_fids___except_handler4 1000d040     MSVCRT:_chandler4gs_.obj
 0005:00000044       __guard_fids__             1000d044     MSVCRT:guard_support.obj
 0006:000000a0       $R000000                   1000e0a0     OMS.res
 0006:000003a8       $R000308                   1000e3a8     OMS.res
